[2026-08-30T16:36:09.548+0000] {local_task_job_runner.py:123} INFO - ::group::Pre task execution logs
[2026-08-30T16:36:09.560+0000] {taskinstance.py:2613} INFO - Dependencies all met for dep_context=non-requeueable deps ti=<TaskInstance: weather_pipeline_dag.create_tables manual__2026-08-30T16:36:07.537840+00:00 [queued]>
[2026-08-30T16:36:09.564+0000] {taskinstance.py:2613} INFO - Dependencies all met for dep_context=requeueable deps ti=<TaskInstance: weather_pipeline_dag.create_tables manual__2026-08-30T16:36:07.537840+00:00 [queued]>
[2026-08-30T16:36:09.564+0000] {taskinstance.py:2866} INFO - Starting attempt 1 of 2
[2026-08-30T16:36:09.570+0000] {taskinstance.py:2889} INFO - Executing <Task(PostgresOperator): create_tables> on 2026-08-30 16:36:07.537840+00:00
[2026-08-30T16:36:09.576+0000] {warnings.py:112} WARNING - /home/***/.local/lib/python3.12/site-packages/***/task/task_runner/standard_task_runner.py:70: DeprecationWarning: This process (pid=1240) is multi-threaded, use of fork() may lead to deadlocks in the child.
  pid = os.fork()

[2026-08-30T16:36:09.578+0000] {standard_task_runner.py:72} INFO - Started process 1241 to run task
[2026-08-30T16:36:09.578+0000] {standard_task_runner.py:104} INFO - Running: ['***', 'tasks', 'run', 'weather_pipeline_dag', 'create_tables', 'manual__2026-08-30T16:36:07.537840+00:00', '--job-id', '83', '--raw', '--subdir', 'DAGS_FOLDER/ml_02_weather_pipeline.py', '--cfg-path', '/tmp/tmpgbhdoc8k']
[2026-08-30T16:36:09.580+0000] {standard_task_runner.py:105} INFO - Job 83: Subtask create_tables
[2026-08-30T16:36:09.620+0000] {task_command.py:467} INFO - Running <TaskInstance: weather_pipeline_dag.create_tables manual__2026-08-30T16:36:07.537840+00:00 [running]> on host 191b4096755e
[2026-08-30T16:36:10.029+0000] {taskinstance.py:3132} INFO - Exporting env vars: AIRFLOW_CTX_DAG_OWNER='workshop2' AIRFLOW_CTX_DAG_ID='weather_pipeline_dag' AIRFLOW_CTX_TASK_ID='create_tables' AIRFLOW_CTX_EXECUTION_DATE='2026-08-30T16:36:07.537840+00:00' AIRFLOW_CTX_TRY_NUMBER='1' AIRFLOW_CTX_DAG_RUN_ID='manual__2026-08-30T16:36:07.537840+00:00'
[2026-08-30T16:36:10.030+0000] {taskinstance.py:731} INFO - ::endgroup::
[2026-08-30T16:36:10.039+0000] {sql.py:278} INFO - Executing: 
CREATE TABLE IF NOT EXISTS weather_history (
    date DATE NOT NULL,
    province VARCHAR(50) NOT NULL,
    temperature FLOAT NOT NULL,
    inserted_at TIMESTAMP DEFAULT NOW(),
    PRIMARY KEY (date, province)
);

CREATE TABLE IF NOT EXISTS model_metrics (
    id SERIAL PRIMARY KEY,
    model_name VARCHAR(50) NOT NULL,
    rmse FLOAT NOT NULL,
    deployed BOOLEAN NOT NULL,
    run_at TIMESTAMP DEFAULT NOW()
);
[2026-08-30T16:36:10.045+0000] {base.py:84} INFO - Retrieving connection 'postgres_target'
[2026-08-30T16:36:10.054+0000] {base.py:84} INFO - Retrieving connection 'postgres_target'
[2026-08-30T16:36:10.063+0000] {sql.py:553} INFO - Running statement: 
CREATE TABLE IF NOT EXISTS weather_history (
    date DATE NOT NULL,
    province VARCHAR(50) NOT NULL,
    temperature FLOAT NOT NULL,
    inserted_at TIMESTAMP DEFAULT NOW(),
    PRIMARY KEY (date, province)
);

CREATE TABLE IF NOT EXISTS model_metrics (
    id SERIAL PRIMARY KEY,
    model_name VARCHAR(50) NOT NULL,
    rmse FLOAT NOT NULL,
    deployed BOOLEAN NOT NULL,
    run_at TIMESTAMP DEFAULT NOW()
);, parameters: None
[2026-08-30T16:36:10.099+0000] {taskinstance.py:340} INFO - ::group::Post task execution logs
[2026-08-30T16:36:10.099+0000] {taskinstance.py:352} INFO - Marking task as SUCCESS. dag_id=weather_pipeline_dag, task_id=create_tables, run_id=manual__2026-08-30T16:36:07.537840+00:00, execution_date=20260830T163607, start_date=20260830T163609, end_date=20260830T163610
[2026-08-30T16:36:10.120+0000] {local_task_job_runner.py:266} INFO - Task exited with return code 0
[2026-08-30T16:36:10.232+0000] {taskinstance.py:3895} INFO - 1 downstream tasks scheduled from follow-on schedule check
[2026-08-30T16:36:10.233+0000] {local_task_job_runner.py:245} INFO - ::endgroup::
