[2026-09-04T16:11:01.003+0000] {local_task_job_runner.py:123} INFO - ::group::Pre task execution logs
[2026-09-04T16:11:01.026+0000] {taskinstance.py:2613} INFO - Dependencies all met for dep_context=non-requeueable deps ti=<TaskInstance: steam_ccu_pipeline_dag.deploy_model manual__2026-09-04T16:10:35.867428+00:00 [queued]>
[2026-09-04T16:11:01.037+0000] {taskinstance.py:2613} INFO - Dependencies all met for dep_context=requeueable deps ti=<TaskInstance: steam_ccu_pipeline_dag.deploy_model manual__2026-09-04T16:10:35.867428+00:00 [queued]>
[2026-09-04T16:11:01.038+0000] {taskinstance.py:2866} INFO - Starting attempt 1 of 2
[2026-09-04T16:11:01.053+0000] {taskinstance.py:2889} INFO - Executing <Task(PythonOperator): deploy_model> on 2026-09-04 16:10:35.867428+00:00
[2026-09-04T16:11:01.060+0000] {warnings.py:112} WARNING - /home/***/.local/lib/python3.12/site-packages/***/task/task_runner/standard_task_runner.py:70: DeprecationWarning: This process (pid=393) is multi-threaded, use of fork() may lead to deadlocks in the child.
  pid = os.fork()

[2026-09-04T16:11:01.063+0000] {standard_task_runner.py:72} INFO - Started process 395 to run task
[2026-09-04T16:11:01.062+0000] {standard_task_runner.py:104} INFO - Running: ['***', 'tasks', 'run', 'steam_ccu_pipeline_dag', 'deploy_model', 'manual__2026-09-04T16:10:35.867428+00:00', '--job-id', '56', '--raw', '--subdir', 'DAGS_FOLDER/ml_03_steam_ccu.py', '--cfg-path', '/tmp/tmpewki3rkj']
[2026-09-04T16:11:01.065+0000] {standard_task_runner.py:105} INFO - Job 56: Subtask deploy_model
[2026-09-04T16:11:01.349+0000] {task_command.py:467} INFO - Running <TaskInstance: steam_ccu_pipeline_dag.deploy_model manual__2026-09-04T16:10:35.867428+00:00 [running]> on host f2a568a9a0b0
[2026-09-04T16:11:01.428+0000] {taskinstance.py:3132} INFO - Exporting env vars: AIRFLOW_CTX_DAG_OWNER='steam_project' AIRFLOW_CTX_DAG_ID='steam_ccu_pipeline_dag' AIRFLOW_CTX_TASK_ID='deploy_model' AIRFLOW_CTX_EXECUTION_DATE='2026-09-04T16:10:35.867428+00:00' AIRFLOW_CTX_TRY_NUMBER='1' AIRFLOW_CTX_DAG_RUN_ID='manual__2026-09-04T16:10:35.867428+00:00'
[2026-09-04T16:11:01.430+0000] {taskinstance.py:731} INFO - ::endgroup::
[2026-09-04T16:11:01.468+0000] {logging_mixin.py:190} INFO - ✅ Deploy โมเดลใหม่สำเร็จ: /opt/***/models/steam_models/candidate_manual__2026-09-04T16-10-35.867428-00-00.pkl -> /opt/***/models/steam_models/current_model.pkl
[2026-09-04T16:11:01.469+0000] {python.py:240} INFO - Done. Returned value was: deployed
[2026-09-04T16:11:01.498+0000] {taskinstance.py:340} INFO - ::group::Post task execution logs
[2026-09-04T16:11:01.499+0000] {taskinstance.py:352} INFO - Marking task as SUCCESS. dag_id=steam_ccu_pipeline_dag, task_id=deploy_model, run_id=manual__2026-09-04T16:10:35.867428+00:00, execution_date=20260904T161035, start_date=20260904T161101, end_date=20260904T161101
[2026-09-04T16:11:01.559+0000] {local_task_job_runner.py:266} INFO - Task exited with return code 0
[2026-09-04T16:11:01.755+0000] {taskinstance.py:3895} INFO - 1 downstream tasks scheduled from follow-on schedule check
[2026-09-04T16:11:01.758+0000] {local_task_job_runner.py:245} INFO - ::endgroup::
