[2026-08-23T15:09:08.715+0000] {local_task_job_runner.py:123} INFO - ::group::Pre task execution logs
[2026-08-23T15:09:08.737+0000] {taskinstance.py:2613} INFO - Dependencies all met for dep_context=non-requeueable deps ti=<TaskInstance: xcom_dag.extract_task manual__2026-08-23T15:09:07.382931+00:00 [queued]>
[2026-08-23T15:09:08.744+0000] {taskinstance.py:2613} INFO - Dependencies all met for dep_context=requeueable deps ti=<TaskInstance: xcom_dag.extract_task manual__2026-08-23T15:09:07.382931+00:00 [queued]>
[2026-08-23T15:09:08.745+0000] {taskinstance.py:2866} INFO - Starting attempt 1 of 2
[2026-08-23T15:09:08.761+0000] {taskinstance.py:2889} INFO - Executing <Task(PythonOperator): extract_task> on 2026-08-23 15:09:07.382931+00:00
[2026-08-23T15:09:08.768+0000] {warnings.py:112} WARNING - /home/***/.local/lib/python3.12/site-packages/***/task/task_runner/standard_task_runner.py:70: DeprecationWarning: This process (pid=129) is multi-threaded, use of fork() may lead to deadlocks in the child.
  pid = os.fork()

[2026-08-23T15:09:08.770+0000] {standard_task_runner.py:72} INFO - Started process 131 to run task
[2026-08-23T15:09:08.771+0000] {standard_task_runner.py:104} INFO - Running: ['***', 'tasks', 'run', 'xcom_dag', 'extract_task', 'manual__2026-08-23T15:09:07.382931+00:00', '--job-id', '4', '--raw', '--subdir', 'DAGS_FOLDER/02_xcom_dag.py', '--cfg-path', '/tmp/tmpe1rzxyz8']
[2026-08-23T15:09:08.773+0000] {standard_task_runner.py:105} INFO - Job 4: Subtask extract_task
[2026-08-23T15:09:08.831+0000] {task_command.py:467} INFO - Running <TaskInstance: xcom_dag.extract_task manual__2026-08-23T15:09:07.382931+00:00 [running]> on host 417225d49ca8
[2026-08-23T15:09:08.920+0000] {taskinstance.py:3132} INFO - Exporting env vars: AIRFLOW_CTX_DAG_OWNER='workshop' AIRFLOW_CTX_DAG_ID='xcom_dag' AIRFLOW_CTX_TASK_ID='extract_task' AIRFLOW_CTX_EXECUTION_DATE='2026-08-23T15:09:07.382931+00:00' AIRFLOW_CTX_TRY_NUMBER='1' AIRFLOW_CTX_DAG_RUN_ID='manual__2026-08-23T15:09:07.382931+00:00'
[2026-08-23T15:09:08.922+0000] {taskinstance.py:731} INFO - ::endgroup::
[2026-08-23T15:09:08.937+0000] {logging_mixin.py:190} INFO - ดึงข้อมูลตัวเลขมาได้: [15, 42, 8]
[2026-08-23T15:09:08.955+0000] {logging_mixin.py:190} INFO - push ค่า raw_numbers เข้า XCom เรียบร้อย
[2026-08-23T15:09:08.955+0000] {python.py:240} INFO - Done. Returned value was: None
[2026-08-23T15:09:08.973+0000] {taskinstance.py:340} INFO - ::group::Post task execution logs
[2026-08-23T15:09:08.974+0000] {taskinstance.py:352} INFO - Marking task as SUCCESS. dag_id=xcom_dag, task_id=extract_task, run_id=manual__2026-08-23T15:09:07.382931+00:00, execution_date=20260823T150907, start_date=20260823T150908, end_date=20260823T150908
[2026-08-23T15:09:09.030+0000] {local_task_job_runner.py:266} INFO - Task exited with return code 0
[2026-08-23T15:09:09.068+0000] {taskinstance.py:3895} INFO - 1 downstream tasks scheduled from follow-on schedule check
[2026-08-23T15:09:09.074+0000] {local_task_job_runner.py:245} INFO - ::endgroup::
