[2026-09-04T16:10:41.363+0000] {local_task_job_runner.py:123} INFO - ::group::Pre task execution logs
[2026-09-04T16:10:41.388+0000] {taskinstance.py:2613} INFO - Dependencies all met for dep_context=non-requeueable deps ti=<TaskInstance: steam_ccu_pipeline_dag.create_tables manual__2026-09-04T16:10:35.867428+00:00 [queued]>
[2026-09-04T16:10:42.075+0000] {taskinstance.py:2613} INFO - Dependencies all met for dep_context=requeueable deps ti=<TaskInstance: steam_ccu_pipeline_dag.create_tables manual__2026-09-04T16:10:35.867428+00:00 [queued]>
[2026-09-04T16:10:42.076+0000] {taskinstance.py:2866} INFO - Starting attempt 1 of 2
[2026-09-04T16:10:42.096+0000] {taskinstance.py:2889} INFO - Executing <Task(PostgresOperator): create_tables> on 2026-09-04 16:10:35.867428+00:00
[2026-09-04T16:10:42.112+0000] {warnings.py:112} WARNING - /home/***/.local/lib/python3.12/site-packages/***/task/task_runner/standard_task_runner.py:70: DeprecationWarning: This process (pid=337) is multi-threaded, use of fork() may lead to deadlocks in the child.
  pid = os.fork()

[2026-09-04T16:10:42.116+0000] {standard_task_runner.py:72} INFO - Started process 339 to run task
[2026-09-04T16:10:42.118+0000] {standard_task_runner.py:104} INFO - Running: ['***', 'tasks', 'run', 'steam_ccu_pipeline_dag', 'create_tables', 'manual__2026-09-04T16:10:35.867428+00:00', '--job-id', '48', '--raw', '--subdir', 'DAGS_FOLDER/ml_03_steam_ccu.py', '--cfg-path', '/tmp/tmpwqllx485']
[2026-09-04T16:10:42.123+0000] {standard_task_runner.py:105} INFO - Job 48: Subtask create_tables
[2026-09-04T16:10:42.215+0000] {task_command.py:467} INFO - Running <TaskInstance: steam_ccu_pipeline_dag.create_tables manual__2026-09-04T16:10:35.867428+00:00 [running]> on host f2a568a9a0b0
[2026-09-04T16:10:42.314+0000] {taskinstance.py:3132} INFO - Exporting env vars: AIRFLOW_CTX_DAG_OWNER='steam_project' AIRFLOW_CTX_DAG_ID='steam_ccu_pipeline_dag' AIRFLOW_CTX_TASK_ID='create_tables' AIRFLOW_CTX_EXECUTION_DATE='2026-09-04T16:10:35.867428+00:00' AIRFLOW_CTX_TRY_NUMBER='1' AIRFLOW_CTX_DAG_RUN_ID='manual__2026-09-04T16:10:35.867428+00:00'
[2026-09-04T16:10:42.316+0000] {taskinstance.py:731} INFO - ::endgroup::
[2026-09-04T16:10:42.360+0000] {sql.py:278} INFO - Executing: 
CREATE TABLE IF NOT EXISTS steam_games (
    id               SERIAL PRIMARY KEY,
    snapshot_date    DATE NOT NULL,
    appid            INT NOT NULL,
    name             VARCHAR(255) NOT NULL,
    developer        VARCHAR(255),
    publisher        VARCHAR(255),
    price_thb        NUMERIC(10, 2) DEFAULT 0,
    original_price   NUMERIC(10, 2) DEFAULT 0,
    discount_pct     INT DEFAULT 0,
    ccu              INT DEFAULT 0,
    positive_reviews INT DEFAULT 0,
    negative_reviews INT DEFAULT 0,
    review_score     NUMERIC(5,2) DEFAULT 0,
    owners_estimate  VARCHAR(50),
    genres           TEXT,
    header_image     TEXT,
    is_free          BOOLEAN DEFAULT FALSE,
    ingested_at      TIMESTAMP DEFAULT NOW(),
    UNIQUE (snapshot_date, appid)
);

CREATE TABLE IF NOT EXISTS steam_model_metrics (
    id          SERIAL PRIMARY KEY,
    model_name  VARCHAR(50) NOT NULL,
    target_game VARCHAR(100) NOT NULL,
    rmse        FLOAT NOT NULL,
    deployed    BOOLEAN NOT NULL,
    run_at      TIMESTAMP DEFAULT NOW()
);
[2026-09-04T16:10:42.373+0000] {base.py:84} INFO - Retrieving connection 'postgres_target'
[2026-09-04T16:10:42.394+0000] {base.py:84} INFO - Retrieving connection 'postgres_target'
[2026-09-04T16:10:42.403+0000] {sql.py:553} INFO - Running statement: 
CREATE TABLE IF NOT EXISTS steam_games (
    id               SERIAL PRIMARY KEY,
    snapshot_date    DATE NOT NULL,
    appid            INT NOT NULL,
    name             VARCHAR(255) NOT NULL,
    developer        VARCHAR(255),
    publisher        VARCHAR(255),
    price_thb        NUMERIC(10, 2) DEFAULT 0,
    original_price   NUMERIC(10, 2) DEFAULT 0,
    discount_pct     INT DEFAULT 0,
    ccu              INT DEFAULT 0,
    positive_reviews INT DEFAULT 0,
    negative_reviews INT DEFAULT 0,
    review_score     NUMERIC(5,2) DEFAULT 0,
    owners_estimate  VARCHAR(50),
    genres           TEXT,
    header_image     TEXT,
    is_free          BOOLEAN DEFAULT FALSE,
    ingested_at      TIMESTAMP DEFAULT NOW(),
    UNIQUE (snapshot_date, appid)
);

CREATE TABLE IF NOT EXISTS steam_model_metrics (
    id          SERIAL PRIMARY KEY,
    model_name  VARCHAR(50) NOT NULL,
    target_game VARCHAR(100) NOT NULL,
    rmse        FLOAT NOT NULL,
    deployed    BOOLEAN NOT NULL,
    run_at      TIMESTAMP DEFAULT NOW()
);, parameters: None
[2026-09-04T16:10:42.421+0000] {taskinstance.py:340} INFO - ::group::Post task execution logs
[2026-09-04T16:10:42.421+0000] {taskinstance.py:352} INFO - Marking task as SUCCESS. dag_id=steam_ccu_pipeline_dag, task_id=create_tables, run_id=manual__2026-09-04T16:10:35.867428+00:00, execution_date=20260904T161035, start_date=20260904T161041, end_date=20260904T161042
[2026-09-04T16:10:42.454+0000] {local_task_job_runner.py:266} INFO - Task exited with return code 0
[2026-09-04T16:10:42.483+0000] {taskinstance.py:3895} INFO - 1 downstream tasks scheduled from follow-on schedule check
[2026-09-04T16:10:42.486+0000] {local_task_job_runner.py:245} INFO - ::endgroup::
