[2026-09-04T16:10:54.468+0000] {local_task_job_runner.py:123} INFO - ::group::Pre task execution logs
[2026-09-04T16:10:54.488+0000] {taskinstance.py:2613} INFO - Dependencies all met for dep_context=non-requeueable deps ti=<TaskInstance: steam_ccu_pipeline_dag.evaluate_model manual__2026-09-04T16:10:35.867428+00:00 [queued]>
[2026-09-04T16:10:54.497+0000] {taskinstance.py:2613} INFO - Dependencies all met for dep_context=requeueable deps ti=<TaskInstance: steam_ccu_pipeline_dag.evaluate_model manual__2026-09-04T16:10:35.867428+00:00 [queued]>
[2026-09-04T16:10:54.498+0000] {taskinstance.py:2866} INFO - Starting attempt 1 of 2
[2026-09-04T16:10:54.510+0000] {taskinstance.py:2889} INFO - Executing <Task(PythonOperator): evaluate_model> on 2026-09-04 16:10:35.867428+00:00
[2026-09-04T16:10:54.517+0000] {warnings.py:112} WARNING - /home/***/.local/lib/python3.12/site-packages/***/task/task_runner/standard_task_runner.py:70: DeprecationWarning: This process (pid=369) is multi-threaded, use of fork() may lead to deadlocks in the child.
  pid = os.fork()

[2026-09-04T16:10:54.518+0000] {standard_task_runner.py:72} INFO - Started process 371 to run task
[2026-09-04T16:10:54.519+0000] {standard_task_runner.py:104} INFO - Running: ['***', 'tasks', 'run', 'steam_ccu_pipeline_dag', 'evaluate_model', 'manual__2026-09-04T16:10:35.867428+00:00', '--job-id', '53', '--raw', '--subdir', 'DAGS_FOLDER/ml_03_steam_ccu.py', '--cfg-path', '/tmp/tmpb6ldktpd']
[2026-09-04T16:10:54.522+0000] {standard_task_runner.py:105} INFO - Job 53: Subtask evaluate_model
[2026-09-04T16:10:54.584+0000] {task_command.py:467} INFO - Running <TaskInstance: steam_ccu_pipeline_dag.evaluate_model manual__2026-09-04T16:10:35.867428+00:00 [running]> on host f2a568a9a0b0
[2026-09-04T16:10:54.830+0000] {taskinstance.py:3132} INFO - Exporting env vars: AIRFLOW_CTX_DAG_OWNER='steam_project' AIRFLOW_CTX_DAG_ID='steam_ccu_pipeline_dag' AIRFLOW_CTX_TASK_ID='evaluate_model' AIRFLOW_CTX_EXECUTION_DATE='2026-09-04T16:10:35.867428+00:00' AIRFLOW_CTX_TRY_NUMBER='1' AIRFLOW_CTX_DAG_RUN_ID='manual__2026-09-04T16:10:35.867428+00:00'
[2026-09-04T16:10:54.832+0000] {taskinstance.py:731} INFO - ::endgroup::
[2026-09-04T16:10:55.822+0000] {logging_mixin.py:190} INFO - 🎯 ผลการประเมิน Candidate Model: RMSE = 53,378.57 คน (ยิ่งต่ำยิ่งแม่นยำ)
[2026-09-04T16:10:55.822+0000] {python.py:240} INFO - Done. Returned value was: None
[2026-09-04T16:10:55.833+0000] {taskinstance.py:340} INFO - ::group::Post task execution logs
[2026-09-04T16:10:55.833+0000] {taskinstance.py:352} INFO - Marking task as SUCCESS. dag_id=steam_ccu_pipeline_dag, task_id=evaluate_model, run_id=manual__2026-09-04T16:10:35.867428+00:00, execution_date=20260904T161035, start_date=20260904T161054, end_date=20260904T161055
[2026-09-04T16:10:55.861+0000] {local_task_job_runner.py:266} INFO - Task exited with return code 0
[2026-09-04T16:10:56.064+0000] {taskinstance.py:3895} INFO - 1 downstream tasks scheduled from follow-on schedule check
[2026-09-04T16:10:56.067+0000] {local_task_job_runner.py:245} INFO - ::endgroup::
