[2026-08-30T16:49:14.445+0000] {local_task_job_runner.py:123} INFO - ::group::Pre task execution logs
[2026-08-30T16:49:14.456+0000] {taskinstance.py:2613} INFO - Dependencies all met for dep_context=non-requeueable deps ti=<TaskInstance: weather_pipeline_dag.bootstrap_historical_data manual__2026-08-30T16:49:07.575282+00:00 [queued]>
[2026-08-30T16:49:14.464+0000] {taskinstance.py:2613} INFO - Dependencies all met for dep_context=requeueable deps ti=<TaskInstance: weather_pipeline_dag.bootstrap_historical_data manual__2026-08-30T16:49:07.575282+00:00 [queued]>
[2026-08-30T16:49:14.464+0000] {taskinstance.py:2866} INFO - Starting attempt 1 of 2
[2026-08-30T16:49:14.472+0000] {taskinstance.py:2889} INFO - Executing <Task(PythonOperator): bootstrap_historical_data> on 2026-08-30 16:49:07.575282+00:00
[2026-08-30T16:49:14.478+0000] {warnings.py:112} WARNING - /home/***/.local/lib/python3.12/site-packages/***/task/task_runner/standard_task_runner.py:70: DeprecationWarning: This process (pid=118) is multi-threaded, use of fork() may lead to deadlocks in the child.
  pid = os.fork()

[2026-08-30T16:49:14.481+0000] {standard_task_runner.py:72} INFO - Started process 119 to run task
[2026-08-30T16:49:14.480+0000] {standard_task_runner.py:104} INFO - Running: ['***', 'tasks', 'run', 'weather_pipeline_dag', 'bootstrap_historical_data', 'manual__2026-08-30T16:49:07.575282+00:00', '--job-id', '97', '--raw', '--subdir', 'DAGS_FOLDER/ml_02_weather_pipeline.py', '--cfg-path', '/tmp/tmpmh3ffxat']
[2026-08-30T16:49:14.483+0000] {standard_task_runner.py:105} INFO - Job 97: Subtask bootstrap_historical_data
[2026-08-30T16:49:14.529+0000] {task_command.py:467} INFO - Running <TaskInstance: weather_pipeline_dag.bootstrap_historical_data manual__2026-08-30T16:49:07.575282+00:00 [running]> on host f88cd4d3b180
[2026-08-30T16:49:14.815+0000] {taskinstance.py:3132} INFO - Exporting env vars: AIRFLOW_CTX_DAG_OWNER='workshop2' AIRFLOW_CTX_DAG_ID='weather_pipeline_dag' AIRFLOW_CTX_TASK_ID='bootstrap_historical_data' AIRFLOW_CTX_EXECUTION_DATE='2026-08-30T16:49:07.575282+00:00' AIRFLOW_CTX_TRY_NUMBER='1' AIRFLOW_CTX_DAG_RUN_ID='manual__2026-08-30T16:49:07.575282+00:00'
[2026-08-30T16:49:14.816+0000] {taskinstance.py:731} INFO - ::endgroup::
[2026-08-30T16:49:14.831+0000] {base.py:84} INFO - Retrieving connection 'postgres_target'
[2026-08-30T16:49:14.837+0000] {sql.py:553} INFO - Running statement: SELECT COUNT(*) FROM weather_history WHERE province = %s;, parameters: ('กรุงเทพฯ',)
[2026-08-30T16:49:14.848+0000] {sql.py:562} INFO - Rows affected: 1
[2026-08-30T16:49:14.848+0000] {logging_mixin.py:190} INFO - มีข้อมูลย้อนหลังอยู่แล้ว 15 วัน (ต้องการอย่างน้อย 14 วัน)
[2026-08-30T16:49:14.848+0000] {logging_mixin.py:190} INFO - ข้อมูลครบแล้ว ข้ามการ bootstrap
[2026-08-30T16:49:14.849+0000] {python.py:240} INFO - Done. Returned value was: None
[2026-08-30T16:49:14.855+0000] {taskinstance.py:340} INFO - ::group::Post task execution logs
[2026-08-30T16:49:14.856+0000] {taskinstance.py:352} INFO - Marking task as SUCCESS. dag_id=weather_pipeline_dag, task_id=bootstrap_historical_data, run_id=manual__2026-08-30T16:49:07.575282+00:00, execution_date=20260830T164907, start_date=20260830T164914, end_date=20260830T164914
[2026-08-30T16:49:14.905+0000] {local_task_job_runner.py:266} INFO - Task exited with return code 0
[2026-08-30T16:49:15.040+0000] {taskinstance.py:3895} INFO - 1 downstream tasks scheduled from follow-on schedule check
[2026-08-30T16:49:15.041+0000] {local_task_job_runner.py:245} INFO - ::endgroup::
