[2026-08-30T13:44:58.490+0000] {local_task_job_runner.py:123} INFO - ::group::Pre task execution logs
[2026-08-30T13:44:58.503+0000] {taskinstance.py:2613} INFO - Dependencies all met for dep_context=non-requeueable deps ti=<TaskInstance: iris_pipeline_dag.log_result manual__2026-08-30T13:44:42.851048+00:00 [queued]>
[2026-08-30T13:44:58.507+0000] {taskinstance.py:2613} INFO - Dependencies all met for dep_context=requeueable deps ti=<TaskInstance: iris_pipeline_dag.log_result manual__2026-08-30T13:44:42.851048+00:00 [queued]>
[2026-08-30T13:44:58.507+0000] {taskinstance.py:2866} INFO - Starting attempt 1 of 2
[2026-08-30T13:44:58.513+0000] {taskinstance.py:2889} INFO - Executing <Task(PythonOperator): log_result> on 2026-08-30 13:44:42.851048+00:00
[2026-08-30T13:44:58.517+0000] {warnings.py:112} WARNING - /home/***/.local/lib/python3.12/site-packages/***/task/task_runner/standard_task_runner.py:70: DeprecationWarning: This process (pid=528) is multi-threaded, use of fork() may lead to deadlocks in the child.
  pid = os.fork()

[2026-08-30T13:44:58.518+0000] {standard_task_runner.py:72} INFO - Started process 529 to run task
[2026-08-30T13:44:58.518+0000] {standard_task_runner.py:104} INFO - Running: ['***', 'tasks', 'run', 'iris_pipeline_dag', 'log_result', 'manual__2026-08-30T13:44:42.851048+00:00', '--job-id', '62', '--raw', '--subdir', 'DAGS_FOLDER/ml_01_iris_pipeline.py', '--cfg-path', '/tmp/tmp_171zgb6']
[2026-08-30T13:44:58.519+0000] {standard_task_runner.py:105} INFO - Job 62: Subtask log_result
[2026-08-30T13:44:58.560+0000] {task_command.py:467} INFO - Running <TaskInstance: iris_pipeline_dag.log_result manual__2026-08-30T13:44:42.851048+00:00 [running]> on host 1c59b6033015
[2026-08-30T13:44:58.613+0000] {taskinstance.py:3132} INFO - Exporting env vars: AIRFLOW_CTX_DAG_OWNER='workshop2' AIRFLOW_CTX_DAG_ID='iris_pipeline_dag' AIRFLOW_CTX_TASK_ID='log_result' AIRFLOW_CTX_EXECUTION_DATE='2026-08-30T13:44:42.851048+00:00' AIRFLOW_CTX_TRY_NUMBER='1' AIRFLOW_CTX_DAG_RUN_ID='manual__2026-08-30T13:44:42.851048+00:00'
[2026-08-30T13:44:58.614+0000] {taskinstance.py:731} INFO - ::endgroup::
[2026-08-30T13:44:58.650+0000] {logging_mixin.py:190} INFO - ===== สรุปผล Stage 1 (iris pipeline) =====
[2026-08-30T13:44:58.651+0000] {logging_mixin.py:190} INFO - Accuracy: 1.0000
[2026-08-30T13:44:58.651+0000] {logging_mixin.py:190} INFO - ผลลัพธ์: deployed
[2026-08-30T13:44:58.651+0000] {python.py:240} INFO - Done. Returned value was: None
[2026-08-30T13:44:58.657+0000] {taskinstance.py:340} INFO - ::group::Post task execution logs
[2026-08-30T13:44:58.658+0000] {taskinstance.py:352} INFO - Marking task as SUCCESS. dag_id=iris_pipeline_dag, task_id=log_result, run_id=manual__2026-08-30T13:44:42.851048+00:00, execution_date=20260830T134442, start_date=20260830T134458, end_date=20260830T134458
[2026-08-30T13:44:58.695+0000] {local_task_job_runner.py:266} INFO - Task exited with return code 0
[2026-08-30T13:44:58.707+0000] {taskinstance.py:3895} INFO - 0 downstream tasks scheduled from follow-on schedule check
[2026-08-30T13:44:58.708+0000] {local_task_job_runner.py:245} INFO - ::endgroup::
