[2026-09-07T06:11:11.304+0000] {local_task_job_runner.py:123} INFO - ::group::Pre task execution logs
[2026-09-07T06:11:11.362+0000] {taskinstance.py:2613} INFO - Dependencies all met for dep_context=non-requeueable deps ti=<TaskInstance: steam_etl_dag.verify_pipeline manual__2026-09-07T06:10:13+00:00 [queued]>
[2026-09-07T06:11:11.399+0000] {taskinstance.py:2613} INFO - Dependencies all met for dep_context=requeueable deps ti=<TaskInstance: steam_etl_dag.verify_pipeline manual__2026-09-07T06:10:13+00:00 [queued]>
[2026-09-07T06:11:11.406+0000] {taskinstance.py:2866} INFO - Starting attempt 1 of 3
[2026-09-07T06:11:11.450+0000] {taskinstance.py:2889} INFO - Executing <Task(PythonOperator): verify_pipeline> on 2026-09-07 06:10:13+00:00
[2026-09-07T06:11:11.464+0000] {standard_task_runner.py:104} INFO - Running: ['***', 'tasks', 'run', 'steam_etl_dag', 'verify_pipeline', 'manual__2026-09-07T06:10:13+00:00', '--job-id', '148', '--raw', '--subdir', 'DAGS_FOLDER/07_etl_steam.py', '--cfg-path', '/tmp/tmpdasey1g4']
[2026-09-07T06:11:11.468+0000] {standard_task_runner.py:105} INFO - Job 148: Subtask verify_pipeline
[2026-09-07T06:11:11.462+0000] {warnings.py:112} WARNING - /home/***/.local/lib/python3.12/site-packages/***/task/task_runner/standard_task_runner.py:70: DeprecationWarning: This process (pid=760) is multi-threaded, use of fork() may lead to deadlocks in the child.
  pid = os.fork()

[2026-09-07T06:11:11.470+0000] {standard_task_runner.py:72} INFO - Started process 761 to run task
[2026-09-07T06:11:11.563+0000] {task_command.py:467} INFO - Running <TaskInstance: steam_etl_dag.verify_pipeline manual__2026-09-07T06:10:13+00:00 [running]> on host 6f4d56443a1a
[2026-09-07T06:11:11.879+0000] {taskinstance.py:3132} INFO - Exporting env vars: AIRFLOW_CTX_DAG_OWNER='steam_project' AIRFLOW_CTX_DAG_ID='steam_etl_dag' AIRFLOW_CTX_TASK_ID='verify_pipeline' AIRFLOW_CTX_EXECUTION_DATE='2026-09-07T06:10:13+00:00' AIRFLOW_CTX_TRY_NUMBER='1' AIRFLOW_CTX_DAG_RUN_ID='manual__2026-09-07T06:10:13+00:00'
[2026-09-07T06:11:11.889+0000] {taskinstance.py:731} INFO - ::endgroup::
[2026-09-07T06:11:11.951+0000] {base.py:84} INFO - Retrieving connection 'postgres_target'
[2026-09-07T06:11:11.961+0000] {sql.py:553} INFO - Running statement: SELECT COUNT(*) FROM steam_games WHERE snapshot_date = %s;, parameters: ('2026-09-07',)
[2026-09-07T06:11:11.964+0000] {sql.py:562} INFO - Rows affected: 1
[2026-09-07T06:11:11.978+0000] {sql.py:553} INFO - Running statement: 
        SELECT name, ccu, price_thb, discount_pct
        FROM steam_games
        WHERE snapshot_date = %s
        ORDER BY ccu DESC
        LIMIT 5;
        , parameters: ('2026-09-07',)
[2026-09-07T06:11:11.981+0000] {sql.py:562} INFO - Rows affected: 5
[2026-09-07T06:11:11.984+0000] {logging_mixin.py:190} INFO - 
==================================================
[2026-09-07T06:11:11.985+0000] {logging_mixin.py:190} INFO - 🎮 สรุปรายงาน Steam ETL ประจำวันที่ 2026-09-07
[2026-09-07T06:11:11.987+0000] {logging_mixin.py:190} INFO - 📊 จำนวนเกมที่บันทึกสำเร็จวันนี้: 25 เกม
[2026-09-07T06:11:11.988+0000] {logging_mixin.py:190} INFO - 🏆 Top 5 เกมที่มีผู้เล่นพร้อมกันสูงสุด (CCU):
[2026-09-07T06:11:11.989+0000] {logging_mixin.py:190} INFO -    #1 Counter-Strike 2 — 521,060 คน | ฟรี
[2026-09-07T06:11:11.990+0000] {logging_mixin.py:190} INFO -    #2 PUBG: BATTLEGROUNDS — 236,643 คน | ฟรี
[2026-09-07T06:11:11.992+0000] {logging_mixin.py:190} INFO -    #3 Apex Legends™ — 90,974 คน | ฟรี
[2026-09-07T06:11:11.993+0000] {logging_mixin.py:190} INFO -    #4 Palworld — 82,026 คน | ฿413.00 (ลด 30%)
[2026-09-07T06:11:11.994+0000] {logging_mixin.py:190} INFO -    #5 Wallpaper Engine — 68,496 คน | ฿115.00
[2026-09-07T06:11:11.996+0000] {logging_mixin.py:190} INFO - ==================================================
[2026-09-07T06:11:11.997+0000] {python.py:240} INFO - Done. Returned value was: None
[2026-09-07T06:11:12.027+0000] {taskinstance.py:340} INFO - ::group::Post task execution logs
[2026-09-07T06:11:12.029+0000] {taskinstance.py:352} INFO - Marking task as SUCCESS. dag_id=steam_etl_dag, task_id=verify_pipeline, run_id=manual__2026-09-07T06:10:13+00:00, execution_date=20260907T061013, start_date=20260907T061111, end_date=20260907T061112
[2026-09-07T06:11:12.090+0000] {local_task_job_runner.py:266} INFO - Task exited with return code 0
[2026-09-07T06:11:12.132+0000] {taskinstance.py:3895} INFO - 0 downstream tasks scheduled from follow-on schedule check
[2026-09-07T06:11:12.137+0000] {local_task_job_runner.py:245} INFO - ::endgroup::
