[2026-09-07T05:35:07.965+0000] {local_task_job_runner.py:123} INFO - ::group::Pre task execution logs
[2026-09-07T05:35:07.991+0000] {taskinstance.py:2613} INFO - Dependencies all met for dep_context=non-requeueable deps ti=<TaskInstance: steam_discount_prediction_dag.train_discount_models scheduled__2026-09-06T00:00:00+00:00 [queued]>
[2026-09-07T05:35:08.004+0000] {taskinstance.py:2613} INFO - Dependencies all met for dep_context=requeueable deps ti=<TaskInstance: steam_discount_prediction_dag.train_discount_models scheduled__2026-09-06T00:00:00+00:00 [queued]>
[2026-09-07T05:35:08.005+0000] {taskinstance.py:2866} INFO - Starting attempt 1 of 2
[2026-09-07T05:35:08.021+0000] {taskinstance.py:2889} INFO - Executing <Task(PythonOperator): train_discount_models> on 2026-09-06 00:00:00+00:00
[2026-09-07T05:35:08.031+0000] {warnings.py:112} WARNING - /home/***/.local/lib/python3.12/site-packages/***/task/task_runner/standard_task_runner.py:70: DeprecationWarning: This process (pid=186) is multi-threaded, use of fork() may lead to deadlocks in the child.
  pid = os.fork()

[2026-09-07T05:35:08.033+0000] {standard_task_runner.py:72} INFO - Started process 214 to run task
[2026-09-07T05:35:08.033+0000] {standard_task_runner.py:104} INFO - Running: ['***', 'tasks', 'run', 'steam_discount_prediction_dag', 'train_discount_models', 'scheduled__2026-09-06T00:00:00+00:00', '--job-id', '104', '--raw', '--subdir', 'DAGS_FOLDER/ml_04_steam_discount_prediction.py', '--cfg-path', '/tmp/tmpya7jj6uc']
[2026-09-07T05:35:08.036+0000] {standard_task_runner.py:105} INFO - Job 104: Subtask train_discount_models
[2026-09-07T05:35:08.109+0000] {task_command.py:467} INFO - Running <TaskInstance: steam_discount_prediction_dag.train_discount_models scheduled__2026-09-06T00:00:00+00:00 [running]> on host b703ee70f2cc
[2026-09-07T05:35:08.202+0000] {taskinstance.py:3132} INFO - Exporting env vars: AIRFLOW_CTX_DAG_OWNER='steam_project' AIRFLOW_CTX_DAG_ID='steam_discount_prediction_dag' AIRFLOW_CTX_TASK_ID='train_discount_models' AIRFLOW_CTX_EXECUTION_DATE='2026-09-06T00:00:00+00:00' AIRFLOW_CTX_TRY_NUMBER='1' AIRFLOW_CTX_DAG_RUN_ID='scheduled__2026-09-06T00:00:00+00:00'
[2026-09-07T05:35:08.204+0000] {taskinstance.py:731} INFO - ::endgroup::
[2026-09-07T05:35:08.811+0000] {logging_mixin.py:190} INFO - 🤖 เทรน Discount Classifier สำเร็จ (Validation Accuracy: 98.67%)
[2026-09-07T05:35:08.812+0000] {logging_mixin.py:190} INFO - 🤖 เทรน Discount Regressor สำเร็จ
[2026-09-07T05:35:08.813+0000] {logging_mixin.py:190} INFO - 💾 บันทึกไฟล์โมเดลไว้ที่ /opt/***/models/discount_models
[2026-09-07T05:35:08.833+0000] {python.py:240} INFO - Done. Returned value was: None
[2026-09-07T05:35:08.848+0000] {taskinstance.py:340} INFO - ::group::Post task execution logs
[2026-09-07T05:35:08.850+0000] {taskinstance.py:352} INFO - Marking task as SUCCESS. dag_id=steam_discount_prediction_dag, task_id=train_discount_models, run_id=scheduled__2026-09-06T00:00:00+00:00, execution_date=20260906T000000, start_date=20260907T053507, end_date=20260907T053508
[2026-09-07T05:35:08.890+0000] {local_task_job_runner.py:266} INFO - Task exited with return code 0
[2026-09-07T05:35:08.926+0000] {taskinstance.py:3895} INFO - 1 downstream tasks scheduled from follow-on schedule check
[2026-09-07T05:35:08.929+0000] {local_task_job_runner.py:245} INFO - ::endgroup::
