[2026-08-30T16:49:31.168+0000] {local_task_job_runner.py:123} INFO - ::group::Pre task execution logs
[2026-08-30T16:49:31.190+0000] {taskinstance.py:2613} INFO - Dependencies all met for dep_context=non-requeueable deps ti=<TaskInstance: weather_pipeline_dag.skip_deploy manual__2026-08-30T16:49:07.575282+00:00 [queued]>
[2026-08-30T16:49:31.196+0000] {taskinstance.py:2613} INFO - Dependencies all met for dep_context=requeueable deps ti=<TaskInstance: weather_pipeline_dag.skip_deploy manual__2026-08-30T16:49:07.575282+00:00 [queued]>
[2026-08-30T16:49:31.196+0000] {taskinstance.py:2866} INFO - Starting attempt 1 of 2
[2026-08-30T16:49:31.204+0000] {taskinstance.py:2889} INFO - Executing <Task(PythonOperator): skip_deploy> on 2026-08-30 16:49:07.575282+00:00
[2026-08-30T16:49:31.211+0000] {warnings.py:112} WARNING - /home/***/.local/lib/python3.12/site-packages/***/task/task_runner/standard_task_runner.py:70: DeprecationWarning: This process (pid=155) is multi-threaded, use of fork() may lead to deadlocks in the child.
  pid = os.fork()

[2026-08-30T16:49:31.214+0000] {standard_task_runner.py:72} INFO - Started process 156 to run task
[2026-08-30T16:49:31.214+0000] {standard_task_runner.py:104} INFO - Running: ['***', 'tasks', 'run', 'weather_pipeline_dag', 'skip_deploy', 'manual__2026-08-30T16:49:07.575282+00:00', '--job-id', '104', '--raw', '--subdir', 'DAGS_FOLDER/ml_02_weather_pipeline.py', '--cfg-path', '/tmp/tmpqs2_s0zh']
[2026-08-30T16:49:31.219+0000] {standard_task_runner.py:105} INFO - Job 104: Subtask skip_deploy
[2026-08-30T16:49:31.512+0000] {task_command.py:467} INFO - Running <TaskInstance: weather_pipeline_dag.skip_deploy manual__2026-08-30T16:49:07.575282+00:00 [running]> on host f88cd4d3b180
[2026-08-30T16:49:31.556+0000] {taskinstance.py:3132} INFO - Exporting env vars: AIRFLOW_CTX_DAG_OWNER='workshop2' AIRFLOW_CTX_DAG_ID='weather_pipeline_dag' AIRFLOW_CTX_TASK_ID='skip_deploy' AIRFLOW_CTX_EXECUTION_DATE='2026-08-30T16:49:07.575282+00:00' AIRFLOW_CTX_TRY_NUMBER='1' AIRFLOW_CTX_DAG_RUN_ID='manual__2026-08-30T16:49:07.575282+00:00'
[2026-08-30T16:49:31.557+0000] {taskinstance.py:731} INFO - ::endgroup::
[2026-08-30T16:49:31.577+0000] {logging_mixin.py:190} INFO - ข้าม deploy: RMSE ใหม่ 0.4680 vs champion เดิม 0.4173
[2026-08-30T16:49:31.577+0000] {logging_mixin.py:190} INFO - โมเดลเดิม (current_model.pkl) ยังคงใช้งานต่อไป
[2026-08-30T16:49:31.577+0000] {python.py:240} INFO - Done. Returned value was: skipped
[2026-08-30T16:49:31.592+0000] {taskinstance.py:340} INFO - ::group::Post task execution logs
[2026-08-30T16:49:31.593+0000] {taskinstance.py:352} INFO - Marking task as SUCCESS. dag_id=weather_pipeline_dag, task_id=skip_deploy, run_id=manual__2026-08-30T16:49:07.575282+00:00, execution_date=20260830T164907, start_date=20260830T164931, end_date=20260830T164931
[2026-08-30T16:49:31.636+0000] {local_task_job_runner.py:266} INFO - Task exited with return code 0
[2026-08-30T16:49:31.777+0000] {taskinstance.py:3895} INFO - 1 downstream tasks scheduled from follow-on schedule check
[2026-08-30T16:49:31.778+0000] {local_task_job_runner.py:245} INFO - ::endgroup::
