[2026-09-04T17:29:15.224+0000] {local_task_job_runner.py:123} INFO - ::group::Pre task execution logs
[2026-09-04T17:29:15.251+0000] {taskinstance.py:2613} INFO - Dependencies all met for dep_context=non-requeueable deps ti=<TaskInstance: steam_etl_dag.extract_steam_data manual__2026-09-04T17:29:12+00:00 [queued]>
[2026-09-04T17:29:15.270+0000] {taskinstance.py:2613} INFO - Dependencies all met for dep_context=requeueable deps ti=<TaskInstance: steam_etl_dag.extract_steam_data manual__2026-09-04T17:29:12+00:00 [queued]>
[2026-09-04T17:29:15.270+0000] {taskinstance.py:2866} INFO - Starting attempt 1 of 3
[2026-09-04T17:29:15.290+0000] {taskinstance.py:2889} INFO - Executing <Task(PythonOperator): extract_steam_data> on 2026-09-04 17:29:12+00:00
[2026-09-04T17:29:15.300+0000] {warnings.py:112} WARNING - /home/***/.local/lib/python3.12/site-packages/***/task/task_runner/standard_task_runner.py:70: DeprecationWarning: This process (pid=1617) is multi-threaded, use of fork() may lead to deadlocks in the child.
  pid = os.fork()

[2026-09-04T17:29:15.308+0000] {standard_task_runner.py:72} INFO - Started process 1618 to run task
[2026-09-04T17:29:15.308+0000] {standard_task_runner.py:104} INFO - Running: ['***', 'tasks', 'run', 'steam_etl_dag', 'extract_steam_data', 'manual__2026-09-04T17:29:12+00:00', '--job-id', '71', '--raw', '--subdir', 'DAGS_FOLDER/07_etl_steam.py', '--cfg-path', '/tmp/tmphh5m6aa5']
[2026-09-04T17:29:15.310+0000] {standard_task_runner.py:105} INFO - Job 71: Subtask extract_steam_data
[2026-09-04T17:29:15.396+0000] {task_command.py:467} INFO - Running <TaskInstance: steam_etl_dag.extract_steam_data manual__2026-09-04T17:29:12+00:00 [running]> on host f2a568a9a0b0
[2026-09-04T17:29:15.517+0000] {taskinstance.py:3132} INFO - Exporting env vars: AIRFLOW_CTX_DAG_OWNER='steam_project' AIRFLOW_CTX_DAG_ID='steam_etl_dag' AIRFLOW_CTX_TASK_ID='extract_steam_data' AIRFLOW_CTX_EXECUTION_DATE='2026-09-04T17:29:12+00:00' AIRFLOW_CTX_TRY_NUMBER='1' AIRFLOW_CTX_DAG_RUN_ID='manual__2026-09-04T17:29:12+00:00'
[2026-09-04T17:29:15.518+0000] {taskinstance.py:731} INFO - ::endgroup::
[2026-09-04T17:29:15.542+0000] {logging_mixin.py:190} INFO - 📡 กำลังดึงข้อมูลจาก SteamSpy API...
[2026-09-04T17:29:15.728+0000] {logging_mixin.py:190} INFO - ✅ ดึง Top 100 จาก SteamSpy สำเร็จ: พบ 100 เกม
[2026-09-04T17:29:16.478+0000] {logging_mixin.py:190} INFO - 📦 รวมข้อมูลดึงเบื้องต้นได้ 25 เกม
[2026-09-04T17:29:16.498+0000] {python.py:240} INFO - Done. Returned value was: None
[2026-09-04T17:29:16.511+0000] {taskinstance.py:340} INFO - ::group::Post task execution logs
[2026-09-04T17:29:16.511+0000] {taskinstance.py:352} INFO - Marking task as SUCCESS. dag_id=steam_etl_dag, task_id=extract_steam_data, run_id=manual__2026-09-04T17:29:12+00:00, execution_date=20260904T172912, start_date=20260904T172915, end_date=20260904T172916
[2026-09-04T17:29:16.535+0000] {local_task_job_runner.py:266} INFO - Task exited with return code 0
[2026-09-04T17:29:16.565+0000] {taskinstance.py:3895} INFO - 1 downstream tasks scheduled from follow-on schedule check
[2026-09-04T17:29:16.567+0000] {local_task_job_runner.py:245} INFO - ::endgroup::
