[2026-09-07T06:48:44.903+0000] {local_task_job_runner.py:123} INFO - ::group::Pre task execution logs
[2026-09-07T06:48:44.920+0000] {taskinstance.py:2613} INFO - Dependencies all met for dep_context=non-requeueable deps ti=<TaskInstance: steam_ccu_pipeline_dag.get_previous_rmse manual__2026-09-07T06:48:27.440072+00:00 [queued]>
[2026-09-07T06:48:44.929+0000] {taskinstance.py:2613} INFO - Dependencies all met for dep_context=requeueable deps ti=<TaskInstance: steam_ccu_pipeline_dag.get_previous_rmse manual__2026-09-07T06:48:27.440072+00:00 [queued]>
[2026-09-07T06:48:44.929+0000] {taskinstance.py:2866} INFO - Starting attempt 1 of 2
[2026-09-07T06:48:44.941+0000] {taskinstance.py:2889} INFO - Executing <Task(PythonOperator): get_previous_rmse> on 2026-09-07 06:48:27.440072+00:00
[2026-09-07T06:48:44.947+0000] {warnings.py:112} WARNING - /home/***/.local/lib/python3.12/site-packages/***/task/task_runner/standard_task_runner.py:70: DeprecationWarning: This process (pid=1368) is multi-threaded, use of fork() may lead to deadlocks in the child.
  pid = os.fork()

[2026-09-07T06:48:44.949+0000] {standard_task_runner.py:72} INFO - Started process 1377 to run task
[2026-09-07T06:48:44.949+0000] {standard_task_runner.py:104} INFO - Running: ['***', 'tasks', 'run', 'steam_ccu_pipeline_dag', 'get_previous_rmse', 'manual__2026-09-07T06:48:27.440072+00:00', '--job-id', '162', '--raw', '--subdir', 'DAGS_FOLDER/ml_03_steam_ccu.py', '--cfg-path', '/tmp/tmplep_2fet']
[2026-09-07T06:48:44.952+0000] {standard_task_runner.py:105} INFO - Job 162: Subtask get_previous_rmse
[2026-09-07T06:48:45.009+0000] {task_command.py:467} INFO - Running <TaskInstance: steam_ccu_pipeline_dag.get_previous_rmse manual__2026-09-07T06:48:27.440072+00:00 [running]> on host 6f4d56443a1a
[2026-09-07T06:48:45.262+0000] {taskinstance.py:3132} INFO - Exporting env vars: AIRFLOW_CTX_DAG_OWNER='steam_project' AIRFLOW_CTX_DAG_ID='steam_ccu_pipeline_dag' AIRFLOW_CTX_TASK_ID='get_previous_rmse' AIRFLOW_CTX_EXECUTION_DATE='2026-09-07T06:48:27.440072+00:00' AIRFLOW_CTX_TRY_NUMBER='1' AIRFLOW_CTX_DAG_RUN_ID='manual__2026-09-07T06:48:27.440072+00:00'
[2026-09-07T06:48:45.263+0000] {taskinstance.py:731} INFO - ::endgroup::
[2026-09-07T06:48:45.288+0000] {base.py:84} INFO - Retrieving connection 'postgres_target'
[2026-09-07T06:48:45.294+0000] {sql.py:553} INFO - Running statement: 
        SELECT rmse FROM steam_model_metrics
        WHERE model_name = %s AND deployed = TRUE
        ORDER BY run_at DESC LIMIT 1;
        , parameters: ('steam_ccu_cs2',)
[2026-09-07T06:48:45.297+0000] {sql.py:562} INFO - Rows affected: 1
[2026-09-07T06:48:45.313+0000] {logging_mixin.py:190} INFO - 🏆 Champion Model ปัจจุบันมี RMSE = 41,991.36
[2026-09-07T06:48:45.313+0000] {python.py:240} INFO - Done. Returned value was: None
[2026-09-07T06:48:45.327+0000] {taskinstance.py:340} INFO - ::group::Post task execution logs
[2026-09-07T06:48:45.327+0000] {taskinstance.py:352} INFO - Marking task as SUCCESS. dag_id=steam_ccu_pipeline_dag, task_id=get_previous_rmse, run_id=manual__2026-09-07T06:48:27.440072+00:00, execution_date=20260907T064827, start_date=20260907T064844, end_date=20260907T064845
[2026-09-07T06:48:45.365+0000] {local_task_job_runner.py:266} INFO - Task exited with return code 0
[2026-09-07T06:48:45.554+0000] {taskinstance.py:3895} INFO - 1 downstream tasks scheduled from follow-on schedule check
[2026-09-07T06:48:45.556+0000] {local_task_job_runner.py:245} INFO - ::endgroup::
