[2026-08-30T16:36:20.473+0000] {local_task_job_runner.py:123} INFO - ::group::Pre task execution logs
[2026-08-30T16:36:20.504+0000] {taskinstance.py:2613} INFO - Dependencies all met for dep_context=non-requeueable deps ti=<TaskInstance: weather_pipeline_dag.train_model manual__2026-08-30T16:36:07.537840+00:00 [queued]>
[2026-08-30T16:36:20.511+0000] {taskinstance.py:2613} INFO - Dependencies all met for dep_context=requeueable deps ti=<TaskInstance: weather_pipeline_dag.train_model manual__2026-08-30T16:36:07.537840+00:00 [queued]>
[2026-08-30T16:36:20.512+0000] {taskinstance.py:2866} INFO - Starting attempt 1 of 2
[2026-08-30T16:36:20.527+0000] {taskinstance.py:2889} INFO - Executing <Task(PythonOperator): train_model> on 2026-08-30 16:36:07.537840+00:00
[2026-08-30T16:36:20.541+0000] {warnings.py:112} WARNING - /home/***/.local/lib/python3.12/site-packages/***/task/task_runner/standard_task_runner.py:70: DeprecationWarning: This process (pid=1259) is multi-threaded, use of fork() may lead to deadlocks in the child.
  pid = os.fork()

[2026-08-30T16:36:20.549+0000] {standard_task_runner.py:72} INFO - Started process 1260 to run task
[2026-08-30T16:36:20.547+0000] {standard_task_runner.py:104} INFO - Running: ['***', 'tasks', 'run', 'weather_pipeline_dag', 'train_model', 'manual__2026-08-30T16:36:07.537840+00:00', '--job-id', '87', '--raw', '--subdir', 'DAGS_FOLDER/ml_02_weather_pipeline.py', '--cfg-path', '/tmp/tmp9m2huylw']
[2026-08-30T16:36:20.554+0000] {standard_task_runner.py:105} INFO - Job 87: Subtask train_model
[2026-08-30T16:36:20.681+0000] {task_command.py:467} INFO - Running <TaskInstance: weather_pipeline_dag.train_model manual__2026-08-30T16:36:07.537840+00:00 [running]> on host 191b4096755e
[2026-08-30T16:36:21.145+0000] {taskinstance.py:3132} INFO - Exporting env vars: AIRFLOW_CTX_DAG_OWNER='workshop2' AIRFLOW_CTX_DAG_ID='weather_pipeline_dag' AIRFLOW_CTX_TASK_ID='train_model' AIRFLOW_CTX_EXECUTION_DATE='2026-08-30T16:36:07.537840+00:00' AIRFLOW_CTX_TRY_NUMBER='1' AIRFLOW_CTX_DAG_RUN_ID='manual__2026-08-30T16:36:07.537840+00:00'
[2026-08-30T16:36:21.148+0000] {taskinstance.py:731} INFO - ::endgroup::
[2026-08-30T16:36:22.810+0000] {logging_mixin.py:190} INFO - เทรนโมเดลเสร็จ (train 9 แถว, กันไว้วัดผล 3 แถว)
[2026-08-30T16:36:22.811+0000] {logging_mixin.py:190} INFO - บันทึกไว้ที่: /opt/***/models/weather_models/candidate_manual__2026-08-30T16-36-07.537840-00-00.pkl
[2026-08-30T16:36:22.813+0000] {python.py:240} INFO - Done. Returned value was: None
[2026-08-30T16:36:22.827+0000] {taskinstance.py:340} INFO - ::group::Post task execution logs
[2026-08-30T16:36:22.827+0000] {taskinstance.py:352} INFO - Marking task as SUCCESS. dag_id=weather_pipeline_dag, task_id=train_model, run_id=manual__2026-08-30T16:36:07.537840+00:00, execution_date=20260830T163607, start_date=20260830T163620, end_date=20260830T163622
[2026-08-30T16:36:22.873+0000] {local_task_job_runner.py:266} INFO - Task exited with return code 0
[2026-08-30T16:36:23.227+0000] {taskinstance.py:3895} INFO - 1 downstream tasks scheduled from follow-on schedule check
[2026-08-30T16:36:23.229+0000] {local_task_job_runner.py:245} INFO - ::endgroup::
