[2026-08-23T15:09:07.044+0000] {local_task_job_runner.py:123} INFO - ::group::Pre task execution logs
[2026-08-23T15:09:07.071+0000] {taskinstance.py:2613} INFO - Dependencies all met for dep_context=non-requeueable deps ti=<TaskInstance: hello_dag.print_date manual__2026-08-23T15:09:04.873930+00:00 [queued]>
[2026-08-23T15:09:07.078+0000] {taskinstance.py:2613} INFO - Dependencies all met for dep_context=requeueable deps ti=<TaskInstance: hello_dag.print_date manual__2026-08-23T15:09:04.873930+00:00 [queued]>
[2026-08-23T15:09:07.078+0000] {taskinstance.py:2866} INFO - Starting attempt 1 of 2
[2026-08-23T15:09:07.087+0000] {taskinstance.py:2889} INFO - Executing <Task(BashOperator): print_date> on 2026-08-23 15:09:04.873930+00:00
[2026-08-23T15:09:07.097+0000] {warnings.py:112} WARNING - /home/***/.local/lib/python3.12/site-packages/***/task/task_runner/standard_task_runner.py:70: DeprecationWarning: This process (pid=125) is multi-threaded, use of fork() may lead to deadlocks in the child.
  pid = os.fork()

[2026-08-23T15:09:07.102+0000] {standard_task_runner.py:72} INFO - Started process 126 to run task
[2026-08-23T15:09:07.101+0000] {standard_task_runner.py:104} INFO - Running: ['***', 'tasks', 'run', 'hello_dag', 'print_date', 'manual__2026-08-23T15:09:04.873930+00:00', '--job-id', '3', '--raw', '--subdir', 'DAGS_FOLDER/01_hello_dag.py', '--cfg-path', '/tmp/tmpbic0lzvn']
[2026-08-23T15:09:07.103+0000] {standard_task_runner.py:105} INFO - Job 3: Subtask print_date
[2026-08-23T15:09:07.273+0000] {task_command.py:467} INFO - Running <TaskInstance: hello_dag.print_date manual__2026-08-23T15:09:04.873930+00:00 [running]> on host 417225d49ca8
[2026-08-23T15:09:07.436+0000] {taskinstance.py:3132} INFO - Exporting env vars: AIRFLOW_CTX_DAG_OWNER='workshop' AIRFLOW_CTX_DAG_ID='hello_dag' AIRFLOW_CTX_TASK_ID='print_date' AIRFLOW_CTX_EXECUTION_DATE='2026-08-23T15:09:04.873930+00:00' AIRFLOW_CTX_TRY_NUMBER='1' AIRFLOW_CTX_DAG_RUN_ID='manual__2026-08-23T15:09:04.873930+00:00'
[2026-08-23T15:09:07.437+0000] {taskinstance.py:731} INFO - ::endgroup::
[2026-08-23T15:09:07.513+0000] {subprocess.py:78} INFO - Tmp dir root location: /tmp
[2026-08-23T15:09:07.522+0000] {subprocess.py:88} INFO - Running command: ['/usr/bin/bash', '-c', 'date']
[2026-08-23T15:09:07.556+0000] {subprocess.py:99} INFO - Output:
[2026-08-23T15:09:07.568+0000] {subprocess.py:106} INFO - Sun Aug 23 15:09:07 UTC 2026
[2026-08-23T15:09:07.570+0000] {subprocess.py:110} INFO - Command exited with return code 0
[2026-08-23T15:09:07.663+0000] {taskinstance.py:340} INFO - ::group::Post task execution logs
[2026-08-23T15:09:07.664+0000] {taskinstance.py:352} INFO - Marking task as SUCCESS. dag_id=hello_dag, task_id=print_date, run_id=manual__2026-08-23T15:09:04.873930+00:00, execution_date=20260823T150904, start_date=20260823T150907, end_date=20260823T150907
[2026-08-23T15:09:07.745+0000] {local_task_job_runner.py:266} INFO - Task exited with return code 0
[2026-08-23T15:09:07.874+0000] {taskinstance.py:3895} INFO - 1 downstream tasks scheduled from follow-on schedule check
[2026-08-23T15:09:07.888+0000] {local_task_job_runner.py:245} INFO - ::endgroup::
