[2026-09-07T05:35:03.055+0000] {local_task_job_runner.py:123} INFO - ::group::Pre task execution logs
[2026-09-07T05:35:03.070+0000] {taskinstance.py:2613} INFO - Dependencies all met for dep_context=non-requeueable deps ti=<TaskInstance: steam_discount_prediction_dag.prepare_discount_data scheduled__2026-09-06T00:00:00+00:00 [queued]>
[2026-09-07T05:35:03.079+0000] {taskinstance.py:2613} INFO - Dependencies all met for dep_context=requeueable deps ti=<TaskInstance: steam_discount_prediction_dag.prepare_discount_data scheduled__2026-09-06T00:00:00+00:00 [queued]>
[2026-09-07T05:35:03.079+0000] {taskinstance.py:2866} INFO - Starting attempt 1 of 2
[2026-09-07T05:35:03.131+0000] {taskinstance.py:2889} INFO - Executing <Task(PythonOperator): prepare_discount_data> on 2026-09-06 00:00:00+00:00
[2026-09-07T05:35:03.142+0000] {warnings.py:112} WARNING - /home/***/.local/lib/python3.12/site-packages/***/task/task_runner/standard_task_runner.py:70: DeprecationWarning: This process (pid=148) is multi-threaded, use of fork() may lead to deadlocks in the child.
  pid = os.fork()

[2026-09-07T05:35:03.145+0000] {standard_task_runner.py:72} INFO - Started process 182 to run task
[2026-09-07T05:35:03.144+0000] {standard_task_runner.py:104} INFO - Running: ['***', 'tasks', 'run', 'steam_discount_prediction_dag', 'prepare_discount_data', 'scheduled__2026-09-06T00:00:00+00:00', '--job-id', '102', '--raw', '--subdir', 'DAGS_FOLDER/ml_04_steam_discount_prediction.py', '--cfg-path', '/tmp/tmp18effq0r']
[2026-09-07T05:35:03.147+0000] {standard_task_runner.py:105} INFO - Job 102: Subtask prepare_discount_data
[2026-09-07T05:35:04.487+0000] {task_command.py:467} INFO - Running <TaskInstance: steam_discount_prediction_dag.prepare_discount_data scheduled__2026-09-06T00:00:00+00:00 [running]> on host b703ee70f2cc
[2026-09-07T05:35:05.028+0000] {taskinstance.py:3132} INFO - Exporting env vars: AIRFLOW_CTX_DAG_OWNER='steam_project' AIRFLOW_CTX_DAG_ID='steam_discount_prediction_dag' AIRFLOW_CTX_TASK_ID='prepare_discount_data' AIRFLOW_CTX_EXECUTION_DATE='2026-09-06T00:00:00+00:00' AIRFLOW_CTX_TRY_NUMBER='1' AIRFLOW_CTX_DAG_RUN_ID='scheduled__2026-09-06T00:00:00+00:00'
[2026-09-07T05:35:05.029+0000] {taskinstance.py:731} INFO - ::endgroup::
[2026-09-07T05:35:05.050+0000] {base.py:84} INFO - Retrieving connection 'postgres_target'
[2026-09-07T05:35:05.056+0000] {sql.py:553} INFO - Running statement: 
    SELECT snapshot_date, appid, name, price_thb, original_price, discount_pct,
           ccu, review_score, is_free
    FROM steam_games
    WHERE is_free = FALSE AND original_price > 0
    ORDER BY appid, snapshot_date ASC;
    , parameters: None
[2026-09-07T05:35:05.127+0000] {sql.py:562} INFO - Rows affected: 374
[2026-09-07T05:35:05.178+0000] {logging_mixin.py:190} INFO - 📊 ดึงประวัติเกมที่เสียเงินมาได้ทั้งหมด 374 รายการ
[2026-09-07T05:35:05.766+0000] {logging_mixin.py:190} INFO - ✨ สกัด Feature สำเร็จทั้งหมด 374 ตัวอย่าง
[2026-09-07T05:35:05.767+0000] {python.py:240} INFO - Done. Returned value was: None
[2026-09-07T05:35:05.778+0000] {taskinstance.py:340} INFO - ::group::Post task execution logs
[2026-09-07T05:35:05.778+0000] {taskinstance.py:352} INFO - Marking task as SUCCESS. dag_id=steam_discount_prediction_dag, task_id=prepare_discount_data, run_id=scheduled__2026-09-06T00:00:00+00:00, execution_date=20260906T000000, start_date=20260907T053503, end_date=20260907T053505
[2026-09-07T05:35:05.818+0000] {local_task_job_runner.py:266} INFO - Task exited with return code 0
[2026-09-07T05:35:05.842+0000] {taskinstance.py:3895} INFO - 1 downstream tasks scheduled from follow-on schedule check
[2026-09-07T05:35:05.853+0000] {local_task_job_runner.py:245} INFO - ::endgroup::
