[2026-08-30T14:31:18.130+0000] {processor.py:186} INFO - Started process (PID=1867) to work on /opt/airflow/dags/ml_01_iris_pipeline-2.py
[2026-08-30T14:31:18.131+0000] {processor.py:914} INFO - Processing file /opt/airflow/dags/ml_01_iris_pipeline-2.py for tasks to queue
[2026-08-30T14:31:18.133+0000] {logging_mixin.py:190} INFO - [2026-08-30T14:31:18.132+0000] {dagbag.py:588} INFO - Filling up the DagBag from /opt/airflow/dags/ml_01_iris_pipeline-2.py
[2026-08-30T14:31:18.158+0000] {processor.py:925} INFO - DAG(s) 'iris_pipeline_dag' retrieved from /opt/airflow/dags/ml_01_iris_pipeline-2.py
[2026-08-30T14:31:18.400+0000] {logging_mixin.py:190} INFO - [2026-08-30T14:31:18.400+0000] {dag.py:3239} INFO - Sync 1 DAGs
[2026-08-30T14:31:18.411+0000] {logging_mixin.py:190} INFO - [2026-08-30T14:31:18.411+0000] {dag.py:4180} INFO - Setting next_dagrun for iris_pipeline_dag to None, run_after=None
[2026-08-30T14:31:18.430+0000] {processor.py:208} INFO - Processing /opt/airflow/dags/ml_01_iris_pipeline-2.py took 0.315 seconds
[2026-08-30T14:31:48.864+0000] {processor.py:186} INFO - Started process (PID=1879) to work on /opt/airflow/dags/ml_01_iris_pipeline-2.py
[2026-08-30T14:31:48.871+0000] {processor.py:914} INFO - Processing file /opt/airflow/dags/ml_01_iris_pipeline-2.py for tasks to queue
[2026-08-30T14:31:48.873+0000] {logging_mixin.py:190} INFO - [2026-08-30T14:31:48.872+0000] {dagbag.py:588} INFO - Filling up the DagBag from /opt/airflow/dags/ml_01_iris_pipeline-2.py
[2026-08-30T14:31:48.908+0000] {processor.py:925} INFO - DAG(s) 'iris_pipeline_dag' retrieved from /opt/airflow/dags/ml_01_iris_pipeline-2.py
[2026-08-30T14:31:48.970+0000] {logging_mixin.py:190} INFO - [2026-08-30T14:31:48.970+0000] {dag.py:3239} INFO - Sync 1 DAGs
[2026-08-30T14:31:48.992+0000] {logging_mixin.py:190} INFO - [2026-08-30T14:31:48.991+0000] {dag.py:4180} INFO - Setting next_dagrun for iris_pipeline_dag to None, run_after=None
[2026-08-30T14:31:49.007+0000] {processor.py:208} INFO - Processing /opt/airflow/dags/ml_01_iris_pipeline-2.py took 0.165 seconds
[2026-08-30T14:32:19.951+0000] {processor.py:186} INFO - Started process (PID=1891) to work on /opt/airflow/dags/ml_01_iris_pipeline-2.py
[2026-08-30T14:32:19.952+0000] {processor.py:914} INFO - Processing file /opt/airflow/dags/ml_01_iris_pipeline-2.py for tasks to queue
[2026-08-30T14:32:19.954+0000] {logging_mixin.py:190} INFO - [2026-08-30T14:32:19.953+0000] {dagbag.py:588} INFO - Filling up the DagBag from /opt/airflow/dags/ml_01_iris_pipeline-2.py
[2026-08-30T14:32:19.971+0000] {processor.py:925} INFO - DAG(s) 'iris_pipeline_dag' retrieved from /opt/airflow/dags/ml_01_iris_pipeline-2.py
[2026-08-30T14:32:20.011+0000] {logging_mixin.py:190} INFO - [2026-08-30T14:32:20.011+0000] {dag.py:3239} INFO - Sync 1 DAGs
[2026-08-30T14:32:20.029+0000] {logging_mixin.py:190} INFO - [2026-08-30T14:32:20.029+0000] {dag.py:4180} INFO - Setting next_dagrun for iris_pipeline_dag to None, run_after=None
[2026-08-30T14:32:20.044+0000] {processor.py:208} INFO - Processing /opt/airflow/dags/ml_01_iris_pipeline-2.py took 0.112 seconds
[2026-08-30T14:32:50.693+0000] {processor.py:186} INFO - Started process (PID=1903) to work on /opt/airflow/dags/ml_01_iris_pipeline-2.py
[2026-08-30T14:32:50.696+0000] {processor.py:914} INFO - Processing file /opt/airflow/dags/ml_01_iris_pipeline-2.py for tasks to queue
[2026-08-30T14:32:50.699+0000] {logging_mixin.py:190} INFO - [2026-08-30T14:32:50.698+0000] {dagbag.py:588} INFO - Filling up the DagBag from /opt/airflow/dags/ml_01_iris_pipeline-2.py
[2026-08-30T14:32:50.738+0000] {processor.py:925} INFO - DAG(s) 'iris_pipeline_dag' retrieved from /opt/airflow/dags/ml_01_iris_pipeline-2.py
[2026-08-30T14:32:50.786+0000] {logging_mixin.py:190} INFO - [2026-08-30T14:32:50.786+0000] {dag.py:3239} INFO - Sync 1 DAGs
[2026-08-30T14:32:50.805+0000] {logging_mixin.py:190} INFO - [2026-08-30T14:32:50.804+0000] {dag.py:4180} INFO - Setting next_dagrun for iris_pipeline_dag to None, run_after=None
[2026-08-30T14:32:50.821+0000] {processor.py:208} INFO - Processing /opt/airflow/dags/ml_01_iris_pipeline-2.py took 0.147 seconds
[2026-08-30T14:33:21.733+0000] {processor.py:186} INFO - Started process (PID=1915) to work on /opt/airflow/dags/ml_01_iris_pipeline-2.py
[2026-08-30T14:33:21.736+0000] {processor.py:914} INFO - Processing file /opt/airflow/dags/ml_01_iris_pipeline-2.py for tasks to queue
[2026-08-30T14:33:21.738+0000] {logging_mixin.py:190} INFO - [2026-08-30T14:33:21.737+0000] {dagbag.py:588} INFO - Filling up the DagBag from /opt/airflow/dags/ml_01_iris_pipeline-2.py
[2026-08-30T14:33:21.769+0000] {processor.py:925} INFO - DAG(s) 'iris_pipeline_dag' retrieved from /opt/airflow/dags/ml_01_iris_pipeline-2.py
[2026-08-30T14:33:21.820+0000] {logging_mixin.py:190} INFO - [2026-08-30T14:33:21.819+0000] {dag.py:3239} INFO - Sync 1 DAGs
[2026-08-30T14:33:21.836+0000] {logging_mixin.py:190} INFO - [2026-08-30T14:33:21.835+0000] {dag.py:4180} INFO - Setting next_dagrun for iris_pipeline_dag to None, run_after=None
[2026-08-30T14:33:21.848+0000] {processor.py:208} INFO - Processing /opt/airflow/dags/ml_01_iris_pipeline-2.py took 0.129 seconds
[2026-08-30T14:33:52.447+0000] {processor.py:186} INFO - Started process (PID=1928) to work on /opt/airflow/dags/ml_01_iris_pipeline-2.py
[2026-08-30T14:33:52.450+0000] {processor.py:914} INFO - Processing file /opt/airflow/dags/ml_01_iris_pipeline-2.py for tasks to queue
[2026-08-30T14:33:52.456+0000] {logging_mixin.py:190} INFO - [2026-08-30T14:33:52.455+0000] {dagbag.py:588} INFO - Filling up the DagBag from /opt/airflow/dags/ml_01_iris_pipeline-2.py
[2026-08-30T14:33:52.487+0000] {processor.py:925} INFO - DAG(s) 'iris_pipeline_dag' retrieved from /opt/airflow/dags/ml_01_iris_pipeline-2.py
[2026-08-30T14:33:52.532+0000] {logging_mixin.py:190} INFO - [2026-08-30T14:33:52.532+0000] {dag.py:3239} INFO - Sync 1 DAGs
[2026-08-30T14:33:52.553+0000] {logging_mixin.py:190} INFO - [2026-08-30T14:33:52.553+0000] {dag.py:4180} INFO - Setting next_dagrun for iris_pipeline_dag to None, run_after=None
[2026-08-30T14:33:52.572+0000] {processor.py:208} INFO - Processing /opt/airflow/dags/ml_01_iris_pipeline-2.py took 0.150 seconds
[2026-08-30T14:34:23.225+0000] {processor.py:186} INFO - Started process (PID=1940) to work on /opt/airflow/dags/ml_01_iris_pipeline-2.py
[2026-08-30T14:34:23.228+0000] {processor.py:914} INFO - Processing file /opt/airflow/dags/ml_01_iris_pipeline-2.py for tasks to queue
[2026-08-30T14:34:23.230+0000] {logging_mixin.py:190} INFO - [2026-08-30T14:34:23.230+0000] {dagbag.py:588} INFO - Filling up the DagBag from /opt/airflow/dags/ml_01_iris_pipeline-2.py
[2026-08-30T14:34:23.261+0000] {processor.py:925} INFO - DAG(s) 'iris_pipeline_dag' retrieved from /opt/airflow/dags/ml_01_iris_pipeline-2.py
[2026-08-30T14:34:23.313+0000] {logging_mixin.py:190} INFO - [2026-08-30T14:34:23.313+0000] {dag.py:3239} INFO - Sync 1 DAGs
[2026-08-30T14:34:23.328+0000] {logging_mixin.py:190} INFO - [2026-08-30T14:34:23.328+0000] {dag.py:4180} INFO - Setting next_dagrun for iris_pipeline_dag to None, run_after=None
[2026-08-30T14:34:23.340+0000] {processor.py:208} INFO - Processing /opt/airflow/dags/ml_01_iris_pipeline-2.py took 0.135 seconds
[2026-08-30T14:34:53.961+0000] {processor.py:186} INFO - Started process (PID=1952) to work on /opt/airflow/dags/ml_01_iris_pipeline-2.py
[2026-08-30T14:34:53.964+0000] {processor.py:914} INFO - Processing file /opt/airflow/dags/ml_01_iris_pipeline-2.py for tasks to queue
[2026-08-30T14:34:53.966+0000] {logging_mixin.py:190} INFO - [2026-08-30T14:34:53.965+0000] {dagbag.py:588} INFO - Filling up the DagBag from /opt/airflow/dags/ml_01_iris_pipeline-2.py
[2026-08-30T14:34:54.002+0000] {processor.py:925} INFO - DAG(s) 'iris_pipeline_dag' retrieved from /opt/airflow/dags/ml_01_iris_pipeline-2.py
[2026-08-30T14:34:54.057+0000] {logging_mixin.py:190} INFO - [2026-08-30T14:34:54.057+0000] {dag.py:3239} INFO - Sync 1 DAGs
[2026-08-30T14:34:54.082+0000] {logging_mixin.py:190} INFO - [2026-08-30T14:34:54.082+0000] {dag.py:4180} INFO - Setting next_dagrun for iris_pipeline_dag to None, run_after=None
[2026-08-30T14:34:54.098+0000] {processor.py:208} INFO - Processing /opt/airflow/dags/ml_01_iris_pipeline-2.py took 0.162 seconds
[2026-08-30T14:35:24.635+0000] {processor.py:186} INFO - Started process (PID=1964) to work on /opt/airflow/dags/ml_01_iris_pipeline-2.py
[2026-08-30T14:35:24.639+0000] {processor.py:914} INFO - Processing file /opt/airflow/dags/ml_01_iris_pipeline-2.py for tasks to queue
[2026-08-30T14:35:24.641+0000] {logging_mixin.py:190} INFO - [2026-08-30T14:35:24.640+0000] {dagbag.py:588} INFO - Filling up the DagBag from /opt/airflow/dags/ml_01_iris_pipeline-2.py
[2026-08-30T14:35:24.674+0000] {processor.py:925} INFO - DAG(s) 'iris_pipeline_dag' retrieved from /opt/airflow/dags/ml_01_iris_pipeline-2.py
[2026-08-30T14:35:24.726+0000] {logging_mixin.py:190} INFO - [2026-08-30T14:35:24.725+0000] {dag.py:3239} INFO - Sync 1 DAGs
[2026-08-30T14:35:24.739+0000] {logging_mixin.py:190} INFO - [2026-08-30T14:35:24.739+0000] {dag.py:4180} INFO - Setting next_dagrun for iris_pipeline_dag to None, run_after=None
[2026-08-30T14:35:24.749+0000] {processor.py:208} INFO - Processing /opt/airflow/dags/ml_01_iris_pipeline-2.py took 0.132 seconds
[2026-08-30T14:35:55.458+0000] {processor.py:186} INFO - Started process (PID=1976) to work on /opt/airflow/dags/ml_01_iris_pipeline-2.py
[2026-08-30T14:35:55.461+0000] {processor.py:914} INFO - Processing file /opt/airflow/dags/ml_01_iris_pipeline-2.py for tasks to queue
[2026-08-30T14:35:55.464+0000] {logging_mixin.py:190} INFO - [2026-08-30T14:35:55.463+0000] {dagbag.py:588} INFO - Filling up the DagBag from /opt/airflow/dags/ml_01_iris_pipeline-2.py
[2026-08-30T14:35:55.492+0000] {processor.py:925} INFO - DAG(s) 'iris_pipeline_dag' retrieved from /opt/airflow/dags/ml_01_iris_pipeline-2.py
[2026-08-30T14:35:55.531+0000] {logging_mixin.py:190} INFO - [2026-08-30T14:35:55.531+0000] {dag.py:3239} INFO - Sync 1 DAGs
[2026-08-30T14:35:55.547+0000] {logging_mixin.py:190} INFO - [2026-08-30T14:35:55.547+0000] {dag.py:4180} INFO - Setting next_dagrun for iris_pipeline_dag to None, run_after=None
[2026-08-30T14:35:55.559+0000] {processor.py:208} INFO - Processing /opt/airflow/dags/ml_01_iris_pipeline-2.py took 0.124 seconds
[2026-08-30T14:36:26.177+0000] {processor.py:186} INFO - Started process (PID=1994) to work on /opt/airflow/dags/ml_01_iris_pipeline-2.py
[2026-08-30T14:36:26.180+0000] {processor.py:914} INFO - Processing file /opt/airflow/dags/ml_01_iris_pipeline-2.py for tasks to queue
[2026-08-30T14:36:26.182+0000] {logging_mixin.py:190} INFO - [2026-08-30T14:36:26.181+0000] {dagbag.py:588} INFO - Filling up the DagBag from /opt/airflow/dags/ml_01_iris_pipeline-2.py
[2026-08-30T14:36:26.203+0000] {processor.py:925} INFO - DAG(s) 'iris_pipeline_dag' retrieved from /opt/airflow/dags/ml_01_iris_pipeline-2.py
[2026-08-30T14:36:26.241+0000] {logging_mixin.py:190} INFO - [2026-08-30T14:36:26.241+0000] {dag.py:3239} INFO - Sync 1 DAGs
[2026-08-30T14:36:26.261+0000] {logging_mixin.py:190} INFO - [2026-08-30T14:36:26.261+0000] {dag.py:4180} INFO - Setting next_dagrun for iris_pipeline_dag to None, run_after=None
[2026-08-30T14:36:26.275+0000] {processor.py:208} INFO - Processing /opt/airflow/dags/ml_01_iris_pipeline-2.py took 0.109 seconds
[2026-08-30T14:36:56.942+0000] {processor.py:186} INFO - Started process (PID=2006) to work on /opt/airflow/dags/ml_01_iris_pipeline-2.py
[2026-08-30T14:36:56.944+0000] {processor.py:914} INFO - Processing file /opt/airflow/dags/ml_01_iris_pipeline-2.py for tasks to queue
[2026-08-30T14:36:56.947+0000] {logging_mixin.py:190} INFO - [2026-08-30T14:36:56.946+0000] {dagbag.py:588} INFO - Filling up the DagBag from /opt/airflow/dags/ml_01_iris_pipeline-2.py
[2026-08-30T14:36:56.980+0000] {processor.py:925} INFO - DAG(s) 'iris_pipeline_dag' retrieved from /opt/airflow/dags/ml_01_iris_pipeline-2.py
[2026-08-30T14:36:57.015+0000] {logging_mixin.py:190} INFO - [2026-08-30T14:36:57.015+0000] {dag.py:3239} INFO - Sync 1 DAGs
[2026-08-30T14:36:57.028+0000] {logging_mixin.py:190} INFO - [2026-08-30T14:36:57.028+0000] {dag.py:4180} INFO - Setting next_dagrun for iris_pipeline_dag to None, run_after=None
[2026-08-30T14:36:57.039+0000] {processor.py:208} INFO - Processing /opt/airflow/dags/ml_01_iris_pipeline-2.py took 0.112 seconds
[2026-08-30T14:37:27.685+0000] {processor.py:186} INFO - Started process (PID=2018) to work on /opt/airflow/dags/ml_01_iris_pipeline-2.py
[2026-08-30T14:37:27.689+0000] {processor.py:914} INFO - Processing file /opt/airflow/dags/ml_01_iris_pipeline-2.py for tasks to queue
[2026-08-30T14:37:27.691+0000] {logging_mixin.py:190} INFO - [2026-08-30T14:37:27.690+0000] {dagbag.py:588} INFO - Filling up the DagBag from /opt/airflow/dags/ml_01_iris_pipeline-2.py
[2026-08-30T14:37:27.719+0000] {processor.py:925} INFO - DAG(s) 'iris_pipeline_dag' retrieved from /opt/airflow/dags/ml_01_iris_pipeline-2.py
[2026-08-30T14:37:27.751+0000] {logging_mixin.py:190} INFO - [2026-08-30T14:37:27.751+0000] {dag.py:3239} INFO - Sync 1 DAGs
[2026-08-30T14:37:27.770+0000] {logging_mixin.py:190} INFO - [2026-08-30T14:37:27.770+0000] {dag.py:4180} INFO - Setting next_dagrun for iris_pipeline_dag to None, run_after=None
[2026-08-30T14:37:27.781+0000] {processor.py:208} INFO - Processing /opt/airflow/dags/ml_01_iris_pipeline-2.py took 0.120 seconds
[2026-08-30T14:37:58.336+0000] {processor.py:186} INFO - Started process (PID=2030) to work on /opt/airflow/dags/ml_01_iris_pipeline-2.py
[2026-08-30T14:37:58.338+0000] {processor.py:914} INFO - Processing file /opt/airflow/dags/ml_01_iris_pipeline-2.py for tasks to queue
[2026-08-30T14:37:58.339+0000] {logging_mixin.py:190} INFO - [2026-08-30T14:37:58.339+0000] {dagbag.py:588} INFO - Filling up the DagBag from /opt/airflow/dags/ml_01_iris_pipeline-2.py
[2026-08-30T14:37:58.354+0000] {processor.py:925} INFO - DAG(s) 'iris_pipeline_dag' retrieved from /opt/airflow/dags/ml_01_iris_pipeline-2.py
[2026-08-30T14:37:58.381+0000] {logging_mixin.py:190} INFO - [2026-08-30T14:37:58.381+0000] {dag.py:3239} INFO - Sync 1 DAGs
[2026-08-30T14:37:58.392+0000] {logging_mixin.py:190} INFO - [2026-08-30T14:37:58.392+0000] {dag.py:4180} INFO - Setting next_dagrun for iris_pipeline_dag to None, run_after=None
[2026-08-30T14:37:58.401+0000] {processor.py:208} INFO - Processing /opt/airflow/dags/ml_01_iris_pipeline-2.py took 0.075 seconds
[2026-08-30T14:38:29.034+0000] {processor.py:186} INFO - Started process (PID=2042) to work on /opt/airflow/dags/ml_01_iris_pipeline-2.py
[2026-08-30T14:38:29.037+0000] {processor.py:914} INFO - Processing file /opt/airflow/dags/ml_01_iris_pipeline-2.py for tasks to queue
[2026-08-30T14:38:29.039+0000] {logging_mixin.py:190} INFO - [2026-08-30T14:38:29.039+0000] {dagbag.py:588} INFO - Filling up the DagBag from /opt/airflow/dags/ml_01_iris_pipeline-2.py
[2026-08-30T14:38:29.064+0000] {processor.py:925} INFO - DAG(s) 'iris_pipeline_dag' retrieved from /opt/airflow/dags/ml_01_iris_pipeline-2.py
[2026-08-30T14:38:29.095+0000] {logging_mixin.py:190} INFO - [2026-08-30T14:38:29.095+0000] {dag.py:3239} INFO - Sync 1 DAGs
[2026-08-30T14:38:29.111+0000] {logging_mixin.py:190} INFO - [2026-08-30T14:38:29.111+0000] {dag.py:4180} INFO - Setting next_dagrun for iris_pipeline_dag to None, run_after=None
[2026-08-30T14:38:29.125+0000] {processor.py:208} INFO - Processing /opt/airflow/dags/ml_01_iris_pipeline-2.py took 0.106 seconds
[2026-08-30T14:39:00.120+0000] {processor.py:186} INFO - Started process (PID=2054) to work on /opt/airflow/dags/ml_01_iris_pipeline-2.py
[2026-08-30T14:39:00.125+0000] {processor.py:914} INFO - Processing file /opt/airflow/dags/ml_01_iris_pipeline-2.py for tasks to queue
[2026-08-30T14:39:00.127+0000] {logging_mixin.py:190} INFO - [2026-08-30T14:39:00.127+0000] {dagbag.py:588} INFO - Filling up the DagBag from /opt/airflow/dags/ml_01_iris_pipeline-2.py
[2026-08-30T14:39:00.148+0000] {processor.py:925} INFO - DAG(s) 'iris_pipeline_dag' retrieved from /opt/airflow/dags/ml_01_iris_pipeline-2.py
[2026-08-30T14:39:00.185+0000] {logging_mixin.py:190} INFO - [2026-08-30T14:39:00.185+0000] {dag.py:3239} INFO - Sync 1 DAGs
[2026-08-30T14:39:00.201+0000] {logging_mixin.py:190} INFO - [2026-08-30T14:39:00.201+0000] {dag.py:4180} INFO - Setting next_dagrun for iris_pipeline_dag to None, run_after=None
[2026-08-30T14:39:00.213+0000] {processor.py:208} INFO - Processing /opt/airflow/dags/ml_01_iris_pipeline-2.py took 0.120 seconds
[2026-08-30T14:39:30.439+0000] {processor.py:186} INFO - Started process (PID=2066) to work on /opt/airflow/dags/ml_01_iris_pipeline-2.py
[2026-08-30T14:39:30.445+0000] {processor.py:914} INFO - Processing file /opt/airflow/dags/ml_01_iris_pipeline-2.py for tasks to queue
[2026-08-30T14:39:30.446+0000] {logging_mixin.py:190} INFO - [2026-08-30T14:39:30.446+0000] {dagbag.py:588} INFO - Filling up the DagBag from /opt/airflow/dags/ml_01_iris_pipeline-2.py
[2026-08-30T14:39:30.464+0000] {processor.py:925} INFO - DAG(s) 'iris_pipeline_dag' retrieved from /opt/airflow/dags/ml_01_iris_pipeline-2.py
[2026-08-30T14:39:30.511+0000] {logging_mixin.py:190} INFO - [2026-08-30T14:39:30.511+0000] {dag.py:3239} INFO - Sync 1 DAGs
[2026-08-30T14:39:30.528+0000] {logging_mixin.py:190} INFO - [2026-08-30T14:39:30.528+0000] {dag.py:4180} INFO - Setting next_dagrun for iris_pipeline_dag to None, run_after=None
[2026-08-30T14:39:30.542+0000] {processor.py:208} INFO - Processing /opt/airflow/dags/ml_01_iris_pipeline-2.py took 0.114 seconds
[2026-08-30T14:40:01.201+0000] {processor.py:186} INFO - Started process (PID=2078) to work on /opt/airflow/dags/ml_01_iris_pipeline-2.py
[2026-08-30T14:40:01.203+0000] {processor.py:914} INFO - Processing file /opt/airflow/dags/ml_01_iris_pipeline-2.py for tasks to queue
[2026-08-30T14:40:01.205+0000] {logging_mixin.py:190} INFO - [2026-08-30T14:40:01.205+0000] {dagbag.py:588} INFO - Filling up the DagBag from /opt/airflow/dags/ml_01_iris_pipeline-2.py
[2026-08-30T14:40:01.230+0000] {processor.py:925} INFO - DAG(s) 'iris_pipeline_dag' retrieved from /opt/airflow/dags/ml_01_iris_pipeline-2.py
[2026-08-30T14:40:01.261+0000] {logging_mixin.py:190} INFO - [2026-08-30T14:40:01.260+0000] {dag.py:3239} INFO - Sync 1 DAGs
[2026-08-30T14:40:01.278+0000] {logging_mixin.py:190} INFO - [2026-08-30T14:40:01.277+0000] {dag.py:4180} INFO - Setting next_dagrun for iris_pipeline_dag to None, run_after=None
[2026-08-30T14:40:01.294+0000] {processor.py:208} INFO - Processing /opt/airflow/dags/ml_01_iris_pipeline-2.py took 0.104 seconds
[2026-08-30T14:40:32.054+0000] {processor.py:186} INFO - Started process (PID=2090) to work on /opt/airflow/dags/ml_01_iris_pipeline-2.py
[2026-08-30T14:40:32.059+0000] {processor.py:914} INFO - Processing file /opt/airflow/dags/ml_01_iris_pipeline-2.py for tasks to queue
[2026-08-30T14:40:32.061+0000] {logging_mixin.py:190} INFO - [2026-08-30T14:40:32.060+0000] {dagbag.py:588} INFO - Filling up the DagBag from /opt/airflow/dags/ml_01_iris_pipeline-2.py
[2026-08-30T14:40:32.079+0000] {processor.py:925} INFO - DAG(s) 'iris_pipeline_dag' retrieved from /opt/airflow/dags/ml_01_iris_pipeline-2.py
[2026-08-30T14:40:32.126+0000] {logging_mixin.py:190} INFO - [2026-08-30T14:40:32.126+0000] {dag.py:3239} INFO - Sync 1 DAGs
[2026-08-30T14:40:32.148+0000] {logging_mixin.py:190} INFO - [2026-08-30T14:40:32.148+0000] {dag.py:4180} INFO - Setting next_dagrun for iris_pipeline_dag to None, run_after=None
[2026-08-30T14:40:32.167+0000] {processor.py:208} INFO - Processing /opt/airflow/dags/ml_01_iris_pipeline-2.py took 0.130 seconds
[2026-08-30T14:41:02.880+0000] {processor.py:186} INFO - Started process (PID=2102) to work on /opt/airflow/dags/ml_01_iris_pipeline-2.py
[2026-08-30T14:41:02.883+0000] {processor.py:914} INFO - Processing file /opt/airflow/dags/ml_01_iris_pipeline-2.py for tasks to queue
[2026-08-30T14:41:02.886+0000] {logging_mixin.py:190} INFO - [2026-08-30T14:41:02.884+0000] {dagbag.py:588} INFO - Filling up the DagBag from /opt/airflow/dags/ml_01_iris_pipeline-2.py
[2026-08-30T14:41:02.925+0000] {processor.py:925} INFO - DAG(s) 'iris_pipeline_dag' retrieved from /opt/airflow/dags/ml_01_iris_pipeline-2.py
[2026-08-30T14:41:02.976+0000] {logging_mixin.py:190} INFO - [2026-08-30T14:41:02.975+0000] {dag.py:3239} INFO - Sync 1 DAGs
[2026-08-30T14:41:02.995+0000] {logging_mixin.py:190} INFO - [2026-08-30T14:41:02.995+0000] {dag.py:4180} INFO - Setting next_dagrun for iris_pipeline_dag to None, run_after=None
[2026-08-30T14:41:03.013+0000] {processor.py:208} INFO - Processing /opt/airflow/dags/ml_01_iris_pipeline-2.py took 0.156 seconds
[2026-08-30T14:41:33.822+0000] {processor.py:186} INFO - Started process (PID=2114) to work on /opt/airflow/dags/ml_01_iris_pipeline-2.py
[2026-08-30T14:41:33.825+0000] {processor.py:914} INFO - Processing file /opt/airflow/dags/ml_01_iris_pipeline-2.py for tasks to queue
[2026-08-30T14:41:33.827+0000] {logging_mixin.py:190} INFO - [2026-08-30T14:41:33.826+0000] {dagbag.py:588} INFO - Filling up the DagBag from /opt/airflow/dags/ml_01_iris_pipeline-2.py
[2026-08-30T14:41:33.857+0000] {processor.py:925} INFO - DAG(s) 'iris_pipeline_dag' retrieved from /opt/airflow/dags/ml_01_iris_pipeline-2.py
[2026-08-30T14:41:33.902+0000] {logging_mixin.py:190} INFO - [2026-08-30T14:41:33.902+0000] {dag.py:3239} INFO - Sync 1 DAGs
[2026-08-30T14:41:33.924+0000] {logging_mixin.py:190} INFO - [2026-08-30T14:41:33.924+0000] {dag.py:4180} INFO - Setting next_dagrun for iris_pipeline_dag to None, run_after=None
[2026-08-30T14:41:33.937+0000] {processor.py:208} INFO - Processing /opt/airflow/dags/ml_01_iris_pipeline-2.py took 0.145 seconds
[2026-08-30T14:42:04.724+0000] {processor.py:186} INFO - Started process (PID=2127) to work on /opt/airflow/dags/ml_01_iris_pipeline-2.py
[2026-08-30T14:42:04.726+0000] {processor.py:914} INFO - Processing file /opt/airflow/dags/ml_01_iris_pipeline-2.py for tasks to queue
[2026-08-30T14:42:04.728+0000] {logging_mixin.py:190} INFO - [2026-08-30T14:42:04.728+0000] {dagbag.py:588} INFO - Filling up the DagBag from /opt/airflow/dags/ml_01_iris_pipeline-2.py
[2026-08-30T14:42:04.753+0000] {processor.py:925} INFO - DAG(s) 'iris_pipeline_dag' retrieved from /opt/airflow/dags/ml_01_iris_pipeline-2.py
[2026-08-30T14:42:04.805+0000] {logging_mixin.py:190} INFO - [2026-08-30T14:42:04.805+0000] {dag.py:3239} INFO - Sync 1 DAGs
[2026-08-30T14:42:04.834+0000] {logging_mixin.py:190} INFO - [2026-08-30T14:42:04.834+0000] {dag.py:4180} INFO - Setting next_dagrun for iris_pipeline_dag to None, run_after=None
[2026-08-30T14:42:04.865+0000] {processor.py:208} INFO - Processing /opt/airflow/dags/ml_01_iris_pipeline-2.py took 0.158 seconds
[2026-08-30T14:42:35.930+0000] {processor.py:186} INFO - Started process (PID=2139) to work on /opt/airflow/dags/ml_01_iris_pipeline-2.py
[2026-08-30T14:42:35.942+0000] {processor.py:914} INFO - Processing file /opt/airflow/dags/ml_01_iris_pipeline-2.py for tasks to queue
[2026-08-30T14:42:35.952+0000] {logging_mixin.py:190} INFO - [2026-08-30T14:42:35.951+0000] {dagbag.py:588} INFO - Filling up the DagBag from /opt/airflow/dags/ml_01_iris_pipeline-2.py
[2026-08-30T14:42:35.999+0000] {processor.py:925} INFO - DAG(s) 'iris_pipeline_dag' retrieved from /opt/airflow/dags/ml_01_iris_pipeline-2.py
[2026-08-30T14:42:36.052+0000] {logging_mixin.py:190} INFO - [2026-08-30T14:42:36.052+0000] {dag.py:3239} INFO - Sync 1 DAGs
[2026-08-30T14:42:36.095+0000] {logging_mixin.py:190} INFO - [2026-08-30T14:42:36.094+0000] {dag.py:4180} INFO - Setting next_dagrun for iris_pipeline_dag to None, run_after=None
[2026-08-30T14:42:36.121+0000] {processor.py:208} INFO - Processing /opt/airflow/dags/ml_01_iris_pipeline-2.py took 0.234 seconds
[2026-08-30T14:43:06.809+0000] {processor.py:186} INFO - Started process (PID=2151) to work on /opt/airflow/dags/ml_01_iris_pipeline-2.py
[2026-08-30T14:43:06.811+0000] {processor.py:914} INFO - Processing file /opt/airflow/dags/ml_01_iris_pipeline-2.py for tasks to queue
[2026-08-30T14:43:06.814+0000] {logging_mixin.py:190} INFO - [2026-08-30T14:43:06.813+0000] {dagbag.py:588} INFO - Filling up the DagBag from /opt/airflow/dags/ml_01_iris_pipeline-2.py
[2026-08-30T14:43:06.837+0000] {processor.py:925} INFO - DAG(s) 'iris_pipeline_dag' retrieved from /opt/airflow/dags/ml_01_iris_pipeline-2.py
[2026-08-30T14:43:06.873+0000] {logging_mixin.py:190} INFO - [2026-08-30T14:43:06.873+0000] {dag.py:3239} INFO - Sync 1 DAGs
[2026-08-30T14:43:06.889+0000] {logging_mixin.py:190} INFO - [2026-08-30T14:43:06.889+0000] {dag.py:4180} INFO - Setting next_dagrun for iris_pipeline_dag to None, run_after=None
[2026-08-30T14:43:06.903+0000] {processor.py:208} INFO - Processing /opt/airflow/dags/ml_01_iris_pipeline-2.py took 0.113 seconds
[2026-08-30T14:43:37.530+0000] {processor.py:186} INFO - Started process (PID=2163) to work on /opt/airflow/dags/ml_01_iris_pipeline-2.py
[2026-08-30T14:43:37.531+0000] {processor.py:914} INFO - Processing file /opt/airflow/dags/ml_01_iris_pipeline-2.py for tasks to queue
[2026-08-30T14:43:37.533+0000] {logging_mixin.py:190} INFO - [2026-08-30T14:43:37.532+0000] {dagbag.py:588} INFO - Filling up the DagBag from /opt/airflow/dags/ml_01_iris_pipeline-2.py
[2026-08-30T14:43:37.547+0000] {processor.py:925} INFO - DAG(s) 'iris_pipeline_dag' retrieved from /opt/airflow/dags/ml_01_iris_pipeline-2.py
[2026-08-30T14:43:37.575+0000] {logging_mixin.py:190} INFO - [2026-08-30T14:43:37.575+0000] {dag.py:3239} INFO - Sync 1 DAGs
[2026-08-30T14:43:37.586+0000] {logging_mixin.py:190} INFO - [2026-08-30T14:43:37.586+0000] {dag.py:4180} INFO - Setting next_dagrun for iris_pipeline_dag to None, run_after=None
[2026-08-30T14:43:37.596+0000] {processor.py:208} INFO - Processing /opt/airflow/dags/ml_01_iris_pipeline-2.py took 0.077 seconds
[2026-08-30T14:44:08.435+0000] {processor.py:186} INFO - Started process (PID=2175) to work on /opt/airflow/dags/ml_01_iris_pipeline-2.py
[2026-08-30T14:44:08.436+0000] {processor.py:914} INFO - Processing file /opt/airflow/dags/ml_01_iris_pipeline-2.py for tasks to queue
[2026-08-30T14:44:08.438+0000] {logging_mixin.py:190} INFO - [2026-08-30T14:44:08.438+0000] {dagbag.py:588} INFO - Filling up the DagBag from /opt/airflow/dags/ml_01_iris_pipeline-2.py
[2026-08-30T14:44:08.460+0000] {processor.py:925} INFO - DAG(s) 'iris_pipeline_dag' retrieved from /opt/airflow/dags/ml_01_iris_pipeline-2.py
[2026-08-30T14:44:08.497+0000] {logging_mixin.py:190} INFO - [2026-08-30T14:44:08.496+0000] {dag.py:3239} INFO - Sync 1 DAGs
[2026-08-30T14:44:08.528+0000] {logging_mixin.py:190} INFO - [2026-08-30T14:44:08.528+0000] {dag.py:4180} INFO - Setting next_dagrun for iris_pipeline_dag to None, run_after=None
[2026-08-30T14:44:08.539+0000] {processor.py:208} INFO - Processing /opt/airflow/dags/ml_01_iris_pipeline-2.py took 0.117 seconds
[2026-08-30T14:44:39.188+0000] {processor.py:186} INFO - Started process (PID=2187) to work on /opt/airflow/dags/ml_01_iris_pipeline-2.py
[2026-08-30T14:44:39.190+0000] {processor.py:914} INFO - Processing file /opt/airflow/dags/ml_01_iris_pipeline-2.py for tasks to queue
[2026-08-30T14:44:39.192+0000] {logging_mixin.py:190} INFO - [2026-08-30T14:44:39.192+0000] {dagbag.py:588} INFO - Filling up the DagBag from /opt/airflow/dags/ml_01_iris_pipeline-2.py
[2026-08-30T14:44:39.225+0000] {processor.py:925} INFO - DAG(s) 'iris_pipeline_dag' retrieved from /opt/airflow/dags/ml_01_iris_pipeline-2.py
[2026-08-30T14:44:39.265+0000] {logging_mixin.py:190} INFO - [2026-08-30T14:44:39.265+0000] {dag.py:3239} INFO - Sync 1 DAGs
[2026-08-30T14:44:39.282+0000] {logging_mixin.py:190} INFO - [2026-08-30T14:44:39.282+0000] {dag.py:4180} INFO - Setting next_dagrun for iris_pipeline_dag to None, run_after=None
[2026-08-30T14:44:39.297+0000] {processor.py:208} INFO - Processing /opt/airflow/dags/ml_01_iris_pipeline-2.py took 0.130 seconds
[2026-08-30T14:45:09.968+0000] {processor.py:186} INFO - Started process (PID=2199) to work on /opt/airflow/dags/ml_01_iris_pipeline-2.py
[2026-08-30T14:45:09.972+0000] {processor.py:914} INFO - Processing file /opt/airflow/dags/ml_01_iris_pipeline-2.py for tasks to queue
[2026-08-30T14:45:09.973+0000] {logging_mixin.py:190} INFO - [2026-08-30T14:45:09.973+0000] {dagbag.py:588} INFO - Filling up the DagBag from /opt/airflow/dags/ml_01_iris_pipeline-2.py
[2026-08-30T14:45:09.992+0000] {processor.py:925} INFO - DAG(s) 'iris_pipeline_dag' retrieved from /opt/airflow/dags/ml_01_iris_pipeline-2.py
[2026-08-30T14:45:10.027+0000] {logging_mixin.py:190} INFO - [2026-08-30T14:45:10.027+0000] {dag.py:3239} INFO - Sync 1 DAGs
[2026-08-30T14:45:10.052+0000] {logging_mixin.py:190} INFO - [2026-08-30T14:45:10.052+0000] {dag.py:4180} INFO - Setting next_dagrun for iris_pipeline_dag to None, run_after=None
[2026-08-30T14:45:10.071+0000] {processor.py:208} INFO - Processing /opt/airflow/dags/ml_01_iris_pipeline-2.py took 0.110 seconds
[2026-08-30T14:45:40.797+0000] {processor.py:186} INFO - Started process (PID=2211) to work on /opt/airflow/dags/ml_01_iris_pipeline-2.py
[2026-08-30T14:45:40.800+0000] {processor.py:914} INFO - Processing file /opt/airflow/dags/ml_01_iris_pipeline-2.py for tasks to queue
[2026-08-30T14:45:40.801+0000] {logging_mixin.py:190} INFO - [2026-08-30T14:45:40.801+0000] {dagbag.py:588} INFO - Filling up the DagBag from /opt/airflow/dags/ml_01_iris_pipeline-2.py
[2026-08-30T14:45:40.825+0000] {processor.py:925} INFO - DAG(s) 'iris_pipeline_dag' retrieved from /opt/airflow/dags/ml_01_iris_pipeline-2.py
[2026-08-30T14:45:40.875+0000] {logging_mixin.py:190} INFO - [2026-08-30T14:45:40.874+0000] {dag.py:3239} INFO - Sync 1 DAGs
[2026-08-30T14:45:40.893+0000] {logging_mixin.py:190} INFO - [2026-08-30T14:45:40.893+0000] {dag.py:4180} INFO - Setting next_dagrun for iris_pipeline_dag to None, run_after=None
[2026-08-30T14:45:40.908+0000] {processor.py:208} INFO - Processing /opt/airflow/dags/ml_01_iris_pipeline-2.py took 0.124 seconds
[2026-08-30T14:46:11.568+0000] {processor.py:186} INFO - Started process (PID=2223) to work on /opt/airflow/dags/ml_01_iris_pipeline-2.py
[2026-08-30T14:46:11.570+0000] {processor.py:914} INFO - Processing file /opt/airflow/dags/ml_01_iris_pipeline-2.py for tasks to queue
[2026-08-30T14:46:11.572+0000] {logging_mixin.py:190} INFO - [2026-08-30T14:46:11.571+0000] {dagbag.py:588} INFO - Filling up the DagBag from /opt/airflow/dags/ml_01_iris_pipeline-2.py
[2026-08-30T14:46:11.599+0000] {processor.py:925} INFO - DAG(s) 'iris_pipeline_dag' retrieved from /opt/airflow/dags/ml_01_iris_pipeline-2.py
[2026-08-30T14:46:11.645+0000] {logging_mixin.py:190} INFO - [2026-08-30T14:46:11.645+0000] {dag.py:3239} INFO - Sync 1 DAGs
[2026-08-30T14:46:11.665+0000] {logging_mixin.py:190} INFO - [2026-08-30T14:46:11.665+0000] {dag.py:4180} INFO - Setting next_dagrun for iris_pipeline_dag to None, run_after=None
[2026-08-30T14:46:11.677+0000] {processor.py:208} INFO - Processing /opt/airflow/dags/ml_01_iris_pipeline-2.py took 0.122 seconds
[2026-08-30T14:46:42.307+0000] {processor.py:186} INFO - Started process (PID=2235) to work on /opt/airflow/dags/ml_01_iris_pipeline-2.py
[2026-08-30T14:46:42.309+0000] {processor.py:914} INFO - Processing file /opt/airflow/dags/ml_01_iris_pipeline-2.py for tasks to queue
[2026-08-30T14:46:42.312+0000] {logging_mixin.py:190} INFO - [2026-08-30T14:46:42.311+0000] {dagbag.py:588} INFO - Filling up the DagBag from /opt/airflow/dags/ml_01_iris_pipeline-2.py
[2026-08-30T14:46:42.344+0000] {processor.py:925} INFO - DAG(s) 'iris_pipeline_dag' retrieved from /opt/airflow/dags/ml_01_iris_pipeline-2.py
[2026-08-30T14:46:42.393+0000] {logging_mixin.py:190} INFO - [2026-08-30T14:46:42.393+0000] {dag.py:3239} INFO - Sync 1 DAGs
[2026-08-30T14:46:42.407+0000] {logging_mixin.py:190} INFO - [2026-08-30T14:46:42.407+0000] {dag.py:4180} INFO - Setting next_dagrun for iris_pipeline_dag to None, run_after=None
[2026-08-30T14:46:42.422+0000] {processor.py:208} INFO - Processing /opt/airflow/dags/ml_01_iris_pipeline-2.py took 0.133 seconds
[2026-08-30T14:47:13.215+0000] {processor.py:186} INFO - Started process (PID=2247) to work on /opt/airflow/dags/ml_01_iris_pipeline-2.py
[2026-08-30T14:47:13.217+0000] {processor.py:914} INFO - Processing file /opt/airflow/dags/ml_01_iris_pipeline-2.py for tasks to queue
[2026-08-30T14:47:13.220+0000] {logging_mixin.py:190} INFO - [2026-08-30T14:47:13.219+0000] {dagbag.py:588} INFO - Filling up the DagBag from /opt/airflow/dags/ml_01_iris_pipeline-2.py
[2026-08-30T14:47:13.255+0000] {processor.py:925} INFO - DAG(s) 'iris_pipeline_dag' retrieved from /opt/airflow/dags/ml_01_iris_pipeline-2.py
[2026-08-30T14:47:13.311+0000] {logging_mixin.py:190} INFO - [2026-08-30T14:47:13.311+0000] {dag.py:3239} INFO - Sync 1 DAGs
[2026-08-30T14:47:13.335+0000] {logging_mixin.py:190} INFO - [2026-08-30T14:47:13.335+0000] {dag.py:4180} INFO - Setting next_dagrun for iris_pipeline_dag to None, run_after=None
[2026-08-30T14:47:13.349+0000] {processor.py:208} INFO - Processing /opt/airflow/dags/ml_01_iris_pipeline-2.py took 0.159 seconds
[2026-08-30T14:47:43.903+0000] {processor.py:186} INFO - Started process (PID=2260) to work on /opt/airflow/dags/ml_01_iris_pipeline-2.py
[2026-08-30T14:47:43.906+0000] {processor.py:914} INFO - Processing file /opt/airflow/dags/ml_01_iris_pipeline-2.py for tasks to queue
[2026-08-30T14:47:43.908+0000] {logging_mixin.py:190} INFO - [2026-08-30T14:47:43.907+0000] {dagbag.py:588} INFO - Filling up the DagBag from /opt/airflow/dags/ml_01_iris_pipeline-2.py
[2026-08-30T14:47:43.932+0000] {processor.py:925} INFO - DAG(s) 'iris_pipeline_dag' retrieved from /opt/airflow/dags/ml_01_iris_pipeline-2.py
[2026-08-30T14:47:43.968+0000] {logging_mixin.py:190} INFO - [2026-08-30T14:47:43.968+0000] {dag.py:3239} INFO - Sync 1 DAGs
[2026-08-30T14:47:43.984+0000] {logging_mixin.py:190} INFO - [2026-08-30T14:47:43.983+0000] {dag.py:4180} INFO - Setting next_dagrun for iris_pipeline_dag to None, run_after=None
[2026-08-30T14:47:43.998+0000] {processor.py:208} INFO - Processing /opt/airflow/dags/ml_01_iris_pipeline-2.py took 0.105 seconds
[2026-08-30T14:48:14.674+0000] {processor.py:186} INFO - Started process (PID=2272) to work on /opt/airflow/dags/ml_01_iris_pipeline-2.py
[2026-08-30T14:48:14.677+0000] {processor.py:914} INFO - Processing file /opt/airflow/dags/ml_01_iris_pipeline-2.py for tasks to queue
[2026-08-30T14:48:14.679+0000] {logging_mixin.py:190} INFO - [2026-08-30T14:48:14.678+0000] {dagbag.py:588} INFO - Filling up the DagBag from /opt/airflow/dags/ml_01_iris_pipeline-2.py
[2026-08-30T14:48:14.707+0000] {processor.py:925} INFO - DAG(s) 'iris_pipeline_dag' retrieved from /opt/airflow/dags/ml_01_iris_pipeline-2.py
[2026-08-30T14:48:14.746+0000] {logging_mixin.py:190} INFO - [2026-08-30T14:48:14.745+0000] {dag.py:3239} INFO - Sync 1 DAGs
[2026-08-30T14:48:14.767+0000] {logging_mixin.py:190} INFO - [2026-08-30T14:48:14.766+0000] {dag.py:4180} INFO - Setting next_dagrun for iris_pipeline_dag to None, run_after=None
[2026-08-30T14:48:14.779+0000] {processor.py:208} INFO - Processing /opt/airflow/dags/ml_01_iris_pipeline-2.py took 0.120 seconds
[2026-08-30T14:48:45.433+0000] {processor.py:186} INFO - Started process (PID=2284) to work on /opt/airflow/dags/ml_01_iris_pipeline-2.py
[2026-08-30T14:48:45.435+0000] {processor.py:914} INFO - Processing file /opt/airflow/dags/ml_01_iris_pipeline-2.py for tasks to queue
[2026-08-30T14:48:45.437+0000] {logging_mixin.py:190} INFO - [2026-08-30T14:48:45.437+0000] {dagbag.py:588} INFO - Filling up the DagBag from /opt/airflow/dags/ml_01_iris_pipeline-2.py
[2026-08-30T14:48:45.457+0000] {processor.py:925} INFO - DAG(s) 'iris_pipeline_dag' retrieved from /opt/airflow/dags/ml_01_iris_pipeline-2.py
[2026-08-30T14:48:45.484+0000] {logging_mixin.py:190} INFO - [2026-08-30T14:48:45.484+0000] {dag.py:3239} INFO - Sync 1 DAGs
[2026-08-30T14:48:45.498+0000] {logging_mixin.py:190} INFO - [2026-08-30T14:48:45.498+0000] {dag.py:4180} INFO - Setting next_dagrun for iris_pipeline_dag to None, run_after=None
[2026-08-30T14:48:45.511+0000] {processor.py:208} INFO - Processing /opt/airflow/dags/ml_01_iris_pipeline-2.py took 0.089 seconds
[2026-08-30T14:49:16.235+0000] {processor.py:186} INFO - Started process (PID=2296) to work on /opt/airflow/dags/ml_01_iris_pipeline-2.py
[2026-08-30T14:49:16.238+0000] {processor.py:914} INFO - Processing file /opt/airflow/dags/ml_01_iris_pipeline-2.py for tasks to queue
[2026-08-30T14:49:16.242+0000] {logging_mixin.py:190} INFO - [2026-08-30T14:49:16.241+0000] {dagbag.py:588} INFO - Filling up the DagBag from /opt/airflow/dags/ml_01_iris_pipeline-2.py
[2026-08-30T14:49:16.265+0000] {processor.py:925} INFO - DAG(s) 'iris_pipeline_dag' retrieved from /opt/airflow/dags/ml_01_iris_pipeline-2.py
[2026-08-30T14:49:16.301+0000] {logging_mixin.py:190} INFO - [2026-08-30T14:49:16.301+0000] {dag.py:3239} INFO - Sync 1 DAGs
[2026-08-30T14:49:16.317+0000] {logging_mixin.py:190} INFO - [2026-08-30T14:49:16.316+0000] {dag.py:4180} INFO - Setting next_dagrun for iris_pipeline_dag to None, run_after=None
[2026-08-30T14:49:16.329+0000] {processor.py:208} INFO - Processing /opt/airflow/dags/ml_01_iris_pipeline-2.py took 0.106 seconds
[2026-08-30T14:49:47.027+0000] {processor.py:186} INFO - Started process (PID=2308) to work on /opt/airflow/dags/ml_01_iris_pipeline-2.py
[2026-08-30T14:49:47.032+0000] {processor.py:914} INFO - Processing file /opt/airflow/dags/ml_01_iris_pipeline-2.py for tasks to queue
[2026-08-30T14:49:47.034+0000] {logging_mixin.py:190} INFO - [2026-08-30T14:49:47.033+0000] {dagbag.py:588} INFO - Filling up the DagBag from /opt/airflow/dags/ml_01_iris_pipeline-2.py
[2026-08-30T14:49:47.056+0000] {processor.py:925} INFO - DAG(s) 'iris_pipeline_dag' retrieved from /opt/airflow/dags/ml_01_iris_pipeline-2.py
[2026-08-30T14:49:47.091+0000] {logging_mixin.py:190} INFO - [2026-08-30T14:49:47.091+0000] {dag.py:3239} INFO - Sync 1 DAGs
[2026-08-30T14:49:47.110+0000] {logging_mixin.py:190} INFO - [2026-08-30T14:49:47.110+0000] {dag.py:4180} INFO - Setting next_dagrun for iris_pipeline_dag to None, run_after=None
[2026-08-30T14:49:47.122+0000] {processor.py:208} INFO - Processing /opt/airflow/dags/ml_01_iris_pipeline-2.py took 0.106 seconds
[2026-08-30T14:50:17.861+0000] {processor.py:186} INFO - Started process (PID=2320) to work on /opt/airflow/dags/ml_01_iris_pipeline-2.py
[2026-08-30T14:50:17.863+0000] {processor.py:914} INFO - Processing file /opt/airflow/dags/ml_01_iris_pipeline-2.py for tasks to queue
[2026-08-30T14:50:17.864+0000] {logging_mixin.py:190} INFO - [2026-08-30T14:50:17.864+0000] {dagbag.py:588} INFO - Filling up the DagBag from /opt/airflow/dags/ml_01_iris_pipeline-2.py
[2026-08-30T14:50:17.888+0000] {processor.py:925} INFO - DAG(s) 'iris_pipeline_dag' retrieved from /opt/airflow/dags/ml_01_iris_pipeline-2.py
[2026-08-30T14:50:17.934+0000] {logging_mixin.py:190} INFO - [2026-08-30T14:50:17.933+0000] {dag.py:3239} INFO - Sync 1 DAGs
[2026-08-30T14:50:17.959+0000] {logging_mixin.py:190} INFO - [2026-08-30T14:50:17.958+0000] {dag.py:4180} INFO - Setting next_dagrun for iris_pipeline_dag to None, run_after=None
[2026-08-30T14:50:17.970+0000] {processor.py:208} INFO - Processing /opt/airflow/dags/ml_01_iris_pipeline-2.py took 0.121 seconds
[2026-08-30T14:50:48.728+0000] {processor.py:186} INFO - Started process (PID=2332) to work on /opt/airflow/dags/ml_01_iris_pipeline-2.py
[2026-08-30T14:50:48.730+0000] {processor.py:914} INFO - Processing file /opt/airflow/dags/ml_01_iris_pipeline-2.py for tasks to queue
[2026-08-30T14:50:48.731+0000] {logging_mixin.py:190} INFO - [2026-08-30T14:50:48.731+0000] {dagbag.py:588} INFO - Filling up the DagBag from /opt/airflow/dags/ml_01_iris_pipeline-2.py
[2026-08-30T14:50:48.751+0000] {processor.py:925} INFO - DAG(s) 'iris_pipeline_dag' retrieved from /opt/airflow/dags/ml_01_iris_pipeline-2.py
[2026-08-30T14:50:48.805+0000] {logging_mixin.py:190} INFO - [2026-08-30T14:50:48.805+0000] {dag.py:3239} INFO - Sync 1 DAGs
[2026-08-30T14:50:48.828+0000] {logging_mixin.py:190} INFO - [2026-08-30T14:50:48.828+0000] {dag.py:4180} INFO - Setting next_dagrun for iris_pipeline_dag to None, run_after=None
[2026-08-30T14:50:48.844+0000] {processor.py:208} INFO - Processing /opt/airflow/dags/ml_01_iris_pipeline-2.py took 0.135 seconds
[2026-08-30T14:51:19.576+0000] {processor.py:186} INFO - Started process (PID=2344) to work on /opt/airflow/dags/ml_01_iris_pipeline-2.py
[2026-08-30T14:51:19.582+0000] {processor.py:914} INFO - Processing file /opt/airflow/dags/ml_01_iris_pipeline-2.py for tasks to queue
[2026-08-30T14:51:19.584+0000] {logging_mixin.py:190} INFO - [2026-08-30T14:51:19.583+0000] {dagbag.py:588} INFO - Filling up the DagBag from /opt/airflow/dags/ml_01_iris_pipeline-2.py
[2026-08-30T14:51:19.627+0000] {processor.py:925} INFO - DAG(s) 'iris_pipeline_dag' retrieved from /opt/airflow/dags/ml_01_iris_pipeline-2.py
[2026-08-30T14:51:19.666+0000] {logging_mixin.py:190} INFO - [2026-08-30T14:51:19.666+0000] {dag.py:3239} INFO - Sync 1 DAGs
[2026-08-30T14:51:19.682+0000] {logging_mixin.py:190} INFO - [2026-08-30T14:51:19.682+0000] {dag.py:4180} INFO - Setting next_dagrun for iris_pipeline_dag to None, run_after=None
[2026-08-30T14:51:19.694+0000] {processor.py:208} INFO - Processing /opt/airflow/dags/ml_01_iris_pipeline-2.py took 0.141 seconds
[2026-08-30T14:51:50.287+0000] {processor.py:186} INFO - Started process (PID=2356) to work on /opt/airflow/dags/ml_01_iris_pipeline-2.py
[2026-08-30T14:51:50.291+0000] {processor.py:914} INFO - Processing file /opt/airflow/dags/ml_01_iris_pipeline-2.py for tasks to queue
[2026-08-30T14:51:50.295+0000] {logging_mixin.py:190} INFO - [2026-08-30T14:51:50.293+0000] {dagbag.py:588} INFO - Filling up the DagBag from /opt/airflow/dags/ml_01_iris_pipeline-2.py
[2026-08-30T14:51:50.335+0000] {processor.py:925} INFO - DAG(s) 'iris_pipeline_dag' retrieved from /opt/airflow/dags/ml_01_iris_pipeline-2.py
[2026-08-30T14:51:50.375+0000] {logging_mixin.py:190} INFO - [2026-08-30T14:51:50.375+0000] {dag.py:3239} INFO - Sync 1 DAGs
[2026-08-30T14:51:50.394+0000] {logging_mixin.py:190} INFO - [2026-08-30T14:51:50.394+0000] {dag.py:4180} INFO - Setting next_dagrun for iris_pipeline_dag to None, run_after=None
[2026-08-30T14:51:50.406+0000] {processor.py:208} INFO - Processing /opt/airflow/dags/ml_01_iris_pipeline-2.py took 0.134 seconds
[2026-08-30T14:52:21.172+0000] {processor.py:186} INFO - Started process (PID=2368) to work on /opt/airflow/dags/ml_01_iris_pipeline-2.py
[2026-08-30T14:52:21.176+0000] {processor.py:914} INFO - Processing file /opt/airflow/dags/ml_01_iris_pipeline-2.py for tasks to queue
[2026-08-30T14:52:21.179+0000] {logging_mixin.py:190} INFO - [2026-08-30T14:52:21.178+0000] {dagbag.py:588} INFO - Filling up the DagBag from /opt/airflow/dags/ml_01_iris_pipeline-2.py
[2026-08-30T14:52:21.207+0000] {processor.py:925} INFO - DAG(s) 'iris_pipeline_dag' retrieved from /opt/airflow/dags/ml_01_iris_pipeline-2.py
[2026-08-30T14:52:21.261+0000] {logging_mixin.py:190} INFO - [2026-08-30T14:52:21.261+0000] {dag.py:3239} INFO - Sync 1 DAGs
[2026-08-30T14:52:21.279+0000] {logging_mixin.py:190} INFO - [2026-08-30T14:52:21.279+0000] {dag.py:4180} INFO - Setting next_dagrun for iris_pipeline_dag to None, run_after=None
[2026-08-30T14:52:21.300+0000] {processor.py:208} INFO - Processing /opt/airflow/dags/ml_01_iris_pipeline-2.py took 0.146 seconds
[2026-08-30T14:52:52.119+0000] {processor.py:186} INFO - Started process (PID=2380) to work on /opt/airflow/dags/ml_01_iris_pipeline-2.py
[2026-08-30T14:52:52.123+0000] {processor.py:914} INFO - Processing file /opt/airflow/dags/ml_01_iris_pipeline-2.py for tasks to queue
[2026-08-30T14:52:52.126+0000] {logging_mixin.py:190} INFO - [2026-08-30T14:52:52.125+0000] {dagbag.py:588} INFO - Filling up the DagBag from /opt/airflow/dags/ml_01_iris_pipeline-2.py
[2026-08-30T14:52:52.163+0000] {processor.py:925} INFO - DAG(s) 'iris_pipeline_dag' retrieved from /opt/airflow/dags/ml_01_iris_pipeline-2.py
[2026-08-30T14:52:52.221+0000] {logging_mixin.py:190} INFO - [2026-08-30T14:52:52.221+0000] {dag.py:3239} INFO - Sync 1 DAGs
[2026-08-30T14:52:52.256+0000] {logging_mixin.py:190} INFO - [2026-08-30T14:52:52.256+0000] {dag.py:4180} INFO - Setting next_dagrun for iris_pipeline_dag to None, run_after=None
[2026-08-30T14:52:52.279+0000] {processor.py:208} INFO - Processing /opt/airflow/dags/ml_01_iris_pipeline-2.py took 0.176 seconds
[2026-08-30T14:53:22.823+0000] {processor.py:186} INFO - Started process (PID=2392) to work on /opt/airflow/dags/ml_01_iris_pipeline-2.py
[2026-08-30T14:53:22.826+0000] {processor.py:914} INFO - Processing file /opt/airflow/dags/ml_01_iris_pipeline-2.py for tasks to queue
[2026-08-30T14:53:22.828+0000] {logging_mixin.py:190} INFO - [2026-08-30T14:53:22.827+0000] {dagbag.py:588} INFO - Filling up the DagBag from /opt/airflow/dags/ml_01_iris_pipeline-2.py
[2026-08-30T14:53:22.864+0000] {processor.py:925} INFO - DAG(s) 'iris_pipeline_dag' retrieved from /opt/airflow/dags/ml_01_iris_pipeline-2.py
[2026-08-30T14:53:22.901+0000] {logging_mixin.py:190} INFO - [2026-08-30T14:53:22.901+0000] {dag.py:3239} INFO - Sync 1 DAGs
[2026-08-30T14:53:22.920+0000] {logging_mixin.py:190} INFO - [2026-08-30T14:53:22.920+0000] {dag.py:4180} INFO - Setting next_dagrun for iris_pipeline_dag to None, run_after=None
[2026-08-30T14:53:22.932+0000] {processor.py:208} INFO - Processing /opt/airflow/dags/ml_01_iris_pipeline-2.py took 0.129 seconds
[2026-08-30T14:53:53.553+0000] {processor.py:186} INFO - Started process (PID=2404) to work on /opt/airflow/dags/ml_01_iris_pipeline-2.py
[2026-08-30T14:53:53.556+0000] {processor.py:914} INFO - Processing file /opt/airflow/dags/ml_01_iris_pipeline-2.py for tasks to queue
[2026-08-30T14:53:53.558+0000] {logging_mixin.py:190} INFO - [2026-08-30T14:53:53.558+0000] {dagbag.py:588} INFO - Filling up the DagBag from /opt/airflow/dags/ml_01_iris_pipeline-2.py
[2026-08-30T14:53:53.593+0000] {processor.py:925} INFO - DAG(s) 'iris_pipeline_dag' retrieved from /opt/airflow/dags/ml_01_iris_pipeline-2.py
[2026-08-30T14:53:53.632+0000] {logging_mixin.py:190} INFO - [2026-08-30T14:53:53.632+0000] {dag.py:3239} INFO - Sync 1 DAGs
[2026-08-30T14:53:53.654+0000] {logging_mixin.py:190} INFO - [2026-08-30T14:53:53.653+0000] {dag.py:4180} INFO - Setting next_dagrun for iris_pipeline_dag to None, run_after=None
[2026-08-30T14:53:53.666+0000] {processor.py:208} INFO - Processing /opt/airflow/dags/ml_01_iris_pipeline-2.py took 0.135 seconds
[2026-08-30T14:54:24.182+0000] {processor.py:186} INFO - Started process (PID=2416) to work on /opt/airflow/dags/ml_01_iris_pipeline-2.py
[2026-08-30T14:54:24.185+0000] {processor.py:914} INFO - Processing file /opt/airflow/dags/ml_01_iris_pipeline-2.py for tasks to queue
[2026-08-30T14:54:24.187+0000] {logging_mixin.py:190} INFO - [2026-08-30T14:54:24.187+0000] {dagbag.py:588} INFO - Filling up the DagBag from /opt/airflow/dags/ml_01_iris_pipeline-2.py
[2026-08-30T14:54:24.223+0000] {processor.py:925} INFO - DAG(s) 'iris_pipeline_dag' retrieved from /opt/airflow/dags/ml_01_iris_pipeline-2.py
[2026-08-30T14:54:24.271+0000] {logging_mixin.py:190} INFO - [2026-08-30T14:54:24.271+0000] {dag.py:3239} INFO - Sync 1 DAGs
[2026-08-30T14:54:24.288+0000] {logging_mixin.py:190} INFO - [2026-08-30T14:54:24.287+0000] {dag.py:4180} INFO - Setting next_dagrun for iris_pipeline_dag to None, run_after=None
[2026-08-30T14:54:24.302+0000] {processor.py:208} INFO - Processing /opt/airflow/dags/ml_01_iris_pipeline-2.py took 0.143 seconds
[2026-08-30T14:54:54.900+0000] {processor.py:186} INFO - Started process (PID=2429) to work on /opt/airflow/dags/ml_01_iris_pipeline-2.py
[2026-08-30T14:54:54.903+0000] {processor.py:914} INFO - Processing file /opt/airflow/dags/ml_01_iris_pipeline-2.py for tasks to queue
[2026-08-30T14:54:54.905+0000] {logging_mixin.py:190} INFO - [2026-08-30T14:54:54.905+0000] {dagbag.py:588} INFO - Filling up the DagBag from /opt/airflow/dags/ml_01_iris_pipeline-2.py
[2026-08-30T14:54:54.928+0000] {processor.py:925} INFO - DAG(s) 'iris_pipeline_dag' retrieved from /opt/airflow/dags/ml_01_iris_pipeline-2.py
[2026-08-30T14:54:54.966+0000] {logging_mixin.py:190} INFO - [2026-08-30T14:54:54.966+0000] {dag.py:3239} INFO - Sync 1 DAGs
[2026-08-30T14:54:54.985+0000] {logging_mixin.py:190} INFO - [2026-08-30T14:54:54.985+0000] {dag.py:4180} INFO - Setting next_dagrun for iris_pipeline_dag to None, run_after=None
[2026-08-30T14:54:54.997+0000] {processor.py:208} INFO - Processing /opt/airflow/dags/ml_01_iris_pipeline-2.py took 0.110 seconds
[2026-08-30T14:55:25.723+0000] {processor.py:186} INFO - Started process (PID=2441) to work on /opt/airflow/dags/ml_01_iris_pipeline-2.py
[2026-08-30T14:55:25.726+0000] {processor.py:914} INFO - Processing file /opt/airflow/dags/ml_01_iris_pipeline-2.py for tasks to queue
[2026-08-30T14:55:25.728+0000] {logging_mixin.py:190} INFO - [2026-08-30T14:55:25.727+0000] {dagbag.py:588} INFO - Filling up the DagBag from /opt/airflow/dags/ml_01_iris_pipeline-2.py
[2026-08-30T14:55:25.753+0000] {processor.py:925} INFO - DAG(s) 'iris_pipeline_dag' retrieved from /opt/airflow/dags/ml_01_iris_pipeline-2.py
[2026-08-30T14:55:25.792+0000] {logging_mixin.py:190} INFO - [2026-08-30T14:55:25.792+0000] {dag.py:3239} INFO - Sync 1 DAGs
[2026-08-30T14:55:25.811+0000] {logging_mixin.py:190} INFO - [2026-08-30T14:55:25.810+0000] {dag.py:4180} INFO - Setting next_dagrun for iris_pipeline_dag to None, run_after=None
[2026-08-30T14:55:25.825+0000] {processor.py:208} INFO - Processing /opt/airflow/dags/ml_01_iris_pipeline-2.py took 0.119 seconds
[2026-08-30T14:55:56.467+0000] {processor.py:186} INFO - Started process (PID=2453) to work on /opt/airflow/dags/ml_01_iris_pipeline-2.py
[2026-08-30T14:55:56.469+0000] {processor.py:914} INFO - Processing file /opt/airflow/dags/ml_01_iris_pipeline-2.py for tasks to queue
[2026-08-30T14:55:56.471+0000] {logging_mixin.py:190} INFO - [2026-08-30T14:55:56.471+0000] {dagbag.py:588} INFO - Filling up the DagBag from /opt/airflow/dags/ml_01_iris_pipeline-2.py
[2026-08-30T14:55:56.495+0000] {processor.py:925} INFO - DAG(s) 'iris_pipeline_dag' retrieved from /opt/airflow/dags/ml_01_iris_pipeline-2.py
[2026-08-30T14:55:56.548+0000] {logging_mixin.py:190} INFO - [2026-08-30T14:55:56.547+0000] {dag.py:3239} INFO - Sync 1 DAGs
[2026-08-30T14:55:56.607+0000] {logging_mixin.py:190} INFO - [2026-08-30T14:55:56.606+0000] {dag.py:4180} INFO - Setting next_dagrun for iris_pipeline_dag to None, run_after=None
[2026-08-30T14:55:56.632+0000] {processor.py:208} INFO - Processing /opt/airflow/dags/ml_01_iris_pipeline-2.py took 0.182 seconds
[2026-08-30T14:56:27.379+0000] {processor.py:186} INFO - Started process (PID=2465) to work on /opt/airflow/dags/ml_01_iris_pipeline-2.py
[2026-08-30T14:56:27.381+0000] {processor.py:914} INFO - Processing file /opt/airflow/dags/ml_01_iris_pipeline-2.py for tasks to queue
[2026-08-30T14:56:27.383+0000] {logging_mixin.py:190} INFO - [2026-08-30T14:56:27.383+0000] {dagbag.py:588} INFO - Filling up the DagBag from /opt/airflow/dags/ml_01_iris_pipeline-2.py
[2026-08-30T14:56:27.415+0000] {processor.py:925} INFO - DAG(s) 'iris_pipeline_dag' retrieved from /opt/airflow/dags/ml_01_iris_pipeline-2.py
[2026-08-30T14:56:27.472+0000] {logging_mixin.py:190} INFO - [2026-08-30T14:56:27.471+0000] {dag.py:3239} INFO - Sync 1 DAGs
[2026-08-30T14:56:27.491+0000] {logging_mixin.py:190} INFO - [2026-08-30T14:56:27.491+0000] {dag.py:4180} INFO - Setting next_dagrun for iris_pipeline_dag to None, run_after=None
[2026-08-30T14:56:27.506+0000] {processor.py:208} INFO - Processing /opt/airflow/dags/ml_01_iris_pipeline-2.py took 0.146 seconds
[2026-08-30T14:56:58.206+0000] {processor.py:186} INFO - Started process (PID=2477) to work on /opt/airflow/dags/ml_01_iris_pipeline-2.py
[2026-08-30T14:56:58.208+0000] {processor.py:914} INFO - Processing file /opt/airflow/dags/ml_01_iris_pipeline-2.py for tasks to queue
[2026-08-30T14:56:58.210+0000] {logging_mixin.py:190} INFO - [2026-08-30T14:56:58.209+0000] {dagbag.py:588} INFO - Filling up the DagBag from /opt/airflow/dags/ml_01_iris_pipeline-2.py
[2026-08-30T14:56:58.237+0000] {processor.py:925} INFO - DAG(s) 'iris_pipeline_dag' retrieved from /opt/airflow/dags/ml_01_iris_pipeline-2.py
[2026-08-30T14:56:58.286+0000] {logging_mixin.py:190} INFO - [2026-08-30T14:56:58.286+0000] {dag.py:3239} INFO - Sync 1 DAGs
[2026-08-30T14:56:58.301+0000] {logging_mixin.py:190} INFO - [2026-08-30T14:56:58.301+0000] {dag.py:4180} INFO - Setting next_dagrun for iris_pipeline_dag to None, run_after=None
[2026-08-30T14:56:58.313+0000] {processor.py:208} INFO - Processing /opt/airflow/dags/ml_01_iris_pipeline-2.py took 0.140 seconds
[2026-08-30T14:57:29.054+0000] {processor.py:186} INFO - Started process (PID=2489) to work on /opt/airflow/dags/ml_01_iris_pipeline-2.py
[2026-08-30T14:57:29.056+0000] {processor.py:914} INFO - Processing file /opt/airflow/dags/ml_01_iris_pipeline-2.py for tasks to queue
[2026-08-30T14:57:29.058+0000] {logging_mixin.py:190} INFO - [2026-08-30T14:57:29.058+0000] {dagbag.py:588} INFO - Filling up the DagBag from /opt/airflow/dags/ml_01_iris_pipeline-2.py
[2026-08-30T14:57:29.082+0000] {processor.py:925} INFO - DAG(s) 'iris_pipeline_dag' retrieved from /opt/airflow/dags/ml_01_iris_pipeline-2.py
[2026-08-30T14:57:29.127+0000] {logging_mixin.py:190} INFO - [2026-08-30T14:57:29.127+0000] {dag.py:3239} INFO - Sync 1 DAGs
[2026-08-30T14:57:29.147+0000] {logging_mixin.py:190} INFO - [2026-08-30T14:57:29.146+0000] {dag.py:4180} INFO - Setting next_dagrun for iris_pipeline_dag to None, run_after=None
[2026-08-30T14:57:29.158+0000] {processor.py:208} INFO - Processing /opt/airflow/dags/ml_01_iris_pipeline-2.py took 0.123 seconds
[2026-08-30T14:57:59.839+0000] {processor.py:186} INFO - Started process (PID=2501) to work on /opt/airflow/dags/ml_01_iris_pipeline-2.py
[2026-08-30T14:57:59.842+0000] {processor.py:914} INFO - Processing file /opt/airflow/dags/ml_01_iris_pipeline-2.py for tasks to queue
[2026-08-30T14:57:59.845+0000] {logging_mixin.py:190} INFO - [2026-08-30T14:57:59.843+0000] {dagbag.py:588} INFO - Filling up the DagBag from /opt/airflow/dags/ml_01_iris_pipeline-2.py
[2026-08-30T14:57:59.865+0000] {processor.py:925} INFO - DAG(s) 'iris_pipeline_dag' retrieved from /opt/airflow/dags/ml_01_iris_pipeline-2.py
[2026-08-30T14:57:59.913+0000] {logging_mixin.py:190} INFO - [2026-08-30T14:57:59.912+0000] {dag.py:3239} INFO - Sync 1 DAGs
[2026-08-30T14:57:59.933+0000] {logging_mixin.py:190} INFO - [2026-08-30T14:57:59.933+0000] {dag.py:4180} INFO - Setting next_dagrun for iris_pipeline_dag to None, run_after=None
[2026-08-30T14:57:59.948+0000] {processor.py:208} INFO - Processing /opt/airflow/dags/ml_01_iris_pipeline-2.py took 0.126 seconds
[2026-08-30T14:58:30.622+0000] {processor.py:186} INFO - Started process (PID=2520) to work on /opt/airflow/dags/ml_01_iris_pipeline-2.py
[2026-08-30T14:58:30.625+0000] {processor.py:914} INFO - Processing file /opt/airflow/dags/ml_01_iris_pipeline-2.py for tasks to queue
[2026-08-30T14:58:30.629+0000] {logging_mixin.py:190} INFO - [2026-08-30T14:58:30.627+0000] {dagbag.py:588} INFO - Filling up the DagBag from /opt/airflow/dags/ml_01_iris_pipeline-2.py
[2026-08-30T14:58:30.654+0000] {processor.py:925} INFO - DAG(s) 'iris_pipeline_dag' retrieved from /opt/airflow/dags/ml_01_iris_pipeline-2.py
[2026-08-30T14:58:30.691+0000] {logging_mixin.py:190} INFO - [2026-08-30T14:58:30.690+0000] {dag.py:3239} INFO - Sync 1 DAGs
[2026-08-30T14:58:30.708+0000] {logging_mixin.py:190} INFO - [2026-08-30T14:58:30.707+0000] {dag.py:4180} INFO - Setting next_dagrun for iris_pipeline_dag to None, run_after=None
[2026-08-30T14:58:30.722+0000] {processor.py:208} INFO - Processing /opt/airflow/dags/ml_01_iris_pipeline-2.py took 0.115 seconds
[2026-08-30T14:59:01.528+0000] {processor.py:186} INFO - Started process (PID=2532) to work on /opt/airflow/dags/ml_01_iris_pipeline-2.py
[2026-08-30T14:59:01.530+0000] {processor.py:914} INFO - Processing file /opt/airflow/dags/ml_01_iris_pipeline-2.py for tasks to queue
[2026-08-30T14:59:01.532+0000] {logging_mixin.py:190} INFO - [2026-08-30T14:59:01.531+0000] {dagbag.py:588} INFO - Filling up the DagBag from /opt/airflow/dags/ml_01_iris_pipeline-2.py
[2026-08-30T14:59:01.552+0000] {processor.py:925} INFO - DAG(s) 'iris_pipeline_dag' retrieved from /opt/airflow/dags/ml_01_iris_pipeline-2.py
[2026-08-30T14:59:01.578+0000] {logging_mixin.py:190} INFO - [2026-08-30T14:59:01.578+0000] {dag.py:3239} INFO - Sync 1 DAGs
[2026-08-30T14:59:01.597+0000] {logging_mixin.py:190} INFO - [2026-08-30T14:59:01.597+0000] {dag.py:4180} INFO - Setting next_dagrun for iris_pipeline_dag to None, run_after=None
[2026-08-30T14:59:01.607+0000] {processor.py:208} INFO - Processing /opt/airflow/dags/ml_01_iris_pipeline-2.py took 0.089 seconds
[2026-08-30T14:59:31.818+0000] {processor.py:186} INFO - Started process (PID=2544) to work on /opt/airflow/dags/ml_01_iris_pipeline-2.py
[2026-08-30T14:59:31.820+0000] {processor.py:914} INFO - Processing file /opt/airflow/dags/ml_01_iris_pipeline-2.py for tasks to queue
[2026-08-30T14:59:31.823+0000] {logging_mixin.py:190} INFO - [2026-08-30T14:59:31.822+0000] {dagbag.py:588} INFO - Filling up the DagBag from /opt/airflow/dags/ml_01_iris_pipeline-2.py
[2026-08-30T14:59:31.860+0000] {processor.py:925} INFO - DAG(s) 'iris_pipeline_dag' retrieved from /opt/airflow/dags/ml_01_iris_pipeline-2.py
[2026-08-30T14:59:31.901+0000] {logging_mixin.py:190} INFO - [2026-08-30T14:59:31.901+0000] {dag.py:3239} INFO - Sync 1 DAGs
[2026-08-30T14:59:31.913+0000] {logging_mixin.py:190} INFO - [2026-08-30T14:59:31.913+0000] {dag.py:4180} INFO - Setting next_dagrun for iris_pipeline_dag to None, run_after=None
[2026-08-30T14:59:31.924+0000] {processor.py:208} INFO - Processing /opt/airflow/dags/ml_01_iris_pipeline-2.py took 0.124 seconds
[2026-08-30T15:00:02.569+0000] {processor.py:186} INFO - Started process (PID=2556) to work on /opt/airflow/dags/ml_01_iris_pipeline-2.py
[2026-08-30T15:00:02.571+0000] {processor.py:914} INFO - Processing file /opt/airflow/dags/ml_01_iris_pipeline-2.py for tasks to queue
[2026-08-30T15:00:02.573+0000] {logging_mixin.py:190} INFO - [2026-08-30T15:00:02.572+0000] {dagbag.py:588} INFO - Filling up the DagBag from /opt/airflow/dags/ml_01_iris_pipeline-2.py
[2026-08-30T15:00:02.594+0000] {processor.py:925} INFO - DAG(s) 'iris_pipeline_dag' retrieved from /opt/airflow/dags/ml_01_iris_pipeline-2.py
[2026-08-30T15:00:02.626+0000] {logging_mixin.py:190} INFO - [2026-08-30T15:00:02.625+0000] {dag.py:3239} INFO - Sync 1 DAGs
[2026-08-30T15:00:02.637+0000] {logging_mixin.py:190} INFO - [2026-08-30T15:00:02.636+0000] {dag.py:4180} INFO - Setting next_dagrun for iris_pipeline_dag to None, run_after=None
[2026-08-30T15:00:02.646+0000] {processor.py:208} INFO - Processing /opt/airflow/dags/ml_01_iris_pipeline-2.py took 0.102 seconds
[2026-08-30T15:00:33.232+0000] {processor.py:186} INFO - Started process (PID=2568) to work on /opt/airflow/dags/ml_01_iris_pipeline-2.py
[2026-08-30T15:00:33.237+0000] {processor.py:914} INFO - Processing file /opt/airflow/dags/ml_01_iris_pipeline-2.py for tasks to queue
[2026-08-30T15:00:33.240+0000] {logging_mixin.py:190} INFO - [2026-08-30T15:00:33.239+0000] {dagbag.py:588} INFO - Filling up the DagBag from /opt/airflow/dags/ml_01_iris_pipeline-2.py
[2026-08-30T15:00:33.269+0000] {processor.py:925} INFO - DAG(s) 'iris_pipeline_dag' retrieved from /opt/airflow/dags/ml_01_iris_pipeline-2.py
[2026-08-30T15:00:33.314+0000] {logging_mixin.py:190} INFO - [2026-08-30T15:00:33.314+0000] {dag.py:3239} INFO - Sync 1 DAGs
[2026-08-30T15:00:33.332+0000] {logging_mixin.py:190} INFO - [2026-08-30T15:00:33.332+0000] {dag.py:4180} INFO - Setting next_dagrun for iris_pipeline_dag to None, run_after=None
[2026-08-30T15:00:33.350+0000] {processor.py:208} INFO - Processing /opt/airflow/dags/ml_01_iris_pipeline-2.py took 0.131 seconds
[2026-08-30T15:01:04.074+0000] {processor.py:186} INFO - Started process (PID=2580) to work on /opt/airflow/dags/ml_01_iris_pipeline-2.py
[2026-08-30T15:01:04.076+0000] {processor.py:914} INFO - Processing file /opt/airflow/dags/ml_01_iris_pipeline-2.py for tasks to queue
[2026-08-30T15:01:04.081+0000] {logging_mixin.py:190} INFO - [2026-08-30T15:01:04.077+0000] {dagbag.py:588} INFO - Filling up the DagBag from /opt/airflow/dags/ml_01_iris_pipeline-2.py
[2026-08-30T15:01:04.111+0000] {processor.py:925} INFO - DAG(s) 'iris_pipeline_dag' retrieved from /opt/airflow/dags/ml_01_iris_pipeline-2.py
[2026-08-30T15:01:04.153+0000] {logging_mixin.py:190} INFO - [2026-08-30T15:01:04.153+0000] {dag.py:3239} INFO - Sync 1 DAGs
[2026-08-30T15:01:04.174+0000] {logging_mixin.py:190} INFO - [2026-08-30T15:01:04.174+0000] {dag.py:4180} INFO - Setting next_dagrun for iris_pipeline_dag to None, run_after=None
[2026-08-30T15:01:04.189+0000] {processor.py:208} INFO - Processing /opt/airflow/dags/ml_01_iris_pipeline-2.py took 0.136 seconds
[2026-08-30T15:01:34.881+0000] {processor.py:186} INFO - Started process (PID=2592) to work on /opt/airflow/dags/ml_01_iris_pipeline-2.py
[2026-08-30T15:01:34.884+0000] {processor.py:914} INFO - Processing file /opt/airflow/dags/ml_01_iris_pipeline-2.py for tasks to queue
[2026-08-30T15:01:34.886+0000] {logging_mixin.py:190} INFO - [2026-08-30T15:01:34.885+0000] {dagbag.py:588} INFO - Filling up the DagBag from /opt/airflow/dags/ml_01_iris_pipeline-2.py
[2026-08-30T15:01:34.908+0000] {processor.py:925} INFO - DAG(s) 'iris_pipeline_dag' retrieved from /opt/airflow/dags/ml_01_iris_pipeline-2.py
[2026-08-30T15:01:34.943+0000] {logging_mixin.py:190} INFO - [2026-08-30T15:01:34.943+0000] {dag.py:3239} INFO - Sync 1 DAGs
[2026-08-30T15:01:34.961+0000] {logging_mixin.py:190} INFO - [2026-08-30T15:01:34.961+0000] {dag.py:4180} INFO - Setting next_dagrun for iris_pipeline_dag to None, run_after=None
[2026-08-30T15:01:34.973+0000] {processor.py:208} INFO - Processing /opt/airflow/dags/ml_01_iris_pipeline-2.py took 0.106 seconds
[2026-08-30T15:02:05.795+0000] {processor.py:186} INFO - Started process (PID=2604) to work on /opt/airflow/dags/ml_01_iris_pipeline-2.py
[2026-08-30T15:02:05.797+0000] {processor.py:914} INFO - Processing file /opt/airflow/dags/ml_01_iris_pipeline-2.py for tasks to queue
[2026-08-30T15:02:05.801+0000] {logging_mixin.py:190} INFO - [2026-08-30T15:02:05.800+0000] {dagbag.py:588} INFO - Filling up the DagBag from /opt/airflow/dags/ml_01_iris_pipeline-2.py
[2026-08-30T15:02:05.824+0000] {processor.py:925} INFO - DAG(s) 'iris_pipeline_dag' retrieved from /opt/airflow/dags/ml_01_iris_pipeline-2.py
[2026-08-30T15:02:05.858+0000] {logging_mixin.py:190} INFO - [2026-08-30T15:02:05.857+0000] {dag.py:3239} INFO - Sync 1 DAGs
[2026-08-30T15:02:05.874+0000] {logging_mixin.py:190} INFO - [2026-08-30T15:02:05.873+0000] {dag.py:4180} INFO - Setting next_dagrun for iris_pipeline_dag to None, run_after=None
[2026-08-30T15:02:05.889+0000] {processor.py:208} INFO - Processing /opt/airflow/dags/ml_01_iris_pipeline-2.py took 0.107 seconds
[2026-08-30T15:02:36.566+0000] {processor.py:186} INFO - Started process (PID=2616) to work on /opt/airflow/dags/ml_01_iris_pipeline-2.py
[2026-08-30T15:02:36.568+0000] {processor.py:914} INFO - Processing file /opt/airflow/dags/ml_01_iris_pipeline-2.py for tasks to queue
[2026-08-30T15:02:36.569+0000] {logging_mixin.py:190} INFO - [2026-08-30T15:02:36.569+0000] {dagbag.py:588} INFO - Filling up the DagBag from /opt/airflow/dags/ml_01_iris_pipeline-2.py
[2026-08-30T15:02:36.587+0000] {processor.py:925} INFO - DAG(s) 'iris_pipeline_dag' retrieved from /opt/airflow/dags/ml_01_iris_pipeline-2.py
[2026-08-30T15:02:36.623+0000] {logging_mixin.py:190} INFO - [2026-08-30T15:02:36.622+0000] {dag.py:3239} INFO - Sync 1 DAGs
[2026-08-30T15:02:36.680+0000] {logging_mixin.py:190} INFO - [2026-08-30T15:02:36.679+0000] {dag.py:4180} INFO - Setting next_dagrun for iris_pipeline_dag to None, run_after=None
[2026-08-30T15:02:36.697+0000] {processor.py:208} INFO - Processing /opt/airflow/dags/ml_01_iris_pipeline-2.py took 0.143 seconds
[2026-08-30T15:03:07.264+0000] {processor.py:186} INFO - Started process (PID=2628) to work on /opt/airflow/dags/ml_01_iris_pipeline-2.py
[2026-08-30T15:03:07.271+0000] {processor.py:914} INFO - Processing file /opt/airflow/dags/ml_01_iris_pipeline-2.py for tasks to queue
[2026-08-30T15:03:07.273+0000] {logging_mixin.py:190} INFO - [2026-08-30T15:03:07.272+0000] {dagbag.py:588} INFO - Filling up the DagBag from /opt/airflow/dags/ml_01_iris_pipeline-2.py
[2026-08-30T15:03:07.305+0000] {processor.py:925} INFO - DAG(s) 'iris_pipeline_dag' retrieved from /opt/airflow/dags/ml_01_iris_pipeline-2.py
[2026-08-30T15:03:07.347+0000] {logging_mixin.py:190} INFO - [2026-08-30T15:03:07.347+0000] {dag.py:3239} INFO - Sync 1 DAGs
[2026-08-30T15:03:07.362+0000] {logging_mixin.py:190} INFO - [2026-08-30T15:03:07.362+0000] {dag.py:4180} INFO - Setting next_dagrun for iris_pipeline_dag to None, run_after=None
[2026-08-30T15:03:07.378+0000] {processor.py:208} INFO - Processing /opt/airflow/dags/ml_01_iris_pipeline-2.py took 0.136 seconds
[2026-08-30T15:03:38.093+0000] {processor.py:186} INFO - Started process (PID=2640) to work on /opt/airflow/dags/ml_01_iris_pipeline-2.py
[2026-08-30T15:03:38.095+0000] {processor.py:914} INFO - Processing file /opt/airflow/dags/ml_01_iris_pipeline-2.py for tasks to queue
[2026-08-30T15:03:38.097+0000] {logging_mixin.py:190} INFO - [2026-08-30T15:03:38.097+0000] {dagbag.py:588} INFO - Filling up the DagBag from /opt/airflow/dags/ml_01_iris_pipeline-2.py
[2026-08-30T15:03:38.125+0000] {processor.py:925} INFO - DAG(s) 'iris_pipeline_dag' retrieved from /opt/airflow/dags/ml_01_iris_pipeline-2.py
[2026-08-30T15:03:38.186+0000] {logging_mixin.py:190} INFO - [2026-08-30T15:03:38.186+0000] {dag.py:3239} INFO - Sync 1 DAGs
[2026-08-30T15:03:38.210+0000] {logging_mixin.py:190} INFO - [2026-08-30T15:03:38.210+0000] {dag.py:4180} INFO - Setting next_dagrun for iris_pipeline_dag to None, run_after=None
[2026-08-30T15:03:38.221+0000] {processor.py:208} INFO - Processing /opt/airflow/dags/ml_01_iris_pipeline-2.py took 0.144 seconds
[2026-08-30T15:04:08.787+0000] {processor.py:186} INFO - Started process (PID=2652) to work on /opt/airflow/dags/ml_01_iris_pipeline-2.py
[2026-08-30T15:04:08.790+0000] {processor.py:914} INFO - Processing file /opt/airflow/dags/ml_01_iris_pipeline-2.py for tasks to queue
[2026-08-30T15:04:08.793+0000] {logging_mixin.py:190} INFO - [2026-08-30T15:04:08.792+0000] {dagbag.py:588} INFO - Filling up the DagBag from /opt/airflow/dags/ml_01_iris_pipeline-2.py
[2026-08-30T15:04:08.824+0000] {processor.py:925} INFO - DAG(s) 'iris_pipeline_dag' retrieved from /opt/airflow/dags/ml_01_iris_pipeline-2.py
[2026-08-30T15:04:08.862+0000] {logging_mixin.py:190} INFO - [2026-08-30T15:04:08.861+0000] {dag.py:3239} INFO - Sync 1 DAGs
[2026-08-30T15:04:08.888+0000] {logging_mixin.py:190} INFO - [2026-08-30T15:04:08.888+0000] {dag.py:4180} INFO - Setting next_dagrun for iris_pipeline_dag to None, run_after=None
[2026-08-30T15:04:08.904+0000] {processor.py:208} INFO - Processing /opt/airflow/dags/ml_01_iris_pipeline-2.py took 0.131 seconds
[2026-08-30T15:04:39.656+0000] {processor.py:186} INFO - Started process (PID=2664) to work on /opt/airflow/dags/ml_01_iris_pipeline-2.py
[2026-08-30T15:04:39.658+0000] {processor.py:914} INFO - Processing file /opt/airflow/dags/ml_01_iris_pipeline-2.py for tasks to queue
[2026-08-30T15:04:39.660+0000] {logging_mixin.py:190} INFO - [2026-08-30T15:04:39.659+0000] {dagbag.py:588} INFO - Filling up the DagBag from /opt/airflow/dags/ml_01_iris_pipeline-2.py
[2026-08-30T15:04:39.676+0000] {processor.py:925} INFO - DAG(s) 'iris_pipeline_dag' retrieved from /opt/airflow/dags/ml_01_iris_pipeline-2.py
[2026-08-30T15:04:39.707+0000] {logging_mixin.py:190} INFO - [2026-08-30T15:04:39.707+0000] {dag.py:3239} INFO - Sync 1 DAGs
[2026-08-30T15:04:39.718+0000] {logging_mixin.py:190} INFO - [2026-08-30T15:04:39.718+0000] {dag.py:4180} INFO - Setting next_dagrun for iris_pipeline_dag to None, run_after=None
[2026-08-30T15:04:39.730+0000] {processor.py:208} INFO - Processing /opt/airflow/dags/ml_01_iris_pipeline-2.py took 0.083 seconds
[2026-08-30T15:05:10.517+0000] {processor.py:186} INFO - Started process (PID=2676) to work on /opt/airflow/dags/ml_01_iris_pipeline-2.py
[2026-08-30T15:05:10.518+0000] {processor.py:914} INFO - Processing file /opt/airflow/dags/ml_01_iris_pipeline-2.py for tasks to queue
[2026-08-30T15:05:10.520+0000] {logging_mixin.py:190} INFO - [2026-08-30T15:05:10.519+0000] {dagbag.py:588} INFO - Filling up the DagBag from /opt/airflow/dags/ml_01_iris_pipeline-2.py
[2026-08-30T15:05:10.544+0000] {processor.py:925} INFO - DAG(s) 'iris_pipeline_dag' retrieved from /opt/airflow/dags/ml_01_iris_pipeline-2.py
[2026-08-30T15:05:10.584+0000] {logging_mixin.py:190} INFO - [2026-08-30T15:05:10.584+0000] {dag.py:3239} INFO - Sync 1 DAGs
[2026-08-30T15:05:10.599+0000] {logging_mixin.py:190} INFO - [2026-08-30T15:05:10.598+0000] {dag.py:4180} INFO - Setting next_dagrun for iris_pipeline_dag to None, run_after=None
[2026-08-30T15:05:10.609+0000] {processor.py:208} INFO - Processing /opt/airflow/dags/ml_01_iris_pipeline-2.py took 0.116 seconds
[2026-08-30T15:05:41.372+0000] {processor.py:186} INFO - Started process (PID=2688) to work on /opt/airflow/dags/ml_01_iris_pipeline-2.py
[2026-08-30T15:05:41.374+0000] {processor.py:914} INFO - Processing file /opt/airflow/dags/ml_01_iris_pipeline-2.py for tasks to queue
[2026-08-30T15:05:41.380+0000] {logging_mixin.py:190} INFO - [2026-08-30T15:05:41.378+0000] {dagbag.py:588} INFO - Filling up the DagBag from /opt/airflow/dags/ml_01_iris_pipeline-2.py
[2026-08-30T15:05:41.411+0000] {processor.py:925} INFO - DAG(s) 'iris_pipeline_dag' retrieved from /opt/airflow/dags/ml_01_iris_pipeline-2.py
[2026-08-30T15:05:41.467+0000] {logging_mixin.py:190} INFO - [2026-08-30T15:05:41.467+0000] {dag.py:3239} INFO - Sync 1 DAGs
[2026-08-30T15:05:41.485+0000] {logging_mixin.py:190} INFO - [2026-08-30T15:05:41.485+0000] {dag.py:4180} INFO - Setting next_dagrun for iris_pipeline_dag to None, run_after=None
[2026-08-30T15:05:41.504+0000] {processor.py:208} INFO - Processing /opt/airflow/dags/ml_01_iris_pipeline-2.py took 0.142 seconds
[2026-08-30T15:06:12.214+0000] {processor.py:186} INFO - Started process (PID=2700) to work on /opt/airflow/dags/ml_01_iris_pipeline-2.py
[2026-08-30T15:06:12.216+0000] {processor.py:914} INFO - Processing file /opt/airflow/dags/ml_01_iris_pipeline-2.py for tasks to queue
[2026-08-30T15:06:12.217+0000] {logging_mixin.py:190} INFO - [2026-08-30T15:06:12.217+0000] {dagbag.py:588} INFO - Filling up the DagBag from /opt/airflow/dags/ml_01_iris_pipeline-2.py
[2026-08-30T15:06:12.238+0000] {processor.py:925} INFO - DAG(s) 'iris_pipeline_dag' retrieved from /opt/airflow/dags/ml_01_iris_pipeline-2.py
[2026-08-30T15:06:12.287+0000] {logging_mixin.py:190} INFO - [2026-08-30T15:06:12.287+0000] {dag.py:3239} INFO - Sync 1 DAGs
[2026-08-30T15:06:12.305+0000] {logging_mixin.py:190} INFO - [2026-08-30T15:06:12.305+0000] {dag.py:4180} INFO - Setting next_dagrun for iris_pipeline_dag to None, run_after=None
[2026-08-30T15:06:12.324+0000] {processor.py:208} INFO - Processing /opt/airflow/dags/ml_01_iris_pipeline-2.py took 0.125 seconds
[2026-08-30T15:06:43.147+0000] {processor.py:186} INFO - Started process (PID=2712) to work on /opt/airflow/dags/ml_01_iris_pipeline-2.py
[2026-08-30T15:06:43.150+0000] {processor.py:914} INFO - Processing file /opt/airflow/dags/ml_01_iris_pipeline-2.py for tasks to queue
[2026-08-30T15:06:43.152+0000] {logging_mixin.py:190} INFO - [2026-08-30T15:06:43.152+0000] {dagbag.py:588} INFO - Filling up the DagBag from /opt/airflow/dags/ml_01_iris_pipeline-2.py
[2026-08-30T15:06:43.189+0000] {processor.py:925} INFO - DAG(s) 'iris_pipeline_dag' retrieved from /opt/airflow/dags/ml_01_iris_pipeline-2.py
[2026-08-30T15:06:43.236+0000] {logging_mixin.py:190} INFO - [2026-08-30T15:06:43.235+0000] {dag.py:3239} INFO - Sync 1 DAGs
[2026-08-30T15:06:43.260+0000] {logging_mixin.py:190} INFO - [2026-08-30T15:06:43.259+0000] {dag.py:4180} INFO - Setting next_dagrun for iris_pipeline_dag to None, run_after=None
[2026-08-30T15:06:43.272+0000] {processor.py:208} INFO - Processing /opt/airflow/dags/ml_01_iris_pipeline-2.py took 0.143 seconds
[2026-08-30T15:07:13.981+0000] {processor.py:186} INFO - Started process (PID=2724) to work on /opt/airflow/dags/ml_01_iris_pipeline-2.py
[2026-08-30T15:07:13.984+0000] {processor.py:914} INFO - Processing file /opt/airflow/dags/ml_01_iris_pipeline-2.py for tasks to queue
[2026-08-30T15:07:13.991+0000] {logging_mixin.py:190} INFO - [2026-08-30T15:07:13.989+0000] {dagbag.py:588} INFO - Filling up the DagBag from /opt/airflow/dags/ml_01_iris_pipeline-2.py
[2026-08-30T15:07:14.016+0000] {processor.py:925} INFO - DAG(s) 'iris_pipeline_dag' retrieved from /opt/airflow/dags/ml_01_iris_pipeline-2.py
[2026-08-30T15:07:14.059+0000] {logging_mixin.py:190} INFO - [2026-08-30T15:07:14.059+0000] {dag.py:3239} INFO - Sync 1 DAGs
[2026-08-30T15:07:14.081+0000] {logging_mixin.py:190} INFO - [2026-08-30T15:07:14.081+0000] {dag.py:4180} INFO - Setting next_dagrun for iris_pipeline_dag to None, run_after=None
[2026-08-30T15:07:14.094+0000] {processor.py:208} INFO - Processing /opt/airflow/dags/ml_01_iris_pipeline-2.py took 0.130 seconds
[2026-08-30T15:07:44.918+0000] {processor.py:186} INFO - Started process (PID=2736) to work on /opt/airflow/dags/ml_01_iris_pipeline-2.py
[2026-08-30T15:07:44.920+0000] {processor.py:914} INFO - Processing file /opt/airflow/dags/ml_01_iris_pipeline-2.py for tasks to queue
[2026-08-30T15:07:44.922+0000] {logging_mixin.py:190} INFO - [2026-08-30T15:07:44.921+0000] {dagbag.py:588} INFO - Filling up the DagBag from /opt/airflow/dags/ml_01_iris_pipeline-2.py
[2026-08-30T15:07:44.942+0000] {processor.py:925} INFO - DAG(s) 'iris_pipeline_dag' retrieved from /opt/airflow/dags/ml_01_iris_pipeline-2.py
[2026-08-30T15:07:44.985+0000] {logging_mixin.py:190} INFO - [2026-08-30T15:07:44.985+0000] {dag.py:3239} INFO - Sync 1 DAGs
[2026-08-30T15:07:45.004+0000] {logging_mixin.py:190} INFO - [2026-08-30T15:07:45.004+0000] {dag.py:4180} INFO - Setting next_dagrun for iris_pipeline_dag to None, run_after=None
[2026-08-30T15:07:45.018+0000] {processor.py:208} INFO - Processing /opt/airflow/dags/ml_01_iris_pipeline-2.py took 0.116 seconds
[2026-08-30T15:08:15.788+0000] {processor.py:186} INFO - Started process (PID=2748) to work on /opt/airflow/dags/ml_01_iris_pipeline-2.py
[2026-08-30T15:08:15.791+0000] {processor.py:914} INFO - Processing file /opt/airflow/dags/ml_01_iris_pipeline-2.py for tasks to queue
[2026-08-30T15:08:15.793+0000] {logging_mixin.py:190} INFO - [2026-08-30T15:08:15.792+0000] {dagbag.py:588} INFO - Filling up the DagBag from /opt/airflow/dags/ml_01_iris_pipeline-2.py
[2026-08-30T15:08:15.830+0000] {processor.py:925} INFO - DAG(s) 'iris_pipeline_dag' retrieved from /opt/airflow/dags/ml_01_iris_pipeline-2.py
[2026-08-30T15:08:15.885+0000] {logging_mixin.py:190} INFO - [2026-08-30T15:08:15.885+0000] {dag.py:3239} INFO - Sync 1 DAGs
[2026-08-30T15:08:15.902+0000] {logging_mixin.py:190} INFO - [2026-08-30T15:08:15.902+0000] {dag.py:4180} INFO - Setting next_dagrun for iris_pipeline_dag to None, run_after=None
[2026-08-30T15:08:15.920+0000] {processor.py:208} INFO - Processing /opt/airflow/dags/ml_01_iris_pipeline-2.py took 0.149 seconds
