[2026-08-23T16:38:30.302+0000] {local_task_job_runner.py:123} INFO - ::group::Pre task execution logs
[2026-08-23T16:38:30.316+0000] {taskinstance.py:2613} INFO - Dependencies all met for dep_context=non-requeueable deps ti=<TaskInstance: etl_weather_postgres_dag.load_to_postgres manual__2026-08-23T16:34:41.624228+00:00 [queued]>
[2026-08-23T16:38:30.320+0000] {taskinstance.py:2613} INFO - Dependencies all met for dep_context=requeueable deps ti=<TaskInstance: etl_weather_postgres_dag.load_to_postgres manual__2026-08-23T16:34:41.624228+00:00 [queued]>
[2026-08-23T16:38:30.320+0000] {taskinstance.py:2866} INFO - Starting attempt 1 of 2
[2026-08-23T16:38:30.328+0000] {taskinstance.py:2889} INFO - Executing <Task(PythonOperator): load_to_postgres> on 2026-08-23 16:34:41.624228+00:00
[2026-08-23T16:38:30.337+0000] {warnings.py:112} WARNING - /home/***/.local/lib/python3.12/site-packages/***/task/task_runner/standard_task_runner.py:70: DeprecationWarning: This process (pid=1398) is multi-threaded, use of fork() may lead to deadlocks in the child.
  pid = os.fork()

[2026-08-23T16:38:30.338+0000] {standard_task_runner.py:72} INFO - Started process 1399 to run task
[2026-08-23T16:38:30.339+0000] {standard_task_runner.py:104} INFO - Running: ['***', 'tasks', 'run', 'etl_weather_postgres_dag', 'load_to_postgres', 'manual__2026-08-23T16:34:41.624228+00:00', '--job-id', '46', '--raw', '--subdir', 'DAGS_FOLDER/05_etl_weather_postgres.py', '--cfg-path', '/tmp/tmp46607edp']
[2026-08-23T16:38:30.340+0000] {standard_task_runner.py:105} INFO - Job 46: Subtask load_to_postgres
[2026-08-23T16:38:30.379+0000] {task_command.py:467} INFO - Running <TaskInstance: etl_weather_postgres_dag.load_to_postgres manual__2026-08-23T16:34:41.624228+00:00 [running]> on host 417225d49ca8
[2026-08-23T16:38:30.459+0000] {taskinstance.py:3132} INFO - Exporting env vars: AIRFLOW_CTX_DAG_OWNER='workshop' AIRFLOW_CTX_DAG_ID='etl_weather_postgres_dag' AIRFLOW_CTX_TASK_ID='load_to_postgres' AIRFLOW_CTX_EXECUTION_DATE='2026-08-23T16:34:41.624228+00:00' AIRFLOW_CTX_TRY_NUMBER='1' AIRFLOW_CTX_DAG_RUN_ID='manual__2026-08-23T16:34:41.624228+00:00'
[2026-08-23T16:38:30.460+0000] {taskinstance.py:731} INFO - ::endgroup::
[2026-08-23T16:38:30.496+0000] {base.py:84} INFO - Retrieving connection 'postgres_target'
[2026-08-23T16:38:30.509+0000] {sql.py:681} INFO - Loaded 4 rows into weather_records so far
[2026-08-23T16:38:30.509+0000] {sql.py:694} INFO - Done loading. Loaded a total of 4 rows into weather_records
[2026-08-23T16:38:30.510+0000] {logging_mixin.py:190} INFO - บันทึกลง Postgres สำเร็จ 4 แถว
[2026-08-23T16:38:30.510+0000] {python.py:240} INFO - Done. Returned value was: None
[2026-08-23T16:38:30.518+0000] {taskinstance.py:340} INFO - ::group::Post task execution logs
[2026-08-23T16:38:30.518+0000] {taskinstance.py:352} INFO - Marking task as SUCCESS. dag_id=etl_weather_postgres_dag, task_id=load_to_postgres, run_id=manual__2026-08-23T16:34:41.624228+00:00, execution_date=20260823T163441, start_date=20260823T163830, end_date=20260823T163830
[2026-08-23T16:38:30.559+0000] {local_task_job_runner.py:266} INFO - Task exited with return code 0
[2026-08-23T16:38:30.574+0000] {taskinstance.py:3895} INFO - 1 downstream tasks scheduled from follow-on schedule check
[2026-08-23T16:38:30.575+0000] {local_task_job_runner.py:245} INFO - ::endgroup::
