[2026-08-23T14:19:07.658+0000] {local_task_job_runner.py:123} INFO - ::group::Pre task execution logs
[2026-08-23T14:19:07.692+0000] {taskinstance.py:2613} INFO - Dependencies all met for dep_context=non-requeueable deps ti=<TaskInstance: hello_dag.print_date manual__2026-08-23T14:19:03.214116+00:00 [queued]>
[2026-08-23T14:19:07.700+0000] {taskinstance.py:2613} INFO - Dependencies all met for dep_context=requeueable deps ti=<TaskInstance: hello_dag.print_date manual__2026-08-23T14:19:03.214116+00:00 [queued]>
[2026-08-23T14:19:07.701+0000] {taskinstance.py:2866} INFO - Starting attempt 1 of 2
[2026-08-23T14:19:07.716+0000] {taskinstance.py:2889} INFO - Executing <Task(BashOperator): print_date> on 2026-08-23 14:19:03.214116+00:00
[2026-08-23T14:19:07.726+0000] {warnings.py:112} WARNING - /home/***/.local/lib/python3.12/site-packages/***/task/task_runner/standard_task_runner.py:70: DeprecationWarning: This process (pid=762) is multi-threaded, use of fork() may lead to deadlocks in the child.
  pid = os.fork()

[2026-08-23T14:19:07.728+0000] {standard_task_runner.py:72} INFO - Started process 763 to run task
[2026-08-23T14:19:07.728+0000] {standard_task_runner.py:104} INFO - Running: ['***', 'tasks', 'run', 'hello_dag', 'print_date', 'manual__2026-08-23T14:19:03.214116+00:00', '--job-id', '3', '--raw', '--subdir', 'DAGS_FOLDER/01_hello_dag.py', '--cfg-path', '/tmp/tmp65s0uwzv']
[2026-08-23T14:19:07.729+0000] {standard_task_runner.py:105} INFO - Job 3: Subtask print_date
[2026-08-23T14:19:07.810+0000] {task_command.py:467} INFO - Running <TaskInstance: hello_dag.print_date manual__2026-08-23T14:19:03.214116+00:00 [running]> on host 638756537bf9
[2026-08-23T14:19:07.920+0000] {taskinstance.py:3132} INFO - Exporting env vars: AIRFLOW_CTX_DAG_OWNER='workshop' AIRFLOW_CTX_DAG_ID='hello_dag' AIRFLOW_CTX_TASK_ID='print_date' AIRFLOW_CTX_EXECUTION_DATE='2026-08-23T14:19:03.214116+00:00' AIRFLOW_CTX_TRY_NUMBER='1' AIRFLOW_CTX_DAG_RUN_ID='manual__2026-08-23T14:19:03.214116+00:00'
[2026-08-23T14:19:07.931+0000] {taskinstance.py:731} INFO - ::endgroup::
[2026-08-23T14:19:08.000+0000] {subprocess.py:78} INFO - Tmp dir root location: /tmp
[2026-08-23T14:19:08.003+0000] {subprocess.py:88} INFO - Running command: ['/usr/bin/bash', '-c', 'date']
[2026-08-23T14:19:08.023+0000] {subprocess.py:99} INFO - Output:
[2026-08-23T14:19:08.047+0000] {subprocess.py:106} INFO - Sun Aug 23 14:19:08 UTC 2026
[2026-08-23T14:19:08.048+0000] {subprocess.py:110} INFO - Command exited with return code 0
[2026-08-23T14:19:08.115+0000] {taskinstance.py:340} INFO - ::group::Post task execution logs
[2026-08-23T14:19:08.116+0000] {taskinstance.py:352} INFO - Marking task as SUCCESS. dag_id=hello_dag, task_id=print_date, run_id=manual__2026-08-23T14:19:03.214116+00:00, execution_date=20260823T141903, start_date=20260823T141907, end_date=20260823T141908
[2026-08-23T14:19:08.160+0000] {local_task_job_runner.py:266} INFO - Task exited with return code 0
[2026-08-23T14:19:08.204+0000] {taskinstance.py:3895} INFO - 1 downstream tasks scheduled from follow-on schedule check
[2026-08-23T14:19:08.205+0000] {local_task_job_runner.py:245} INFO - ::endgroup::
