[2026-09-04T17:59:01.233+0000] {local_task_job_runner.py:123} INFO - ::group::Pre task execution logs
[2026-09-04T17:59:01.256+0000] {taskinstance.py:2613} INFO - Dependencies all met for dep_context=non-requeueable deps ti=<TaskInstance: steam_etl_dag.detect_price_events manual__2026-09-04T17:58:22.672998+00:00 [queued]>
[2026-09-04T17:59:01.269+0000] {taskinstance.py:2613} INFO - Dependencies all met for dep_context=requeueable deps ti=<TaskInstance: steam_etl_dag.detect_price_events manual__2026-09-04T17:58:22.672998+00:00 [queued]>
[2026-09-04T17:59:01.270+0000] {taskinstance.py:2866} INFO - Starting attempt 1 of 3
[2026-09-04T17:59:01.288+0000] {taskinstance.py:2889} INFO - Executing <Task(PythonOperator): detect_price_events> on 2026-09-04 17:58:22.672998+00:00
[2026-09-04T17:59:01.296+0000] {warnings.py:112} WARNING - /home/***/.local/lib/python3.12/site-packages/***/task/task_runner/standard_task_runner.py:70: DeprecationWarning: This process (pid=2048) is multi-threaded, use of fork() may lead to deadlocks in the child.
  pid = os.fork()

[2026-09-04T17:59:01.299+0000] {standard_task_runner.py:72} INFO - Started process 2050 to run task
[2026-09-04T17:59:01.299+0000] {standard_task_runner.py:104} INFO - Running: ['***', 'tasks', 'run', 'steam_etl_dag', 'detect_price_events', 'manual__2026-09-04T17:58:22.672998+00:00', '--job-id', '89', '--raw', '--subdir', 'DAGS_FOLDER/07_etl_steam.py', '--cfg-path', '/tmp/tmps2fb4g8l']
[2026-09-04T17:59:01.300+0000] {standard_task_runner.py:105} INFO - Job 89: Subtask detect_price_events
[2026-09-04T17:59:01.369+0000] {task_command.py:467} INFO - Running <TaskInstance: steam_etl_dag.detect_price_events manual__2026-09-04T17:58:22.672998+00:00 [running]> on host f2a568a9a0b0
[2026-09-04T17:59:01.472+0000] {taskinstance.py:3132} INFO - Exporting env vars: AIRFLOW_CTX_DAG_OWNER='steam_project' AIRFLOW_CTX_DAG_ID='steam_etl_dag' AIRFLOW_CTX_TASK_ID='detect_price_events' AIRFLOW_CTX_EXECUTION_DATE='2026-09-04T17:58:22.672998+00:00' AIRFLOW_CTX_TRY_NUMBER='1' AIRFLOW_CTX_DAG_RUN_ID='manual__2026-09-04T17:58:22.672998+00:00'
[2026-09-04T17:59:01.474+0000] {taskinstance.py:731} INFO - ::endgroup::
[2026-09-04T17:59:01.503+0000] {base.py:84} INFO - Retrieving connection 'postgres_target'
[2026-09-04T17:59:01.511+0000] {sql.py:553} INFO - Running statement: 
    WITH current_day AS (
        SELECT appid, name, price_thb, discount_pct
        FROM steam_games
        WHERE snapshot_date = %s
    ),
    previous_day AS (
        SELECT DISTINCT ON (appid) appid, price_thb, discount_pct
        FROM steam_games
        WHERE snapshot_date < %s
        ORDER BY appid, snapshot_date DESC
    )
    SELECT
        c.appid,
        c.name,
        p.price_thb AS old_price,
        c.price_thb AS new_price,
        c.discount_pct
    FROM current_day c
    JOIN previous_day p ON c.appid = p.appid
    WHERE c.price_thb != p.price_thb OR c.discount_pct != p.discount_pct;
    , parameters: ('2026-09-04', '2026-09-04')
[2026-09-04T17:59:01.516+0000] {sql.py:562} INFO - Rows affected: 0
[2026-09-04T17:59:01.517+0000] {logging_mixin.py:190} INFO - ℹ️ ไม่พบการเปลี่ยนแปลงของราคาเมื่อเทียบกับวันก่อนหน้า
[2026-09-04T17:59:01.518+0000] {python.py:240} INFO - Done. Returned value was: None
[2026-09-04T17:59:01.533+0000] {taskinstance.py:340} INFO - ::group::Post task execution logs
[2026-09-04T17:59:01.534+0000] {taskinstance.py:352} INFO - Marking task as SUCCESS. dag_id=steam_etl_dag, task_id=detect_price_events, run_id=manual__2026-09-04T17:58:22.672998+00:00, execution_date=20260904T175822, start_date=20260904T175901, end_date=20260904T175901
[2026-09-04T17:59:01.555+0000] {local_task_job_runner.py:266} INFO - Task exited with return code 0
[2026-09-04T17:59:01.582+0000] {taskinstance.py:3895} INFO - 0 downstream tasks scheduled from follow-on schedule check
[2026-09-04T17:59:01.584+0000] {local_task_job_runner.py:245} INFO - ::endgroup::
