[2026-09-07T05:40:22.245+0000] {local_task_job_runner.py:123} INFO - ::group::Pre task execution logs
[2026-09-07T05:40:22.260+0000] {taskinstance.py:2613} INFO - Dependencies all met for dep_context=non-requeueable deps ti=<TaskInstance: steam_ccu_pipeline_dag.evaluate_model manual__2026-09-07T05:40:10.267140+00:00 [queued]>
[2026-09-07T05:40:22.268+0000] {taskinstance.py:2613} INFO - Dependencies all met for dep_context=requeueable deps ti=<TaskInstance: steam_ccu_pipeline_dag.evaluate_model manual__2026-09-07T05:40:10.267140+00:00 [queued]>
[2026-09-07T05:40:22.268+0000] {taskinstance.py:2866} INFO - Starting attempt 1 of 2
[2026-09-07T05:40:22.279+0000] {taskinstance.py:2889} INFO - Executing <Task(PythonOperator): evaluate_model> on 2026-09-07 05:40:10.267140+00:00
[2026-09-07T05:40:22.285+0000] {warnings.py:112} WARNING - /home/***/.local/lib/python3.12/site-packages/***/task/task_runner/standard_task_runner.py:70: DeprecationWarning: This process (pid=258) is multi-threaded, use of fork() may lead to deadlocks in the child.
  pid = os.fork()

[2026-09-07T05:40:22.287+0000] {standard_task_runner.py:72} INFO - Started process 260 to run task
[2026-09-07T05:40:22.287+0000] {standard_task_runner.py:104} INFO - Running: ['***', 'tasks', 'run', 'steam_ccu_pipeline_dag', 'evaluate_model', 'manual__2026-09-07T05:40:10.267140+00:00', '--job-id', '122', '--raw', '--subdir', 'DAGS_FOLDER/ml_03_steam_ccu.py', '--cfg-path', '/tmp/tmppf6e0_yk']
[2026-09-07T05:40:22.289+0000] {standard_task_runner.py:105} INFO - Job 122: Subtask evaluate_model
[2026-09-07T05:40:22.341+0000] {task_command.py:467} INFO - Running <TaskInstance: steam_ccu_pipeline_dag.evaluate_model manual__2026-09-07T05:40:10.267140+00:00 [running]> on host 6f4d56443a1a
[2026-09-07T05:40:22.420+0000] {taskinstance.py:3132} INFO - Exporting env vars: AIRFLOW_CTX_DAG_OWNER='steam_project' AIRFLOW_CTX_DAG_ID='steam_ccu_pipeline_dag' AIRFLOW_CTX_TASK_ID='evaluate_model' AIRFLOW_CTX_EXECUTION_DATE='2026-09-07T05:40:10.267140+00:00' AIRFLOW_CTX_TRY_NUMBER='1' AIRFLOW_CTX_DAG_RUN_ID='manual__2026-09-07T05:40:10.267140+00:00'
[2026-09-07T05:40:22.421+0000] {taskinstance.py:731} INFO - ::endgroup::
[2026-09-07T05:40:23.391+0000] {logging_mixin.py:190} INFO - 🎯 ผลการประเมิน Candidate Model: RMSE = 41,991.36 คน (ยิ่งต่ำยิ่งแม่นยำ)
[2026-09-07T05:40:23.393+0000] {python.py:240} INFO - Done. Returned value was: None
[2026-09-07T05:40:23.405+0000] {taskinstance.py:340} INFO - ::group::Post task execution logs
[2026-09-07T05:40:23.406+0000] {taskinstance.py:352} INFO - Marking task as SUCCESS. dag_id=steam_ccu_pipeline_dag, task_id=evaluate_model, run_id=manual__2026-09-07T05:40:10.267140+00:00, execution_date=20260907T054010, start_date=20260907T054022, end_date=20260907T054023
[2026-09-07T05:40:23.467+0000] {local_task_job_runner.py:266} INFO - Task exited with return code 0
[2026-09-07T05:40:23.488+0000] {taskinstance.py:3895} INFO - 1 downstream tasks scheduled from follow-on schedule check
[2026-09-07T05:40:23.492+0000] {local_task_job_runner.py:245} INFO - ::endgroup::
