[2026-08-23T16:23:22.203+0000] {local_task_job_runner.py:123} INFO - ::group::Pre task execution logs
[2026-08-23T16:23:22.228+0000] {taskinstance.py:2613} INFO - Dependencies all met for dep_context=non-requeueable deps ti=<TaskInstance: etl_weather_postgres_dag.create_table manual__2026-08-23T16:23:18.459291+00:00 [queued]>
[2026-08-23T16:23:22.237+0000] {taskinstance.py:2613} INFO - Dependencies all met for dep_context=requeueable deps ti=<TaskInstance: etl_weather_postgres_dag.create_table manual__2026-08-23T16:23:18.459291+00:00 [queued]>
[2026-08-23T16:23:22.237+0000] {taskinstance.py:2866} INFO - Starting attempt 1 of 2
[2026-08-23T16:23:22.272+0000] {taskinstance.py:2889} INFO - Executing <Task(PostgresOperator): create_table> on 2026-08-23 16:23:18.459291+00:00
[2026-08-23T16:23:22.288+0000] {warnings.py:112} WARNING - /home/***/.local/lib/python3.12/site-packages/***/task/task_runner/standard_task_runner.py:70: DeprecationWarning: This process (pid=1168) is multi-threaded, use of fork() may lead to deadlocks in the child.
  pid = os.fork()

[2026-08-23T16:23:22.300+0000] {standard_task_runner.py:72} INFO - Started process 1176 to run task
[2026-08-23T16:23:22.301+0000] {standard_task_runner.py:104} INFO - Running: ['***', 'tasks', 'run', 'etl_weather_postgres_dag', 'create_table', 'manual__2026-08-23T16:23:18.459291+00:00', '--job-id', '31', '--raw', '--subdir', 'DAGS_FOLDER/05_etl_weather_postgres.py', '--cfg-path', '/tmp/tmpfl7e2fvi']
[2026-08-23T16:23:22.303+0000] {standard_task_runner.py:105} INFO - Job 31: Subtask create_table
[2026-08-23T16:23:22.516+0000] {task_command.py:467} INFO - Running <TaskInstance: etl_weather_postgres_dag.create_table manual__2026-08-23T16:23:18.459291+00:00 [running]> on host 417225d49ca8
[2026-08-23T16:23:22.818+0000] {taskinstance.py:3132} INFO - Exporting env vars: AIRFLOW_CTX_DAG_OWNER='workshop' AIRFLOW_CTX_DAG_ID='etl_weather_postgres_dag' AIRFLOW_CTX_TASK_ID='create_table' AIRFLOW_CTX_EXECUTION_DATE='2026-08-23T16:23:18.459291+00:00' AIRFLOW_CTX_TRY_NUMBER='1' AIRFLOW_CTX_DAG_RUN_ID='manual__2026-08-23T16:23:18.459291+00:00'
[2026-08-23T16:23:22.827+0000] {taskinstance.py:731} INFO - ::endgroup::
[2026-08-23T16:23:22.872+0000] {sql.py:278} INFO - Executing: 
CREATE TABLE IF NOT EXISTS weather_records (
    id SERIAL PRIMARY KEY,
    province VARCHAR(50) NOT NULL,
    temperature FLOAT NOT NULL,
    windspeed FLOAT,
    weathercode INT,
    temperature_category VARCHAR(20),
    recorded_at TIMESTAMP,
    ingested_at TIMESTAMP DEFAULT NOW()
);
[2026-08-23T16:23:22.943+0000] {base.py:84} INFO - Retrieving connection 'postgres_target'
[2026-08-23T16:23:23.036+0000] {base.py:84} INFO - Retrieving connection 'postgres_target'
[2026-08-23T16:23:23.099+0000] {sql.py:553} INFO - Running statement: 
CREATE TABLE IF NOT EXISTS weather_records (
    id SERIAL PRIMARY KEY,
    province VARCHAR(50) NOT NULL,
    temperature FLOAT NOT NULL,
    windspeed FLOAT,
    weathercode INT,
    temperature_category VARCHAR(20),
    recorded_at TIMESTAMP,
    ingested_at TIMESTAMP DEFAULT NOW()
);, parameters: None
[2026-08-23T16:23:23.230+0000] {taskinstance.py:340} INFO - ::group::Post task execution logs
[2026-08-23T16:23:23.233+0000] {taskinstance.py:352} INFO - Marking task as SUCCESS. dag_id=etl_weather_postgres_dag, task_id=create_table, run_id=manual__2026-08-23T16:23:18.459291+00:00, execution_date=20260823T162318, start_date=20260823T162322, end_date=20260823T162323
[2026-08-23T16:23:23.367+0000] {local_task_job_runner.py:266} INFO - Task exited with return code 0
[2026-08-23T16:23:23.524+0000] {taskinstance.py:3895} INFO - 0 downstream tasks scheduled from follow-on schedule check
[2026-08-23T16:23:23.526+0000] {local_task_job_runner.py:245} INFO - ::endgroup::
