[2026-09-04T15:29:44.860+0000] {local_task_job_runner.py:123} INFO - ::group::Pre task execution logs
[2026-09-04T15:29:44.882+0000] {taskinstance.py:2613} INFO - Dependencies all met for dep_context=non-requeueable deps ti=<TaskInstance: steam_etl_dag.extract_steam_data scheduled__2026-09-03T00:00:00+00:00 [queued]>
[2026-09-04T15:29:44.893+0000] {taskinstance.py:2613} INFO - Dependencies all met for dep_context=requeueable deps ti=<TaskInstance: steam_etl_dag.extract_steam_data scheduled__2026-09-03T00:00:00+00:00 [queued]>
[2026-09-04T15:29:44.894+0000] {taskinstance.py:2866} INFO - Starting attempt 1 of 3
[2026-09-04T15:29:44.910+0000] {taskinstance.py:2889} INFO - Executing <Task(PythonOperator): extract_steam_data> on 2026-09-03 00:00:00+00:00
[2026-09-04T15:29:44.917+0000] {warnings.py:112} WARNING - /home/***/.local/lib/python3.12/site-packages/***/task/task_runner/standard_task_runner.py:70: DeprecationWarning: This process (pid=133) is multi-threaded, use of fork() may lead to deadlocks in the child.
  pid = os.fork()

[2026-09-04T15:29:44.920+0000] {standard_task_runner.py:104} INFO - Running: ['***', 'tasks', 'run', 'steam_etl_dag', 'extract_steam_data', 'scheduled__2026-09-03T00:00:00+00:00', '--job-id', '34', '--raw', '--subdir', 'DAGS_FOLDER/07_etl_steam.py', '--cfg-path', '/tmp/tmp92esjldc']
[2026-09-04T15:29:44.921+0000] {standard_task_runner.py:72} INFO - Started process 136 to run task
[2026-09-04T15:29:44.921+0000] {standard_task_runner.py:105} INFO - Job 34: Subtask extract_steam_data
[2026-09-04T15:29:45.035+0000] {task_command.py:467} INFO - Running <TaskInstance: steam_etl_dag.extract_steam_data scheduled__2026-09-03T00:00:00+00:00 [running]> on host 73138d5a5d67
[2026-09-04T15:29:45.139+0000] {taskinstance.py:3132} INFO - Exporting env vars: AIRFLOW_CTX_DAG_OWNER='steam_project' AIRFLOW_CTX_DAG_ID='steam_etl_dag' AIRFLOW_CTX_TASK_ID='extract_steam_data' AIRFLOW_CTX_EXECUTION_DATE='2026-09-03T00:00:00+00:00' AIRFLOW_CTX_TRY_NUMBER='1' AIRFLOW_CTX_DAG_RUN_ID='scheduled__2026-09-03T00:00:00+00:00'
[2026-09-04T15:29:45.141+0000] {taskinstance.py:731} INFO - ::endgroup::
[2026-09-04T15:29:45.196+0000] {logging_mixin.py:190} INFO - 📡 กำลังดึงข้อมูลจาก SteamSpy API...
[2026-09-04T15:29:45.512+0000] {logging_mixin.py:190} INFO - ✅ ดึง Top 100 จาก SteamSpy สำเร็จ: พบ 100 เกม
[2026-09-04T15:29:46.411+0000] {logging_mixin.py:190} INFO - 📦 รวมข้อมูลดึงเบื้องต้นได้ 25 เกม
[2026-09-04T15:29:46.435+0000] {python.py:240} INFO - Done. Returned value was: None
[2026-09-04T15:29:46.451+0000] {taskinstance.py:340} INFO - ::group::Post task execution logs
[2026-09-04T15:29:46.452+0000] {taskinstance.py:352} INFO - Marking task as SUCCESS. dag_id=steam_etl_dag, task_id=extract_steam_data, run_id=scheduled__2026-09-03T00:00:00+00:00, execution_date=20260903T000000, start_date=20260904T152944, end_date=20260904T152946
[2026-09-04T15:29:46.505+0000] {local_task_job_runner.py:266} INFO - Task exited with return code 0
[2026-09-04T15:29:46.540+0000] {taskinstance.py:3895} INFO - 1 downstream tasks scheduled from follow-on schedule check
[2026-09-04T15:29:46.543+0000] {local_task_job_runner.py:245} INFO - ::endgroup::
