[2026-09-07T06:48:25.741+0000] {local_task_job_runner.py:123} INFO - ::group::Pre task execution logs
[2026-09-07T06:48:25.765+0000] {taskinstance.py:2613} INFO - Dependencies all met for dep_context=non-requeueable deps ti=<TaskInstance: steam_etl_dag.enrich_steam_store manual__2026-09-07T06:48:21.119276+00:00 [queued]>
[2026-09-07T06:48:25.778+0000] {taskinstance.py:2613} INFO - Dependencies all met for dep_context=requeueable deps ti=<TaskInstance: steam_etl_dag.enrich_steam_store manual__2026-09-07T06:48:21.119276+00:00 [queued]>
[2026-09-07T06:48:25.779+0000] {taskinstance.py:2866} INFO - Starting attempt 1 of 3
[2026-09-07T06:48:25.797+0000] {taskinstance.py:2889} INFO - Executing <Task(PythonOperator): enrich_steam_store> on 2026-09-07 06:48:21.119276+00:00
[2026-09-07T06:48:25.805+0000] {warnings.py:112} WARNING - /home/***/.local/lib/python3.12/site-packages/***/task/task_runner/standard_task_runner.py:70: DeprecationWarning: This process (pid=1253) is multi-threaded, use of fork() may lead to deadlocks in the child.
  pid = os.fork()

[2026-09-07T06:48:25.807+0000] {standard_task_runner.py:72} INFO - Started process 1256 to run task
[2026-09-07T06:48:25.808+0000] {standard_task_runner.py:104} INFO - Running: ['***', 'tasks', 'run', 'steam_etl_dag', 'enrich_steam_store', 'manual__2026-09-07T06:48:21.119276+00:00', '--job-id', '151', '--raw', '--subdir', 'DAGS_FOLDER/07_etl_steam.py', '--cfg-path', '/tmp/tmpdnt0lmm8']
[2026-09-07T06:48:25.809+0000] {standard_task_runner.py:105} INFO - Job 151: Subtask enrich_steam_store
[2026-09-07T06:48:25.902+0000] {task_command.py:467} INFO - Running <TaskInstance: steam_etl_dag.enrich_steam_store manual__2026-09-07T06:48:21.119276+00:00 [running]> on host 6f4d56443a1a
[2026-09-07T06:48:26.078+0000] {taskinstance.py:3132} INFO - Exporting env vars: AIRFLOW_CTX_DAG_OWNER='steam_project' AIRFLOW_CTX_DAG_ID='steam_etl_dag' AIRFLOW_CTX_TASK_ID='enrich_steam_store' AIRFLOW_CTX_EXECUTION_DATE='2026-09-07T06:48:21.119276+00:00' AIRFLOW_CTX_TRY_NUMBER='1' AIRFLOW_CTX_DAG_RUN_ID='manual__2026-09-07T06:48:21.119276+00:00'
[2026-09-07T06:48:26.080+0000] {taskinstance.py:731} INFO - ::endgroup::
[2026-09-07T06:48:26.124+0000] {logging_mixin.py:190} INFO - 🔍 กำลังดึงข้อมูลเสริมจาก Steam Store API (cc=th)...
[2026-09-07T06:48:26.467+0000] {logging_mixin.py:190} INFO -   [1/25] ✅ Counter-Strike 2: ฿0.0 (ลด 0%) | CCU: 1,013,936
[2026-09-07T06:48:27.938+0000] {logging_mixin.py:190} INFO -   [2/25] ✅ PUBG: BATTLEGROUNDS: ฿0.0 (ลด 0%) | CCU: 314,682
[2026-09-07T06:48:29.683+0000] {logging_mixin.py:190} INFO -   [3/25] ✅ Apex Legends™: ฿0.0 (ลด 0%) | CCU: 124,262
[2026-09-07T06:48:31.124+0000] {logging_mixin.py:190} INFO -   [4/25] ✅ ELDEN RING: ฿1790.0 (ลด 0%) | CCU: 29,529
[2026-09-07T06:48:32.573+0000] {logging_mixin.py:190} INFO -   [5/25] ✅ Baldur's Gate 3: ฿1799.0 (ลด 0%) | CCU: 54,771
[2026-09-07T06:48:34.314+0000] {logging_mixin.py:190} INFO -   [6/25] ✅ Black Myth: Wukong: ฿1799.0 (ลด 0%) | CCU: 15,004
[2026-09-07T06:48:36.512+0000] {logging_mixin.py:190} INFO -   [7/25] ✅ Monster Hunter Wilds: ฿1090.0 (ลด 0%) | CCU: 12,494
[2026-09-07T06:48:37.891+0000] {logging_mixin.py:190} INFO -   [8/25] ✅ HELLDIVERS™ 2: ฿1290.0 (ลด 0%) | CCU: 53,399
[2026-09-07T06:48:39.317+0000] {logging_mixin.py:190} INFO -   [9/25] ✅ Palworld: ฿413.0 (ลด 30%) | CCU: 18,028
[2026-09-07T06:48:40.698+0000] {logging_mixin.py:190} INFO -   [10/25] ✅ Terraria: ฿110.0 (ลด 50%) | CCU: 24,580
[2026-09-07T06:48:42.141+0000] {logging_mixin.py:190} INFO -   [11/25] ✅ Team Fortress 2: ฿0.0 (ลด 0%) | CCU: 43,819
[2026-09-07T06:48:43.650+0000] {logging_mixin.py:190} INFO -   [12/25] ✅ Grand Theft Auto V Legacy: ฿704.0 (ลด 0%) | CCU: 67,851
[2026-09-07T06:48:45.352+0000] {logging_mixin.py:190} INFO -   [13/25] ✅ Left 4 Dead 2: ฿220.0 (ลด 0%) | CCU: 25,122
[2026-09-07T06:48:46.910+0000] {logging_mixin.py:190} INFO -   [14/25] ✅ War Thunder: ฿0.0 (ลด 0%) | CCU: 50,478
[2026-09-07T06:48:48.425+0000] {logging_mixin.py:190} INFO -   [15/25] ✅ Warframe: ฿0.0 (ลด 0%) | CCU: 36,195
[2026-09-07T06:48:49.856+0000] {logging_mixin.py:190} INFO -   [16/25] ✅ Path of Exile 2: ฿798.0 (ลด 0%) | CCU: 16,727
[2026-09-07T06:48:51.305+0000] {logging_mixin.py:190} INFO -   [17/25] ✅ Wallpaper Engine: ฿115.0 (ลด 0%) | CCU: 91,184
[2026-09-07T06:48:52.903+0000] {logging_mixin.py:190} INFO -   [18/25] ✅ Brawlhalla: ฿0.0 (ลด 0%) | CCU: 14,169
[2026-09-07T06:48:54.372+0000] {logging_mixin.py:190} INFO -   [19/25] ✅ Rust: ฿799.0 (ลด 0%) | CCU: 143,870
[2026-09-07T06:48:55.998+0000] {logging_mixin.py:190} INFO -   [20/25] ✅ Tom Clancy's Rainbow Six Siege: ฿0.0 (ลด 0%) | CCU: 51,847
[2026-09-07T06:48:57.421+0000] {logging_mixin.py:190} INFO -   [21/25] ✅ Cyberpunk 2077: ฿1799.0 (ลด 0%) | CCU: 22,265
[2026-09-07T06:48:58.830+0000] {logging_mixin.py:190} INFO -   [22/25] ✅ Hades: ฿495.0 (ลด 0%) | CCU: 2,253
[2026-09-07T06:49:00.322+0000] {logging_mixin.py:190} INFO -   [23/25] ✅ Sekiro™: Shadows Die Twice - GOTY Edition: ฿2099.0 (ลด 0%) | CCU: 6,767
[2026-09-07T06:49:01.848+0000] {logging_mixin.py:190} INFO -   [24/25] ✅ Red Dead Redemption 2: ฿474.75 (ลด 75%) | CCU: 29,885
[2026-09-07T06:49:03.395+0000] {logging_mixin.py:190} INFO -   [25/25] ✅ Sid Meier’s Civilization® VI: ฿160.0 (ลด 90%) | CCU: 25,420
[2026-09-07T06:49:04.497+0000] {logging_mixin.py:190} INFO - ✨ Enrich ข้อมูลสำเร็จทั้งหมด 25 เกม
[2026-09-07T06:49:04.499+0000] {python.py:240} INFO - Done. Returned value was: None
[2026-09-07T06:49:04.511+0000] {taskinstance.py:340} INFO - ::group::Post task execution logs
[2026-09-07T06:49:04.511+0000] {taskinstance.py:352} INFO - Marking task as SUCCESS. dag_id=steam_etl_dag, task_id=enrich_steam_store, run_id=manual__2026-09-07T06:48:21.119276+00:00, execution_date=20260907T064821, start_date=20260907T064825, end_date=20260907T064904
[2026-09-07T06:49:04.537+0000] {local_task_job_runner.py:266} INFO - Task exited with return code 0
[2026-09-07T06:49:04.566+0000] {taskinstance.py:3895} INFO - 1 downstream tasks scheduled from follow-on schedule check
[2026-09-07T06:49:04.568+0000] {local_task_job_runner.py:245} INFO - ::endgroup::
