[2026-08-23T15:26:48.111+0000] {local_task_job_runner.py:123} INFO - ::group::Pre task execution logs
[2026-08-23T15:26:48.129+0000] {taskinstance.py:2613} INFO - Dependencies all met for dep_context=non-requeueable deps ti=<TaskInstance: branching_dag.low_branch_task manual__2026-08-23T15:26:44.792460+00:00 [queued]>
[2026-08-23T15:26:48.136+0000] {taskinstance.py:2613} INFO - Dependencies all met for dep_context=requeueable deps ti=<TaskInstance: branching_dag.low_branch_task manual__2026-08-23T15:26:44.792460+00:00 [queued]>
[2026-08-23T15:26:48.136+0000] {taskinstance.py:2866} INFO - Starting attempt 1 of 2
[2026-08-23T15:26:48.144+0000] {taskinstance.py:2889} INFO - Executing <Task(PythonOperator): low_branch_task> on 2026-08-23 15:26:44.792460+00:00
[2026-08-23T15:26:48.149+0000] {warnings.py:112} WARNING - /home/***/.local/lib/python3.12/site-packages/***/task/task_runner/standard_task_runner.py:70: DeprecationWarning: This process (pid=374) is multi-threaded, use of fork() may lead to deadlocks in the child.
  pid = os.fork()

[2026-08-23T15:26:48.150+0000] {standard_task_runner.py:72} INFO - Started process 375 to run task
[2026-08-23T15:26:48.150+0000] {standard_task_runner.py:104} INFO - Running: ['***', 'tasks', 'run', 'branching_dag', 'low_branch_task', 'manual__2026-08-23T15:26:44.792460+00:00', '--job-id', '9', '--raw', '--subdir', 'DAGS_FOLDER/03_branching_dag.py', '--cfg-path', '/tmp/tmptn83tlhb']
[2026-08-23T15:26:48.152+0000] {standard_task_runner.py:105} INFO - Job 9: Subtask low_branch_task
[2026-08-23T15:26:48.203+0000] {task_command.py:467} INFO - Running <TaskInstance: branching_dag.low_branch_task manual__2026-08-23T15:26:44.792460+00:00 [running]> on host 417225d49ca8
[2026-08-23T15:26:48.259+0000] {taskinstance.py:3132} INFO - Exporting env vars: AIRFLOW_CTX_DAG_OWNER='workshop' AIRFLOW_CTX_DAG_ID='branching_dag' AIRFLOW_CTX_TASK_ID='low_branch_task' AIRFLOW_CTX_EXECUTION_DATE='2026-08-23T15:26:44.792460+00:00' AIRFLOW_CTX_TRY_NUMBER='1' AIRFLOW_CTX_DAG_RUN_ID='manual__2026-08-23T15:26:44.792460+00:00'
[2026-08-23T15:26:48.260+0000] {taskinstance.py:731} INFO - ::endgroup::
[2026-08-23T15:26:48.281+0000] {logging_mixin.py:190} INFO - เข้าสู่เส้นทาง LOW: ตัวเลขที่สุ่มได้คือ 21 (< 50)
[2026-08-23T15:26:48.281+0000] {logging_mixin.py:190} INFO - จำลองการประมวลผลสำหรับกรณีค่าต่ำ...
[2026-08-23T15:26:48.282+0000] {python.py:240} INFO - Done. Returned value was: low
[2026-08-23T15:26:48.301+0000] {taskinstance.py:340} INFO - ::group::Post task execution logs
[2026-08-23T15:26:48.302+0000] {taskinstance.py:352} INFO - Marking task as SUCCESS. dag_id=branching_dag, task_id=low_branch_task, run_id=manual__2026-08-23T15:26:44.792460+00:00, execution_date=20260823T152644, start_date=20260823T152648, end_date=20260823T152648
[2026-08-23T15:26:48.328+0000] {local_task_job_runner.py:266} INFO - Task exited with return code 0
[2026-08-23T15:26:48.345+0000] {taskinstance.py:3895} INFO - 1 downstream tasks scheduled from follow-on schedule check
[2026-08-23T15:26:48.346+0000] {local_task_job_runner.py:245} INFO - ::endgroup::
