[2026-09-04T16:10:57.130+0000] {local_task_job_runner.py:123} INFO - ::group::Pre task execution logs
[2026-09-04T16:10:57.155+0000] {taskinstance.py:2613} INFO - Dependencies all met for dep_context=non-requeueable deps ti=<TaskInstance: steam_ccu_pipeline_dag.get_previous_rmse manual__2026-09-04T16:10:35.867428+00:00 [queued]>
[2026-09-04T16:10:57.166+0000] {taskinstance.py:2613} INFO - Dependencies all met for dep_context=requeueable deps ti=<TaskInstance: steam_ccu_pipeline_dag.get_previous_rmse manual__2026-09-04T16:10:35.867428+00:00 [queued]>
[2026-09-04T16:10:57.167+0000] {taskinstance.py:2866} INFO - Starting attempt 1 of 2
[2026-09-04T16:10:57.183+0000] {taskinstance.py:2889} INFO - Executing <Task(PythonOperator): get_previous_rmse> on 2026-09-04 16:10:35.867428+00:00
[2026-09-04T16:10:57.190+0000] {warnings.py:112} WARNING - /home/***/.local/lib/python3.12/site-packages/***/task/task_runner/standard_task_runner.py:70: DeprecationWarning: This process (pid=385) is multi-threaded, use of fork() may lead to deadlocks in the child.
  pid = os.fork()

[2026-09-04T16:10:57.193+0000] {standard_task_runner.py:72} INFO - Started process 387 to run task
[2026-09-04T16:10:57.192+0000] {standard_task_runner.py:104} INFO - Running: ['***', 'tasks', 'run', 'steam_ccu_pipeline_dag', 'get_previous_rmse', 'manual__2026-09-04T16:10:35.867428+00:00', '--job-id', '54', '--raw', '--subdir', 'DAGS_FOLDER/ml_03_steam_ccu.py', '--cfg-path', '/tmp/tmpf0kzava5']
[2026-09-04T16:10:57.196+0000] {standard_task_runner.py:105} INFO - Job 54: Subtask get_previous_rmse
[2026-09-04T16:10:57.290+0000] {task_command.py:467} INFO - Running <TaskInstance: steam_ccu_pipeline_dag.get_previous_rmse manual__2026-09-04T16:10:35.867428+00:00 [running]> on host f2a568a9a0b0
[2026-09-04T16:10:57.801+0000] {taskinstance.py:3132} INFO - Exporting env vars: AIRFLOW_CTX_DAG_OWNER='steam_project' AIRFLOW_CTX_DAG_ID='steam_ccu_pipeline_dag' AIRFLOW_CTX_TASK_ID='get_previous_rmse' AIRFLOW_CTX_EXECUTION_DATE='2026-09-04T16:10:35.867428+00:00' AIRFLOW_CTX_TRY_NUMBER='1' AIRFLOW_CTX_DAG_RUN_ID='manual__2026-09-04T16:10:35.867428+00:00'
[2026-09-04T16:10:57.803+0000] {taskinstance.py:731} INFO - ::endgroup::
[2026-09-04T16:10:57.835+0000] {base.py:84} INFO - Retrieving connection 'postgres_target'
[2026-09-04T16:10:57.842+0000] {sql.py:553} INFO - Running statement: 
        SELECT rmse FROM steam_model_metrics
        WHERE model_name = %s AND deployed = TRUE
        ORDER BY run_at DESC LIMIT 1;
        , parameters: ('steam_ccu_cs2',)
[2026-09-04T16:10:57.849+0000] {sql.py:562} INFO - Rows affected: 0
[2026-09-04T16:10:57.866+0000] {logging_mixin.py:190} INFO - ℹ️ ยังไม่เคยมี Champion Model มาก่อน (รอบแรก) -> Candidate จะได้รับเลือกอัตโนมัติ
[2026-09-04T16:10:57.866+0000] {python.py:240} INFO - Done. Returned value was: None
[2026-09-04T16:10:57.879+0000] {taskinstance.py:340} INFO - ::group::Post task execution logs
[2026-09-04T16:10:57.880+0000] {taskinstance.py:352} INFO - Marking task as SUCCESS. dag_id=steam_ccu_pipeline_dag, task_id=get_previous_rmse, run_id=manual__2026-09-04T16:10:35.867428+00:00, execution_date=20260904T161035, start_date=20260904T161057, end_date=20260904T161057
[2026-09-04T16:10:57.932+0000] {local_task_job_runner.py:266} INFO - Task exited with return code 0
[2026-09-04T16:10:58.213+0000] {taskinstance.py:3895} INFO - 1 downstream tasks scheduled from follow-on schedule check
[2026-09-04T16:10:58.217+0000] {local_task_job_runner.py:245} INFO - ::endgroup::
