[2026-09-07T05:42:37.158+0000] {local_task_job_runner.py:123} INFO - ::group::Pre task execution logs
[2026-09-07T05:42:37.181+0000] {taskinstance.py:2613} INFO - Dependencies all met for dep_context=non-requeueable deps ti=<TaskInstance: steam_etl_dag.enrich_steam_store scheduled__2026-09-06T00:00:00+00:00 [queued]>
[2026-09-07T05:42:37.195+0000] {taskinstance.py:2613} INFO - Dependencies all met for dep_context=requeueable deps ti=<TaskInstance: steam_etl_dag.enrich_steam_store scheduled__2026-09-06T00:00:00+00:00 [queued]>
[2026-09-07T05:42:37.196+0000] {taskinstance.py:2866} INFO - Starting attempt 2 of 3
[2026-09-07T05:42:37.215+0000] {taskinstance.py:2889} INFO - Executing <Task(PythonOperator): enrich_steam_store> on 2026-09-06 00:00:00+00:00
[2026-09-07T05:42:37.224+0000] {warnings.py:112} WARNING - /home/***/.local/lib/python3.12/site-packages/***/task/task_runner/standard_task_runner.py:70: DeprecationWarning: This process (pid=349) is multi-threaded, use of fork() may lead to deadlocks in the child.
  pid = os.fork()

[2026-09-07T05:42:37.226+0000] {standard_task_runner.py:72} INFO - Started process 350 to run task
[2026-09-07T05:42:37.227+0000] {standard_task_runner.py:104} INFO - Running: ['***', 'tasks', 'run', 'steam_etl_dag', 'enrich_steam_store', 'scheduled__2026-09-06T00:00:00+00:00', '--job-id', '133', '--raw', '--subdir', 'DAGS_FOLDER/07_etl_steam.py', '--cfg-path', '/tmp/tmp5ikkafi3']
[2026-09-07T05:42:37.228+0000] {standard_task_runner.py:105} INFO - Job 133: Subtask enrich_steam_store
[2026-09-07T05:42:37.318+0000] {task_command.py:467} INFO - Running <TaskInstance: steam_etl_dag.enrich_steam_store scheduled__2026-09-06T00:00:00+00:00 [running]> on host 6f4d56443a1a
[2026-09-07T05:42:37.451+0000] {taskinstance.py:3132} INFO - Exporting env vars: AIRFLOW_CTX_DAG_OWNER='steam_project' AIRFLOW_CTX_DAG_ID='steam_etl_dag' AIRFLOW_CTX_TASK_ID='enrich_steam_store' AIRFLOW_CTX_EXECUTION_DATE='2026-09-06T00:00:00+00:00' AIRFLOW_CTX_TRY_NUMBER='2' AIRFLOW_CTX_DAG_RUN_ID='scheduled__2026-09-06T00:00:00+00:00'
[2026-09-07T05:42:37.452+0000] {taskinstance.py:731} INFO - ::endgroup::
[2026-09-07T05:42:37.485+0000] {logging_mixin.py:190} INFO - 🔍 กำลังดึงข้อมูลเสริมจาก Steam Store API (cc=th)...
[2026-09-07T05:42:37.827+0000] {logging_mixin.py:190} INFO -   [1/25] ✅ Counter-Strike 2: ฿0.0 (ลด 0%) | CCU: 1,013,936
[2026-09-07T05:42:38.927+0000] {logging_mixin.py:190} INFO -   [2/25] ✅ PUBG: BATTLEGROUNDS: ฿0.0 (ลด 0%) | CCU: 314,682
[2026-09-07T05:42:40.089+0000] {logging_mixin.py:190} INFO -   [3/25] ✅ Apex Legends™: ฿0.0 (ลด 0%) | CCU: 124,262
[2026-09-07T05:42:41.196+0000] {logging_mixin.py:190} INFO -   [4/25] ✅ ELDEN RING: ฿1790.0 (ลด 0%) | CCU: 29,529
[2026-09-07T05:42:42.287+0000] {logging_mixin.py:190} INFO -   [5/25] ✅ Baldur's Gate 3: ฿1799.0 (ลด 0%) | CCU: 54,771
[2026-09-07T05:42:43.379+0000] {logging_mixin.py:190} INFO -   [6/25] ✅ Black Myth: Wukong: ฿1799.0 (ลด 0%) | CCU: 15,004
[2026-09-07T05:42:44.609+0000] {logging_mixin.py:190} INFO -   [7/25] ✅ Monster Hunter Wilds: ฿1090.0 (ลด 0%) | CCU: 12,494
[2026-09-07T05:42:45.748+0000] {logging_mixin.py:190} INFO -   [8/25] ✅ HELLDIVERS™ 2: ฿1290.0 (ลด 0%) | CCU: 53,399
[2026-09-07T05:42:46.879+0000] {logging_mixin.py:190} INFO -   [9/25] ✅ Palworld: ฿413.0 (ลด 30%) | CCU: 18,028
[2026-09-07T05:42:47.978+0000] {logging_mixin.py:190} INFO -   [10/25] ✅ Terraria: ฿110.0 (ลด 50%) | CCU: 24,580
[2026-09-07T05:42:49.090+0000] {logging_mixin.py:190} INFO -   [11/25] ✅ Team Fortress 2: ฿0.0 (ลด 0%) | CCU: 43,819
[2026-09-07T05:42:50.211+0000] {logging_mixin.py:190} INFO -   [12/25] ✅ Grand Theft Auto V Legacy: ฿704.0 (ลด 0%) | CCU: 67,851
[2026-09-07T05:42:51.364+0000] {logging_mixin.py:190} INFO -   [13/25] ✅ Left 4 Dead 2: ฿220.0 (ลด 0%) | CCU: 25,122
[2026-09-07T05:42:52.545+0000] {logging_mixin.py:190} INFO -   [14/25] ✅ War Thunder: ฿0.0 (ลด 0%) | CCU: 50,478
[2026-09-07T05:42:53.692+0000] {logging_mixin.py:190} INFO -   [15/25] ✅ Warframe: ฿0.0 (ลด 0%) | CCU: 36,195
[2026-09-07T05:42:54.834+0000] {logging_mixin.py:190} INFO -   [16/25] ✅ Path of Exile 2: ฿798.0 (ลด 0%) | CCU: 16,727
[2026-09-07T05:42:55.924+0000] {logging_mixin.py:190} INFO -   [17/25] ✅ Wallpaper Engine: ฿115.0 (ลด 0%) | CCU: 91,184
[2026-09-07T05:42:57.131+0000] {logging_mixin.py:190} INFO -   [18/25] ✅ Brawlhalla: ฿0.0 (ลด 0%) | CCU: 14,169
[2026-09-07T05:42:58.242+0000] {logging_mixin.py:190} INFO -   [19/25] ✅ Rust: ฿799.0 (ลด 0%) | CCU: 143,870
[2026-09-07T05:42:59.364+0000] {logging_mixin.py:190} INFO -   [20/25] ✅ Tom Clancy's Rainbow Six Siege: ฿0.0 (ลด 0%) | CCU: 51,847
[2026-09-07T05:43:00.452+0000] {logging_mixin.py:190} INFO -   [21/25] ✅ Cyberpunk 2077: ฿1799.0 (ลด 0%) | CCU: 22,265
[2026-09-07T05:43:01.778+0000] {logging_mixin.py:190} INFO -   [22/25] ✅ Hades: ฿495.0 (ลด 0%) | CCU: 2,253
[2026-09-07T05:43:02.938+0000] {logging_mixin.py:190} INFO -   [23/25] ✅ Sekiro™: Shadows Die Twice - GOTY Edition: ฿2099.0 (ลด 0%) | CCU: 6,767
[2026-09-07T05:43:04.028+0000] {logging_mixin.py:190} INFO -   [24/25] ✅ Red Dead Redemption 2: ฿474.75 (ลด 75%) | CCU: 29,885
[2026-09-07T05:43:05.173+0000] {logging_mixin.py:190} INFO -   [25/25] ✅ Sid Meier’s Civilization® VI: ฿160.0 (ลด 90%) | CCU: 25,420
[2026-09-07T05:43:05.989+0000] {logging_mixin.py:190} INFO - ✨ Enrich ข้อมูลสำเร็จทั้งหมด 25 เกม
[2026-09-07T05:43:05.990+0000] {python.py:240} INFO - Done. Returned value was: None
[2026-09-07T05:43:06.002+0000] {taskinstance.py:340} INFO - ::group::Post task execution logs
[2026-09-07T05:43:06.003+0000] {taskinstance.py:352} INFO - Marking task as SUCCESS. dag_id=steam_etl_dag, task_id=enrich_steam_store, run_id=scheduled__2026-09-06T00:00:00+00:00, execution_date=20260906T000000, start_date=20260907T054237, end_date=20260907T054306
[2026-09-07T05:43:06.038+0000] {local_task_job_runner.py:266} INFO - Task exited with return code 0
[2026-09-07T05:43:06.065+0000] {taskinstance.py:3895} INFO - 1 downstream tasks scheduled from follow-on schedule check
[2026-09-07T05:43:06.067+0000] {local_task_job_runner.py:245} INFO - ::endgroup::
