[2026-09-07T05:35:01.592+0000] {local_task_job_runner.py:123} INFO - ::group::Pre task execution logs
[2026-09-07T05:35:01.612+0000] {taskinstance.py:2613} INFO - Dependencies all met for dep_context=non-requeueable deps ti=<TaskInstance: steam_etl_dag.enrich_steam_store scheduled__2026-09-06T00:00:00+00:00 [queued]>
[2026-09-07T05:35:01.624+0000] {taskinstance.py:2613} INFO - Dependencies all met for dep_context=requeueable deps ti=<TaskInstance: steam_etl_dag.enrich_steam_store scheduled__2026-09-06T00:00:00+00:00 [queued]>
[2026-09-07T05:35:01.625+0000] {taskinstance.py:2866} INFO - Starting attempt 1 of 3
[2026-09-07T05:35:01.644+0000] {taskinstance.py:2889} INFO - Executing <Task(PythonOperator): enrich_steam_store> on 2026-09-06 00:00:00+00:00
[2026-09-07T05:35:01.652+0000] {warnings.py:112} WARNING - /home/***/.local/lib/python3.12/site-packages/***/task/task_runner/standard_task_runner.py:70: DeprecationWarning: This process (pid=151) is multi-threaded, use of fork() may lead to deadlocks in the child.
  pid = os.fork()

[2026-09-07T05:35:01.654+0000] {standard_task_runner.py:72} INFO - Started process 156 to run task
[2026-09-07T05:35:01.655+0000] {standard_task_runner.py:104} INFO - Running: ['***', 'tasks', 'run', 'steam_etl_dag', 'enrich_steam_store', 'scheduled__2026-09-06T00:00:00+00:00', '--job-id', '100', '--raw', '--subdir', 'DAGS_FOLDER/07_etl_steam.py', '--cfg-path', '/tmp/tmpp2jzz31w']
[2026-09-07T05:35:01.657+0000] {standard_task_runner.py:105} INFO - Job 100: Subtask enrich_steam_store
[2026-09-07T05:35:01.737+0000] {task_command.py:467} INFO - Running <TaskInstance: steam_etl_dag.enrich_steam_store scheduled__2026-09-06T00:00:00+00:00 [running]> on host b703ee70f2cc
[2026-09-07T05:35:01.890+0000] {taskinstance.py:3132} INFO - Exporting env vars: AIRFLOW_CTX_DAG_OWNER='steam_project' AIRFLOW_CTX_DAG_ID='steam_etl_dag' AIRFLOW_CTX_TASK_ID='enrich_steam_store' AIRFLOW_CTX_EXECUTION_DATE='2026-09-06T00:00:00+00:00' AIRFLOW_CTX_TRY_NUMBER='1' AIRFLOW_CTX_DAG_RUN_ID='scheduled__2026-09-06T00:00:00+00:00'
[2026-09-07T05:35:01.891+0000] {taskinstance.py:731} INFO - ::endgroup::
[2026-09-07T05:35:01.925+0000] {logging_mixin.py:190} INFO - 🔍 กำลังดึงข้อมูลเสริมจาก Steam Store API (cc=th)...
[2026-09-07T05:35:02.314+0000] {logging_mixin.py:190} INFO -   [1/25] ✅ Counter-Strike 2: ฿0.0 (ลด 0%) | CCU: 1,013,936
[2026-09-07T05:35:03.514+0000] {logging_mixin.py:190} INFO -   [2/25] ✅ PUBG: BATTLEGROUNDS: ฿0.0 (ลด 0%) | CCU: 314,682
[2026-09-07T05:35:04.751+0000] {logging_mixin.py:190} INFO -   [3/25] ✅ Apex Legends™: ฿0.0 (ลด 0%) | CCU: 124,262
[2026-09-07T05:35:05.941+0000] {logging_mixin.py:190} INFO -   [4/25] ✅ ELDEN RING: ฿1790.0 (ลด 0%) | CCU: 29,529
[2026-09-07T05:35:07.201+0000] {logging_mixin.py:190} INFO -   [5/25] ✅ Baldur's Gate 3: ฿1799.0 (ลด 0%) | CCU: 54,771
[2026-09-07T05:35:08.355+0000] {logging_mixin.py:190} INFO -   [6/25] ✅ Black Myth: Wukong: ฿1799.0 (ลด 0%) | CCU: 15,004
[2026-09-07T05:35:09.778+0000] {logging_mixin.py:190} INFO -   [7/25] ✅ Monster Hunter Wilds: ฿1090.0 (ลด 0%) | CCU: 12,494
[2026-09-07T05:35:10.930+0000] {logging_mixin.py:190} INFO -   [8/25] ✅ HELLDIVERS™ 2: ฿1290.0 (ลด 0%) | CCU: 53,399
[2026-09-07T05:35:12.146+0000] {logging_mixin.py:190} INFO -   [9/25] ✅ Palworld: ฿413.0 (ลด 30%) | CCU: 18,028
[2026-09-07T05:35:13.308+0000] {logging_mixin.py:190} INFO -   [10/25] ✅ Terraria: ฿110.0 (ลด 50%) | CCU: 24,580
[2026-09-07T05:35:14.454+0000] {logging_mixin.py:190} INFO -   [11/25] ✅ Team Fortress 2: ฿0.0 (ลด 0%) | CCU: 43,819
[2026-09-07T05:35:15.650+0000] {logging_mixin.py:190} INFO -   [12/25] ✅ Grand Theft Auto V Legacy: ฿704.0 (ลด 0%) | CCU: 67,851
[2026-09-07T05:35:16.746+0000] {logging_mixin.py:190} INFO -   [13/25] ✅ Left 4 Dead 2: ฿220.0 (ลด 0%) | CCU: 25,122
[2026-09-07T05:35:17.858+0000] {logging_mixin.py:190} INFO -   [14/25] ✅ War Thunder: ฿0.0 (ลด 0%) | CCU: 50,478
[2026-09-07T05:35:19.079+0000] {logging_mixin.py:190} INFO -   [15/25] ✅ Warframe: ฿0.0 (ลด 0%) | CCU: 36,195
[2026-09-07T05:35:20.173+0000] {logging_mixin.py:190} INFO -   [16/25] ✅ Path of Exile 2: ฿798.0 (ลด 0%) | CCU: 16,727
[2026-09-07T05:35:21.315+0000] {logging_mixin.py:190} INFO -   [17/25] ✅ Wallpaper Engine: ฿115.0 (ลด 0%) | CCU: 91,184
[2026-09-07T05:35:22.742+0000] {logging_mixin.py:190} INFO -   [18/25] ✅ Brawlhalla: ฿0.0 (ลด 0%) | CCU: 14,169
