[2026-08-30T15:18:32.733+0000] {local_task_job_runner.py:123} INFO - ::group::Pre task execution logs
[2026-08-30T15:18:32.750+0000] {taskinstance.py:2613} INFO - Dependencies all met for dep_context=non-requeueable deps ti=<TaskInstance: iris_pipeline_dag.log_result manual__2026-08-30T15:18:12.917018+00:00 [queued]>
[2026-08-30T15:18:32.758+0000] {taskinstance.py:2613} INFO - Dependencies all met for dep_context=requeueable deps ti=<TaskInstance: iris_pipeline_dag.log_result manual__2026-08-30T15:18:12.917018+00:00 [queued]>
[2026-08-30T15:18:32.758+0000] {taskinstance.py:2866} INFO - Starting attempt 1 of 2
[2026-08-30T15:18:32.767+0000] {taskinstance.py:2889} INFO - Executing <Task(PythonOperator): log_result> on 2026-08-30 15:18:12.917018+00:00
[2026-08-30T15:18:32.772+0000] {warnings.py:112} WARNING - /home/***/.local/lib/python3.12/site-packages/***/task/task_runner/standard_task_runner.py:70: DeprecationWarning: This process (pid=213) is multi-threaded, use of fork() may lead to deadlocks in the child.
  pid = os.fork()

[2026-08-30T15:18:32.774+0000] {standard_task_runner.py:104} INFO - Running: ['***', 'tasks', 'run', 'iris_pipeline_dag', 'log_result', 'manual__2026-08-30T15:18:12.917018+00:00', '--job-id', '82', '--raw', '--subdir', 'DAGS_FOLDER/ml_01_iris_pipeline-3.py', '--cfg-path', '/tmp/tmpdk7jz3_0']
[2026-08-30T15:18:32.775+0000] {standard_task_runner.py:72} INFO - Started process 214 to run task
[2026-08-30T15:18:32.775+0000] {standard_task_runner.py:105} INFO - Job 82: Subtask log_result
[2026-08-30T15:18:32.816+0000] {task_command.py:467} INFO - Running <TaskInstance: iris_pipeline_dag.log_result manual__2026-08-30T15:18:12.917018+00:00 [running]> on host 191b4096755e
[2026-08-30T15:18:32.860+0000] {taskinstance.py:3132} INFO - Exporting env vars: AIRFLOW_CTX_DAG_OWNER='workshop2' AIRFLOW_CTX_DAG_ID='iris_pipeline_dag' AIRFLOW_CTX_TASK_ID='log_result' AIRFLOW_CTX_EXECUTION_DATE='2026-08-30T15:18:12.917018+00:00' AIRFLOW_CTX_TRY_NUMBER='1' AIRFLOW_CTX_DAG_RUN_ID='manual__2026-08-30T15:18:12.917018+00:00'
[2026-08-30T15:18:32.860+0000] {taskinstance.py:731} INFO - ::endgroup::
[2026-08-30T15:18:32.882+0000] {logging_mixin.py:190} INFO - ===== สรุปผล Stage 1 (iris pipeline) =====
[2026-08-30T15:18:32.883+0000] {logging_mixin.py:190} INFO - Accuracy: 1.0000
[2026-08-30T15:18:32.883+0000] {logging_mixin.py:190} INFO - ผลลัพธ์: deployed + smoke tested
[2026-08-30T15:18:32.883+0000] {python.py:240} INFO - Done. Returned value was: None
[2026-08-30T15:18:32.889+0000] {taskinstance.py:340} INFO - ::group::Post task execution logs
[2026-08-30T15:18:32.889+0000] {taskinstance.py:352} INFO - Marking task as SUCCESS. dag_id=iris_pipeline_dag, task_id=log_result, run_id=manual__2026-08-30T15:18:12.917018+00:00, execution_date=20260830T151812, start_date=20260830T151832, end_date=20260830T151832
[2026-08-30T15:18:32.913+0000] {local_task_job_runner.py:266} INFO - Task exited with return code 0
[2026-08-30T15:18:32.924+0000] {taskinstance.py:3895} INFO - 0 downstream tasks scheduled from follow-on schedule check
[2026-08-30T15:18:32.925+0000] {local_task_job_runner.py:245} INFO - ::endgroup::
