[2026-09-04T15:29:44.860+0000] {local_task_job_runner.py:123} INFO - ::group::Pre task execution logs
[2026-09-04T15:29:44.882+0000] {taskinstance.py:2613} INFO - Dependencies all met for dep_context=non-requeueable deps ti=<TaskInstance: steam_etl_dag.create_tables scheduled__2026-09-03T00:00:00+00:00 [queued]>
[2026-09-04T15:29:44.893+0000] {taskinstance.py:2613} INFO - Dependencies all met for dep_context=requeueable deps ti=<TaskInstance: steam_etl_dag.create_tables scheduled__2026-09-03T00:00:00+00:00 [queued]>
[2026-09-04T15:29:44.894+0000] {taskinstance.py:2866} INFO - Starting attempt 1 of 3
[2026-09-04T15:29:44.908+0000] {taskinstance.py:2889} INFO - Executing <Task(PostgresOperator): create_tables> on 2026-09-03 00:00:00+00:00
[2026-09-04T15:29:44.917+0000] {warnings.py:112} WARNING - /home/***/.local/lib/python3.12/site-packages/***/task/task_runner/standard_task_runner.py:70: DeprecationWarning: This process (pid=134) is multi-threaded, use of fork() may lead to deadlocks in the child.
  pid = os.fork()

[2026-09-04T15:29:44.919+0000] {standard_task_runner.py:72} INFO - Started process 135 to run task
[2026-09-04T15:29:44.920+0000] {standard_task_runner.py:104} INFO - Running: ['***', 'tasks', 'run', 'steam_etl_dag', 'create_tables', 'scheduled__2026-09-03T00:00:00+00:00', '--job-id', '35', '--raw', '--subdir', 'DAGS_FOLDER/07_etl_steam.py', '--cfg-path', '/tmp/tmp_vn5qlyr']
[2026-09-04T15:29:44.921+0000] {standard_task_runner.py:105} INFO - Job 35: Subtask create_tables
[2026-09-04T15:29:45.035+0000] {task_command.py:467} INFO - Running <TaskInstance: steam_etl_dag.create_tables scheduled__2026-09-03T00:00:00+00:00 [running]> on host 73138d5a5d67
[2026-09-04T15:29:45.141+0000] {taskinstance.py:3132} INFO - Exporting env vars: AIRFLOW_CTX_DAG_OWNER='steam_project' AIRFLOW_CTX_DAG_ID='steam_etl_dag' AIRFLOW_CTX_TASK_ID='create_tables' AIRFLOW_CTX_EXECUTION_DATE='2026-09-03T00:00:00+00:00' AIRFLOW_CTX_TRY_NUMBER='1' AIRFLOW_CTX_DAG_RUN_ID='scheduled__2026-09-03T00:00:00+00:00'
[2026-09-04T15:29:45.145+0000] {taskinstance.py:731} INFO - ::endgroup::
[2026-09-04T15:29:45.195+0000] {sql.py:278} INFO - Executing: 
CREATE TABLE IF NOT EXISTS steam_games (
    id               SERIAL PRIMARY KEY,
    snapshot_date    DATE NOT NULL,
    appid            INT NOT NULL,
    name             VARCHAR(255) NOT NULL,
    developer        VARCHAR(255),
    publisher        VARCHAR(255),
    price_thb        NUMERIC(10, 2) DEFAULT 0,
    original_price   NUMERIC(10, 2) DEFAULT 0,
    discount_pct     INT DEFAULT 0,
    ccu              INT DEFAULT 0,
    positive_reviews INT DEFAULT 0,
    negative_reviews INT DEFAULT 0,
    review_score     NUMERIC(5,2) DEFAULT 0,
    owners_estimate  VARCHAR(50),
    genres           TEXT,
    header_image     TEXT,
    is_free          BOOLEAN DEFAULT FALSE,
    ingested_at      TIMESTAMP DEFAULT NOW(),
    UNIQUE (snapshot_date, appid)
);

CREATE TABLE IF NOT EXISTS steam_price_events (
    id           SERIAL PRIMARY KEY,
    appid        INT NOT NULL,
    game_name    VARCHAR(255),
    event_date   DATE NOT NULL,
    old_price    NUMERIC(10, 2),
    new_price    NUMERIC(10, 2),
    discount_pct INT,
    event_type   VARCHAR(20),
    detected_at  TIMESTAMP DEFAULT NOW()
);

CREATE TABLE IF NOT EXISTS steam_model_metrics (
    id          SERIAL PRIMARY KEY,
    model_name  VARCHAR(50) NOT NULL,
    target_game VARCHAR(100) NOT NULL,
    rmse        FLOAT NOT NULL,
    deployed    BOOLEAN NOT NULL,
    run_at      TIMESTAMP DEFAULT NOW()
);
[2026-09-04T15:29:45.211+0000] {base.py:84} INFO - Retrieving connection 'postgres_target'
[2026-09-04T15:29:45.223+0000] {base.py:84} INFO - Retrieving connection 'postgres_target'
[2026-09-04T15:29:45.229+0000] {sql.py:553} INFO - Running statement: 
CREATE TABLE IF NOT EXISTS steam_games (
    id               SERIAL PRIMARY KEY,
    snapshot_date    DATE NOT NULL,
    appid            INT NOT NULL,
    name             VARCHAR(255) NOT NULL,
    developer        VARCHAR(255),
    publisher        VARCHAR(255),
    price_thb        NUMERIC(10, 2) DEFAULT 0,
    original_price   NUMERIC(10, 2) DEFAULT 0,
    discount_pct     INT DEFAULT 0,
    ccu              INT DEFAULT 0,
    positive_reviews INT DEFAULT 0,
    negative_reviews INT DEFAULT 0,
    review_score     NUMERIC(5,2) DEFAULT 0,
    owners_estimate  VARCHAR(50),
    genres           TEXT,
    header_image     TEXT,
    is_free          BOOLEAN DEFAULT FALSE,
    ingested_at      TIMESTAMP DEFAULT NOW(),
    UNIQUE (snapshot_date, appid)
);

CREATE TABLE IF NOT EXISTS steam_price_events (
    id           SERIAL PRIMARY KEY,
    appid        INT NOT NULL,
    game_name    VARCHAR(255),
    event_date   DATE NOT NULL,
    old_price    NUMERIC(10, 2),
    new_price    NUMERIC(10, 2),
    discount_pct INT,
    event_type   VARCHAR(20),
    detected_at  TIMESTAMP DEFAULT NOW()
);

CREATE TABLE IF NOT EXISTS steam_model_metrics (
    id          SERIAL PRIMARY KEY,
    model_name  VARCHAR(50) NOT NULL,
    target_game VARCHAR(100) NOT NULL,
    rmse        FLOAT NOT NULL,
    deployed    BOOLEAN NOT NULL,
    run_at      TIMESTAMP DEFAULT NOW()
);, parameters: None
[2026-09-04T15:29:45.290+0000] {taskinstance.py:340} INFO - ::group::Post task execution logs
[2026-09-04T15:29:45.291+0000] {taskinstance.py:352} INFO - Marking task as SUCCESS. dag_id=steam_etl_dag, task_id=create_tables, run_id=scheduled__2026-09-03T00:00:00+00:00, execution_date=20260903T000000, start_date=20260904T152944, end_date=20260904T152945
[2026-09-04T15:29:45.337+0000] {local_task_job_runner.py:266} INFO - Task exited with return code 0
[2026-09-04T15:29:45.363+0000] {taskinstance.py:3895} INFO - 0 downstream tasks scheduled from follow-on schedule check
[2026-09-04T15:29:45.365+0000] {local_task_job_runner.py:245} INFO - ::endgroup::
