[2026-08-23T16:23:29.686+0000] {local_task_job_runner.py:123} INFO - ::group::Pre task execution logs
[2026-08-23T16:23:29.714+0000] {taskinstance.py:2613} INFO - Dependencies all met for dep_context=non-requeueable deps ti=<TaskInstance: etl_weather_postgres_dag.load_to_postgres manual__2026-08-23T16:23:18.459291+00:00 [queued]>
[2026-08-23T16:23:29.736+0000] {taskinstance.py:2613} INFO - Dependencies all met for dep_context=requeueable deps ti=<TaskInstance: etl_weather_postgres_dag.load_to_postgres manual__2026-08-23T16:23:18.459291+00:00 [queued]>
[2026-08-23T16:23:29.736+0000] {taskinstance.py:2866} INFO - Starting attempt 1 of 2
[2026-08-23T16:23:29.768+0000] {taskinstance.py:2889} INFO - Executing <Task(PythonOperator): load_to_postgres> on 2026-08-23 16:23:18.459291+00:00
[2026-08-23T16:23:29.779+0000] {warnings.py:112} WARNING - /home/***/.local/lib/python3.12/site-packages/***/task/task_runner/standard_task_runner.py:70: DeprecationWarning: This process (pid=1183) is multi-threaded, use of fork() may lead to deadlocks in the child.
  pid = os.fork()

[2026-08-23T16:23:29.781+0000] {standard_task_runner.py:104} INFO - Running: ['***', 'tasks', 'run', 'etl_weather_postgres_dag', 'load_to_postgres', 'manual__2026-08-23T16:23:18.459291+00:00', '--job-id', '33', '--raw', '--subdir', 'DAGS_FOLDER/05_etl_weather_postgres.py', '--cfg-path', '/tmp/tmperp0mqs5']
[2026-08-23T16:23:29.783+0000] {standard_task_runner.py:105} INFO - Job 33: Subtask load_to_postgres
[2026-08-23T16:23:29.782+0000] {standard_task_runner.py:72} INFO - Started process 1184 to run task
[2026-08-23T16:23:29.856+0000] {task_command.py:467} INFO - Running <TaskInstance: etl_weather_postgres_dag.load_to_postgres manual__2026-08-23T16:23:18.459291+00:00 [running]> on host 417225d49ca8
[2026-08-23T16:23:29.961+0000] {taskinstance.py:3132} INFO - Exporting env vars: AIRFLOW_CTX_DAG_OWNER='workshop' AIRFLOW_CTX_DAG_ID='etl_weather_postgres_dag' AIRFLOW_CTX_TASK_ID='load_to_postgres' AIRFLOW_CTX_EXECUTION_DATE='2026-08-23T16:23:18.459291+00:00' AIRFLOW_CTX_TRY_NUMBER='1' AIRFLOW_CTX_DAG_RUN_ID='manual__2026-08-23T16:23:18.459291+00:00'
[2026-08-23T16:23:29.967+0000] {taskinstance.py:731} INFO - ::endgroup::
[2026-08-23T16:23:30.039+0000] {base.py:84} INFO - Retrieving connection 'postgres_target'
[2026-08-23T16:23:30.063+0000] {sql.py:681} INFO - Loaded 4 rows into weather_records so far
[2026-08-23T16:23:30.064+0000] {sql.py:694} INFO - Done loading. Loaded a total of 4 rows into weather_records
[2026-08-23T16:23:30.065+0000] {logging_mixin.py:190} INFO - บันทึกลง Postgres สำเร็จ 4 แถว
[2026-08-23T16:23:30.065+0000] {python.py:240} INFO - Done. Returned value was: None
[2026-08-23T16:23:30.081+0000] {taskinstance.py:340} INFO - ::group::Post task execution logs
[2026-08-23T16:23:30.081+0000] {taskinstance.py:352} INFO - Marking task as SUCCESS. dag_id=etl_weather_postgres_dag, task_id=load_to_postgres, run_id=manual__2026-08-23T16:23:18.459291+00:00, execution_date=20260823T162318, start_date=20260823T162329, end_date=20260823T162330
[2026-08-23T16:23:30.130+0000] {local_task_job_runner.py:266} INFO - Task exited with return code 0
[2026-08-23T16:23:30.152+0000] {taskinstance.py:3895} INFO - 1 downstream tasks scheduled from follow-on schedule check
[2026-08-23T16:23:30.153+0000] {local_task_job_runner.py:245} INFO - ::endgroup::
