[2026-08-23T16:23:30.998+0000] {local_task_job_runner.py:123} INFO - ::group::Pre task execution logs
[2026-08-23T16:23:31.010+0000] {taskinstance.py:2613} INFO - Dependencies all met for dep_context=non-requeueable deps ti=<TaskInstance: etl_weather_postgres_dag.verify_load manual__2026-08-23T16:23:18.459291+00:00 [queued]>
[2026-08-23T16:23:31.016+0000] {taskinstance.py:2613} INFO - Dependencies all met for dep_context=requeueable deps ti=<TaskInstance: etl_weather_postgres_dag.verify_load manual__2026-08-23T16:23:18.459291+00:00 [queued]>
[2026-08-23T16:23:31.016+0000] {taskinstance.py:2866} INFO - Starting attempt 1 of 2
[2026-08-23T16:23:31.022+0000] {taskinstance.py:2889} INFO - Executing <Task(PythonOperator): verify_load> on 2026-08-23 16:23:18.459291+00:00
[2026-08-23T16:23:31.026+0000] {warnings.py:112} WARNING - /home/***/.local/lib/python3.12/site-packages/***/task/task_runner/standard_task_runner.py:70: DeprecationWarning: This process (pid=1186) is multi-threaded, use of fork() may lead to deadlocks in the child.
  pid = os.fork()

[2026-08-23T16:23:31.028+0000] {standard_task_runner.py:72} INFO - Started process 1187 to run task
[2026-08-23T16:23:31.028+0000] {standard_task_runner.py:104} INFO - Running: ['***', 'tasks', 'run', 'etl_weather_postgres_dag', 'verify_load', 'manual__2026-08-23T16:23:18.459291+00:00', '--job-id', '34', '--raw', '--subdir', 'DAGS_FOLDER/05_etl_weather_postgres.py', '--cfg-path', '/tmp/tmpe5btn891']
[2026-08-23T16:23:31.029+0000] {standard_task_runner.py:105} INFO - Job 34: Subtask verify_load
[2026-08-23T16:23:31.061+0000] {task_command.py:467} INFO - Running <TaskInstance: etl_weather_postgres_dag.verify_load manual__2026-08-23T16:23:18.459291+00:00 [running]> on host 417225d49ca8
[2026-08-23T16:23:31.111+0000] {taskinstance.py:3132} INFO - Exporting env vars: AIRFLOW_CTX_DAG_OWNER='workshop' AIRFLOW_CTX_DAG_ID='etl_weather_postgres_dag' AIRFLOW_CTX_TASK_ID='verify_load' AIRFLOW_CTX_EXECUTION_DATE='2026-08-23T16:23:18.459291+00:00' AIRFLOW_CTX_TRY_NUMBER='1' AIRFLOW_CTX_DAG_RUN_ID='manual__2026-08-23T16:23:18.459291+00:00'
[2026-08-23T16:23:31.112+0000] {taskinstance.py:731} INFO - ::endgroup::
[2026-08-23T16:23:31.127+0000] {base.py:84} INFO - Retrieving connection 'postgres_target'
[2026-08-23T16:23:31.132+0000] {sql.py:553} INFO - Running statement: SELECT COUNT(*) FROM weather_records;, parameters: None
[2026-08-23T16:23:31.134+0000] {sql.py:562} INFO - Rows affected: 1
[2026-08-23T16:23:31.134+0000] {logging_mixin.py:190} INFO - จำนวนแถวทั้งหมดในตาราง weather_records: 8
[2026-08-23T16:23:31.138+0000] {sql.py:553} INFO - Running statement: 
        SELECT province, temperature, temperature_category, ingested_at
        FROM weather_records
        ORDER BY id DESC
        LIMIT 4;
        , parameters: None
[2026-08-23T16:23:31.139+0000] {sql.py:562} INFO - Rows affected: 4
[2026-08-23T16:23:31.139+0000] {logging_mixin.py:190} INFO - ===== แถวล่าสุดที่เพิ่ง insert =====
[2026-08-23T16:23:31.140+0000] {logging_mixin.py:190} INFO - ภูเก็ต: 28.5 °C (อากาศดี) - บันทึกเมื่อ 2026-08-23 16:23:30.056677
[2026-08-23T16:23:31.140+0000] {logging_mixin.py:190} INFO - ขอนแก่น: 27.0 °C (อากาศดี) - บันทึกเมื่อ 2026-08-23 16:23:30.056677
[2026-08-23T16:23:31.140+0000] {logging_mixin.py:190} INFO - เชียงใหม่: 25.3 °C (อากาศดี) - บันทึกเมื่อ 2026-08-23 16:23:30.056677
[2026-08-23T16:23:31.140+0000] {logging_mixin.py:190} INFO - กรุงเทพฯ: 26.0 °C (อากาศดี) - บันทึกเมื่อ 2026-08-23 16:23:30.056677
[2026-08-23T16:23:31.140+0000] {python.py:240} INFO - Done. Returned value was: None
[2026-08-23T16:23:31.147+0000] {taskinstance.py:340} INFO - ::group::Post task execution logs
[2026-08-23T16:23:31.147+0000] {taskinstance.py:352} INFO - Marking task as SUCCESS. dag_id=etl_weather_postgres_dag, task_id=verify_load, run_id=manual__2026-08-23T16:23:18.459291+00:00, execution_date=20260823T162318, start_date=20260823T162331, end_date=20260823T162331
[2026-08-23T16:23:31.162+0000] {local_task_job_runner.py:266} INFO - Task exited with return code 0
[2026-08-23T16:23:31.173+0000] {taskinstance.py:3895} INFO - 0 downstream tasks scheduled from follow-on schedule check
[2026-08-23T16:23:31.174+0000] {local_task_job_runner.py:245} INFO - ::endgroup::
