[2026-09-07T05:34:57.108+0000] {local_task_job_runner.py:123} INFO - ::group::Pre task execution logs
[2026-09-07T05:34:57.149+0000] {taskinstance.py:2613} INFO - Dependencies all met for dep_context=non-requeueable deps ti=<TaskInstance: steam_etl_dag.extract_steam_data scheduled__2026-09-04T00:00:00+00:00 [queued]>
[2026-09-07T05:34:57.174+0000] {taskinstance.py:2613} INFO - Dependencies all met for dep_context=requeueable deps ti=<TaskInstance: steam_etl_dag.extract_steam_data scheduled__2026-09-04T00:00:00+00:00 [queued]>
[2026-09-07T05:34:57.178+0000] {taskinstance.py:2866} INFO - Starting attempt 1 of 3
[2026-09-07T05:34:57.227+0000] {taskinstance.py:2889} INFO - Executing <Task(PythonOperator): extract_steam_data> on 2026-09-04 00:00:00+00:00
[2026-09-07T05:34:57.240+0000] {warnings.py:112} WARNING - /home/***/.local/lib/python3.12/site-packages/***/task/task_runner/standard_task_runner.py:70: DeprecationWarning: This process (pid=106) is multi-threaded, use of fork() may lead to deadlocks in the child.
  pid = os.fork()

[2026-09-07T05:34:57.247+0000] {standard_task_runner.py:72} INFO - Started process 112 to run task
[2026-09-07T05:34:57.248+0000] {standard_task_runner.py:104} INFO - Running: ['***', 'tasks', 'run', 'steam_etl_dag', 'extract_steam_data', 'scheduled__2026-09-04T00:00:00+00:00', '--job-id', '96', '--raw', '--subdir', 'DAGS_FOLDER/07_etl_steam.py', '--cfg-path', '/tmp/tmpmb9aal8x']
[2026-09-07T05:34:57.251+0000] {standard_task_runner.py:105} INFO - Job 96: Subtask extract_steam_data
[2026-09-07T05:34:57.454+0000] {task_command.py:467} INFO - Running <TaskInstance: steam_etl_dag.extract_steam_data scheduled__2026-09-04T00:00:00+00:00 [running]> on host b703ee70f2cc
[2026-09-07T05:34:57.743+0000] {taskinstance.py:3132} INFO - Exporting env vars: AIRFLOW_CTX_DAG_OWNER='steam_project' AIRFLOW_CTX_DAG_ID='steam_etl_dag' AIRFLOW_CTX_TASK_ID='extract_steam_data' AIRFLOW_CTX_EXECUTION_DATE='2026-09-04T00:00:00+00:00' AIRFLOW_CTX_TRY_NUMBER='1' AIRFLOW_CTX_DAG_RUN_ID='scheduled__2026-09-04T00:00:00+00:00'
[2026-09-07T05:34:57.744+0000] {taskinstance.py:731} INFO - ::endgroup::
[2026-09-07T05:34:58.956+0000] {logging_mixin.py:190} INFO - 📡 กำลังดึงข้อมูลจาก SteamSpy API...
[2026-09-07T05:34:59.221+0000] {logging_mixin.py:190} INFO - ✅ ดึง Top 100 จาก SteamSpy สำเร็จ: พบ 100 เกม
[2026-09-07T05:34:59.979+0000] {logging_mixin.py:190} INFO - 📦 รวมข้อมูลดึงเบื้องต้นได้ 25 เกม
[2026-09-07T05:35:00.004+0000] {python.py:240} INFO - Done. Returned value was: None
[2026-09-07T05:35:00.028+0000] {taskinstance.py:340} INFO - ::group::Post task execution logs
[2026-09-07T05:35:00.029+0000] {taskinstance.py:352} INFO - Marking task as SUCCESS. dag_id=steam_etl_dag, task_id=extract_steam_data, run_id=scheduled__2026-09-04T00:00:00+00:00, execution_date=20260904T000000, start_date=20260907T053457, end_date=20260907T053500
[2026-09-07T05:35:00.094+0000] {local_task_job_runner.py:266} INFO - Task exited with return code 0
[2026-09-07T05:35:00.129+0000] {taskinstance.py:3895} INFO - 1 downstream tasks scheduled from follow-on schedule check
[2026-09-07T05:35:00.150+0000] {local_task_job_runner.py:245} INFO - ::endgroup::
