[2026-08-30T16:49:21.200+0000] {local_task_job_runner.py:123} INFO - ::group::Pre task execution logs
[2026-08-30T16:49:21.225+0000] {taskinstance.py:2613} INFO - Dependencies all met for dep_context=non-requeueable deps ti=<TaskInstance: weather_pipeline_dag.train_model manual__2026-08-30T16:49:07.575282+00:00 [queued]>
[2026-08-30T16:49:21.271+0000] {taskinstance.py:2613} INFO - Dependencies all met for dep_context=requeueable deps ti=<TaskInstance: weather_pipeline_dag.train_model manual__2026-08-30T16:49:07.575282+00:00 [queued]>
[2026-08-30T16:49:21.273+0000] {taskinstance.py:2866} INFO - Starting attempt 1 of 2
[2026-08-30T16:49:21.322+0000] {taskinstance.py:2889} INFO - Executing <Task(PythonOperator): train_model> on 2026-08-30 16:49:07.575282+00:00
[2026-08-30T16:49:21.367+0000] {warnings.py:112} WARNING - /home/***/.local/lib/python3.12/site-packages/***/task/task_runner/standard_task_runner.py:70: DeprecationWarning: This process (pid=127) is multi-threaded, use of fork() may lead to deadlocks in the child.
  pid = os.fork()

[2026-08-30T16:49:21.373+0000] {standard_task_runner.py:72} INFO - Started process 128 to run task
[2026-08-30T16:49:21.373+0000] {standard_task_runner.py:104} INFO - Running: ['***', 'tasks', 'run', 'weather_pipeline_dag', 'train_model', 'manual__2026-08-30T16:49:07.575282+00:00', '--job-id', '100', '--raw', '--subdir', 'DAGS_FOLDER/ml_02_weather_pipeline.py', '--cfg-path', '/tmp/tmph1ntn8v_']
[2026-08-30T16:49:21.382+0000] {standard_task_runner.py:105} INFO - Job 100: Subtask train_model
[2026-08-30T16:49:21.612+0000] {task_command.py:467} INFO - Running <TaskInstance: weather_pipeline_dag.train_model manual__2026-08-30T16:49:07.575282+00:00 [running]> on host f88cd4d3b180
[2026-08-30T16:49:22.324+0000] {taskinstance.py:3132} INFO - Exporting env vars: AIRFLOW_CTX_DAG_OWNER='workshop2' AIRFLOW_CTX_DAG_ID='weather_pipeline_dag' AIRFLOW_CTX_TASK_ID='train_model' AIRFLOW_CTX_EXECUTION_DATE='2026-08-30T16:49:07.575282+00:00' AIRFLOW_CTX_TRY_NUMBER='1' AIRFLOW_CTX_DAG_RUN_ID='manual__2026-08-30T16:49:07.575282+00:00'
[2026-08-30T16:49:22.325+0000] {taskinstance.py:731} INFO - ::endgroup::
[2026-08-30T16:49:23.961+0000] {logging_mixin.py:190} INFO - เทรนโมเดลเสร็จ (train 9 แถว, กันไว้วัดผล 3 แถว)
[2026-08-30T16:49:23.974+0000] {logging_mixin.py:190} INFO - บันทึกไว้ที่: /opt/***/models/weather_models/candidate_manual__2026-08-30T16-49-07.575282-00-00.pkl
[2026-08-30T16:49:23.976+0000] {python.py:240} INFO - Done. Returned value was: None
[2026-08-30T16:49:24.003+0000] {taskinstance.py:340} INFO - ::group::Post task execution logs
[2026-08-30T16:49:24.003+0000] {taskinstance.py:352} INFO - Marking task as SUCCESS. dag_id=weather_pipeline_dag, task_id=train_model, run_id=manual__2026-08-30T16:49:07.575282+00:00, execution_date=20260830T164907, start_date=20260830T164921, end_date=20260830T164924
[2026-08-30T16:49:24.070+0000] {local_task_job_runner.py:266} INFO - Task exited with return code 0
[2026-08-30T16:49:24.424+0000] {taskinstance.py:3895} INFO - 1 downstream tasks scheduled from follow-on schedule check
[2026-08-30T16:49:24.425+0000] {local_task_job_runner.py:245} INFO - ::endgroup::
