[2026-09-07T05:40:20.728+0000] {local_task_job_runner.py:123} INFO - ::group::Pre task execution logs
[2026-09-07T05:40:20.744+0000] {taskinstance.py:2613} INFO - Dependencies all met for dep_context=non-requeueable deps ti=<TaskInstance: steam_discount_prediction_dag.batch_predict_discounts manual__2026-09-07T05:40:06.615263+00:00 [queued]>
[2026-09-07T05:40:20.753+0000] {taskinstance.py:2613} INFO - Dependencies all met for dep_context=requeueable deps ti=<TaskInstance: steam_discount_prediction_dag.batch_predict_discounts manual__2026-09-07T05:40:06.615263+00:00 [queued]>
[2026-09-07T05:40:20.753+0000] {taskinstance.py:2866} INFO - Starting attempt 1 of 2
[2026-09-07T05:40:20.764+0000] {taskinstance.py:2889} INFO - Executing <Task(PythonOperator): batch_predict_discounts> on 2026-09-07 05:40:06.615263+00:00
[2026-09-07T05:40:20.774+0000] {warnings.py:112} WARNING - /home/***/.local/lib/python3.12/site-packages/***/task/task_runner/standard_task_runner.py:70: DeprecationWarning: This process (pid=219) is multi-threaded, use of fork() may lead to deadlocks in the child.
  pid = os.fork()

[2026-09-07T05:40:20.776+0000] {standard_task_runner.py:72} INFO - Started process 256 to run task
[2026-09-07T05:40:20.775+0000] {standard_task_runner.py:104} INFO - Running: ['***', 'tasks', 'run', 'steam_discount_prediction_dag', 'batch_predict_discounts', 'manual__2026-09-07T05:40:06.615263+00:00', '--job-id', '121', '--raw', '--subdir', 'DAGS_FOLDER/ml_04_steam_discount_prediction.py', '--cfg-path', '/tmp/tmpqaw862ms']
[2026-09-07T05:40:20.778+0000] {standard_task_runner.py:105} INFO - Job 121: Subtask batch_predict_discounts
[2026-09-07T05:40:20.833+0000] {task_command.py:467} INFO - Running <TaskInstance: steam_discount_prediction_dag.batch_predict_discounts manual__2026-09-07T05:40:06.615263+00:00 [running]> on host 6f4d56443a1a
[2026-09-07T05:40:20.908+0000] {taskinstance.py:3132} INFO - Exporting env vars: AIRFLOW_CTX_DAG_OWNER='steam_project' AIRFLOW_CTX_DAG_ID='steam_discount_prediction_dag' AIRFLOW_CTX_TASK_ID='batch_predict_discounts' AIRFLOW_CTX_EXECUTION_DATE='2026-09-07T05:40:06.615263+00:00' AIRFLOW_CTX_TRY_NUMBER='1' AIRFLOW_CTX_DAG_RUN_ID='manual__2026-09-07T05:40:06.615263+00:00'
[2026-09-07T05:40:20.910+0000] {taskinstance.py:731} INFO - ::endgroup::
[2026-09-07T05:40:21.040+0000] {base.py:84} INFO - Retrieving connection 'postgres_target'
[2026-09-07T05:40:21.046+0000] {sql.py:553} INFO - Running statement: 
    SELECT DISTINCT ON (appid)
           appid, name, price_thb, original_price, discount_pct, ccu, review_score, is_free, snapshot_date
    FROM steam_games
    ORDER BY appid, snapshot_date DESC;
    , parameters: None
[2026-09-07T05:40:21.048+0000] {sql.py:562} INFO - Rows affected: 25
[2026-09-07T05:40:21.049+0000] {logging_mixin.py:190} INFO - 🎯 กำลังรัน Batch Prediction สำหรับ 25 เกม...
[2026-09-07T05:40:21.054+0000] {sql.py:553} INFO - Running statement: 
        INSERT INTO steam_discount_predictions (
            prediction_date, appid, game_name, current_price_thb, original_price,
            is_currently_on_sale, discount_probability, will_discount_7d,
            predicted_discount_pct, predicted_price_thb, recommendation, confidence_level, created_at
        ) VALUES (
            %s, %s, %s, %s, %s, %s, %s, %s, %s, %s, %s, %s, NOW()
        ) ON CONFLICT (prediction_date, appid) DO UPDATE SET
            current_price_thb = EXCLUDED.current_price_thb,
            original_price = EXCLUDED.original_price,
            is_currently_on_sale = EXCLUDED.is_currently_on_sale,
            discount_probability = EXCLUDED.discount_probability,
            will_discount_7d = EXCLUDED.will_discount_7d,
            predicted_discount_pct = EXCLUDED.predicted_discount_pct,
            predicted_price_thb = EXCLUDED.predicted_price_thb,
            recommendation = EXCLUDED.recommendation,
            confidence_level = EXCLUDED.confidence_level,
            created_at = NOW();
        , parameters: (datetime.date(2026, 9, 7), 440, 'Team Fortress 2', 0.0, 0.0, False, 0.0, False, 0, 0.0, 'FREE_TO_PLAY', 'HIGH')
[2026-09-07T05:40:21.056+0000] {sql.py:562} INFO - Rows affected: 1
[2026-09-07T05:40:21.063+0000] {sql.py:553} INFO - Running statement: SELECT snapshot_date FROM steam_games WHERE appid = %s AND discount_pct > 0 ORDER BY snapshot_date DESC LIMIT 1;, parameters: (550,)
[2026-09-07T05:40:21.066+0000] {sql.py:562} INFO - Rows affected: 0
[2026-09-07T05:40:21.118+0000] {sql.py:553} INFO - Running statement: 
        INSERT INTO steam_discount_predictions (
            prediction_date, appid, game_name, current_price_thb, original_price,
            is_currently_on_sale, discount_probability, will_discount_7d,
            predicted_discount_pct, predicted_price_thb, recommendation, confidence_level, created_at
        ) VALUES (
            %s, %s, %s, %s, %s, %s, %s, %s, %s, %s, %s, %s, NOW()
        ) ON CONFLICT (prediction_date, appid) DO UPDATE SET
            current_price_thb = EXCLUDED.current_price_thb,
            original_price = EXCLUDED.original_price,
            is_currently_on_sale = EXCLUDED.is_currently_on_sale,
            discount_probability = EXCLUDED.discount_probability,
            will_discount_7d = EXCLUDED.will_discount_7d,
            predicted_discount_pct = EXCLUDED.predicted_discount_pct,
            predicted_price_thb = EXCLUDED.predicted_price_thb,
            recommendation = EXCLUDED.recommendation,
            confidence_level = EXCLUDED.confidence_level,
            created_at = NOW();
        , parameters: (datetime.date(2026, 9, 7), 550, 'Left 4 Dead 2', 220.0, 220.0, False, 0.2537744443056943, False, 48, 114.4, 'BUY_NOW', 'MEDIUM')
[2026-09-07T05:40:21.120+0000] {sql.py:562} INFO - Rows affected: 1
[2026-09-07T05:40:21.126+0000] {sql.py:553} INFO - Running statement: 
        INSERT INTO steam_discount_predictions (
            prediction_date, appid, game_name, current_price_thb, original_price,
            is_currently_on_sale, discount_probability, will_discount_7d,
            predicted_discount_pct, predicted_price_thb, recommendation, confidence_level, created_at
        ) VALUES (
            %s, %s, %s, %s, %s, %s, %s, %s, %s, %s, %s, %s, NOW()
        ) ON CONFLICT (prediction_date, appid) DO UPDATE SET
            current_price_thb = EXCLUDED.current_price_thb,
            original_price = EXCLUDED.original_price,
            is_currently_on_sale = EXCLUDED.is_currently_on_sale,
            discount_probability = EXCLUDED.discount_probability,
            will_discount_7d = EXCLUDED.will_discount_7d,
            predicted_discount_pct = EXCLUDED.predicted_discount_pct,
            predicted_price_thb = EXCLUDED.predicted_price_thb,
            recommendation = EXCLUDED.recommendation,
            confidence_level = EXCLUDED.confidence_level,
            created_at = NOW();
        , parameters: (datetime.date(2026, 9, 7), 730, 'Counter-Strike 2', 0.0, 0.0, False, 0.0, False, 0, 0.0, 'FREE_TO_PLAY', 'HIGH')
[2026-09-07T05:40:21.127+0000] {sql.py:562} INFO - Rows affected: 1
[2026-09-07T05:40:21.134+0000] {sql.py:553} INFO - Running statement: 
        INSERT INTO steam_discount_predictions (
            prediction_date, appid, game_name, current_price_thb, original_price,
            is_currently_on_sale, discount_probability, will_discount_7d,
            predicted_discount_pct, predicted_price_thb, recommendation, confidence_level, created_at
        ) VALUES (
            %s, %s, %s, %s, %s, %s, %s, %s, %s, %s, %s, %s, NOW()
        ) ON CONFLICT (prediction_date, appid) DO UPDATE SET
            current_price_thb = EXCLUDED.current_price_thb,
            original_price = EXCLUDED.original_price,
            is_currently_on_sale = EXCLUDED.is_currently_on_sale,
            discount_probability = EXCLUDED.discount_probability,
            will_discount_7d = EXCLUDED.will_discount_7d,
            predicted_discount_pct = EXCLUDED.predicted_discount_pct,
            predicted_price_thb = EXCLUDED.predicted_price_thb,
            recommendation = EXCLUDED.recommendation,
            confidence_level = EXCLUDED.confidence_level,
            created_at = NOW();
        , parameters: (datetime.date(2026, 9, 7), 105600, 'Terraria', 110.0, 220.0, True, 0.95, True, 50, 110.0, 'BUY_NOW_ON_SALE', 'HIGH')
[2026-09-07T05:40:21.136+0000] {sql.py:562} INFO - Rows affected: 1
[2026-09-07T05:40:21.142+0000] {sql.py:553} INFO - Running statement: 
        INSERT INTO steam_discount_predictions (
            prediction_date, appid, game_name, current_price_thb, original_price,
            is_currently_on_sale, discount_probability, will_discount_7d,
            predicted_discount_pct, predicted_price_thb, recommendation, confidence_level, created_at
        ) VALUES (
            %s, %s, %s, %s, %s, %s, %s, %s, %s, %s, %s, %s, NOW()
        ) ON CONFLICT (prediction_date, appid) DO UPDATE SET
            current_price_thb = EXCLUDED.current_price_thb,
            original_price = EXCLUDED.original_price,
            is_currently_on_sale = EXCLUDED.is_currently_on_sale,
            discount_probability = EXCLUDED.discount_probability,
            will_discount_7d = EXCLUDED.will_discount_7d,
            predicted_discount_pct = EXCLUDED.predicted_discount_pct,
            predicted_price_thb = EXCLUDED.predicted_price_thb,
            recommendation = EXCLUDED.recommendation,
            confidence_level = EXCLUDED.confidence_level,
            created_at = NOW();
        , parameters: (datetime.date(2026, 9, 7), 230410, 'Warframe', 0.0, 0.0, False, 0.0, False, 0, 0.0, 'FREE_TO_PLAY', 'HIGH')
[2026-09-07T05:40:21.144+0000] {sql.py:562} INFO - Rows affected: 1
[2026-09-07T05:40:21.150+0000] {sql.py:553} INFO - Running statement: 
        INSERT INTO steam_discount_predictions (
            prediction_date, appid, game_name, current_price_thb, original_price,
            is_currently_on_sale, discount_probability, will_discount_7d,
            predicted_discount_pct, predicted_price_thb, recommendation, confidence_level, created_at
        ) VALUES (
            %s, %s, %s, %s, %s, %s, %s, %s, %s, %s, %s, %s, NOW()
        ) ON CONFLICT (prediction_date, appid) DO UPDATE SET
            current_price_thb = EXCLUDED.current_price_thb,
            original_price = EXCLUDED.original_price,
            is_currently_on_sale = EXCLUDED.is_currently_on_sale,
            discount_probability = EXCLUDED.discount_probability,
            will_discount_7d = EXCLUDED.will_discount_7d,
            predicted_discount_pct = EXCLUDED.predicted_discount_pct,
            predicted_price_thb = EXCLUDED.predicted_price_thb,
            recommendation = EXCLUDED.recommendation,
            confidence_level = EXCLUDED.confidence_level,
            created_at = NOW();
        , parameters: (datetime.date(2026, 9, 7), 236390, 'War Thunder', 0.0, 0.0, False, 0.0, False, 0, 0.0, 'FREE_TO_PLAY', 'HIGH')
[2026-09-07T05:40:21.152+0000] {sql.py:562} INFO - Rows affected: 1
[2026-09-07T05:40:21.159+0000] {sql.py:553} INFO - Running statement: SELECT snapshot_date FROM steam_games WHERE appid = %s AND discount_pct > 0 ORDER BY snapshot_date DESC LIMIT 1;, parameters: (252490,)
[2026-09-07T05:40:21.160+0000] {sql.py:562} INFO - Rows affected: 0
[2026-09-07T05:40:21.179+0000] {sql.py:553} INFO - Running statement: 
        INSERT INTO steam_discount_predictions (
            prediction_date, appid, game_name, current_price_thb, original_price,
            is_currently_on_sale, discount_probability, will_discount_7d,
            predicted_discount_pct, predicted_price_thb, recommendation, confidence_level, created_at
        ) VALUES (
            %s, %s, %s, %s, %s, %s, %s, %s, %s, %s, %s, %s, NOW()
        ) ON CONFLICT (prediction_date, appid) DO UPDATE SET
            current_price_thb = EXCLUDED.current_price_thb,
            original_price = EXCLUDED.original_price,
            is_currently_on_sale = EXCLUDED.is_currently_on_sale,
            discount_probability = EXCLUDED.discount_probability,
            will_discount_7d = EXCLUDED.will_discount_7d,
            predicted_discount_pct = EXCLUDED.predicted_discount_pct,
            predicted_price_thb = EXCLUDED.predicted_price_thb,
            recommendation = EXCLUDED.recommendation,
            confidence_level = EXCLUDED.confidence_level,
            created_at = NOW();
        , parameters: (datetime.date(2026, 9, 7), 252490, 'Rust', 799.0, 799.0, False, 0.25079166666666663, False, 55, 359.55, 'BUY_NOW', 'MEDIUM')
[2026-09-07T05:40:21.181+0000] {sql.py:562} INFO - Rows affected: 1
[2026-09-07T05:40:21.188+0000] {sql.py:553} INFO - Running statement: SELECT snapshot_date FROM steam_games WHERE appid = %s AND discount_pct > 0 ORDER BY snapshot_date DESC LIMIT 1;, parameters: (271590,)
[2026-09-07T05:40:21.190+0000] {sql.py:562} INFO - Rows affected: 0
[2026-09-07T05:40:21.213+0000] {sql.py:553} INFO - Running statement: 
        INSERT INTO steam_discount_predictions (
            prediction_date, appid, game_name, current_price_thb, original_price,
            is_currently_on_sale, discount_probability, will_discount_7d,
            predicted_discount_pct, predicted_price_thb, recommendation, confidence_level, created_at
        ) VALUES (
            %s, %s, %s, %s, %s, %s, %s, %s, %s, %s, %s, %s, NOW()
        ) ON CONFLICT (prediction_date, appid) DO UPDATE SET
            current_price_thb = EXCLUDED.current_price_thb,
            original_price = EXCLUDED.original_price,
            is_currently_on_sale = EXCLUDED.is_currently_on_sale,
            discount_probability = EXCLUDED.discount_probability,
            will_discount_7d = EXCLUDED.will_discount_7d,
            predicted_discount_pct = EXCLUDED.predicted_discount_pct,
            predicted_price_thb = EXCLUDED.predicted_price_thb,
            recommendation = EXCLUDED.recommendation,
            confidence_level = EXCLUDED.confidence_level,
            created_at = NOW();
        , parameters: (datetime.date(2026, 9, 7), 271590, 'Grand Theft Auto V Legacy', 704.0, 704.0, False, 0.21329166666666666, False, 55, 316.8, 'BUY_NOW', 'HIGH')
[2026-09-07T05:40:21.215+0000] {sql.py:562} INFO - Rows affected: 1
[2026-09-07T05:40:21.221+0000] {sql.py:553} INFO - Running statement: 
        INSERT INTO steam_discount_predictions (
            prediction_date, appid, game_name, current_price_thb, original_price,
            is_currently_on_sale, discount_probability, will_discount_7d,
            predicted_discount_pct, predicted_price_thb, recommendation, confidence_level, created_at
        ) VALUES (
            %s, %s, %s, %s, %s, %s, %s, %s, %s, %s, %s, %s, NOW()
        ) ON CONFLICT (prediction_date, appid) DO UPDATE SET
            current_price_thb = EXCLUDED.current_price_thb,
            original_price = EXCLUDED.original_price,
            is_currently_on_sale = EXCLUDED.is_currently_on_sale,
            discount_probability = EXCLUDED.discount_probability,
            will_discount_7d = EXCLUDED.will_discount_7d,
            predicted_discount_pct = EXCLUDED.predicted_discount_pct,
            predicted_price_thb = EXCLUDED.predicted_price_thb,
            recommendation = EXCLUDED.recommendation,
            confidence_level = EXCLUDED.confidence_level,
            created_at = NOW();
        , parameters: (datetime.date(2026, 9, 7), 289070, 'Sid Meier’s Civilization® VI', 160.0, 1600.0, True, 0.95, True, 90, 160.0, 'BUY_NOW_ON_SALE', 'HIGH')
[2026-09-07T05:40:21.223+0000] {sql.py:562} INFO - Rows affected: 1
[2026-09-07T05:40:21.232+0000] {sql.py:553} INFO - Running statement: 
        INSERT INTO steam_discount_predictions (
            prediction_date, appid, game_name, current_price_thb, original_price,
            is_currently_on_sale, discount_probability, will_discount_7d,
            predicted_discount_pct, predicted_price_thb, recommendation, confidence_level, created_at
        ) VALUES (
            %s, %s, %s, %s, %s, %s, %s, %s, %s, %s, %s, %s, NOW()
        ) ON CONFLICT (prediction_date, appid) DO UPDATE SET
            current_price_thb = EXCLUDED.current_price_thb,
            original_price = EXCLUDED.original_price,
            is_currently_on_sale = EXCLUDED.is_currently_on_sale,
            discount_probability = EXCLUDED.discount_probability,
            will_discount_7d = EXCLUDED.will_discount_7d,
            predicted_discount_pct = EXCLUDED.predicted_discount_pct,
            predicted_price_thb = EXCLUDED.predicted_price_thb,
            recommendation = EXCLUDED.recommendation,
            confidence_level = EXCLUDED.confidence_level,
            created_at = NOW();
        , parameters: (datetime.date(2026, 9, 7), 291550, 'Brawlhalla', 0.0, 0.0, False, 0.0, False, 0, 0.0, 'FREE_TO_PLAY', 'HIGH')
[2026-09-07T05:40:21.234+0000] {sql.py:562} INFO - Rows affected: 1
[2026-09-07T05:40:21.241+0000] {sql.py:553} INFO - Running statement: 
        INSERT INTO steam_discount_predictions (
            prediction_date, appid, game_name, current_price_thb, original_price,
            is_currently_on_sale, discount_probability, will_discount_7d,
            predicted_discount_pct, predicted_price_thb, recommendation, confidence_level, created_at
        ) VALUES (
            %s, %s, %s, %s, %s, %s, %s, %s, %s, %s, %s, %s, NOW()
        ) ON CONFLICT (prediction_date, appid) DO UPDATE SET
            current_price_thb = EXCLUDED.current_price_thb,
            original_price = EXCLUDED.original_price,
            is_currently_on_sale = EXCLUDED.is_currently_on_sale,
            discount_probability = EXCLUDED.discount_probability,
            will_discount_7d = EXCLUDED.will_discount_7d,
            predicted_discount_pct = EXCLUDED.predicted_discount_pct,
            predicted_price_thb = EXCLUDED.predicted_price_thb,
            recommendation = EXCLUDED.recommendation,
            confidence_level = EXCLUDED.confidence_level,
            created_at = NOW();
        , parameters: (datetime.date(2026, 9, 7), 359550, "Tom Clancy's Rainbow Six Siege", 0.0, 0.0, False, 0.0, False, 0, 0.0, 'FREE_TO_PLAY', 'HIGH')
[2026-09-07T05:40:21.244+0000] {sql.py:562} INFO - Rows affected: 1
[2026-09-07T05:40:21.253+0000] {sql.py:553} INFO - Running statement: SELECT snapshot_date FROM steam_games WHERE appid = %s AND discount_pct > 0 ORDER BY snapshot_date DESC LIMIT 1;, parameters: (431960,)
[2026-09-07T05:40:21.255+0000] {sql.py:562} INFO - Rows affected: 0
[2026-09-07T05:40:21.277+0000] {sql.py:553} INFO - Running statement: 
        INSERT INTO steam_discount_predictions (
            prediction_date, appid, game_name, current_price_thb, original_price,
            is_currently_on_sale, discount_probability, will_discount_7d,
            predicted_discount_pct, predicted_price_thb, recommendation, confidence_level, created_at
        ) VALUES (
            %s, %s, %s, %s, %s, %s, %s, %s, %s, %s, %s, %s, NOW()
        ) ON CONFLICT (prediction_date, appid) DO UPDATE SET
            current_price_thb = EXCLUDED.current_price_thb,
            original_price = EXCLUDED.original_price,
            is_currently_on_sale = EXCLUDED.is_currently_on_sale,
            discount_probability = EXCLUDED.discount_probability,
            will_discount_7d = EXCLUDED.will_discount_7d,
            predicted_discount_pct = EXCLUDED.predicted_discount_pct,
            predicted_price_thb = EXCLUDED.predicted_price_thb,
            recommendation = EXCLUDED.recommendation,
            confidence_level = EXCLUDED.confidence_level,
            created_at = NOW();
        , parameters: (datetime.date(2026, 9, 7), 431960, 'Wallpaper Engine', 115.0, 115.0, False, 0.2225, False, 47, 60.95, 'BUY_NOW', 'HIGH')
[2026-09-07T05:40:21.279+0000] {sql.py:562} INFO - Rows affected: 1
[2026-09-07T05:40:21.286+0000] {sql.py:553} INFO - Running statement: SELECT snapshot_date FROM steam_games WHERE appid = %s AND discount_pct > 0 ORDER BY snapshot_date DESC LIMIT 1;, parameters: (553850,)
[2026-09-07T05:40:21.288+0000] {sql.py:562} INFO - Rows affected: 0
[2026-09-07T05:40:21.309+0000] {sql.py:553} INFO - Running statement: 
        INSERT INTO steam_discount_predictions (
            prediction_date, appid, game_name, current_price_thb, original_price,
            is_currently_on_sale, discount_probability, will_discount_7d,
            predicted_discount_pct, predicted_price_thb, recommendation, confidence_level, created_at
        ) VALUES (
            %s, %s, %s, %s, %s, %s, %s, %s, %s, %s, %s, %s, NOW()
        ) ON CONFLICT (prediction_date, appid) DO UPDATE SET
            current_price_thb = EXCLUDED.current_price_thb,
            original_price = EXCLUDED.original_price,
            is_currently_on_sale = EXCLUDED.is_currently_on_sale,
            discount_probability = EXCLUDED.discount_probability,
            will_discount_7d = EXCLUDED.will_discount_7d,
            predicted_discount_pct = EXCLUDED.predicted_discount_pct,
            predicted_price_thb = EXCLUDED.predicted_price_thb,
            recommendation = EXCLUDED.recommendation,
            confidence_level = EXCLUDED.confidence_level,
            created_at = NOW();
        , parameters: (datetime.date(2026, 9, 7), 553850, 'HELLDIVERS™ 2', 1290.0, 1290.0, False, 0.225625, False, 66, 438.6, 'BUY_NOW', 'HIGH')
[2026-09-07T05:40:21.311+0000] {sql.py:562} INFO - Rows affected: 1
[2026-09-07T05:40:21.318+0000] {sql.py:553} INFO - Running statement: 
        INSERT INTO steam_discount_predictions (
            prediction_date, appid, game_name, current_price_thb, original_price,
            is_currently_on_sale, discount_probability, will_discount_7d,
            predicted_discount_pct, predicted_price_thb, recommendation, confidence_level, created_at
        ) VALUES (
            %s, %s, %s, %s, %s, %s, %s, %s, %s, %s, %s, %s, NOW()
        ) ON CONFLICT (prediction_date, appid) DO UPDATE SET
            current_price_thb = EXCLUDED.current_price_thb,
            original_price = EXCLUDED.original_price,
            is_currently_on_sale = EXCLUDED.is_currently_on_sale,
            discount_probability = EXCLUDED.discount_probability,
            will_discount_7d = EXCLUDED.will_discount_7d,
            predicted_discount_pct = EXCLUDED.predicted_discount_pct,
            predicted_price_thb = EXCLUDED.predicted_price_thb,
            recommendation = EXCLUDED.recommendation,
            confidence_level = EXCLUDED.confidence_level,
            created_at = NOW();
        , parameters: (datetime.date(2026, 9, 7), 578080, 'PUBG: BATTLEGROUNDS', 0.0, 0.0, False, 0.0, False, 0, 0.0, 'FREE_TO_PLAY', 'HIGH')
[2026-09-07T05:40:21.320+0000] {sql.py:562} INFO - Rows affected: 1
[2026-09-07T05:40:21.329+0000] {sql.py:553} INFO - Running statement: SELECT snapshot_date FROM steam_games WHERE appid = %s AND discount_pct > 0 ORDER BY snapshot_date DESC LIMIT 1;, parameters: (814380,)
[2026-09-07T05:40:21.330+0000] {sql.py:562} INFO - Rows affected: 0
[2026-09-07T05:40:21.361+0000] {sql.py:553} INFO - Running statement: 
        INSERT INTO steam_discount_predictions (
            prediction_date, appid, game_name, current_price_thb, original_price,
            is_currently_on_sale, discount_probability, will_discount_7d,
            predicted_discount_pct, predicted_price_thb, recommendation, confidence_level, created_at
        ) VALUES (
            %s, %s, %s, %s, %s, %s, %s, %s, %s, %s, %s, %s, NOW()
        ) ON CONFLICT (prediction_date, appid) DO UPDATE SET
            current_price_thb = EXCLUDED.current_price_thb,
            original_price = EXCLUDED.original_price,
            is_currently_on_sale = EXCLUDED.is_currently_on_sale,
            discount_probability = EXCLUDED.discount_probability,
            will_discount_7d = EXCLUDED.will_discount_7d,
            predicted_discount_pct = EXCLUDED.predicted_discount_pct,
            predicted_price_thb = EXCLUDED.predicted_price_thb,
            recommendation = EXCLUDED.recommendation,
            confidence_level = EXCLUDED.confidence_level,
            created_at = NOW();
        , parameters: (datetime.date(2026, 9, 7), 814380, 'Sekiro™: Shadows Die Twice - GOTY Edition', 2099.0, 2099.0, False, 0.23021407514054576, False, 41, 1238.41, 'BUY_NOW', 'HIGH')
[2026-09-07T05:40:21.365+0000] {sql.py:562} INFO - Rows affected: 1
[2026-09-07T05:40:21.375+0000] {sql.py:553} INFO - Running statement: SELECT snapshot_date FROM steam_games WHERE appid = %s AND discount_pct > 0 ORDER BY snapshot_date DESC LIMIT 1;, parameters: (1086940,)
[2026-09-07T05:40:21.379+0000] {sql.py:562} INFO - Rows affected: 0
[2026-09-07T05:40:21.405+0000] {sql.py:553} INFO - Running statement: 
        INSERT INTO steam_discount_predictions (
            prediction_date, appid, game_name, current_price_thb, original_price,
            is_currently_on_sale, discount_probability, will_discount_7d,
            predicted_discount_pct, predicted_price_thb, recommendation, confidence_level, created_at
        ) VALUES (
            %s, %s, %s, %s, %s, %s, %s, %s, %s, %s, %s, %s, NOW()
        ) ON CONFLICT (prediction_date, appid) DO UPDATE SET
            current_price_thb = EXCLUDED.current_price_thb,
            original_price = EXCLUDED.original_price,
            is_currently_on_sale = EXCLUDED.is_currently_on_sale,
            discount_probability = EXCLUDED.discount_probability,
            will_discount_7d = EXCLUDED.will_discount_7d,
            predicted_discount_pct = EXCLUDED.predicted_discount_pct,
            predicted_price_thb = EXCLUDED.predicted_price_thb,
            recommendation = EXCLUDED.recommendation,
            confidence_level = EXCLUDED.confidence_level,
            created_at = NOW();
        , parameters: (datetime.date(2026, 9, 7), 1086940, "Baldur's Gate 3", 1799.0, 1799.0, False, 0.22152687508569863, False, 54, 827.54, 'BUY_NOW', 'HIGH')
[2026-09-07T05:40:21.406+0000] {sql.py:562} INFO - Rows affected: 1
[2026-09-07T05:40:21.413+0000] {sql.py:553} INFO - Running statement: SELECT snapshot_date FROM steam_games WHERE appid = %s AND discount_pct > 0 ORDER BY snapshot_date DESC LIMIT 1;, parameters: (1091500,)
[2026-09-07T05:40:21.415+0000] {sql.py:562} INFO - Rows affected: 0
[2026-09-07T05:40:21.437+0000] {sql.py:553} INFO - Running statement: 
        INSERT INTO steam_discount_predictions (
            prediction_date, appid, game_name, current_price_thb, original_price,
            is_currently_on_sale, discount_probability, will_discount_7d,
            predicted_discount_pct, predicted_price_thb, recommendation, confidence_level, created_at
        ) VALUES (
            %s, %s, %s, %s, %s, %s, %s, %s, %s, %s, %s, %s, NOW()
        ) ON CONFLICT (prediction_date, appid) DO UPDATE SET
            current_price_thb = EXCLUDED.current_price_thb,
            original_price = EXCLUDED.original_price,
            is_currently_on_sale = EXCLUDED.is_currently_on_sale,
            discount_probability = EXCLUDED.discount_probability,
            will_discount_7d = EXCLUDED.will_discount_7d,
            predicted_discount_pct = EXCLUDED.predicted_discount_pct,
            predicted_price_thb = EXCLUDED.predicted_price_thb,
            recommendation = EXCLUDED.recommendation,
            confidence_level = EXCLUDED.confidence_level,
            created_at = NOW();
        , parameters: (datetime.date(2026, 9, 7), 1091500, 'Cyberpunk 2077', 1799.0, 1799.0, False, 0.24563676601176596, False, 46, 971.46, 'BUY_NOW', 'HIGH')
[2026-09-07T05:40:21.438+0000] {sql.py:562} INFO - Rows affected: 1
[2026-09-07T05:40:21.445+0000] {sql.py:553} INFO - Running statement: SELECT snapshot_date FROM steam_games WHERE appid = %s AND discount_pct > 0 ORDER BY snapshot_date DESC LIMIT 1;, parameters: (1145360,)
[2026-09-07T05:40:21.447+0000] {sql.py:562} INFO - Rows affected: 0
[2026-09-07T05:40:21.466+0000] {sql.py:553} INFO - Running statement: 
        INSERT INTO steam_discount_predictions (
            prediction_date, appid, game_name, current_price_thb, original_price,
            is_currently_on_sale, discount_probability, will_discount_7d,
            predicted_discount_pct, predicted_price_thb, recommendation, confidence_level, created_at
        ) VALUES (
            %s, %s, %s, %s, %s, %s, %s, %s, %s, %s, %s, %s, NOW()
        ) ON CONFLICT (prediction_date, appid) DO UPDATE SET
            current_price_thb = EXCLUDED.current_price_thb,
            original_price = EXCLUDED.original_price,
            is_currently_on_sale = EXCLUDED.is_currently_on_sale,
            discount_probability = EXCLUDED.discount_probability,
            will_discount_7d = EXCLUDED.will_discount_7d,
            predicted_discount_pct = EXCLUDED.predicted_discount_pct,
            predicted_price_thb = EXCLUDED.predicted_price_thb,
            recommendation = EXCLUDED.recommendation,
            confidence_level = EXCLUDED.confidence_level,
            created_at = NOW();
        , parameters: (datetime.date(2026, 9, 7), 1145360, 'Hades', 495.0, 495.0, False, 0.23469671994671995, False, 35, 321.75, 'BUY_NOW', 'HIGH')
[2026-09-07T05:40:21.467+0000] {sql.py:562} INFO - Rows affected: 1
[2026-09-07T05:40:21.474+0000] {sql.py:553} INFO - Running statement: 
        INSERT INTO steam_discount_predictions (
            prediction_date, appid, game_name, current_price_thb, original_price,
            is_currently_on_sale, discount_probability, will_discount_7d,
            predicted_discount_pct, predicted_price_thb, recommendation, confidence_level, created_at
        ) VALUES (
            %s, %s, %s, %s, %s, %s, %s, %s, %s, %s, %s, %s, NOW()
        ) ON CONFLICT (prediction_date, appid) DO UPDATE SET
            current_price_thb = EXCLUDED.current_price_thb,
            original_price = EXCLUDED.original_price,
            is_currently_on_sale = EXCLUDED.is_currently_on_sale,
            discount_probability = EXCLUDED.discount_probability,
            will_discount_7d = EXCLUDED.will_discount_7d,
            predicted_discount_pct = EXCLUDED.predicted_discount_pct,
            predicted_price_thb = EXCLUDED.predicted_price_thb,
            recommendation = EXCLUDED.recommendation,
            confidence_level = EXCLUDED.confidence_level,
            created_at = NOW();
        , parameters: (datetime.date(2026, 9, 7), 1172470, 'Apex Legends™', 0.0, 0.0, False, 0.0, False, 0, 0.0, 'FREE_TO_PLAY', 'HIGH')
[2026-09-07T05:40:21.475+0000] {sql.py:562} INFO - Rows affected: 1
[2026-09-07T05:40:21.482+0000] {sql.py:553} INFO - Running statement: 
        INSERT INTO steam_discount_predictions (
            prediction_date, appid, game_name, current_price_thb, original_price,
            is_currently_on_sale, discount_probability, will_discount_7d,
            predicted_discount_pct, predicted_price_thb, recommendation, confidence_level, created_at
        ) VALUES (
            %s, %s, %s, %s, %s, %s, %s, %s, %s, %s, %s, %s, NOW()
        ) ON CONFLICT (prediction_date, appid) DO UPDATE SET
            current_price_thb = EXCLUDED.current_price_thb,
            original_price = EXCLUDED.original_price,
            is_currently_on_sale = EXCLUDED.is_currently_on_sale,
            discount_probability = EXCLUDED.discount_probability,
            will_discount_7d = EXCLUDED.will_discount_7d,
            predicted_discount_pct = EXCLUDED.predicted_discount_pct,
            predicted_price_thb = EXCLUDED.predicted_price_thb,
            recommendation = EXCLUDED.recommendation,
            confidence_level = EXCLUDED.confidence_level,
            created_at = NOW();
        , parameters: (datetime.date(2026, 9, 7), 1174180, 'Red Dead Redemption 2', 474.75, 1899.0, True, 0.95, True, 75, 474.75, 'BUY_NOW_ON_SALE', 'HIGH')
[2026-09-07T05:40:21.484+0000] {sql.py:562} INFO - Rows affected: 1
[2026-09-07T05:40:21.490+0000] {sql.py:553} INFO - Running statement: SELECT snapshot_date FROM steam_games WHERE appid = %s AND discount_pct > 0 ORDER BY snapshot_date DESC LIMIT 1;, parameters: (1245620,)
[2026-09-07T05:40:21.492+0000] {sql.py:562} INFO - Rows affected: 0
[2026-09-07T05:40:21.511+0000] {sql.py:553} INFO - Running statement: 
        INSERT INTO steam_discount_predictions (
            prediction_date, appid, game_name, current_price_thb, original_price,
            is_currently_on_sale, discount_probability, will_discount_7d,
            predicted_discount_pct, predicted_price_thb, recommendation, confidence_level, created_at
        ) VALUES (
            %s, %s, %s, %s, %s, %s, %s, %s, %s, %s, %s, %s, NOW()
        ) ON CONFLICT (prediction_date, appid) DO UPDATE SET
            current_price_thb = EXCLUDED.current_price_thb,
            original_price = EXCLUDED.original_price,
            is_currently_on_sale = EXCLUDED.is_currently_on_sale,
            discount_probability = EXCLUDED.discount_probability,
            will_discount_7d = EXCLUDED.will_discount_7d,
            predicted_discount_pct = EXCLUDED.predicted_discount_pct,
            predicted_price_thb = EXCLUDED.predicted_price_thb,
            recommendation = EXCLUDED.recommendation,
            confidence_level = EXCLUDED.confidence_level,
            created_at = NOW();
        , parameters: (datetime.date(2026, 9, 7), 1245620, 'ELDEN RING', 1790.0, 1790.0, False, 0.24883905255653477, False, 59, 733.9, 'BUY_NOW', 'HIGH')
[2026-09-07T05:40:21.513+0000] {sql.py:562} INFO - Rows affected: 1
[2026-09-07T05:40:21.520+0000] {sql.py:553} INFO - Running statement: 
        INSERT INTO steam_discount_predictions (
            prediction_date, appid, game_name, current_price_thb, original_price,
            is_currently_on_sale, discount_probability, will_discount_7d,
            predicted_discount_pct, predicted_price_thb, recommendation, confidence_level, created_at
        ) VALUES (
            %s, %s, %s, %s, %s, %s, %s, %s, %s, %s, %s, %s, NOW()
        ) ON CONFLICT (prediction_date, appid) DO UPDATE SET
            current_price_thb = EXCLUDED.current_price_thb,
            original_price = EXCLUDED.original_price,
            is_currently_on_sale = EXCLUDED.is_currently_on_sale,
            discount_probability = EXCLUDED.discount_probability,
            will_discount_7d = EXCLUDED.will_discount_7d,
            predicted_discount_pct = EXCLUDED.predicted_discount_pct,
            predicted_price_thb = EXCLUDED.predicted_price_thb,
            recommendation = EXCLUDED.recommendation,
            confidence_level = EXCLUDED.confidence_level,
            created_at = NOW();
        , parameters: (datetime.date(2026, 9, 7), 1623730, 'Palworld', 413.0, 590.0, True, 0.95, True, 30, 413.0, 'BUY_NOW_ON_SALE', 'HIGH')
[2026-09-07T05:40:21.521+0000] {sql.py:562} INFO - Rows affected: 1
[2026-09-07T05:40:21.529+0000] {sql.py:553} INFO - Running statement: SELECT snapshot_date FROM steam_games WHERE appid = %s AND discount_pct > 0 ORDER BY snapshot_date DESC LIMIT 1;, parameters: (2246340,)
[2026-09-07T05:40:21.531+0000] {sql.py:562} INFO - Rows affected: 0
[2026-09-07T05:40:21.551+0000] {sql.py:553} INFO - Running statement: 
        INSERT INTO steam_discount_predictions (
            prediction_date, appid, game_name, current_price_thb, original_price,
            is_currently_on_sale, discount_probability, will_discount_7d,
            predicted_discount_pct, predicted_price_thb, recommendation, confidence_level, created_at
        ) VALUES (
            %s, %s, %s, %s, %s, %s, %s, %s, %s, %s, %s, %s, NOW()
        ) ON CONFLICT (prediction_date, appid) DO UPDATE SET
            current_price_thb = EXCLUDED.current_price_thb,
            original_price = EXCLUDED.original_price,
            is_currently_on_sale = EXCLUDED.is_currently_on_sale,
            discount_probability = EXCLUDED.discount_probability,
            will_discount_7d = EXCLUDED.will_discount_7d,
            predicted_discount_pct = EXCLUDED.predicted_discount_pct,
            predicted_price_thb = EXCLUDED.predicted_price_thb,
            recommendation = EXCLUDED.recommendation,
            confidence_level = EXCLUDED.confidence_level,
            created_at = NOW();
        , parameters: (datetime.date(2026, 9, 7), 2246340, 'Monster Hunter Wilds', 1090.0, 1090.0, False, 0.3074505876068375, False, 42, 632.2, 'BUY_NOW', 'MEDIUM')
[2026-09-07T05:40:21.553+0000] {sql.py:562} INFO - Rows affected: 1
[2026-09-07T05:40:21.560+0000] {sql.py:553} INFO - Running statement: SELECT snapshot_date FROM steam_games WHERE appid = %s AND discount_pct > 0 ORDER BY snapshot_date DESC LIMIT 1;, parameters: (2358720,)
[2026-09-07T05:40:21.561+0000] {sql.py:562} INFO - Rows affected: 0
[2026-09-07T05:40:21.580+0000] {sql.py:553} INFO - Running statement: 
        INSERT INTO steam_discount_predictions (
            prediction_date, appid, game_name, current_price_thb, original_price,
            is_currently_on_sale, discount_probability, will_discount_7d,
            predicted_discount_pct, predicted_price_thb, recommendation, confidence_level, created_at
        ) VALUES (
            %s, %s, %s, %s, %s, %s, %s, %s, %s, %s, %s, %s, NOW()
        ) ON CONFLICT (prediction_date, appid) DO UPDATE SET
            current_price_thb = EXCLUDED.current_price_thb,
            original_price = EXCLUDED.original_price,
            is_currently_on_sale = EXCLUDED.is_currently_on_sale,
            discount_probability = EXCLUDED.discount_probability,
            will_discount_7d = EXCLUDED.will_discount_7d,
            predicted_discount_pct = EXCLUDED.predicted_discount_pct,
            predicted_price_thb = EXCLUDED.predicted_price_thb,
            recommendation = EXCLUDED.recommendation,
            confidence_level = EXCLUDED.confidence_level,
            created_at = NOW();
        , parameters: (datetime.date(2026, 9, 7), 2358720, 'Black Myth: Wukong', 1799.0, 1799.0, False, 0.2614406557494793, False, 38, 1115.38, 'BUY_NOW', 'MEDIUM')
[2026-09-07T05:40:21.583+0000] {sql.py:562} INFO - Rows affected: 1
[2026-09-07T05:40:21.593+0000] {sql.py:553} INFO - Running statement: SELECT snapshot_date FROM steam_games WHERE appid = %s AND discount_pct > 0 ORDER BY snapshot_date DESC LIMIT 1;, parameters: (2694490,)
[2026-09-07T05:40:21.594+0000] {sql.py:562} INFO - Rows affected: 0
[2026-09-07T05:40:21.612+0000] {sql.py:553} INFO - Running statement: 
        INSERT INTO steam_discount_predictions (
            prediction_date, appid, game_name, current_price_thb, original_price,
            is_currently_on_sale, discount_probability, will_discount_7d,
            predicted_discount_pct, predicted_price_thb, recommendation, confidence_level, created_at
        ) VALUES (
            %s, %s, %s, %s, %s, %s, %s, %s, %s, %s, %s, %s, NOW()
        ) ON CONFLICT (prediction_date, appid) DO UPDATE SET
            current_price_thb = EXCLUDED.current_price_thb,
            original_price = EXCLUDED.original_price,
            is_currently_on_sale = EXCLUDED.is_currently_on_sale,
            discount_probability = EXCLUDED.discount_probability,
            will_discount_7d = EXCLUDED.will_discount_7d,
            predicted_discount_pct = EXCLUDED.predicted_discount_pct,
            predicted_price_thb = EXCLUDED.predicted_price_thb,
            recommendation = EXCLUDED.recommendation,
            confidence_level = EXCLUDED.confidence_level,
            created_at = NOW();
        , parameters: (datetime.date(2026, 9, 7), 2694490, 'Path of Exile 2', 798.0, 798.0, False, 0.3074505876068375, False, 42, 462.84, 'BUY_NOW', 'MEDIUM')
[2026-09-07T05:40:21.614+0000] {sql.py:562} INFO - Rows affected: 1
[2026-09-07T05:40:21.616+0000] {logging_mixin.py:190} INFO - 💾 บันทึกผลพยากรณ์สำเร็จทั้งหมด 25 เกม สำหรับวันที่ 2026-09-07
[2026-09-07T05:40:21.617+0000] {python.py:240} INFO - Done. Returned value was: None
[2026-09-07T05:40:21.628+0000] {taskinstance.py:340} INFO - ::group::Post task execution logs
[2026-09-07T05:40:21.628+0000] {taskinstance.py:352} INFO - Marking task as SUCCESS. dag_id=steam_discount_prediction_dag, task_id=batch_predict_discounts, run_id=manual__2026-09-07T05:40:06.615263+00:00, execution_date=20260907T054006, start_date=20260907T054020, end_date=20260907T054021
[2026-09-07T05:40:21.673+0000] {local_task_job_runner.py:266} INFO - Task exited with return code 0
[2026-09-07T05:40:21.692+0000] {taskinstance.py:3895} INFO - 0 downstream tasks scheduled from follow-on schedule check
[2026-09-07T05:40:21.694+0000] {local_task_job_runner.py:245} INFO - ::endgroup::
