[2026-09-04T16:10:48.934+0000] {local_task_job_runner.py:123} INFO - ::group::Pre task execution logs
[2026-09-04T16:10:48.953+0000] {taskinstance.py:2613} INFO - Dependencies all met for dep_context=non-requeueable deps ti=<TaskInstance: steam_ccu_pipeline_dag.prepare_training_data manual__2026-09-04T16:10:35.867428+00:00 [queued]>
[2026-09-04T16:10:48.959+0000] {taskinstance.py:2613} INFO - Dependencies all met for dep_context=requeueable deps ti=<TaskInstance: steam_ccu_pipeline_dag.prepare_training_data manual__2026-09-04T16:10:35.867428+00:00 [queued]>
[2026-09-04T16:10:48.960+0000] {taskinstance.py:2866} INFO - Starting attempt 1 of 2
[2026-09-04T16:10:48.972+0000] {taskinstance.py:2889} INFO - Executing <Task(PythonOperator): prepare_training_data> on 2026-09-04 16:10:35.867428+00:00
[2026-09-04T16:10:48.978+0000] {warnings.py:112} WARNING - /home/***/.local/lib/python3.12/site-packages/***/task/task_runner/standard_task_runner.py:70: DeprecationWarning: This process (pid=349) is multi-threaded, use of fork() may lead to deadlocks in the child.
  pid = os.fork()

[2026-09-04T16:10:48.980+0000] {standard_task_runner.py:72} INFO - Started process 351 to run task
[2026-09-04T16:10:48.980+0000] {standard_task_runner.py:104} INFO - Running: ['***', 'tasks', 'run', 'steam_ccu_pipeline_dag', 'prepare_training_data', 'manual__2026-09-04T16:10:35.867428+00:00', '--job-id', '51', '--raw', '--subdir', 'DAGS_FOLDER/ml_03_steam_ccu.py', '--cfg-path', '/tmp/tmpha1ire8v']
[2026-09-04T16:10:48.983+0000] {standard_task_runner.py:105} INFO - Job 51: Subtask prepare_training_data
[2026-09-04T16:10:49.042+0000] {task_command.py:467} INFO - Running <TaskInstance: steam_ccu_pipeline_dag.prepare_training_data manual__2026-09-04T16:10:35.867428+00:00 [running]> on host f2a568a9a0b0
[2026-09-04T16:10:49.309+0000] {taskinstance.py:3132} INFO - Exporting env vars: AIRFLOW_CTX_DAG_OWNER='steam_project' AIRFLOW_CTX_DAG_ID='steam_ccu_pipeline_dag' AIRFLOW_CTX_TASK_ID='prepare_training_data' AIRFLOW_CTX_EXECUTION_DATE='2026-09-04T16:10:35.867428+00:00' AIRFLOW_CTX_TRY_NUMBER='1' AIRFLOW_CTX_DAG_RUN_ID='manual__2026-09-04T16:10:35.867428+00:00'
[2026-09-04T16:10:49.310+0000] {taskinstance.py:731} INFO - ::endgroup::
[2026-09-04T16:10:49.334+0000] {base.py:84} INFO - Retrieving connection 'postgres_target'
[2026-09-04T16:10:49.341+0000] {sql.py:553} INFO - Running statement: 
        SELECT snapshot_date, ccu, discount_pct,
               EXTRACT(DOW FROM snapshot_date) AS dow
        FROM steam_games
        WHERE appid = %s AND ccu IS NOT NULL
        ORDER BY snapshot_date ASC;
        , parameters: (730,)
[2026-09-04T16:10:49.345+0000] {sql.py:562} INFO - Rows affected: 22
[2026-09-04T16:10:49.357+0000] {logging_mixin.py:190} INFO - 📈 ดึงข้อมูลประวัติมาได้ทั้งหมด 22 วัน
[2026-09-04T16:10:49.418+0000] {logging_mixin.py:190} INFO - ✨ สร้าง Feature Dataset สำเร็จ 15 ตัวอย่าง
[2026-09-04T16:10:49.419+0000] {python.py:240} INFO - Done. Returned value was: None
[2026-09-04T16:10:49.433+0000] {taskinstance.py:340} INFO - ::group::Post task execution logs
[2026-09-04T16:10:49.434+0000] {taskinstance.py:352} INFO - Marking task as SUCCESS. dag_id=steam_ccu_pipeline_dag, task_id=prepare_training_data, run_id=manual__2026-09-04T16:10:35.867428+00:00, execution_date=20260904T161035, start_date=20260904T161048, end_date=20260904T161049
[2026-09-04T16:10:49.476+0000] {local_task_job_runner.py:266} INFO - Task exited with return code 0
[2026-09-04T16:10:49.678+0000] {taskinstance.py:3895} INFO - 1 downstream tasks scheduled from follow-on schedule check
[2026-09-04T16:10:49.681+0000] {local_task_job_runner.py:245} INFO - ::endgroup::
