[2026-09-07T05:40:14.697+0000] {local_task_job_runner.py:123} INFO - ::group::Pre task execution logs
[2026-09-07T05:40:14.716+0000] {taskinstance.py:2613} INFO - Dependencies all met for dep_context=non-requeueable deps ti=<TaskInstance: steam_discount_prediction_dag.prepare_discount_data manual__2026-09-07T05:40:06.615263+00:00 [queued]>
[2026-09-07T05:40:14.726+0000] {taskinstance.py:2613} INFO - Dependencies all met for dep_context=requeueable deps ti=<TaskInstance: steam_discount_prediction_dag.prepare_discount_data manual__2026-09-07T05:40:06.615263+00:00 [queued]>
[2026-09-07T05:40:14.726+0000] {taskinstance.py:2866} INFO - Starting attempt 1 of 2
[2026-09-07T05:40:14.738+0000] {taskinstance.py:2889} INFO - Executing <Task(PythonOperator): prepare_discount_data> on 2026-09-07 05:40:06.615263+00:00
[2026-09-07T05:40:14.747+0000] {warnings.py:112} WARNING - /home/***/.local/lib/python3.12/site-packages/***/task/task_runner/standard_task_runner.py:70: DeprecationWarning: This process (pid=175) is multi-threaded, use of fork() may lead to deadlocks in the child.
  pid = os.fork()

[2026-09-07T05:40:14.749+0000] {standard_task_runner.py:72} INFO - Started process 191 to run task
[2026-09-07T05:40:14.753+0000] {standard_task_runner.py:104} INFO - Running: ['***', 'tasks', 'run', 'steam_discount_prediction_dag', 'prepare_discount_data', 'manual__2026-09-07T05:40:06.615263+00:00', '--job-id', '115', '--raw', '--subdir', 'DAGS_FOLDER/ml_04_steam_discount_prediction.py', '--cfg-path', '/tmp/tmpslejbcs1']
[2026-09-07T05:40:14.756+0000] {standard_task_runner.py:105} INFO - Job 115: Subtask prepare_discount_data
[2026-09-07T05:40:14.810+0000] {task_command.py:467} INFO - Running <TaskInstance: steam_discount_prediction_dag.prepare_discount_data manual__2026-09-07T05:40:06.615263+00:00 [running]> on host 6f4d56443a1a
[2026-09-07T05:40:14.942+0000] {taskinstance.py:3132} INFO - Exporting env vars: AIRFLOW_CTX_DAG_OWNER='steam_project' AIRFLOW_CTX_DAG_ID='steam_discount_prediction_dag' AIRFLOW_CTX_TASK_ID='prepare_discount_data' AIRFLOW_CTX_EXECUTION_DATE='2026-09-07T05:40:06.615263+00:00' AIRFLOW_CTX_TRY_NUMBER='1' AIRFLOW_CTX_DAG_RUN_ID='manual__2026-09-07T05:40:06.615263+00:00'
[2026-09-07T05:40:14.944+0000] {taskinstance.py:731} INFO - ::endgroup::
[2026-09-07T05:40:14.972+0000] {base.py:84} INFO - Retrieving connection 'postgres_target'
[2026-09-07T05:40:14.979+0000] {sql.py:553} INFO - Running statement: 
    SELECT snapshot_date, appid, name, price_thb, original_price, discount_pct,
           ccu, review_score, is_free
    FROM steam_games
    WHERE is_free = FALSE AND original_price > 0
    ORDER BY appid, snapshot_date ASC;
    , parameters: None
[2026-09-07T05:40:14.996+0000] {sql.py:562} INFO - Rows affected: 374
[2026-09-07T05:40:15.027+0000] {logging_mixin.py:190} INFO - 📊 ดึงประวัติเกมที่เสียเงินมาได้ทั้งหมด 374 รายการ
[2026-09-07T05:40:15.355+0000] {logging_mixin.py:190} INFO - ✨ สกัด Feature สำเร็จทั้งหมด 374 ตัวอย่าง
[2026-09-07T05:40:15.356+0000] {python.py:240} INFO - Done. Returned value was: None
[2026-09-07T05:40:15.368+0000] {taskinstance.py:340} INFO - ::group::Post task execution logs
[2026-09-07T05:40:15.369+0000] {taskinstance.py:352} INFO - Marking task as SUCCESS. dag_id=steam_discount_prediction_dag, task_id=prepare_discount_data, run_id=manual__2026-09-07T05:40:06.615263+00:00, execution_date=20260907T054006, start_date=20260907T054014, end_date=20260907T054015
[2026-09-07T05:40:15.408+0000] {local_task_job_runner.py:266} INFO - Task exited with return code 0
[2026-09-07T05:40:15.432+0000] {taskinstance.py:3895} INFO - 1 downstream tasks scheduled from follow-on schedule check
[2026-09-07T05:40:15.434+0000] {local_task_job_runner.py:245} INFO - ::endgroup::
