[2026-08-30T18:20:01.885+0000] {local_task_job_runner.py:123} INFO - ::group::Pre task execution logs
[2026-08-30T18:20:01.901+0000] {taskinstance.py:2613} INFO - Dependencies all met for dep_context=non-requeueable deps ti=<TaskInstance: weather_pipeline_dag.get_previous_rmse manual__2026-08-30T18:19:42.970537+00:00 [queued]>
[2026-08-30T18:20:01.907+0000] {taskinstance.py:2613} INFO - Dependencies all met for dep_context=requeueable deps ti=<TaskInstance: weather_pipeline_dag.get_previous_rmse manual__2026-08-30T18:19:42.970537+00:00 [queued]>
[2026-08-30T18:20:01.908+0000] {taskinstance.py:2866} INFO - Starting attempt 1 of 2
[2026-08-30T18:20:01.916+0000] {taskinstance.py:2889} INFO - Executing <Task(PythonOperator): get_previous_rmse> on 2026-08-30 18:19:42.970537+00:00
[2026-08-30T18:20:01.922+0000] {warnings.py:112} WARNING - /home/***/.local/lib/python3.12/site-packages/***/task/task_runner/standard_task_runner.py:70: DeprecationWarning: This process (pid=265) is multi-threaded, use of fork() may lead to deadlocks in the child.
  pid = os.fork()

[2026-08-30T18:20:01.924+0000] {standard_task_runner.py:72} INFO - Started process 273 to run task
[2026-08-30T18:20:01.924+0000] {standard_task_runner.py:104} INFO - Running: ['***', 'tasks', 'run', 'weather_pipeline_dag', 'get_previous_rmse', 'manual__2026-08-30T18:19:42.970537+00:00', '--job-id', '114', '--raw', '--subdir', 'DAGS_FOLDER/ml_02_weather_pipeline.py', '--cfg-path', '/tmp/tmpkaf2m7wd']
[2026-08-30T18:20:01.926+0000] {standard_task_runner.py:105} INFO - Job 114: Subtask get_previous_rmse
[2026-08-30T18:20:01.966+0000] {task_command.py:467} INFO - Running <TaskInstance: weather_pipeline_dag.get_previous_rmse manual__2026-08-30T18:19:42.970537+00:00 [running]> on host 887fc27ebbad
[2026-08-30T18:20:02.184+0000] {taskinstance.py:3132} INFO - Exporting env vars: AIRFLOW_CTX_DAG_OWNER='workshop2' AIRFLOW_CTX_DAG_ID='weather_pipeline_dag' AIRFLOW_CTX_TASK_ID='get_previous_rmse' AIRFLOW_CTX_EXECUTION_DATE='2026-08-30T18:19:42.970537+00:00' AIRFLOW_CTX_TRY_NUMBER='1' AIRFLOW_CTX_DAG_RUN_ID='manual__2026-08-30T18:19:42.970537+00:00'
[2026-08-30T18:20:02.184+0000] {taskinstance.py:731} INFO - ::endgroup::
[2026-08-30T18:20:02.200+0000] {base.py:84} INFO - Retrieving connection 'postgres_target'
[2026-08-30T18:20:02.208+0000] {sql.py:553} INFO - Running statement: SELECT rmse FROM model_metrics WHERE model_name = %s AND deployed = TRUE ORDER BY run_at DESC LIMIT 1;, parameters: ('weather_bangkok',)
[2026-08-30T18:20:02.213+0000] {sql.py:562} INFO - Rows affected: 1
[2026-08-30T18:20:02.222+0000] {logging_mixin.py:190} INFO - RMSE ของโมเดลรอบก่อนหน้า (champion ปัจจุบัน): 0.4173
[2026-08-30T18:20:02.223+0000] {python.py:240} INFO - Done. Returned value was: None
[2026-08-30T18:20:02.231+0000] {taskinstance.py:340} INFO - ::group::Post task execution logs
[2026-08-30T18:20:02.231+0000] {taskinstance.py:352} INFO - Marking task as SUCCESS. dag_id=weather_pipeline_dag, task_id=get_previous_rmse, run_id=manual__2026-08-30T18:19:42.970537+00:00, execution_date=20260830T181942, start_date=20260830T182001, end_date=20260830T182002
[2026-08-30T18:20:02.268+0000] {local_task_job_runner.py:266} INFO - Task exited with return code 0
[2026-08-30T18:20:02.427+0000] {taskinstance.py:3895} INFO - 1 downstream tasks scheduled from follow-on schedule check
[2026-08-30T18:20:02.429+0000] {local_task_job_runner.py:245} INFO - ::endgroup::
