[2026-08-30T18:19:49.000+0000] {local_task_job_runner.py:123} INFO - ::group::Pre task execution logs
[2026-08-30T18:19:49.010+0000] {taskinstance.py:2613} INFO - Dependencies all met for dep_context=non-requeueable deps ti=<TaskInstance: weather_pipeline_dag.bootstrap_historical_data manual__2026-08-30T18:19:42.970537+00:00 [queued]>
[2026-08-30T18:19:49.015+0000] {taskinstance.py:2613} INFO - Dependencies all met for dep_context=requeueable deps ti=<TaskInstance: weather_pipeline_dag.bootstrap_historical_data manual__2026-08-30T18:19:42.970537+00:00 [queued]>
[2026-08-30T18:19:49.015+0000] {taskinstance.py:2866} INFO - Starting attempt 1 of 2
[2026-08-30T18:19:49.021+0000] {taskinstance.py:2889} INFO - Executing <Task(PythonOperator): bootstrap_historical_data> on 2026-08-30 18:19:42.970537+00:00
[2026-08-30T18:19:49.027+0000] {warnings.py:112} WARNING - /home/***/.local/lib/python3.12/site-packages/***/task/task_runner/standard_task_runner.py:70: DeprecationWarning: This process (pid=234) is multi-threaded, use of fork() may lead to deadlocks in the child.
  pid = os.fork()

[2026-08-30T18:19:49.032+0000] {standard_task_runner.py:72} INFO - Started process 235 to run task
[2026-08-30T18:19:49.029+0000] {standard_task_runner.py:104} INFO - Running: ['***', 'tasks', 'run', 'weather_pipeline_dag', 'bootstrap_historical_data', 'manual__2026-08-30T18:19:42.970537+00:00', '--job-id', '109', '--raw', '--subdir', 'DAGS_FOLDER/ml_02_weather_pipeline.py', '--cfg-path', '/tmp/tmpzawdbg_o']
[2026-08-30T18:19:49.033+0000] {standard_task_runner.py:105} INFO - Job 109: Subtask bootstrap_historical_data
[2026-08-30T18:19:49.335+0000] {task_command.py:467} INFO - Running <TaskInstance: weather_pipeline_dag.bootstrap_historical_data manual__2026-08-30T18:19:42.970537+00:00 [running]> on host 887fc27ebbad
[2026-08-30T18:19:49.381+0000] {taskinstance.py:3132} INFO - Exporting env vars: AIRFLOW_CTX_DAG_OWNER='workshop2' AIRFLOW_CTX_DAG_ID='weather_pipeline_dag' AIRFLOW_CTX_TASK_ID='bootstrap_historical_data' AIRFLOW_CTX_EXECUTION_DATE='2026-08-30T18:19:42.970537+00:00' AIRFLOW_CTX_TRY_NUMBER='1' AIRFLOW_CTX_DAG_RUN_ID='manual__2026-08-30T18:19:42.970537+00:00'
[2026-08-30T18:19:49.381+0000] {taskinstance.py:731} INFO - ::endgroup::
[2026-08-30T18:19:49.396+0000] {base.py:84} INFO - Retrieving connection 'postgres_target'
[2026-08-30T18:19:49.405+0000] {sql.py:553} INFO - Running statement: SELECT COUNT(*) FROM weather_history WHERE province = %s;, parameters: ('กรุงเทพฯ',)
[2026-08-30T18:19:49.416+0000] {sql.py:562} INFO - Rows affected: 1
[2026-08-30T18:19:49.416+0000] {logging_mixin.py:190} INFO - มีข้อมูลย้อนหลังอยู่แล้ว 15 วัน (ต้องการอย่างน้อย 14 วัน)
[2026-08-30T18:19:49.417+0000] {logging_mixin.py:190} INFO - ข้อมูลครบแล้ว ข้ามการ bootstrap
[2026-08-30T18:19:49.417+0000] {python.py:240} INFO - Done. Returned value was: None
[2026-08-30T18:19:49.425+0000] {taskinstance.py:340} INFO - ::group::Post task execution logs
[2026-08-30T18:19:49.425+0000] {taskinstance.py:352} INFO - Marking task as SUCCESS. dag_id=weather_pipeline_dag, task_id=bootstrap_historical_data, run_id=manual__2026-08-30T18:19:42.970537+00:00, execution_date=20260830T181942, start_date=20260830T181949, end_date=20260830T181949
[2026-08-30T18:19:49.448+0000] {local_task_job_runner.py:266} INFO - Task exited with return code 0
[2026-08-30T18:19:49.657+0000] {taskinstance.py:3895} INFO - 0 downstream tasks scheduled from follow-on schedule check
[2026-08-30T18:19:49.662+0000] {local_task_job_runner.py:245} INFO - ::endgroup::
