[2026-08-30T16:49:25.237+0000] {local_task_job_runner.py:123} INFO - ::group::Pre task execution logs
[2026-08-30T16:49:25.248+0000] {taskinstance.py:2613} INFO - Dependencies all met for dep_context=non-requeueable deps ti=<TaskInstance: weather_pipeline_dag.evaluate_model manual__2026-08-30T16:49:07.575282+00:00 [queued]>
[2026-08-30T16:49:25.255+0000] {taskinstance.py:2613} INFO - Dependencies all met for dep_context=requeueable deps ti=<TaskInstance: weather_pipeline_dag.evaluate_model manual__2026-08-30T16:49:07.575282+00:00 [queued]>
[2026-08-30T16:49:25.255+0000] {taskinstance.py:2866} INFO - Starting attempt 1 of 2
[2026-08-30T16:49:25.263+0000] {taskinstance.py:2889} INFO - Executing <Task(PythonOperator): evaluate_model> on 2026-08-30 16:49:07.575282+00:00
[2026-08-30T16:49:25.270+0000] {warnings.py:112} WARNING - /home/***/.local/lib/python3.12/site-packages/***/task/task_runner/standard_task_runner.py:70: DeprecationWarning: This process (pid=138) is multi-threaded, use of fork() may lead to deadlocks in the child.
  pid = os.fork()

[2026-08-30T16:49:25.272+0000] {standard_task_runner.py:72} INFO - Started process 139 to run task
[2026-08-30T16:49:25.274+0000] {standard_task_runner.py:104} INFO - Running: ['***', 'tasks', 'run', 'weather_pipeline_dag', 'evaluate_model', 'manual__2026-08-30T16:49:07.575282+00:00', '--job-id', '101', '--raw', '--subdir', 'DAGS_FOLDER/ml_02_weather_pipeline.py', '--cfg-path', '/tmp/tmp89nofo39']
[2026-08-30T16:49:25.276+0000] {standard_task_runner.py:105} INFO - Job 101: Subtask evaluate_model
[2026-08-30T16:49:25.326+0000] {task_command.py:467} INFO - Running <TaskInstance: weather_pipeline_dag.evaluate_model manual__2026-08-30T16:49:07.575282+00:00 [running]> on host f88cd4d3b180
[2026-08-30T16:49:25.755+0000] {taskinstance.py:3132} INFO - Exporting env vars: AIRFLOW_CTX_DAG_OWNER='workshop2' AIRFLOW_CTX_DAG_ID='weather_pipeline_dag' AIRFLOW_CTX_TASK_ID='evaluate_model' AIRFLOW_CTX_EXECUTION_DATE='2026-08-30T16:49:07.575282+00:00' AIRFLOW_CTX_TRY_NUMBER='1' AIRFLOW_CTX_DAG_RUN_ID='manual__2026-08-30T16:49:07.575282+00:00'
[2026-08-30T16:49:25.755+0000] {taskinstance.py:731} INFO - ::endgroup::
[2026-08-30T16:49:26.474+0000] {logging_mixin.py:190} INFO - ประเมินผลโมเดล: RMSE = 0.4680 (ยิ่งต่ำยิ่งดี)
[2026-08-30T16:49:26.474+0000] {python.py:240} INFO - Done. Returned value was: None
[2026-08-30T16:49:26.481+0000] {taskinstance.py:340} INFO - ::group::Post task execution logs
[2026-08-30T16:49:26.482+0000] {taskinstance.py:352} INFO - Marking task as SUCCESS. dag_id=weather_pipeline_dag, task_id=evaluate_model, run_id=manual__2026-08-30T16:49:07.575282+00:00, execution_date=20260830T164907, start_date=20260830T164925, end_date=20260830T164926
[2026-08-30T16:49:26.539+0000] {local_task_job_runner.py:266} INFO - Task exited with return code 0
[2026-08-30T16:49:26.726+0000] {taskinstance.py:3895} INFO - 1 downstream tasks scheduled from follow-on schedule check
[2026-08-30T16:49:26.727+0000] {local_task_job_runner.py:245} INFO - ::endgroup::
