[2026-08-23T15:49:40.614+0000] {local_task_job_runner.py:123} INFO - ::group::Pre task execution logs
[2026-08-23T15:49:40.645+0000] {taskinstance.py:2613} INFO - Dependencies all met for dep_context=non-requeueable deps ti=<TaskInstance: parallel_weather_dag.summarize_weather manual__2026-08-23T15:49:30.297277+00:00 [queued]>
[2026-08-23T15:49:40.665+0000] {taskinstance.py:2613} INFO - Dependencies all met for dep_context=requeueable deps ti=<TaskInstance: parallel_weather_dag.summarize_weather manual__2026-08-23T15:49:30.297277+00:00 [queued]>
[2026-08-23T15:49:40.665+0000] {taskinstance.py:2866} INFO - Starting attempt 1 of 2
[2026-08-23T15:49:40.681+0000] {taskinstance.py:2889} INFO - Executing <Task(PythonOperator): summarize_weather> on 2026-08-23 15:49:30.297277+00:00
[2026-08-23T15:49:40.693+0000] {standard_task_runner.py:104} INFO - Running: ['***', 'tasks', 'run', 'parallel_weather_dag', 'summarize_weather', 'manual__2026-08-23T15:49:30.297277+00:00', '--job-id', '18', '--raw', '--subdir', 'DAGS_FOLDER/04_parallel_weather.py', '--cfg-path', '/tmp/tmpr92n3xck']
[2026-08-23T15:49:40.696+0000] {standard_task_runner.py:105} INFO - Job 18: Subtask summarize_weather
[2026-08-23T15:49:40.687+0000] {warnings.py:112} WARNING - /home/***/.local/lib/python3.12/site-packages/***/task/task_runner/standard_task_runner.py:70: DeprecationWarning: This process (pid=697) is multi-threaded, use of fork() may lead to deadlocks in the child.
  pid = os.fork()

[2026-08-23T15:49:40.700+0000] {standard_task_runner.py:72} INFO - Started process 698 to run task
[2026-08-23T15:49:40.815+0000] {task_command.py:467} INFO - Running <TaskInstance: parallel_weather_dag.summarize_weather manual__2026-08-23T15:49:30.297277+00:00 [running]> on host 417225d49ca8
[2026-08-23T15:49:40.898+0000] {taskinstance.py:3132} INFO - Exporting env vars: AIRFLOW_CTX_DAG_OWNER='workshop' AIRFLOW_CTX_DAG_ID='parallel_weather_dag' AIRFLOW_CTX_TASK_ID='summarize_weather' AIRFLOW_CTX_EXECUTION_DATE='2026-08-23T15:49:30.297277+00:00' AIRFLOW_CTX_TRY_NUMBER='1' AIRFLOW_CTX_DAG_RUN_ID='manual__2026-08-23T15:49:30.297277+00:00'
[2026-08-23T15:49:40.899+0000] {taskinstance.py:731} INFO - ::endgroup::
[2026-08-23T15:49:40.934+0000] {logging_mixin.py:190} INFO - กรุงเทพฯ: 26.3 °C
[2026-08-23T15:49:40.944+0000] {logging_mixin.py:190} INFO - เชียงใหม่: 25.5 °C
[2026-08-23T15:49:40.953+0000] {logging_mixin.py:190} INFO - ขอนแก่น: 27.2 °C
[2026-08-23T15:49:40.967+0000] {logging_mixin.py:190} INFO - ภูเก็ต: 28.6 °C
[2026-08-23T15:49:40.967+0000] {logging_mixin.py:190} INFO - ===== สรุปผล =====
[2026-08-23T15:49:40.968+0000] {logging_mixin.py:190} INFO - จังหวัดที่ร้อนที่สุดตอนนี้: ภูเก็ต (28.6 °C)
[2026-08-23T15:49:40.968+0000] {logging_mixin.py:190} INFO - จังหวัดที่เย็นที่สุดตอนนี้: เชียงใหม่ (25.5 °C)
[2026-08-23T15:49:40.968+0000] {python.py:240} INFO - Done. Returned value was: None
[2026-08-23T15:49:40.986+0000] {taskinstance.py:340} INFO - ::group::Post task execution logs
[2026-08-23T15:49:40.986+0000] {taskinstance.py:352} INFO - Marking task as SUCCESS. dag_id=parallel_weather_dag, task_id=summarize_weather, run_id=manual__2026-08-23T15:49:30.297277+00:00, execution_date=20260823T154930, start_date=20260823T154940, end_date=20260823T154940
[2026-08-23T15:49:41.047+0000] {local_task_job_runner.py:266} INFO - Task exited with return code 0
[2026-08-23T15:49:41.094+0000] {taskinstance.py:3895} INFO - 0 downstream tasks scheduled from follow-on schedule check
[2026-08-23T15:49:41.095+0000] {local_task_job_runner.py:245} INFO - ::endgroup::
