[2026-09-07T06:49:12.567+0000] {local_task_job_runner.py:123} INFO - ::group::Pre task execution logs
[2026-09-07T06:49:12.584+0000] {taskinstance.py:2613} INFO - Dependencies all met for dep_context=non-requeueable deps ti=<TaskInstance: steam_etl_dag.verify_pipeline manual__2026-09-07T06:48:21.119276+00:00 [queued]>
[2026-09-07T06:49:12.592+0000] {taskinstance.py:2613} INFO - Dependencies all met for dep_context=requeueable deps ti=<TaskInstance: steam_etl_dag.verify_pipeline manual__2026-09-07T06:48:21.119276+00:00 [queued]>
[2026-09-07T06:49:12.592+0000] {taskinstance.py:2866} INFO - Starting attempt 1 of 3
[2026-09-07T06:49:12.604+0000] {taskinstance.py:2889} INFO - Executing <Task(PythonOperator): verify_pipeline> on 2026-09-07 06:48:21.119276+00:00
[2026-09-07T06:49:12.609+0000] {warnings.py:112} WARNING - /home/***/.local/lib/python3.12/site-packages/***/task/task_runner/standard_task_runner.py:70: DeprecationWarning: This process (pid=1400) is multi-threaded, use of fork() may lead to deadlocks in the child.
  pid = os.fork()

[2026-09-07T06:49:12.611+0000] {standard_task_runner.py:72} INFO - Started process 1401 to run task
[2026-09-07T06:49:12.611+0000] {standard_task_runner.py:104} INFO - Running: ['***', 'tasks', 'run', 'steam_etl_dag', 'verify_pipeline', 'manual__2026-09-07T06:48:21.119276+00:00', '--job-id', '169', '--raw', '--subdir', 'DAGS_FOLDER/07_etl_steam.py', '--cfg-path', '/tmp/tmpw9nyph5k']
[2026-09-07T06:49:12.612+0000] {standard_task_runner.py:105} INFO - Job 169: Subtask verify_pipeline
[2026-09-07T06:49:12.672+0000] {task_command.py:467} INFO - Running <TaskInstance: steam_etl_dag.verify_pipeline manual__2026-09-07T06:48:21.119276+00:00 [running]> on host 6f4d56443a1a
[2026-09-07T06:49:12.749+0000] {taskinstance.py:3132} INFO - Exporting env vars: AIRFLOW_CTX_DAG_OWNER='steam_project' AIRFLOW_CTX_DAG_ID='steam_etl_dag' AIRFLOW_CTX_TASK_ID='verify_pipeline' AIRFLOW_CTX_EXECUTION_DATE='2026-09-07T06:48:21.119276+00:00' AIRFLOW_CTX_TRY_NUMBER='1' AIRFLOW_CTX_DAG_RUN_ID='manual__2026-09-07T06:48:21.119276+00:00'
[2026-09-07T06:49:12.750+0000] {taskinstance.py:731} INFO - ::endgroup::
[2026-09-07T06:49:12.771+0000] {base.py:84} INFO - Retrieving connection 'postgres_target'
[2026-09-07T06:49:12.777+0000] {sql.py:553} INFO - Running statement: SELECT COUNT(*) FROM steam_games WHERE snapshot_date = %s;, parameters: ('2026-09-07',)
[2026-09-07T06:49:12.779+0000] {sql.py:562} INFO - Rows affected: 1
[2026-09-07T06:49:12.784+0000] {sql.py:553} INFO - Running statement: 
        SELECT name, ccu, price_thb, discount_pct
        FROM steam_games
        WHERE snapshot_date = %s
        ORDER BY ccu DESC
        LIMIT 5;
        , parameters: ('2026-09-07',)
[2026-09-07T06:49:12.786+0000] {sql.py:562} INFO - Rows affected: 5
[2026-09-07T06:49:12.787+0000] {logging_mixin.py:190} INFO - 
==================================================
[2026-09-07T06:49:12.787+0000] {logging_mixin.py:190} INFO - 🎮 สรุปรายงาน Steam ETL ประจำวันที่ 2026-09-07
[2026-09-07T06:49:12.788+0000] {logging_mixin.py:190} INFO - 📊 จำนวนเกมที่บันทึกสำเร็จวันนี้: 25 เกม
[2026-09-07T06:49:12.788+0000] {logging_mixin.py:190} INFO - 🏆 Top 5 เกมที่มีผู้เล่นพร้อมกันสูงสุด (CCU):
[2026-09-07T06:49:12.788+0000] {logging_mixin.py:190} INFO -    #1 Counter-Strike 2 — 531,064 คน | ฟรี
[2026-09-07T06:49:12.788+0000] {logging_mixin.py:190} INFO -    #2 PUBG: BATTLEGROUNDS — 259,269 คน | ฟรี
[2026-09-07T06:49:12.789+0000] {logging_mixin.py:190} INFO -    #3 Apex Legends™ — 93,163 คน | ฟรี
[2026-09-07T06:49:12.789+0000] {logging_mixin.py:190} INFO -    #4 Palworld — 78,527 คน | ฿413.00 (ลด 30%)
[2026-09-07T06:49:12.789+0000] {logging_mixin.py:190} INFO -    #5 Wallpaper Engine — 69,572 คน | ฿115.00
[2026-09-07T06:49:12.790+0000] {logging_mixin.py:190} INFO - ==================================================
[2026-09-07T06:49:12.790+0000] {python.py:240} INFO - Done. Returned value was: None
[2026-09-07T06:49:12.801+0000] {taskinstance.py:340} INFO - ::group::Post task execution logs
[2026-09-07T06:49:12.802+0000] {taskinstance.py:352} INFO - Marking task as SUCCESS. dag_id=steam_etl_dag, task_id=verify_pipeline, run_id=manual__2026-09-07T06:48:21.119276+00:00, execution_date=20260907T064821, start_date=20260907T064912, end_date=20260907T064912
[2026-09-07T06:49:12.826+0000] {local_task_job_runner.py:266} INFO - Task exited with return code 0
[2026-09-07T06:49:12.842+0000] {taskinstance.py:3895} INFO - 0 downstream tasks scheduled from follow-on schedule check
[2026-09-07T06:49:12.844+0000] {local_task_job_runner.py:245} INFO - ::endgroup::
