[2026-09-07T05:40:17.558+0000] {local_task_job_runner.py:123} INFO - ::group::Pre task execution logs
[2026-09-07T05:40:17.573+0000] {taskinstance.py:2613} INFO - Dependencies all met for dep_context=non-requeueable deps ti=<TaskInstance: steam_discount_prediction_dag.train_discount_models manual__2026-09-07T05:40:06.615263+00:00 [queued]>
[2026-09-07T05:40:17.581+0000] {taskinstance.py:2613} INFO - Dependencies all met for dep_context=requeueable deps ti=<TaskInstance: steam_discount_prediction_dag.train_discount_models manual__2026-09-07T05:40:06.615263+00:00 [queued]>
[2026-09-07T05:40:17.582+0000] {taskinstance.py:2866} INFO - Starting attempt 1 of 2
[2026-09-07T05:40:17.596+0000] {taskinstance.py:2889} INFO - Executing <Task(PythonOperator): train_discount_models> on 2026-09-07 05:40:06.615263+00:00
[2026-09-07T05:40:17.606+0000] {warnings.py:112} WARNING - /home/***/.local/lib/python3.12/site-packages/***/task/task_runner/standard_task_runner.py:70: DeprecationWarning: This process (pid=195) is multi-threaded, use of fork() may lead to deadlocks in the child.
  pid = os.fork()

[2026-09-07T05:40:17.608+0000] {standard_task_runner.py:72} INFO - Started process 213 to run task
[2026-09-07T05:40:17.608+0000] {standard_task_runner.py:104} INFO - Running: ['***', 'tasks', 'run', 'steam_discount_prediction_dag', 'train_discount_models', 'manual__2026-09-07T05:40:06.615263+00:00', '--job-id', '118', '--raw', '--subdir', 'DAGS_FOLDER/ml_04_steam_discount_prediction.py', '--cfg-path', '/tmp/tmpv8j6ikv8']
[2026-09-07T05:40:17.610+0000] {standard_task_runner.py:105} INFO - Job 118: Subtask train_discount_models
[2026-09-07T05:40:17.672+0000] {task_command.py:467} INFO - Running <TaskInstance: steam_discount_prediction_dag.train_discount_models manual__2026-09-07T05:40:06.615263+00:00 [running]> on host 6f4d56443a1a
[2026-09-07T05:40:17.750+0000] {taskinstance.py:3132} INFO - Exporting env vars: AIRFLOW_CTX_DAG_OWNER='steam_project' AIRFLOW_CTX_DAG_ID='steam_discount_prediction_dag' AIRFLOW_CTX_TASK_ID='train_discount_models' AIRFLOW_CTX_EXECUTION_DATE='2026-09-07T05:40:06.615263+00:00' AIRFLOW_CTX_TRY_NUMBER='1' AIRFLOW_CTX_DAG_RUN_ID='manual__2026-09-07T05:40:06.615263+00:00'
[2026-09-07T05:40:17.751+0000] {taskinstance.py:731} INFO - ::endgroup::
[2026-09-07T05:40:18.356+0000] {logging_mixin.py:190} INFO - 🤖 เทรน Discount Classifier สำเร็จ (Validation Accuracy: 98.67%)
[2026-09-07T05:40:18.356+0000] {logging_mixin.py:190} INFO - 🤖 เทรน Discount Regressor สำเร็จ
[2026-09-07T05:40:18.357+0000] {logging_mixin.py:190} INFO - 💾 บันทึกไฟล์โมเดลไว้ที่ /opt/***/models/discount_models
[2026-09-07T05:40:18.370+0000] {python.py:240} INFO - Done. Returned value was: None
[2026-09-07T05:40:18.380+0000] {taskinstance.py:340} INFO - ::group::Post task execution logs
[2026-09-07T05:40:18.381+0000] {taskinstance.py:352} INFO - Marking task as SUCCESS. dag_id=steam_discount_prediction_dag, task_id=train_discount_models, run_id=manual__2026-09-07T05:40:06.615263+00:00, execution_date=20260907T054006, start_date=20260907T054017, end_date=20260907T054018
[2026-09-07T05:40:18.425+0000] {local_task_job_runner.py:266} INFO - Task exited with return code 0
[2026-09-07T05:40:18.451+0000] {taskinstance.py:3895} INFO - 1 downstream tasks scheduled from follow-on schedule check
[2026-09-07T05:40:18.453+0000] {local_task_job_runner.py:245} INFO - ::endgroup::
