[2026-09-07T06:48:34.499+0000] {local_task_job_runner.py:123} INFO - ::group::Pre task execution logs
[2026-09-07T06:48:34.514+0000] {taskinstance.py:2613} INFO - Dependencies all met for dep_context=non-requeueable deps ti=<TaskInstance: steam_discount_prediction_dag.prepare_discount_data manual__2026-09-07T06:48:24.836907+00:00 [queued]>
[2026-09-07T06:48:34.520+0000] {taskinstance.py:2613} INFO - Dependencies all met for dep_context=requeueable deps ti=<TaskInstance: steam_discount_prediction_dag.prepare_discount_data manual__2026-09-07T06:48:24.836907+00:00 [queued]>
[2026-09-07T06:48:34.521+0000] {taskinstance.py:2866} INFO - Starting attempt 1 of 2
[2026-09-07T06:48:34.533+0000] {taskinstance.py:2889} INFO - Executing <Task(PythonOperator): prepare_discount_data> on 2026-09-07 06:48:24.836907+00:00
[2026-09-07T06:48:34.541+0000] {warnings.py:112} WARNING - /home/***/.local/lib/python3.12/site-packages/***/task/task_runner/standard_task_runner.py:70: DeprecationWarning: This process (pid=1277) is multi-threaded, use of fork() may lead to deadlocks in the child.
  pid = os.fork()

[2026-09-07T06:48:34.543+0000] {standard_task_runner.py:72} INFO - Started process 1296 to run task
[2026-09-07T06:48:34.543+0000] {standard_task_runner.py:104} INFO - Running: ['***', 'tasks', 'run', 'steam_discount_prediction_dag', 'prepare_discount_data', 'manual__2026-09-07T06:48:24.836907+00:00', '--job-id', '155', '--raw', '--subdir', 'DAGS_FOLDER/ml_04_steam_discount_prediction.py', '--cfg-path', '/tmp/tmp01p37i26']
[2026-09-07T06:48:34.545+0000] {standard_task_runner.py:105} INFO - Job 155: Subtask prepare_discount_data
[2026-09-07T06:48:34.603+0000] {task_command.py:467} INFO - Running <TaskInstance: steam_discount_prediction_dag.prepare_discount_data manual__2026-09-07T06:48:24.836907+00:00 [running]> on host 6f4d56443a1a
[2026-09-07T06:48:34.678+0000] {taskinstance.py:3132} INFO - Exporting env vars: AIRFLOW_CTX_DAG_OWNER='steam_project' AIRFLOW_CTX_DAG_ID='steam_discount_prediction_dag' AIRFLOW_CTX_TASK_ID='prepare_discount_data' AIRFLOW_CTX_EXECUTION_DATE='2026-09-07T06:48:24.836907+00:00' AIRFLOW_CTX_TRY_NUMBER='1' AIRFLOW_CTX_DAG_RUN_ID='manual__2026-09-07T06:48:24.836907+00:00'
[2026-09-07T06:48:34.679+0000] {taskinstance.py:731} INFO - ::endgroup::
[2026-09-07T06:48:34.703+0000] {base.py:84} INFO - Retrieving connection 'postgres_target'
[2026-09-07T06:48:34.709+0000] {sql.py:553} INFO - Running statement: 
    SELECT snapshot_date, appid, name, price_thb, original_price, discount_pct,
           ccu, review_score, is_free
    FROM steam_games
    WHERE is_free = FALSE AND original_price > 0
    ORDER BY appid, snapshot_date ASC;
    , parameters: None
[2026-09-07T06:48:34.713+0000] {sql.py:562} INFO - Rows affected: 391
[2026-09-07T06:48:34.715+0000] {logging_mixin.py:190} INFO - 📊 ดึงประวัติเกมที่เสียเงินมาได้ทั้งหมด 391 รายการ
[2026-09-07T06:48:34.973+0000] {logging_mixin.py:190} INFO - ✨ สกัด Feature สำเร็จทั้งหมด 391 ตัวอย่าง
[2026-09-07T06:48:34.973+0000] {python.py:240} INFO - Done. Returned value was: None
[2026-09-07T06:48:34.984+0000] {taskinstance.py:340} INFO - ::group::Post task execution logs
[2026-09-07T06:48:34.985+0000] {taskinstance.py:352} INFO - Marking task as SUCCESS. dag_id=steam_discount_prediction_dag, task_id=prepare_discount_data, run_id=manual__2026-09-07T06:48:24.836907+00:00, execution_date=20260907T064824, start_date=20260907T064834, end_date=20260907T064834
[2026-09-07T06:48:35.039+0000] {local_task_job_runner.py:266} INFO - Task exited with return code 0
[2026-09-07T06:48:35.105+0000] {taskinstance.py:3895} INFO - 1 downstream tasks scheduled from follow-on schedule check
[2026-09-07T06:48:35.108+0000] {local_task_job_runner.py:245} INFO - ::endgroup::
