[2026-08-23T15:49:35.543+0000] {local_task_job_runner.py:123} INFO - ::group::Pre task execution logs
[2026-08-23T15:49:35.745+0000] {taskinstance.py:2613} INFO - Dependencies all met for dep_context=non-requeueable deps ti=<TaskInstance: parallel_weather_dag.fetch_khon_kaen manual__2026-08-23T15:49:30.297277+00:00 [queued]>
[2026-08-23T15:49:35.934+0000] {taskinstance.py:2613} INFO - Dependencies all met for dep_context=requeueable deps ti=<TaskInstance: parallel_weather_dag.fetch_khon_kaen manual__2026-08-23T15:49:30.297277+00:00 [queued]>
[2026-08-23T15:49:35.942+0000] {taskinstance.py:2866} INFO - Starting attempt 1 of 2
[2026-08-23T15:49:36.093+0000] {taskinstance.py:2889} INFO - Executing <Task(PythonOperator): fetch_khon_kaen> on 2026-08-23 15:49:30.297277+00:00
[2026-08-23T15:49:36.192+0000] {warnings.py:112} WARNING - /home/***/.local/lib/python3.12/site-packages/***/task/task_runner/standard_task_runner.py:70: DeprecationWarning: This process (pid=687) is multi-threaded, use of fork() may lead to deadlocks in the child.
  pid = os.fork()

[2026-08-23T15:49:36.222+0000] {standard_task_runner.py:72} INFO - Started process 693 to run task
[2026-08-23T15:49:36.228+0000] {standard_task_runner.py:104} INFO - Running: ['***', 'tasks', 'run', 'parallel_weather_dag', 'fetch_khon_kaen', 'manual__2026-08-23T15:49:30.297277+00:00', '--job-id', '16', '--raw', '--subdir', 'DAGS_FOLDER/04_parallel_weather.py', '--cfg-path', '/tmp/tmph05irh_d']
[2026-08-23T15:49:36.239+0000] {standard_task_runner.py:105} INFO - Job 16: Subtask fetch_khon_kaen
[2026-08-23T15:49:36.457+0000] {task_command.py:467} INFO - Running <TaskInstance: parallel_weather_dag.fetch_khon_kaen manual__2026-08-23T15:49:30.297277+00:00 [running]> on host 417225d49ca8
[2026-08-23T15:49:36.686+0000] {taskinstance.py:3132} INFO - Exporting env vars: AIRFLOW_CTX_DAG_OWNER='workshop' AIRFLOW_CTX_DAG_ID='parallel_weather_dag' AIRFLOW_CTX_TASK_ID='fetch_khon_kaen' AIRFLOW_CTX_EXECUTION_DATE='2026-08-23T15:49:30.297277+00:00' AIRFLOW_CTX_TRY_NUMBER='1' AIRFLOW_CTX_DAG_RUN_ID='manual__2026-08-23T15:49:30.297277+00:00'
[2026-08-23T15:49:36.688+0000] {taskinstance.py:731} INFO - ::endgroup::
[2026-08-23T15:49:37.665+0000] {logging_mixin.py:190} INFO - ขอนแก่น: อุณหภูมิปัจจุบัน 27.2 °C
[2026-08-23T15:49:37.728+0000] {python.py:240} INFO - Done. Returned value was: None
[2026-08-23T15:49:37.779+0000] {taskinstance.py:340} INFO - ::group::Post task execution logs
[2026-08-23T15:49:37.782+0000] {taskinstance.py:352} INFO - Marking task as SUCCESS. dag_id=parallel_weather_dag, task_id=fetch_khon_kaen, run_id=manual__2026-08-23T15:49:30.297277+00:00, execution_date=20260823T154930, start_date=20260823T154935, end_date=20260823T154937
[2026-08-23T15:49:37.897+0000] {local_task_job_runner.py:266} INFO - Task exited with return code 0
[2026-08-23T15:49:37.991+0000] {taskinstance.py:3895} INFO - 0 downstream tasks scheduled from follow-on schedule check
[2026-08-23T15:49:37.992+0000] {local_task_job_runner.py:245} INFO - ::endgroup::
