[2026-09-07T06:48:47.150+0000] {local_task_job_runner.py:123} INFO - ::group::Pre task execution logs
[2026-09-07T06:48:47.166+0000] {taskinstance.py:2613} INFO - Dependencies all met for dep_context=non-requeueable deps ti=<TaskInstance: steam_ccu_pipeline_dag.decide_deploy manual__2026-09-07T06:48:27.440072+00:00 [queued]>
[2026-09-07T06:48:47.174+0000] {taskinstance.py:2613} INFO - Dependencies all met for dep_context=requeueable deps ti=<TaskInstance: steam_ccu_pipeline_dag.decide_deploy manual__2026-09-07T06:48:27.440072+00:00 [queued]>
[2026-09-07T06:48:47.174+0000] {taskinstance.py:2866} INFO - Starting attempt 1 of 2
[2026-09-07T06:48:47.186+0000] {taskinstance.py:2889} INFO - Executing <Task(BranchPythonOperator): decide_deploy> on 2026-09-07 06:48:27.440072+00:00
[2026-09-07T06:48:47.193+0000] {warnings.py:112} WARNING - /home/***/.local/lib/python3.12/site-packages/***/task/task_runner/standard_task_runner.py:70: DeprecationWarning: This process (pid=1379) is multi-threaded, use of fork() may lead to deadlocks in the child.
  pid = os.fork()

[2026-09-07T06:48:47.194+0000] {standard_task_runner.py:72} INFO - Started process 1381 to run task
[2026-09-07T06:48:47.194+0000] {standard_task_runner.py:104} INFO - Running: ['***', 'tasks', 'run', 'steam_ccu_pipeline_dag', 'decide_deploy', 'manual__2026-09-07T06:48:27.440072+00:00', '--job-id', '163', '--raw', '--subdir', 'DAGS_FOLDER/ml_03_steam_ccu.py', '--cfg-path', '/tmp/tmp7z8kkmac']
[2026-09-07T06:48:47.197+0000] {standard_task_runner.py:105} INFO - Job 163: Subtask decide_deploy
[2026-09-07T06:48:47.252+0000] {task_command.py:467} INFO - Running <TaskInstance: steam_ccu_pipeline_dag.decide_deploy manual__2026-09-07T06:48:27.440072+00:00 [running]> on host 6f4d56443a1a
[2026-09-07T06:48:47.501+0000] {taskinstance.py:3132} INFO - Exporting env vars: AIRFLOW_CTX_DAG_OWNER='steam_project' AIRFLOW_CTX_DAG_ID='steam_ccu_pipeline_dag' AIRFLOW_CTX_TASK_ID='decide_deploy' AIRFLOW_CTX_EXECUTION_DATE='2026-09-07T06:48:27.440072+00:00' AIRFLOW_CTX_TRY_NUMBER='1' AIRFLOW_CTX_DAG_RUN_ID='manual__2026-09-07T06:48:27.440072+00:00'
[2026-09-07T06:48:47.502+0000] {taskinstance.py:731} INFO - ::endgroup::
[2026-09-07T06:48:47.512+0000] {baseoperator.py:421} WARNING - BranchPythonOperator.execute cannot be called outside TaskInstance!
[2026-09-07T06:48:47.530+0000] {logging_mixin.py:190} INFO - ⏹️ Champion เดิม (RMSE 41,991.36) ยังดีกว่า Candidate (41,991.36) -> เลือก skip_deploy
[2026-09-07T06:48:47.531+0000] {python.py:240} INFO - Done. Returned value was: skip_deploy
[2026-09-07T06:48:47.531+0000] {branch.py:38} INFO - Branch into skip_deploy
[2026-09-07T06:48:47.532+0000] {skipmixin.py:230} INFO - Following branch ('skip_deploy',)
[2026-09-07T06:48:47.542+0000] {skipmixin.py:278} INFO - Skipping tasks [('deploy_model', -1)]
[2026-09-07T06:48:47.571+0000] {taskinstance.py:340} INFO - ::group::Post task execution logs
[2026-09-07T06:48:47.572+0000] {taskinstance.py:352} INFO - Marking task as SUCCESS. dag_id=steam_ccu_pipeline_dag, task_id=decide_deploy, run_id=manual__2026-09-07T06:48:27.440072+00:00, execution_date=20260907T064827, start_date=20260907T064847, end_date=20260907T064847
[2026-09-07T06:48:47.610+0000] {local_task_job_runner.py:266} INFO - Task exited with return code 0
[2026-09-07T06:48:47.795+0000] {taskinstance.py:3895} INFO - 1 downstream tasks scheduled from follow-on schedule check
[2026-09-07T06:48:47.799+0000] {local_task_job_runner.py:245} INFO - ::endgroup::
