[2026-08-30T18:19:59.401+0000] {local_task_job_runner.py:123} INFO - ::group::Pre task execution logs
[2026-08-30T18:19:59.413+0000] {taskinstance.py:2613} INFO - Dependencies all met for dep_context=non-requeueable deps ti=<TaskInstance: weather_pipeline_dag.evaluate_model manual__2026-08-30T18:19:42.970537+00:00 [queued]>
[2026-08-30T18:19:59.418+0000] {taskinstance.py:2613} INFO - Dependencies all met for dep_context=requeueable deps ti=<TaskInstance: weather_pipeline_dag.evaluate_model manual__2026-08-30T18:19:42.970537+00:00 [queued]>
[2026-08-30T18:19:59.418+0000] {taskinstance.py:2866} INFO - Starting attempt 1 of 2
[2026-08-30T18:19:59.425+0000] {taskinstance.py:2889} INFO - Executing <Task(PythonOperator): evaluate_model> on 2026-08-30 18:19:42.970537+00:00
[2026-08-30T18:19:59.435+0000] {warnings.py:112} WARNING - /home/***/.local/lib/python3.12/site-packages/***/task/task_runner/standard_task_runner.py:70: DeprecationWarning: This process (pid=254) is multi-threaded, use of fork() may lead to deadlocks in the child.
  pid = os.fork()

[2026-08-30T18:19:59.437+0000] {standard_task_runner.py:72} INFO - Started process 255 to run task
[2026-08-30T18:19:59.436+0000] {standard_task_runner.py:104} INFO - Running: ['***', 'tasks', 'run', 'weather_pipeline_dag', 'evaluate_model', 'manual__2026-08-30T18:19:42.970537+00:00', '--job-id', '113', '--raw', '--subdir', 'DAGS_FOLDER/ml_02_weather_pipeline.py', '--cfg-path', '/tmp/tmpy1uwik0m']
[2026-08-30T18:19:59.440+0000] {standard_task_runner.py:105} INFO - Job 113: Subtask evaluate_model
[2026-08-30T18:19:59.509+0000] {task_command.py:467} INFO - Running <TaskInstance: weather_pipeline_dag.evaluate_model manual__2026-08-30T18:19:42.970537+00:00 [running]> on host 887fc27ebbad
[2026-08-30T18:20:00.022+0000] {taskinstance.py:3132} INFO - Exporting env vars: AIRFLOW_CTX_DAG_OWNER='workshop2' AIRFLOW_CTX_DAG_ID='weather_pipeline_dag' AIRFLOW_CTX_TASK_ID='evaluate_model' AIRFLOW_CTX_EXECUTION_DATE='2026-08-30T18:19:42.970537+00:00' AIRFLOW_CTX_TRY_NUMBER='1' AIRFLOW_CTX_DAG_RUN_ID='manual__2026-08-30T18:19:42.970537+00:00'
[2026-08-30T18:20:00.022+0000] {taskinstance.py:731} INFO - ::endgroup::
[2026-08-30T18:20:00.787+0000] {logging_mixin.py:190} INFO - ประเมินผลโมเดล: RMSE = 1.0734 (ยิ่งต่ำยิ่งดี)
[2026-08-30T18:20:00.788+0000] {python.py:240} INFO - Done. Returned value was: None
[2026-08-30T18:20:00.797+0000] {taskinstance.py:340} INFO - ::group::Post task execution logs
[2026-08-30T18:20:00.797+0000] {taskinstance.py:352} INFO - Marking task as SUCCESS. dag_id=weather_pipeline_dag, task_id=evaluate_model, run_id=manual__2026-08-30T18:19:42.970537+00:00, execution_date=20260830T181942, start_date=20260830T181959, end_date=20260830T182000
[2026-08-30T18:20:00.833+0000] {local_task_job_runner.py:266} INFO - Task exited with return code 0
[2026-08-30T18:20:01.220+0000] {taskinstance.py:3895} INFO - 1 downstream tasks scheduled from follow-on schedule check
[2026-08-30T18:20:01.221+0000] {local_task_job_runner.py:245} INFO - ::endgroup::
