[2026-08-30T16:36:34.746+0000] {local_task_job_runner.py:123} INFO - ::group::Pre task execution logs
[2026-08-30T16:36:34.757+0000] {taskinstance.py:2613} INFO - Dependencies all met for dep_context=non-requeueable deps ti=<TaskInstance: weather_pipeline_dag.log_result manual__2026-08-30T16:36:07.537840+00:00 [queued]>
[2026-08-30T16:36:34.762+0000] {taskinstance.py:2613} INFO - Dependencies all met for dep_context=requeueable deps ti=<TaskInstance: weather_pipeline_dag.log_result manual__2026-08-30T16:36:07.537840+00:00 [queued]>
[2026-08-30T16:36:34.762+0000] {taskinstance.py:2866} INFO - Starting attempt 1 of 2
[2026-08-30T16:36:34.767+0000] {taskinstance.py:2889} INFO - Executing <Task(PythonOperator): log_result> on 2026-08-30 16:36:07.537840+00:00
[2026-08-30T16:36:34.772+0000] {warnings.py:112} WARNING - /home/***/.local/lib/python3.12/site-packages/***/task/task_runner/standard_task_runner.py:70: DeprecationWarning: This process (pid=1301) is multi-threaded, use of fork() may lead to deadlocks in the child.
  pid = os.fork()

[2026-08-30T16:36:34.774+0000] {standard_task_runner.py:72} INFO - Started process 1302 to run task
[2026-08-30T16:36:34.774+0000] {standard_task_runner.py:104} INFO - Running: ['***', 'tasks', 'run', 'weather_pipeline_dag', 'log_result', 'manual__2026-08-30T16:36:07.537840+00:00', '--job-id', '93', '--raw', '--subdir', 'DAGS_FOLDER/ml_02_weather_pipeline.py', '--cfg-path', '/tmp/tmpobl9q_9x']
[2026-08-30T16:36:34.776+0000] {standard_task_runner.py:105} INFO - Job 93: Subtask log_result
[2026-08-30T16:36:34.808+0000] {task_command.py:467} INFO - Running <TaskInstance: weather_pipeline_dag.log_result manual__2026-08-30T16:36:07.537840+00:00 [running]> on host 191b4096755e
[2026-08-30T16:36:35.100+0000] {taskinstance.py:3132} INFO - Exporting env vars: AIRFLOW_CTX_DAG_OWNER='workshop2' AIRFLOW_CTX_DAG_ID='weather_pipeline_dag' AIRFLOW_CTX_TASK_ID='log_result' AIRFLOW_CTX_EXECUTION_DATE='2026-08-30T16:36:07.537840+00:00' AIRFLOW_CTX_TRY_NUMBER='1' AIRFLOW_CTX_DAG_RUN_ID='manual__2026-08-30T16:36:07.537840+00:00'
[2026-08-30T16:36:35.101+0000] {taskinstance.py:731} INFO - ::endgroup::
[2026-08-30T16:36:35.125+0000] {base.py:84} INFO - Retrieving connection 'postgres_target'
[2026-08-30T16:36:35.130+0000] {sql.py:553} INFO - Running statement: INSERT INTO model_metrics (model_name, rmse, deployed) VALUES (%s, %s, %s);, parameters: ('weather_bangkok', 0.41729326218700613, True)
[2026-08-30T16:36:35.132+0000] {sql.py:562} INFO - Rows affected: 1
[2026-08-30T16:36:35.133+0000] {logging_mixin.py:190} INFO - ===== สรุปผล Stage 2 (weather pipeline) =====
[2026-08-30T16:36:35.133+0000] {logging_mixin.py:190} INFO - RMSE: 0.4173
[2026-08-30T16:36:35.133+0000] {logging_mixin.py:190} INFO - Deploy รอบนี้: ใช่
[2026-08-30T16:36:35.133+0000] {python.py:240} INFO - Done. Returned value was: None
[2026-08-30T16:36:35.141+0000] {taskinstance.py:340} INFO - ::group::Post task execution logs
[2026-08-30T16:36:35.141+0000] {taskinstance.py:352} INFO - Marking task as SUCCESS. dag_id=weather_pipeline_dag, task_id=log_result, run_id=manual__2026-08-30T16:36:07.537840+00:00, execution_date=20260830T163607, start_date=20260830T163634, end_date=20260830T163635
[2026-08-30T16:36:35.159+0000] {local_task_job_runner.py:266} INFO - Task exited with return code 0
[2026-08-30T16:36:35.175+0000] {taskinstance.py:3895} INFO - 0 downstream tasks scheduled from follow-on schedule check
[2026-08-30T16:36:35.175+0000] {local_task_job_runner.py:245} INFO - ::endgroup::
