[2026-08-23T14:46:12.641+0000] {local_task_job_runner.py:123} INFO - ::group::Pre task execution logs
[2026-08-23T14:46:12.708+0000] {taskinstance.py:2613} INFO - Dependencies all met for dep_context=non-requeueable deps ti=<TaskInstance: xcom_dag.load_task manual__2026-08-23T14:46:02.206969+00:00 [queued]>
[2026-08-23T14:46:12.738+0000] {taskinstance.py:2613} INFO - Dependencies all met for dep_context=requeueable deps ti=<TaskInstance: xcom_dag.load_task manual__2026-08-23T14:46:02.206969+00:00 [queued]>
[2026-08-23T14:46:12.744+0000] {taskinstance.py:2866} INFO - Starting attempt 1 of 2
[2026-08-23T14:46:12.769+0000] {taskinstance.py:2889} INFO - Executing <Task(PythonOperator): load_task> on 2026-08-23 14:46:02.206969+00:00
[2026-08-23T14:46:12.835+0000] {warnings.py:112} WARNING - /home/***/.local/lib/python3.12/site-packages/***/task/task_runner/standard_task_runner.py:70: DeprecationWarning: This process (pid=1119) is multi-threaded, use of fork() may lead to deadlocks in the child.
  pid = os.fork()

[2026-08-23T14:46:12.848+0000] {standard_task_runner.py:72} INFO - Started process 1120 to run task
[2026-08-23T14:46:12.850+0000] {standard_task_runner.py:104} INFO - Running: ['***', 'tasks', 'run', 'xcom_dag', 'load_task', 'manual__2026-08-23T14:46:02.206969+00:00', '--job-id', '7', '--raw', '--subdir', 'DAGS_FOLDER/02_xcom_dag.py', '--cfg-path', '/tmp/tmp7bp8mxd7']
[2026-08-23T14:46:12.868+0000] {standard_task_runner.py:105} INFO - Job 7: Subtask load_task
[2026-08-23T14:46:13.594+0000] {task_command.py:467} INFO - Running <TaskInstance: xcom_dag.load_task manual__2026-08-23T14:46:02.206969+00:00 [running]> on host 638756537bf9
[2026-08-23T14:46:13.979+0000] {taskinstance.py:3132} INFO - Exporting env vars: AIRFLOW_CTX_DAG_OWNER='workshop' AIRFLOW_CTX_DAG_ID='xcom_dag' AIRFLOW_CTX_TASK_ID='load_task' AIRFLOW_CTX_EXECUTION_DATE='2026-08-23T14:46:02.206969+00:00' AIRFLOW_CTX_TRY_NUMBER='1' AIRFLOW_CTX_DAG_RUN_ID='manual__2026-08-23T14:46:02.206969+00:00'
[2026-08-23T14:46:13.993+0000] {taskinstance.py:731} INFO - ::endgroup::
[2026-08-23T14:46:14.485+0000] {logging_mixin.py:190} INFO - ===== สรุปผล (Load) =====
[2026-08-23T14:46:14.500+0000] {logging_mixin.py:190} INFO - ข้อมูลดิบจาก extract_task : [15, 42, 8]
[2026-08-23T14:46:14.501+0000] {logging_mixin.py:190} INFO - ข้อมูลหลังแปลงจาก transform_task : [30, 84, 16]
[2026-08-23T14:46:14.502+0000] {logging_mixin.py:190} INFO - ผลรวม : 130
[2026-08-23T14:46:14.502+0000] {logging_mixin.py:190} INFO - บันทึกผลลัพธ์เรียบร้อย (จำลอง)
[2026-08-23T14:46:14.504+0000] {python.py:240} INFO - Done. Returned value was: 130
[2026-08-23T14:46:14.620+0000] {taskinstance.py:340} INFO - ::group::Post task execution logs
[2026-08-23T14:46:14.623+0000] {taskinstance.py:352} INFO - Marking task as SUCCESS. dag_id=xcom_dag, task_id=load_task, run_id=manual__2026-08-23T14:46:02.206969+00:00, execution_date=20260823T144602, start_date=20260823T144612, end_date=20260823T144614
[2026-08-23T14:46:14.835+0000] {local_task_job_runner.py:266} INFO - Task exited with return code 0
[2026-08-23T14:46:15.352+0000] {taskinstance.py:3895} INFO - 0 downstream tasks scheduled from follow-on schedule check
[2026-08-23T14:46:15.372+0000] {local_task_job_runner.py:245} INFO - ::endgroup::
