[2026-08-23T16:09:24.563+0000] {local_task_job_runner.py:123} INFO - ::group::Pre task execution logs
[2026-08-23T16:09:24.602+0000] {taskinstance.py:2613} INFO - Dependencies all met for dep_context=non-requeueable deps ti=<TaskInstance: etl_weather_postgres_dag.extract_phuket manual__2026-08-23T16:09:19.724658+00:00 [queued]>
[2026-08-23T16:09:24.623+0000] {taskinstance.py:2613} INFO - Dependencies all met for dep_context=requeueable deps ti=<TaskInstance: etl_weather_postgres_dag.extract_phuket manual__2026-08-23T16:09:19.724658+00:00 [queued]>
[2026-08-23T16:09:24.625+0000] {taskinstance.py:2866} INFO - Starting attempt 1 of 2
[2026-08-23T16:09:24.654+0000] {taskinstance.py:2889} INFO - Executing <Task(PythonOperator): extract_phuket> on 2026-08-23 16:09:19.724658+00:00
[2026-08-23T16:09:24.678+0000] {warnings.py:112} WARNING - /home/***/.local/lib/python3.12/site-packages/***/task/task_runner/standard_task_runner.py:70: DeprecationWarning: This process (pid=959) is multi-threaded, use of fork() may lead to deadlocks in the child.
  pid = os.fork()

[2026-08-23T16:09:24.681+0000] {standard_task_runner.py:72} INFO - Started process 966 to run task
[2026-08-23T16:09:24.696+0000] {standard_task_runner.py:104} INFO - Running: ['***', 'tasks', 'run', 'etl_weather_postgres_dag', 'extract_phuket', 'manual__2026-08-23T16:09:19.724658+00:00', '--job-id', '21', '--raw', '--subdir', 'DAGS_FOLDER/05_etl_weather_postgres.py', '--cfg-path', '/tmp/tmpcdxu2hrq']
[2026-08-23T16:09:24.704+0000] {standard_task_runner.py:105} INFO - Job 21: Subtask extract_phuket
[2026-08-23T16:09:24.869+0000] {task_command.py:467} INFO - Running <TaskInstance: etl_weather_postgres_dag.extract_phuket manual__2026-08-23T16:09:19.724658+00:00 [running]> on host 417225d49ca8
[2026-08-23T16:09:25.089+0000] {taskinstance.py:3132} INFO - Exporting env vars: AIRFLOW_CTX_DAG_OWNER='workshop' AIRFLOW_CTX_DAG_ID='etl_weather_postgres_dag' AIRFLOW_CTX_TASK_ID='extract_phuket' AIRFLOW_CTX_EXECUTION_DATE='2026-08-23T16:09:19.724658+00:00' AIRFLOW_CTX_TRY_NUMBER='1' AIRFLOW_CTX_DAG_RUN_ID='manual__2026-08-23T16:09:19.724658+00:00'
[2026-08-23T16:09:25.093+0000] {taskinstance.py:731} INFO - ::endgroup::
[2026-08-23T16:09:26.442+0000] {logging_mixin.py:190} INFO - ดึงข้อมูล ภูเก็ต สำเร็จ: {'province': 'ภูเก็ต', 'temperature': 28.6, 'windspeed': 7.1, 'weathercode': 2, 'recorded_at': '2026-08-23T16:00'}
[2026-08-23T16:09:26.553+0000] {python.py:240} INFO - Done. Returned value was: None
[2026-08-23T16:09:26.597+0000] {taskinstance.py:340} INFO - ::group::Post task execution logs
[2026-08-23T16:09:26.600+0000] {taskinstance.py:352} INFO - Marking task as SUCCESS. dag_id=etl_weather_postgres_dag, task_id=extract_phuket, run_id=manual__2026-08-23T16:09:19.724658+00:00, execution_date=20260823T160919, start_date=20260823T160924, end_date=20260823T160926
[2026-08-23T16:09:26.670+0000] {local_task_job_runner.py:266} INFO - Task exited with return code 0
[2026-08-23T16:09:26.939+0000] {taskinstance.py:3895} INFO - 0 downstream tasks scheduled from follow-on schedule check
[2026-08-23T16:09:26.963+0000] {local_task_job_runner.py:245} INFO - ::endgroup::
