[2026-08-23T15:49:33.509+0000] {local_task_job_runner.py:123} INFO - ::group::Pre task execution logs
[2026-08-23T15:49:33.537+0000] {taskinstance.py:2613} INFO - Dependencies all met for dep_context=non-requeueable deps ti=<TaskInstance: parallel_weather_dag.fetch_chiang_mai manual__2026-08-23T15:49:30.297277+00:00 [queued]>
[2026-08-23T15:49:33.549+0000] {taskinstance.py:2613} INFO - Dependencies all met for dep_context=requeueable deps ti=<TaskInstance: parallel_weather_dag.fetch_chiang_mai manual__2026-08-23T15:49:30.297277+00:00 [queued]>
[2026-08-23T15:49:33.550+0000] {taskinstance.py:2866} INFO - Starting attempt 1 of 2
[2026-08-23T15:49:33.572+0000] {taskinstance.py:2889} INFO - Executing <Task(PythonOperator): fetch_chiang_mai> on 2026-08-23 15:49:30.297277+00:00
[2026-08-23T15:49:33.581+0000] {warnings.py:112} WARNING - /home/***/.local/lib/python3.12/site-packages/***/task/task_runner/standard_task_runner.py:70: DeprecationWarning: This process (pid=686) is multi-threaded, use of fork() may lead to deadlocks in the child.
  pid = os.fork()

[2026-08-23T15:49:33.590+0000] {standard_task_runner.py:72} INFO - Started process 690 to run task
[2026-08-23T15:49:33.589+0000] {standard_task_runner.py:104} INFO - Running: ['***', 'tasks', 'run', 'parallel_weather_dag', 'fetch_chiang_mai', 'manual__2026-08-23T15:49:30.297277+00:00', '--job-id', '15', '--raw', '--subdir', 'DAGS_FOLDER/04_parallel_weather.py', '--cfg-path', '/tmp/tmpj9ol87nm']
[2026-08-23T15:49:33.591+0000] {standard_task_runner.py:105} INFO - Job 15: Subtask fetch_chiang_mai
[2026-08-23T15:49:33.706+0000] {task_command.py:467} INFO - Running <TaskInstance: parallel_weather_dag.fetch_chiang_mai manual__2026-08-23T15:49:30.297277+00:00 [running]> on host 417225d49ca8
[2026-08-23T15:49:34.158+0000] {taskinstance.py:3132} INFO - Exporting env vars: AIRFLOW_CTX_DAG_OWNER='workshop' AIRFLOW_CTX_DAG_ID='parallel_weather_dag' AIRFLOW_CTX_TASK_ID='fetch_chiang_mai' AIRFLOW_CTX_EXECUTION_DATE='2026-08-23T15:49:30.297277+00:00' AIRFLOW_CTX_TRY_NUMBER='1' AIRFLOW_CTX_DAG_RUN_ID='manual__2026-08-23T15:49:30.297277+00:00'
[2026-08-23T15:49:34.170+0000] {taskinstance.py:731} INFO - ::endgroup::
[2026-08-23T15:49:35.324+0000] {logging_mixin.py:190} INFO - เชียงใหม่: อุณหภูมิปัจจุบัน 25.5 °C
[2026-08-23T15:49:35.536+0000] {python.py:240} INFO - Done. Returned value was: None
[2026-08-23T15:49:35.596+0000] {taskinstance.py:340} INFO - ::group::Post task execution logs
[2026-08-23T15:49:35.610+0000] {taskinstance.py:352} INFO - Marking task as SUCCESS. dag_id=parallel_weather_dag, task_id=fetch_chiang_mai, run_id=manual__2026-08-23T15:49:30.297277+00:00, execution_date=20260823T154930, start_date=20260823T154933, end_date=20260823T154935
[2026-08-23T15:49:35.916+0000] {local_task_job_runner.py:266} INFO - Task exited with return code 0
[2026-08-23T15:49:36.358+0000] {taskinstance.py:3895} INFO - 0 downstream tasks scheduled from follow-on schedule check
[2026-08-23T15:49:36.362+0000] {local_task_job_runner.py:245} INFO - ::endgroup::
