[2026-08-30T16:49:27.276+0000] {local_task_job_runner.py:123} INFO - ::group::Pre task execution logs
[2026-08-30T16:49:27.286+0000] {taskinstance.py:2613} INFO - Dependencies all met for dep_context=non-requeueable deps ti=<TaskInstance: weather_pipeline_dag.get_previous_rmse manual__2026-08-30T16:49:07.575282+00:00 [queued]>
[2026-08-30T16:49:27.291+0000] {taskinstance.py:2613} INFO - Dependencies all met for dep_context=requeueable deps ti=<TaskInstance: weather_pipeline_dag.get_previous_rmse manual__2026-08-30T16:49:07.575282+00:00 [queued]>
[2026-08-30T16:49:27.291+0000] {taskinstance.py:2866} INFO - Starting attempt 1 of 2
[2026-08-30T16:49:27.297+0000] {taskinstance.py:2889} INFO - Executing <Task(PythonOperator): get_previous_rmse> on 2026-08-30 16:49:07.575282+00:00
[2026-08-30T16:49:27.301+0000] {warnings.py:112} WARNING - /home/***/.local/lib/python3.12/site-packages/***/task/task_runner/standard_task_runner.py:70: DeprecationWarning: This process (pid=149) is multi-threaded, use of fork() may lead to deadlocks in the child.
  pid = os.fork()

[2026-08-30T16:49:27.303+0000] {standard_task_runner.py:72} INFO - Started process 150 to run task
[2026-08-30T16:49:27.304+0000] {standard_task_runner.py:104} INFO - Running: ['***', 'tasks', 'run', 'weather_pipeline_dag', 'get_previous_rmse', 'manual__2026-08-30T16:49:07.575282+00:00', '--job-id', '102', '--raw', '--subdir', 'DAGS_FOLDER/ml_02_weather_pipeline.py', '--cfg-path', '/tmp/tmph44kb178']
[2026-08-30T16:49:27.306+0000] {standard_task_runner.py:105} INFO - Job 102: Subtask get_previous_rmse
[2026-08-30T16:49:27.343+0000] {task_command.py:467} INFO - Running <TaskInstance: weather_pipeline_dag.get_previous_rmse manual__2026-08-30T16:49:07.575282+00:00 [running]> on host f88cd4d3b180
[2026-08-30T16:49:27.644+0000] {taskinstance.py:3132} INFO - Exporting env vars: AIRFLOW_CTX_DAG_OWNER='workshop2' AIRFLOW_CTX_DAG_ID='weather_pipeline_dag' AIRFLOW_CTX_TASK_ID='get_previous_rmse' AIRFLOW_CTX_EXECUTION_DATE='2026-08-30T16:49:07.575282+00:00' AIRFLOW_CTX_TRY_NUMBER='1' AIRFLOW_CTX_DAG_RUN_ID='manual__2026-08-30T16:49:07.575282+00:00'
[2026-08-30T16:49:27.645+0000] {taskinstance.py:731} INFO - ::endgroup::
[2026-08-30T16:49:27.677+0000] {base.py:84} INFO - Retrieving connection 'postgres_target'
[2026-08-30T16:49:27.687+0000] {sql.py:553} INFO - Running statement: SELECT rmse FROM model_metrics WHERE model_name = %s AND deployed = TRUE ORDER BY run_at DESC LIMIT 1;, parameters: ('weather_bangkok',)
[2026-08-30T16:49:27.691+0000] {sql.py:562} INFO - Rows affected: 1
[2026-08-30T16:49:27.705+0000] {logging_mixin.py:190} INFO - RMSE ของโมเดลรอบก่อนหน้า (champion ปัจจุบัน): 0.4173
[2026-08-30T16:49:27.705+0000] {python.py:240} INFO - Done. Returned value was: None
[2026-08-30T16:49:27.714+0000] {taskinstance.py:340} INFO - ::group::Post task execution logs
[2026-08-30T16:49:27.714+0000] {taskinstance.py:352} INFO - Marking task as SUCCESS. dag_id=weather_pipeline_dag, task_id=get_previous_rmse, run_id=manual__2026-08-30T16:49:07.575282+00:00, execution_date=20260830T164907, start_date=20260830T164927, end_date=20260830T164927
[2026-08-30T16:49:27.783+0000] {local_task_job_runner.py:266} INFO - Task exited with return code 0
[2026-08-30T16:49:28.310+0000] {taskinstance.py:3895} INFO - 1 downstream tasks scheduled from follow-on schedule check
[2026-08-30T16:49:28.314+0000] {local_task_job_runner.py:245} INFO - ::endgroup::
