[2026-09-07T05:35:11.532+0000] {local_task_job_runner.py:123} INFO - ::group::Pre task execution logs
[2026-09-07T05:35:11.548+0000] {taskinstance.py:2613} INFO - Dependencies all met for dep_context=non-requeueable deps ti=<TaskInstance: steam_discount_prediction_dag.batch_predict_discounts scheduled__2026-09-06T00:00:00+00:00 [queued]>
[2026-09-07T05:35:11.557+0000] {taskinstance.py:2613} INFO - Dependencies all met for dep_context=requeueable deps ti=<TaskInstance: steam_discount_prediction_dag.batch_predict_discounts scheduled__2026-09-06T00:00:00+00:00 [queued]>
[2026-09-07T05:35:11.557+0000] {taskinstance.py:2866} INFO - Starting attempt 1 of 2
[2026-09-07T05:35:11.571+0000] {taskinstance.py:2889} INFO - Executing <Task(PythonOperator): batch_predict_discounts> on 2026-09-06 00:00:00+00:00
[2026-09-07T05:35:11.584+0000] {warnings.py:112} WARNING - /home/***/.local/lib/python3.12/site-packages/***/task/task_runner/standard_task_runner.py:70: DeprecationWarning: This process (pid=218) is multi-threaded, use of fork() may lead to deadlocks in the child.
  pid = os.fork()

[2026-09-07T05:35:11.586+0000] {standard_task_runner.py:72} INFO - Started process 248 to run task
[2026-09-07T05:35:11.586+0000] {standard_task_runner.py:104} INFO - Running: ['***', 'tasks', 'run', 'steam_discount_prediction_dag', 'batch_predict_discounts', 'scheduled__2026-09-06T00:00:00+00:00', '--job-id', '107', '--raw', '--subdir', 'DAGS_FOLDER/ml_04_steam_discount_prediction.py', '--cfg-path', '/tmp/tmpl3i6hh6_']
[2026-09-07T05:35:11.590+0000] {standard_task_runner.py:105} INFO - Job 107: Subtask batch_predict_discounts
[2026-09-07T05:35:11.662+0000] {task_command.py:467} INFO - Running <TaskInstance: steam_discount_prediction_dag.batch_predict_discounts scheduled__2026-09-06T00:00:00+00:00 [running]> on host b703ee70f2cc
[2026-09-07T05:35:11.750+0000] {taskinstance.py:3132} INFO - Exporting env vars: AIRFLOW_CTX_DAG_OWNER='steam_project' AIRFLOW_CTX_DAG_ID='steam_discount_prediction_dag' AIRFLOW_CTX_TASK_ID='batch_predict_discounts' AIRFLOW_CTX_EXECUTION_DATE='2026-09-06T00:00:00+00:00' AIRFLOW_CTX_TRY_NUMBER='1' AIRFLOW_CTX_DAG_RUN_ID='scheduled__2026-09-06T00:00:00+00:00'
[2026-09-07T05:35:11.751+0000] {taskinstance.py:731} INFO - ::endgroup::
[2026-09-07T05:35:11.920+0000] {base.py:84} INFO - Retrieving connection 'postgres_target'
[2026-09-07T05:35:11.926+0000] {sql.py:553} INFO - Running statement: 
    SELECT DISTINCT ON (appid)
           appid, name, price_thb, original_price, discount_pct, ccu, review_score, is_free, snapshot_date
    FROM steam_games
    ORDER BY appid, snapshot_date DESC;
    , parameters: None
[2026-09-07T05:35:11.928+0000] {sql.py:562} INFO - Rows affected: 25
[2026-09-07T05:35:11.930+0000] {logging_mixin.py:190} INFO - 🎯 กำลังรัน Batch Prediction สำหรับ 25 เกม...
[2026-09-07T05:35:11.935+0000] {sql.py:553} INFO - Running statement: 
        INSERT INTO steam_discount_predictions (
            prediction_date, appid, game_name, current_price_thb, original_price,
            is_currently_on_sale, discount_probability, will_discount_7d,
            predicted_discount_pct, predicted_price_thb, recommendation, confidence_level, created_at
        ) VALUES (
            %s, %s, %s, %s, %s, %s, %s, %s, %s, %s, %s, %s, NOW()
        ) ON CONFLICT (prediction_date, appid) DO UPDATE SET
            current_price_thb = EXCLUDED.current_price_thb,
            original_price = EXCLUDED.original_price,
            is_currently_on_sale = EXCLUDED.is_currently_on_sale,
            discount_probability = EXCLUDED.discount_probability,
            will_discount_7d = EXCLUDED.will_discount_7d,
            predicted_discount_pct = EXCLUDED.predicted_discount_pct,
            predicted_price_thb = EXCLUDED.predicted_price_thb,
            recommendation = EXCLUDED.recommendation,
            confidence_level = EXCLUDED.confidence_level,
            created_at = NOW();
        , parameters: (datetime.date(2026, 9, 7), 440, 'Team Fortress 2', 0.0, 0.0, False, 0.0, False, 0, 0.0, 'FREE_TO_PLAY', 'HIGH')
[2026-09-07T05:35:11.937+0000] {sql.py:562} INFO - Rows affected: 1
[2026-09-07T05:35:11.945+0000] {sql.py:553} INFO - Running statement: SELECT snapshot_date FROM steam_games WHERE appid = %s AND discount_pct > 0 ORDER BY snapshot_date DESC LIMIT 1;, parameters: (550,)
[2026-09-07T05:35:11.947+0000] {sql.py:562} INFO - Rows affected: 0
[2026-09-07T05:35:11.997+0000] {sql.py:553} INFO - Running statement: 
        INSERT INTO steam_discount_predictions (
            prediction_date, appid, game_name, current_price_thb, original_price,
            is_currently_on_sale, discount_probability, will_discount_7d,
            predicted_discount_pct, predicted_price_thb, recommendation, confidence_level, created_at
        ) VALUES (
            %s, %s, %s, %s, %s, %s, %s, %s, %s, %s, %s, %s, NOW()
        ) ON CONFLICT (prediction_date, appid) DO UPDATE SET
            current_price_thb = EXCLUDED.current_price_thb,
            original_price = EXCLUDED.original_price,
            is_currently_on_sale = EXCLUDED.is_currently_on_sale,
            discount_probability = EXCLUDED.discount_probability,
            will_discount_7d = EXCLUDED.will_discount_7d,
            predicted_discount_pct = EXCLUDED.predicted_discount_pct,
            predicted_price_thb = EXCLUDED.predicted_price_thb,
            recommendation = EXCLUDED.recommendation,
            confidence_level = EXCLUDED.confidence_level,
            created_at = NOW();
        , parameters: (datetime.date(2026, 9, 7), 550, 'Left 4 Dead 2', 220.0, 220.0, False, 0.2537744443056943, False, 48, 114.4, 'BUY_NOW', 'MEDIUM')
[2026-09-07T05:35:11.999+0000] {sql.py:562} INFO - Rows affected: 1
[2026-09-07T05:35:12.010+0000] {sql.py:553} INFO - Running statement: 
        INSERT INTO steam_discount_predictions (
            prediction_date, appid, game_name, current_price_thb, original_price,
            is_currently_on_sale, discount_probability, will_discount_7d,
            predicted_discount_pct, predicted_price_thb, recommendation, confidence_level, created_at
        ) VALUES (
            %s, %s, %s, %s, %s, %s, %s, %s, %s, %s, %s, %s, NOW()
        ) ON CONFLICT (prediction_date, appid) DO UPDATE SET
            current_price_thb = EXCLUDED.current_price_thb,
            original_price = EXCLUDED.original_price,
            is_currently_on_sale = EXCLUDED.is_currently_on_sale,
            discount_probability = EXCLUDED.discount_probability,
            will_discount_7d = EXCLUDED.will_discount_7d,
            predicted_discount_pct = EXCLUDED.predicted_discount_pct,
            predicted_price_thb = EXCLUDED.predicted_price_thb,
            recommendation = EXCLUDED.recommendation,
            confidence_level = EXCLUDED.confidence_level,
            created_at = NOW();
        , parameters: (datetime.date(2026, 9, 7), 730, 'Counter-Strike 2', 0.0, 0.0, False, 0.0, False, 0, 0.0, 'FREE_TO_PLAY', 'HIGH')
[2026-09-07T05:35:12.012+0000] {sql.py:562} INFO - Rows affected: 1
[2026-09-07T05:35:12.020+0000] {sql.py:553} INFO - Running statement: 
        INSERT INTO steam_discount_predictions (
            prediction_date, appid, game_name, current_price_thb, original_price,
            is_currently_on_sale, discount_probability, will_discount_7d,
            predicted_discount_pct, predicted_price_thb, recommendation, confidence_level, created_at
        ) VALUES (
            %s, %s, %s, %s, %s, %s, %s, %s, %s, %s, %s, %s, NOW()
        ) ON CONFLICT (prediction_date, appid) DO UPDATE SET
            current_price_thb = EXCLUDED.current_price_thb,
            original_price = EXCLUDED.original_price,
            is_currently_on_sale = EXCLUDED.is_currently_on_sale,
            discount_probability = EXCLUDED.discount_probability,
            will_discount_7d = EXCLUDED.will_discount_7d,
            predicted_discount_pct = EXCLUDED.predicted_discount_pct,
            predicted_price_thb = EXCLUDED.predicted_price_thb,
            recommendation = EXCLUDED.recommendation,
            confidence_level = EXCLUDED.confidence_level,
            created_at = NOW();
        , parameters: (datetime.date(2026, 9, 7), 105600, 'Terraria', 110.0, 220.0, True, 0.95, True, 50, 110.0, 'BUY_NOW_ON_SALE', 'HIGH')
[2026-09-07T05:35:12.022+0000] {sql.py:562} INFO - Rows affected: 1
[2026-09-07T05:35:12.029+0000] {sql.py:553} INFO - Running statement: 
        INSERT INTO steam_discount_predictions (
            prediction_date, appid, game_name, current_price_thb, original_price,
            is_currently_on_sale, discount_probability, will_discount_7d,
            predicted_discount_pct, predicted_price_thb, recommendation, confidence_level, created_at
        ) VALUES (
            %s, %s, %s, %s, %s, %s, %s, %s, %s, %s, %s, %s, NOW()
        ) ON CONFLICT (prediction_date, appid) DO UPDATE SET
            current_price_thb = EXCLUDED.current_price_thb,
            original_price = EXCLUDED.original_price,
            is_currently_on_sale = EXCLUDED.is_currently_on_sale,
            discount_probability = EXCLUDED.discount_probability,
            will_discount_7d = EXCLUDED.will_discount_7d,
            predicted_discount_pct = EXCLUDED.predicted_discount_pct,
            predicted_price_thb = EXCLUDED.predicted_price_thb,
            recommendation = EXCLUDED.recommendation,
            confidence_level = EXCLUDED.confidence_level,
            created_at = NOW();
        , parameters: (datetime.date(2026, 9, 7), 230410, 'Warframe', 0.0, 0.0, False, 0.0, False, 0, 0.0, 'FREE_TO_PLAY', 'HIGH')
[2026-09-07T05:35:12.031+0000] {sql.py:562} INFO - Rows affected: 1
[2026-09-07T05:35:12.039+0000] {sql.py:553} INFO - Running statement: 
        INSERT INTO steam_discount_predictions (
            prediction_date, appid, game_name, current_price_thb, original_price,
            is_currently_on_sale, discount_probability, will_discount_7d,
            predicted_discount_pct, predicted_price_thb, recommendation, confidence_level, created_at
        ) VALUES (
            %s, %s, %s, %s, %s, %s, %s, %s, %s, %s, %s, %s, NOW()
        ) ON CONFLICT (prediction_date, appid) DO UPDATE SET
            current_price_thb = EXCLUDED.current_price_thb,
            original_price = EXCLUDED.original_price,
            is_currently_on_sale = EXCLUDED.is_currently_on_sale,
            discount_probability = EXCLUDED.discount_probability,
            will_discount_7d = EXCLUDED.will_discount_7d,
            predicted_discount_pct = EXCLUDED.predicted_discount_pct,
            predicted_price_thb = EXCLUDED.predicted_price_thb,
            recommendation = EXCLUDED.recommendation,
            confidence_level = EXCLUDED.confidence_level,
            created_at = NOW();
        , parameters: (datetime.date(2026, 9, 7), 236390, 'War Thunder', 0.0, 0.0, False, 0.0, False, 0, 0.0, 'FREE_TO_PLAY', 'HIGH')
[2026-09-07T05:35:12.042+0000] {sql.py:562} INFO - Rows affected: 1
[2026-09-07T05:35:12.052+0000] {sql.py:553} INFO - Running statement: SELECT snapshot_date FROM steam_games WHERE appid = %s AND discount_pct > 0 ORDER BY snapshot_date DESC LIMIT 1;, parameters: (252490,)
[2026-09-07T05:35:12.054+0000] {sql.py:562} INFO - Rows affected: 0
[2026-09-07T05:35:12.072+0000] {sql.py:553} INFO - Running statement: 
        INSERT INTO steam_discount_predictions (
            prediction_date, appid, game_name, current_price_thb, original_price,
            is_currently_on_sale, discount_probability, will_discount_7d,
            predicted_discount_pct, predicted_price_thb, recommendation, confidence_level, created_at
        ) VALUES (
            %s, %s, %s, %s, %s, %s, %s, %s, %s, %s, %s, %s, NOW()
        ) ON CONFLICT (prediction_date, appid) DO UPDATE SET
            current_price_thb = EXCLUDED.current_price_thb,
            original_price = EXCLUDED.original_price,
            is_currently_on_sale = EXCLUDED.is_currently_on_sale,
            discount_probability = EXCLUDED.discount_probability,
            will_discount_7d = EXCLUDED.will_discount_7d,
            predicted_discount_pct = EXCLUDED.predicted_discount_pct,
            predicted_price_thb = EXCLUDED.predicted_price_thb,
            recommendation = EXCLUDED.recommendation,
            confidence_level = EXCLUDED.confidence_level,
            created_at = NOW();
        , parameters: (datetime.date(2026, 9, 7), 252490, 'Rust', 799.0, 799.0, False, 0.25079166666666663, False, 55, 359.55, 'BUY_NOW', 'MEDIUM')
[2026-09-07T05:35:12.073+0000] {sql.py:562} INFO - Rows affected: 1
[2026-09-07T05:35:12.081+0000] {sql.py:553} INFO - Running statement: SELECT snapshot_date FROM steam_games WHERE appid = %s AND discount_pct > 0 ORDER BY snapshot_date DESC LIMIT 1;, parameters: (271590,)
[2026-09-07T05:35:12.083+0000] {sql.py:562} INFO - Rows affected: 0
[2026-09-07T05:35:12.101+0000] {sql.py:553} INFO - Running statement: 
        INSERT INTO steam_discount_predictions (
            prediction_date, appid, game_name, current_price_thb, original_price,
            is_currently_on_sale, discount_probability, will_discount_7d,
            predicted_discount_pct, predicted_price_thb, recommendation, confidence_level, created_at
        ) VALUES (
            %s, %s, %s, %s, %s, %s, %s, %s, %s, %s, %s, %s, NOW()
        ) ON CONFLICT (prediction_date, appid) DO UPDATE SET
            current_price_thb = EXCLUDED.current_price_thb,
            original_price = EXCLUDED.original_price,
            is_currently_on_sale = EXCLUDED.is_currently_on_sale,
            discount_probability = EXCLUDED.discount_probability,
            will_discount_7d = EXCLUDED.will_discount_7d,
            predicted_discount_pct = EXCLUDED.predicted_discount_pct,
            predicted_price_thb = EXCLUDED.predicted_price_thb,
            recommendation = EXCLUDED.recommendation,
            confidence_level = EXCLUDED.confidence_level,
            created_at = NOW();
        , parameters: (datetime.date(2026, 9, 7), 271590, 'Grand Theft Auto V Legacy', 704.0, 704.0, False, 0.21329166666666666, False, 55, 316.8, 'BUY_NOW', 'HIGH')
[2026-09-07T05:35:12.103+0000] {sql.py:562} INFO - Rows affected: 1
[2026-09-07T05:35:12.111+0000] {sql.py:553} INFO - Running statement: 
        INSERT INTO steam_discount_predictions (
            prediction_date, appid, game_name, current_price_thb, original_price,
            is_currently_on_sale, discount_probability, will_discount_7d,
            predicted_discount_pct, predicted_price_thb, recommendation, confidence_level, created_at
        ) VALUES (
            %s, %s, %s, %s, %s, %s, %s, %s, %s, %s, %s, %s, NOW()
        ) ON CONFLICT (prediction_date, appid) DO UPDATE SET
            current_price_thb = EXCLUDED.current_price_thb,
            original_price = EXCLUDED.original_price,
            is_currently_on_sale = EXCLUDED.is_currently_on_sale,
            discount_probability = EXCLUDED.discount_probability,
            will_discount_7d = EXCLUDED.will_discount_7d,
            predicted_discount_pct = EXCLUDED.predicted_discount_pct,
            predicted_price_thb = EXCLUDED.predicted_price_thb,
            recommendation = EXCLUDED.recommendation,
            confidence_level = EXCLUDED.confidence_level,
            created_at = NOW();
        , parameters: (datetime.date(2026, 9, 7), 289070, 'Sid Meier’s Civilization® VI', 160.0, 1600.0, True, 0.95, True, 90, 160.0, 'BUY_NOW_ON_SALE', 'HIGH')
[2026-09-07T05:35:12.113+0000] {sql.py:562} INFO - Rows affected: 1
[2026-09-07T05:35:12.121+0000] {sql.py:553} INFO - Running statement: 
        INSERT INTO steam_discount_predictions (
            prediction_date, appid, game_name, current_price_thb, original_price,
            is_currently_on_sale, discount_probability, will_discount_7d,
            predicted_discount_pct, predicted_price_thb, recommendation, confidence_level, created_at
        ) VALUES (
            %s, %s, %s, %s, %s, %s, %s, %s, %s, %s, %s, %s, NOW()
        ) ON CONFLICT (prediction_date, appid) DO UPDATE SET
            current_price_thb = EXCLUDED.current_price_thb,
            original_price = EXCLUDED.original_price,
            is_currently_on_sale = EXCLUDED.is_currently_on_sale,
            discount_probability = EXCLUDED.discount_probability,
            will_discount_7d = EXCLUDED.will_discount_7d,
            predicted_discount_pct = EXCLUDED.predicted_discount_pct,
            predicted_price_thb = EXCLUDED.predicted_price_thb,
            recommendation = EXCLUDED.recommendation,
            confidence_level = EXCLUDED.confidence_level,
            created_at = NOW();
        , parameters: (datetime.date(2026, 9, 7), 291550, 'Brawlhalla', 0.0, 0.0, False, 0.0, False, 0, 0.0, 'FREE_TO_PLAY', 'HIGH')
[2026-09-07T05:35:12.123+0000] {sql.py:562} INFO - Rows affected: 1
[2026-09-07T05:35:12.131+0000] {sql.py:553} INFO - Running statement: 
        INSERT INTO steam_discount_predictions (
            prediction_date, appid, game_name, current_price_thb, original_price,
            is_currently_on_sale, discount_probability, will_discount_7d,
            predicted_discount_pct, predicted_price_thb, recommendation, confidence_level, created_at
        ) VALUES (
            %s, %s, %s, %s, %s, %s, %s, %s, %s, %s, %s, %s, NOW()
        ) ON CONFLICT (prediction_date, appid) DO UPDATE SET
            current_price_thb = EXCLUDED.current_price_thb,
            original_price = EXCLUDED.original_price,
            is_currently_on_sale = EXCLUDED.is_currently_on_sale,
            discount_probability = EXCLUDED.discount_probability,
            will_discount_7d = EXCLUDED.will_discount_7d,
            predicted_discount_pct = EXCLUDED.predicted_discount_pct,
            predicted_price_thb = EXCLUDED.predicted_price_thb,
            recommendation = EXCLUDED.recommendation,
            confidence_level = EXCLUDED.confidence_level,
            created_at = NOW();
        , parameters: (datetime.date(2026, 9, 7), 359550, "Tom Clancy's Rainbow Six Siege", 0.0, 0.0, False, 0.0, False, 0, 0.0, 'FREE_TO_PLAY', 'HIGH')
[2026-09-07T05:35:12.133+0000] {sql.py:562} INFO - Rows affected: 1
[2026-09-07T05:35:12.140+0000] {sql.py:553} INFO - Running statement: SELECT snapshot_date FROM steam_games WHERE appid = %s AND discount_pct > 0 ORDER BY snapshot_date DESC LIMIT 1;, parameters: (431960,)
[2026-09-07T05:35:12.142+0000] {sql.py:562} INFO - Rows affected: 0
[2026-09-07T05:35:12.161+0000] {sql.py:553} INFO - Running statement: 
        INSERT INTO steam_discount_predictions (
            prediction_date, appid, game_name, current_price_thb, original_price,
            is_currently_on_sale, discount_probability, will_discount_7d,
            predicted_discount_pct, predicted_price_thb, recommendation, confidence_level, created_at
        ) VALUES (
            %s, %s, %s, %s, %s, %s, %s, %s, %s, %s, %s, %s, NOW()
        ) ON CONFLICT (prediction_date, appid) DO UPDATE SET
            current_price_thb = EXCLUDED.current_price_thb,
            original_price = EXCLUDED.original_price,
            is_currently_on_sale = EXCLUDED.is_currently_on_sale,
            discount_probability = EXCLUDED.discount_probability,
            will_discount_7d = EXCLUDED.will_discount_7d,
            predicted_discount_pct = EXCLUDED.predicted_discount_pct,
            predicted_price_thb = EXCLUDED.predicted_price_thb,
            recommendation = EXCLUDED.recommendation,
            confidence_level = EXCLUDED.confidence_level,
            created_at = NOW();
        , parameters: (datetime.date(2026, 9, 7), 431960, 'Wallpaper Engine', 115.0, 115.0, False, 0.2225, False, 47, 60.95, 'BUY_NOW', 'HIGH')
[2026-09-07T05:35:12.163+0000] {sql.py:562} INFO - Rows affected: 1
[2026-09-07T05:35:12.174+0000] {sql.py:553} INFO - Running statement: SELECT snapshot_date FROM steam_games WHERE appid = %s AND discount_pct > 0 ORDER BY snapshot_date DESC LIMIT 1;, parameters: (553850,)
[2026-09-07T05:35:12.178+0000] {sql.py:562} INFO - Rows affected: 0
[2026-09-07T05:35:12.197+0000] {sql.py:553} INFO - Running statement: 
        INSERT INTO steam_discount_predictions (
            prediction_date, appid, game_name, current_price_thb, original_price,
            is_currently_on_sale, discount_probability, will_discount_7d,
            predicted_discount_pct, predicted_price_thb, recommendation, confidence_level, created_at
        ) VALUES (
            %s, %s, %s, %s, %s, %s, %s, %s, %s, %s, %s, %s, NOW()
        ) ON CONFLICT (prediction_date, appid) DO UPDATE SET
            current_price_thb = EXCLUDED.current_price_thb,
            original_price = EXCLUDED.original_price,
            is_currently_on_sale = EXCLUDED.is_currently_on_sale,
            discount_probability = EXCLUDED.discount_probability,
            will_discount_7d = EXCLUDED.will_discount_7d,
            predicted_discount_pct = EXCLUDED.predicted_discount_pct,
            predicted_price_thb = EXCLUDED.predicted_price_thb,
            recommendation = EXCLUDED.recommendation,
            confidence_level = EXCLUDED.confidence_level,
            created_at = NOW();
        , parameters: (datetime.date(2026, 9, 7), 553850, 'HELLDIVERS™ 2', 1290.0, 1290.0, False, 0.225625, False, 66, 438.6, 'BUY_NOW', 'HIGH')
[2026-09-07T05:35:12.199+0000] {sql.py:562} INFO - Rows affected: 1
[2026-09-07T05:35:12.208+0000] {sql.py:553} INFO - Running statement: 
        INSERT INTO steam_discount_predictions (
            prediction_date, appid, game_name, current_price_thb, original_price,
            is_currently_on_sale, discount_probability, will_discount_7d,
            predicted_discount_pct, predicted_price_thb, recommendation, confidence_level, created_at
        ) VALUES (
            %s, %s, %s, %s, %s, %s, %s, %s, %s, %s, %s, %s, NOW()
        ) ON CONFLICT (prediction_date, appid) DO UPDATE SET
            current_price_thb = EXCLUDED.current_price_thb,
            original_price = EXCLUDED.original_price,
            is_currently_on_sale = EXCLUDED.is_currently_on_sale,
            discount_probability = EXCLUDED.discount_probability,
            will_discount_7d = EXCLUDED.will_discount_7d,
            predicted_discount_pct = EXCLUDED.predicted_discount_pct,
            predicted_price_thb = EXCLUDED.predicted_price_thb,
            recommendation = EXCLUDED.recommendation,
            confidence_level = EXCLUDED.confidence_level,
            created_at = NOW();
        , parameters: (datetime.date(2026, 9, 7), 578080, 'PUBG: BATTLEGROUNDS', 0.0, 0.0, False, 0.0, False, 0, 0.0, 'FREE_TO_PLAY', 'HIGH')
[2026-09-07T05:35:12.210+0000] {sql.py:562} INFO - Rows affected: 1
[2026-09-07T05:35:12.218+0000] {sql.py:553} INFO - Running statement: SELECT snapshot_date FROM steam_games WHERE appid = %s AND discount_pct > 0 ORDER BY snapshot_date DESC LIMIT 1;, parameters: (814380,)
[2026-09-07T05:35:12.219+0000] {sql.py:562} INFO - Rows affected: 0
[2026-09-07T05:35:12.239+0000] {sql.py:553} INFO - Running statement: 
        INSERT INTO steam_discount_predictions (
            prediction_date, appid, game_name, current_price_thb, original_price,
            is_currently_on_sale, discount_probability, will_discount_7d,
            predicted_discount_pct, predicted_price_thb, recommendation, confidence_level, created_at
        ) VALUES (
            %s, %s, %s, %s, %s, %s, %s, %s, %s, %s, %s, %s, NOW()
        ) ON CONFLICT (prediction_date, appid) DO UPDATE SET
            current_price_thb = EXCLUDED.current_price_thb,
            original_price = EXCLUDED.original_price,
            is_currently_on_sale = EXCLUDED.is_currently_on_sale,
            discount_probability = EXCLUDED.discount_probability,
            will_discount_7d = EXCLUDED.will_discount_7d,
            predicted_discount_pct = EXCLUDED.predicted_discount_pct,
            predicted_price_thb = EXCLUDED.predicted_price_thb,
            recommendation = EXCLUDED.recommendation,
            confidence_level = EXCLUDED.confidence_level,
            created_at = NOW();
        , parameters: (datetime.date(2026, 9, 7), 814380, 'Sekiro™: Shadows Die Twice - GOTY Edition', 2099.0, 2099.0, False, 0.23021407514054576, False, 41, 1238.41, 'BUY_NOW', 'HIGH')
[2026-09-07T05:35:12.240+0000] {sql.py:562} INFO - Rows affected: 1
[2026-09-07T05:35:12.247+0000] {sql.py:553} INFO - Running statement: SELECT snapshot_date FROM steam_games WHERE appid = %s AND discount_pct > 0 ORDER BY snapshot_date DESC LIMIT 1;, parameters: (1086940,)
[2026-09-07T05:35:12.249+0000] {sql.py:562} INFO - Rows affected: 0
[2026-09-07T05:35:12.267+0000] {sql.py:553} INFO - Running statement: 
        INSERT INTO steam_discount_predictions (
            prediction_date, appid, game_name, current_price_thb, original_price,
            is_currently_on_sale, discount_probability, will_discount_7d,
            predicted_discount_pct, predicted_price_thb, recommendation, confidence_level, created_at
        ) VALUES (
            %s, %s, %s, %s, %s, %s, %s, %s, %s, %s, %s, %s, NOW()
        ) ON CONFLICT (prediction_date, appid) DO UPDATE SET
            current_price_thb = EXCLUDED.current_price_thb,
            original_price = EXCLUDED.original_price,
            is_currently_on_sale = EXCLUDED.is_currently_on_sale,
            discount_probability = EXCLUDED.discount_probability,
            will_discount_7d = EXCLUDED.will_discount_7d,
            predicted_discount_pct = EXCLUDED.predicted_discount_pct,
            predicted_price_thb = EXCLUDED.predicted_price_thb,
            recommendation = EXCLUDED.recommendation,
            confidence_level = EXCLUDED.confidence_level,
            created_at = NOW();
        , parameters: (datetime.date(2026, 9, 7), 1086940, "Baldur's Gate 3", 1799.0, 1799.0, False, 0.22152687508569863, False, 54, 827.54, 'BUY_NOW', 'HIGH')
[2026-09-07T05:35:12.268+0000] {sql.py:562} INFO - Rows affected: 1
[2026-09-07T05:35:12.275+0000] {sql.py:553} INFO - Running statement: SELECT snapshot_date FROM steam_games WHERE appid = %s AND discount_pct > 0 ORDER BY snapshot_date DESC LIMIT 1;, parameters: (1091500,)
[2026-09-07T05:35:12.277+0000] {sql.py:562} INFO - Rows affected: 0
[2026-09-07T05:35:12.294+0000] {sql.py:553} INFO - Running statement: 
        INSERT INTO steam_discount_predictions (
            prediction_date, appid, game_name, current_price_thb, original_price,
            is_currently_on_sale, discount_probability, will_discount_7d,
            predicted_discount_pct, predicted_price_thb, recommendation, confidence_level, created_at
        ) VALUES (
            %s, %s, %s, %s, %s, %s, %s, %s, %s, %s, %s, %s, NOW()
        ) ON CONFLICT (prediction_date, appid) DO UPDATE SET
            current_price_thb = EXCLUDED.current_price_thb,
            original_price = EXCLUDED.original_price,
            is_currently_on_sale = EXCLUDED.is_currently_on_sale,
            discount_probability = EXCLUDED.discount_probability,
            will_discount_7d = EXCLUDED.will_discount_7d,
            predicted_discount_pct = EXCLUDED.predicted_discount_pct,
            predicted_price_thb = EXCLUDED.predicted_price_thb,
            recommendation = EXCLUDED.recommendation,
            confidence_level = EXCLUDED.confidence_level,
            created_at = NOW();
        , parameters: (datetime.date(2026, 9, 7), 1091500, 'Cyberpunk 2077', 1799.0, 1799.0, False, 0.24563676601176596, False, 46, 971.46, 'BUY_NOW', 'HIGH')
[2026-09-07T05:35:12.296+0000] {sql.py:562} INFO - Rows affected: 1
[2026-09-07T05:35:12.304+0000] {sql.py:553} INFO - Running statement: SELECT snapshot_date FROM steam_games WHERE appid = %s AND discount_pct > 0 ORDER BY snapshot_date DESC LIMIT 1;, parameters: (1145360,)
[2026-09-07T05:35:12.305+0000] {sql.py:562} INFO - Rows affected: 0
[2026-09-07T05:35:12.324+0000] {sql.py:553} INFO - Running statement: 
        INSERT INTO steam_discount_predictions (
            prediction_date, appid, game_name, current_price_thb, original_price,
            is_currently_on_sale, discount_probability, will_discount_7d,
            predicted_discount_pct, predicted_price_thb, recommendation, confidence_level, created_at
        ) VALUES (
            %s, %s, %s, %s, %s, %s, %s, %s, %s, %s, %s, %s, NOW()
        ) ON CONFLICT (prediction_date, appid) DO UPDATE SET
            current_price_thb = EXCLUDED.current_price_thb,
            original_price = EXCLUDED.original_price,
            is_currently_on_sale = EXCLUDED.is_currently_on_sale,
            discount_probability = EXCLUDED.discount_probability,
            will_discount_7d = EXCLUDED.will_discount_7d,
            predicted_discount_pct = EXCLUDED.predicted_discount_pct,
            predicted_price_thb = EXCLUDED.predicted_price_thb,
            recommendation = EXCLUDED.recommendation,
            confidence_level = EXCLUDED.confidence_level,
            created_at = NOW();
        , parameters: (datetime.date(2026, 9, 7), 1145360, 'Hades', 495.0, 495.0, False, 0.23469671994671995, False, 35, 321.75, 'BUY_NOW', 'HIGH')
[2026-09-07T05:35:12.326+0000] {sql.py:562} INFO - Rows affected: 1
[2026-09-07T05:35:12.338+0000] {sql.py:553} INFO - Running statement: 
        INSERT INTO steam_discount_predictions (
            prediction_date, appid, game_name, current_price_thb, original_price,
            is_currently_on_sale, discount_probability, will_discount_7d,
            predicted_discount_pct, predicted_price_thb, recommendation, confidence_level, created_at
        ) VALUES (
            %s, %s, %s, %s, %s, %s, %s, %s, %s, %s, %s, %s, NOW()
        ) ON CONFLICT (prediction_date, appid) DO UPDATE SET
            current_price_thb = EXCLUDED.current_price_thb,
            original_price = EXCLUDED.original_price,
            is_currently_on_sale = EXCLUDED.is_currently_on_sale,
            discount_probability = EXCLUDED.discount_probability,
            will_discount_7d = EXCLUDED.will_discount_7d,
            predicted_discount_pct = EXCLUDED.predicted_discount_pct,
            predicted_price_thb = EXCLUDED.predicted_price_thb,
            recommendation = EXCLUDED.recommendation,
            confidence_level = EXCLUDED.confidence_level,
            created_at = NOW();
        , parameters: (datetime.date(2026, 9, 7), 1172470, 'Apex Legends™', 0.0, 0.0, False, 0.0, False, 0, 0.0, 'FREE_TO_PLAY', 'HIGH')
[2026-09-07T05:35:12.340+0000] {sql.py:562} INFO - Rows affected: 1
[2026-09-07T05:35:12.349+0000] {sql.py:553} INFO - Running statement: 
        INSERT INTO steam_discount_predictions (
            prediction_date, appid, game_name, current_price_thb, original_price,
            is_currently_on_sale, discount_probability, will_discount_7d,
            predicted_discount_pct, predicted_price_thb, recommendation, confidence_level, created_at
        ) VALUES (
            %s, %s, %s, %s, %s, %s, %s, %s, %s, %s, %s, %s, NOW()
        ) ON CONFLICT (prediction_date, appid) DO UPDATE SET
            current_price_thb = EXCLUDED.current_price_thb,
            original_price = EXCLUDED.original_price,
            is_currently_on_sale = EXCLUDED.is_currently_on_sale,
            discount_probability = EXCLUDED.discount_probability,
            will_discount_7d = EXCLUDED.will_discount_7d,
            predicted_discount_pct = EXCLUDED.predicted_discount_pct,
            predicted_price_thb = EXCLUDED.predicted_price_thb,
            recommendation = EXCLUDED.recommendation,
            confidence_level = EXCLUDED.confidence_level,
            created_at = NOW();
        , parameters: (datetime.date(2026, 9, 7), 1174180, 'Red Dead Redemption 2', 474.75, 1899.0, True, 0.95, True, 75, 474.75, 'BUY_NOW_ON_SALE', 'HIGH')
[2026-09-07T05:35:12.351+0000] {sql.py:562} INFO - Rows affected: 1
[2026-09-07T05:35:12.360+0000] {sql.py:553} INFO - Running statement: SELECT snapshot_date FROM steam_games WHERE appid = %s AND discount_pct > 0 ORDER BY snapshot_date DESC LIMIT 1;, parameters: (1245620,)
[2026-09-07T05:35:12.362+0000] {sql.py:562} INFO - Rows affected: 0
[2026-09-07T05:35:12.383+0000] {sql.py:553} INFO - Running statement: 
        INSERT INTO steam_discount_predictions (
            prediction_date, appid, game_name, current_price_thb, original_price,
            is_currently_on_sale, discount_probability, will_discount_7d,
            predicted_discount_pct, predicted_price_thb, recommendation, confidence_level, created_at
        ) VALUES (
            %s, %s, %s, %s, %s, %s, %s, %s, %s, %s, %s, %s, NOW()
        ) ON CONFLICT (prediction_date, appid) DO UPDATE SET
            current_price_thb = EXCLUDED.current_price_thb,
            original_price = EXCLUDED.original_price,
            is_currently_on_sale = EXCLUDED.is_currently_on_sale,
            discount_probability = EXCLUDED.discount_probability,
            will_discount_7d = EXCLUDED.will_discount_7d,
            predicted_discount_pct = EXCLUDED.predicted_discount_pct,
            predicted_price_thb = EXCLUDED.predicted_price_thb,
            recommendation = EXCLUDED.recommendation,
            confidence_level = EXCLUDED.confidence_level,
            created_at = NOW();
        , parameters: (datetime.date(2026, 9, 7), 1245620, 'ELDEN RING', 1790.0, 1790.0, False, 0.24883905255653477, False, 59, 733.9, 'BUY_NOW', 'HIGH')
[2026-09-07T05:35:12.384+0000] {sql.py:562} INFO - Rows affected: 1
[2026-09-07T05:35:12.392+0000] {sql.py:553} INFO - Running statement: 
        INSERT INTO steam_discount_predictions (
            prediction_date, appid, game_name, current_price_thb, original_price,
            is_currently_on_sale, discount_probability, will_discount_7d,
            predicted_discount_pct, predicted_price_thb, recommendation, confidence_level, created_at
        ) VALUES (
            %s, %s, %s, %s, %s, %s, %s, %s, %s, %s, %s, %s, NOW()
        ) ON CONFLICT (prediction_date, appid) DO UPDATE SET
            current_price_thb = EXCLUDED.current_price_thb,
            original_price = EXCLUDED.original_price,
            is_currently_on_sale = EXCLUDED.is_currently_on_sale,
            discount_probability = EXCLUDED.discount_probability,
            will_discount_7d = EXCLUDED.will_discount_7d,
            predicted_discount_pct = EXCLUDED.predicted_discount_pct,
            predicted_price_thb = EXCLUDED.predicted_price_thb,
            recommendation = EXCLUDED.recommendation,
            confidence_level = EXCLUDED.confidence_level,
            created_at = NOW();
        , parameters: (datetime.date(2026, 9, 7), 1623730, 'Palworld', 413.0, 590.0, True, 0.95, True, 30, 413.0, 'BUY_NOW_ON_SALE', 'HIGH')
[2026-09-07T05:35:12.394+0000] {sql.py:562} INFO - Rows affected: 1
[2026-09-07T05:35:12.403+0000] {sql.py:553} INFO - Running statement: SELECT snapshot_date FROM steam_games WHERE appid = %s AND discount_pct > 0 ORDER BY snapshot_date DESC LIMIT 1;, parameters: (2246340,)
[2026-09-07T05:35:12.405+0000] {sql.py:562} INFO - Rows affected: 0
[2026-09-07T05:35:12.425+0000] {sql.py:553} INFO - Running statement: 
        INSERT INTO steam_discount_predictions (
            prediction_date, appid, game_name, current_price_thb, original_price,
            is_currently_on_sale, discount_probability, will_discount_7d,
            predicted_discount_pct, predicted_price_thb, recommendation, confidence_level, created_at
        ) VALUES (
            %s, %s, %s, %s, %s, %s, %s, %s, %s, %s, %s, %s, NOW()
        ) ON CONFLICT (prediction_date, appid) DO UPDATE SET
            current_price_thb = EXCLUDED.current_price_thb,
            original_price = EXCLUDED.original_price,
            is_currently_on_sale = EXCLUDED.is_currently_on_sale,
            discount_probability = EXCLUDED.discount_probability,
            will_discount_7d = EXCLUDED.will_discount_7d,
            predicted_discount_pct = EXCLUDED.predicted_discount_pct,
            predicted_price_thb = EXCLUDED.predicted_price_thb,
            recommendation = EXCLUDED.recommendation,
            confidence_level = EXCLUDED.confidence_level,
            created_at = NOW();
        , parameters: (datetime.date(2026, 9, 7), 2246340, 'Monster Hunter Wilds', 1090.0, 1090.0, False, 0.3074505876068375, False, 42, 632.2, 'BUY_NOW', 'MEDIUM')
[2026-09-07T05:35:12.427+0000] {sql.py:562} INFO - Rows affected: 1
[2026-09-07T05:35:12.435+0000] {sql.py:553} INFO - Running statement: SELECT snapshot_date FROM steam_games WHERE appid = %s AND discount_pct > 0 ORDER BY snapshot_date DESC LIMIT 1;, parameters: (2358720,)
[2026-09-07T05:35:12.436+0000] {sql.py:562} INFO - Rows affected: 0
[2026-09-07T05:35:12.456+0000] {sql.py:553} INFO - Running statement: 
        INSERT INTO steam_discount_predictions (
            prediction_date, appid, game_name, current_price_thb, original_price,
            is_currently_on_sale, discount_probability, will_discount_7d,
            predicted_discount_pct, predicted_price_thb, recommendation, confidence_level, created_at
        ) VALUES (
            %s, %s, %s, %s, %s, %s, %s, %s, %s, %s, %s, %s, NOW()
        ) ON CONFLICT (prediction_date, appid) DO UPDATE SET
            current_price_thb = EXCLUDED.current_price_thb,
            original_price = EXCLUDED.original_price,
            is_currently_on_sale = EXCLUDED.is_currently_on_sale,
            discount_probability = EXCLUDED.discount_probability,
            will_discount_7d = EXCLUDED.will_discount_7d,
            predicted_discount_pct = EXCLUDED.predicted_discount_pct,
            predicted_price_thb = EXCLUDED.predicted_price_thb,
            recommendation = EXCLUDED.recommendation,
            confidence_level = EXCLUDED.confidence_level,
            created_at = NOW();
        , parameters: (datetime.date(2026, 9, 7), 2358720, 'Black Myth: Wukong', 1799.0, 1799.0, False, 0.2614406557494793, False, 38, 1115.38, 'BUY_NOW', 'MEDIUM')
[2026-09-07T05:35:12.458+0000] {sql.py:562} INFO - Rows affected: 1
[2026-09-07T05:35:12.466+0000] {sql.py:553} INFO - Running statement: SELECT snapshot_date FROM steam_games WHERE appid = %s AND discount_pct > 0 ORDER BY snapshot_date DESC LIMIT 1;, parameters: (2694490,)
[2026-09-07T05:35:12.468+0000] {sql.py:562} INFO - Rows affected: 0
[2026-09-07T05:35:12.485+0000] {sql.py:553} INFO - Running statement: 
        INSERT INTO steam_discount_predictions (
            prediction_date, appid, game_name, current_price_thb, original_price,
            is_currently_on_sale, discount_probability, will_discount_7d,
            predicted_discount_pct, predicted_price_thb, recommendation, confidence_level, created_at
        ) VALUES (
            %s, %s, %s, %s, %s, %s, %s, %s, %s, %s, %s, %s, NOW()
        ) ON CONFLICT (prediction_date, appid) DO UPDATE SET
            current_price_thb = EXCLUDED.current_price_thb,
            original_price = EXCLUDED.original_price,
            is_currently_on_sale = EXCLUDED.is_currently_on_sale,
            discount_probability = EXCLUDED.discount_probability,
            will_discount_7d = EXCLUDED.will_discount_7d,
            predicted_discount_pct = EXCLUDED.predicted_discount_pct,
            predicted_price_thb = EXCLUDED.predicted_price_thb,
            recommendation = EXCLUDED.recommendation,
            confidence_level = EXCLUDED.confidence_level,
            created_at = NOW();
        , parameters: (datetime.date(2026, 9, 7), 2694490, 'Path of Exile 2', 798.0, 798.0, False, 0.3074505876068375, False, 42, 462.84, 'BUY_NOW', 'MEDIUM')
[2026-09-07T05:35:12.487+0000] {sql.py:562} INFO - Rows affected: 1
[2026-09-07T05:35:12.490+0000] {logging_mixin.py:190} INFO - 💾 บันทึกผลพยากรณ์สำเร็จทั้งหมด 25 เกม สำหรับวันที่ 2026-09-07
[2026-09-07T05:35:12.491+0000] {python.py:240} INFO - Done. Returned value was: None
[2026-09-07T05:35:12.501+0000] {taskinstance.py:340} INFO - ::group::Post task execution logs
[2026-09-07T05:35:12.502+0000] {taskinstance.py:352} INFO - Marking task as SUCCESS. dag_id=steam_discount_prediction_dag, task_id=batch_predict_discounts, run_id=scheduled__2026-09-06T00:00:00+00:00, execution_date=20260906T000000, start_date=20260907T053511, end_date=20260907T053512
[2026-09-07T05:35:12.524+0000] {local_task_job_runner.py:266} INFO - Task exited with return code 0
[2026-09-07T05:35:12.541+0000] {taskinstance.py:3895} INFO - 0 downstream tasks scheduled from follow-on schedule check
[2026-09-07T05:35:12.545+0000] {local_task_job_runner.py:245} INFO - ::endgroup::
