[2026-09-07T05:34:57.283+0000] {processor.py:186} INFO - Started process (PID=133) to work on /opt/airflow/dags/01_hello_dag.py
[2026-09-07T05:34:57.284+0000] {processor.py:914} INFO - Processing file /opt/airflow/dags/01_hello_dag.py for tasks to queue
[2026-09-07T05:34:57.286+0000] {logging_mixin.py:190} INFO - [2026-09-07T05:34:57.286+0000] {dagbag.py:588} INFO - Filling up the DagBag from /opt/airflow/dags/01_hello_dag.py
[2026-09-07T05:34:57.338+0000] {processor.py:925} INFO - DAG(s) 'hello_dag' retrieved from /opt/airflow/dags/01_hello_dag.py
[2026-09-07T05:34:57.403+0000] {logging_mixin.py:190} INFO - [2026-09-07T05:34:57.402+0000] {dag.py:3239} INFO - Sync 1 DAGs
[2026-09-07T05:34:57.424+0000] {logging_mixin.py:190} INFO - [2026-09-07T05:34:57.424+0000] {dag.py:4180} INFO - Setting next_dagrun for hello_dag to None, run_after=None
[2026-09-07T05:34:57.495+0000] {processor.py:208} INFO - Processing /opt/airflow/dags/01_hello_dag.py took 0.229 seconds
[2026-09-07T05:37:06.168+0000] {processor.py:186} INFO - Started process (PID=124) to work on /opt/airflow/dags/01_hello_dag.py
[2026-09-07T05:37:06.170+0000] {processor.py:914} INFO - Processing file /opt/airflow/dags/01_hello_dag.py for tasks to queue
[2026-09-07T05:37:06.171+0000] {logging_mixin.py:190} INFO - [2026-09-07T05:37:06.171+0000] {dagbag.py:588} INFO - Filling up the DagBag from /opt/airflow/dags/01_hello_dag.py
[2026-09-07T05:37:06.186+0000] {processor.py:925} INFO - DAG(s) 'hello_dag' retrieved from /opt/airflow/dags/01_hello_dag.py
[2026-09-07T05:37:06.213+0000] {logging_mixin.py:190} INFO - [2026-09-07T05:37:06.212+0000] {dag.py:3239} INFO - Sync 1 DAGs
[2026-09-07T05:37:06.226+0000] {logging_mixin.py:190} INFO - [2026-09-07T05:37:06.226+0000] {dag.py:4180} INFO - Setting next_dagrun for hello_dag to None, run_after=None
[2026-09-07T05:37:06.249+0000] {processor.py:208} INFO - Processing /opt/airflow/dags/01_hello_dag.py took 0.086 seconds
[2026-09-07T05:37:37.177+0000] {processor.py:186} INFO - Started process (PID=144) to work on /opt/airflow/dags/01_hello_dag.py
[2026-09-07T05:37:37.178+0000] {processor.py:914} INFO - Processing file /opt/airflow/dags/01_hello_dag.py for tasks to queue
[2026-09-07T05:37:37.180+0000] {logging_mixin.py:190} INFO - [2026-09-07T05:37:37.179+0000] {dagbag.py:588} INFO - Filling up the DagBag from /opt/airflow/dags/01_hello_dag.py
[2026-09-07T05:37:37.203+0000] {processor.py:925} INFO - DAG(s) 'hello_dag' retrieved from /opt/airflow/dags/01_hello_dag.py
[2026-09-07T05:37:37.247+0000] {logging_mixin.py:190} INFO - [2026-09-07T05:37:37.247+0000] {dag.py:3239} INFO - Sync 1 DAGs
[2026-09-07T05:37:37.298+0000] {logging_mixin.py:190} INFO - [2026-09-07T05:37:37.298+0000] {dag.py:4180} INFO - Setting next_dagrun for hello_dag to None, run_after=None
[2026-09-07T05:37:37.341+0000] {processor.py:208} INFO - Processing /opt/airflow/dags/01_hello_dag.py took 0.172 seconds
[2026-09-07T05:38:08.331+0000] {processor.py:186} INFO - Started process (PID=172) to work on /opt/airflow/dags/01_hello_dag.py
[2026-09-07T05:38:08.332+0000] {processor.py:914} INFO - Processing file /opt/airflow/dags/01_hello_dag.py for tasks to queue
[2026-09-07T05:38:08.333+0000] {logging_mixin.py:190} INFO - [2026-09-07T05:38:08.333+0000] {dagbag.py:588} INFO - Filling up the DagBag from /opt/airflow/dags/01_hello_dag.py
[2026-09-07T05:38:08.356+0000] {processor.py:925} INFO - DAG(s) 'hello_dag' retrieved from /opt/airflow/dags/01_hello_dag.py
[2026-09-07T05:38:08.391+0000] {logging_mixin.py:190} INFO - [2026-09-07T05:38:08.390+0000] {dag.py:3239} INFO - Sync 1 DAGs
[2026-09-07T05:38:08.560+0000] {logging_mixin.py:190} INFO - [2026-09-07T05:38:08.560+0000] {dag.py:4180} INFO - Setting next_dagrun for hello_dag to None, run_after=None
[2026-09-07T05:38:08.582+0000] {processor.py:208} INFO - Processing /opt/airflow/dags/01_hello_dag.py took 0.256 seconds
[2026-09-07T05:38:39.135+0000] {processor.py:186} INFO - Started process (PID=203) to work on /opt/airflow/dags/01_hello_dag.py
[2026-09-07T05:38:39.136+0000] {processor.py:914} INFO - Processing file /opt/airflow/dags/01_hello_dag.py for tasks to queue
[2026-09-07T05:38:39.138+0000] {logging_mixin.py:190} INFO - [2026-09-07T05:38:39.137+0000] {dagbag.py:588} INFO - Filling up the DagBag from /opt/airflow/dags/01_hello_dag.py
[2026-09-07T05:38:39.156+0000] {processor.py:925} INFO - DAG(s) 'hello_dag' retrieved from /opt/airflow/dags/01_hello_dag.py
[2026-09-07T05:38:39.187+0000] {logging_mixin.py:190} INFO - [2026-09-07T05:38:39.186+0000] {dag.py:3239} INFO - Sync 1 DAGs
[2026-09-07T05:38:39.201+0000] {logging_mixin.py:190} INFO - [2026-09-07T05:38:39.201+0000] {dag.py:4180} INFO - Setting next_dagrun for hello_dag to None, run_after=None
[2026-09-07T05:38:39.219+0000] {processor.py:208} INFO - Processing /opt/airflow/dags/01_hello_dag.py took 0.090 seconds
[2026-09-07T05:39:09.593+0000] {processor.py:186} INFO - Started process (PID=234) to work on /opt/airflow/dags/01_hello_dag.py
[2026-09-07T05:39:09.593+0000] {processor.py:914} INFO - Processing file /opt/airflow/dags/01_hello_dag.py for tasks to queue
[2026-09-07T05:39:09.595+0000] {logging_mixin.py:190} INFO - [2026-09-07T05:39:09.594+0000] {dagbag.py:588} INFO - Filling up the DagBag from /opt/airflow/dags/01_hello_dag.py
[2026-09-07T05:39:09.610+0000] {processor.py:925} INFO - DAG(s) 'hello_dag' retrieved from /opt/airflow/dags/01_hello_dag.py
[2026-09-07T05:39:09.637+0000] {logging_mixin.py:190} INFO - [2026-09-07T05:39:09.637+0000] {dag.py:3239} INFO - Sync 1 DAGs
[2026-09-07T05:39:09.650+0000] {logging_mixin.py:190} INFO - [2026-09-07T05:39:09.650+0000] {dag.py:4180} INFO - Setting next_dagrun for hello_dag to None, run_after=None
[2026-09-07T05:39:09.669+0000] {processor.py:208} INFO - Processing /opt/airflow/dags/01_hello_dag.py took 0.082 seconds
[2026-09-07T05:39:41.323+0000] {processor.py:186} INFO - Started process (PID=265) to work on /opt/airflow/dags/01_hello_dag.py
[2026-09-07T05:39:41.324+0000] {processor.py:914} INFO - Processing file /opt/airflow/dags/01_hello_dag.py for tasks to queue
[2026-09-07T05:39:41.325+0000] {logging_mixin.py:190} INFO - [2026-09-07T05:39:41.325+0000] {dagbag.py:588} INFO - Filling up the DagBag from /opt/airflow/dags/01_hello_dag.py
[2026-09-07T05:39:41.350+0000] {processor.py:925} INFO - DAG(s) 'hello_dag' retrieved from /opt/airflow/dags/01_hello_dag.py
[2026-09-07T05:39:41.395+0000] {logging_mixin.py:190} INFO - [2026-09-07T05:39:41.395+0000] {dag.py:3239} INFO - Sync 1 DAGs
[2026-09-07T05:39:41.418+0000] {logging_mixin.py:190} INFO - [2026-09-07T05:39:41.417+0000] {dag.py:4180} INFO - Setting next_dagrun for hello_dag to None, run_after=None
[2026-09-07T05:39:41.446+0000] {processor.py:208} INFO - Processing /opt/airflow/dags/01_hello_dag.py took 0.130 seconds
[2026-09-07T05:40:12.097+0000] {processor.py:186} INFO - Started process (PID=300) to work on /opt/airflow/dags/01_hello_dag.py
[2026-09-07T05:40:12.098+0000] {processor.py:914} INFO - Processing file /opt/airflow/dags/01_hello_dag.py for tasks to queue
[2026-09-07T05:40:12.099+0000] {logging_mixin.py:190} INFO - [2026-09-07T05:40:12.099+0000] {dagbag.py:588} INFO - Filling up the DagBag from /opt/airflow/dags/01_hello_dag.py
[2026-09-07T05:40:12.118+0000] {processor.py:925} INFO - DAG(s) 'hello_dag' retrieved from /opt/airflow/dags/01_hello_dag.py
[2026-09-07T05:40:12.150+0000] {logging_mixin.py:190} INFO - [2026-09-07T05:40:12.150+0000] {dag.py:3239} INFO - Sync 1 DAGs
[2026-09-07T05:40:12.167+0000] {logging_mixin.py:190} INFO - [2026-09-07T05:40:12.167+0000] {dag.py:4180} INFO - Setting next_dagrun for hello_dag to None, run_after=None
[2026-09-07T05:40:12.191+0000] {processor.py:208} INFO - Processing /opt/airflow/dags/01_hello_dag.py took 0.106 seconds
[2026-09-07T05:40:42.952+0000] {processor.py:186} INFO - Started process (PID=340) to work on /opt/airflow/dags/01_hello_dag.py
[2026-09-07T05:40:42.953+0000] {processor.py:914} INFO - Processing file /opt/airflow/dags/01_hello_dag.py for tasks to queue
[2026-09-07T05:40:42.954+0000] {logging_mixin.py:190} INFO - [2026-09-07T05:40:42.954+0000] {dagbag.py:588} INFO - Filling up the DagBag from /opt/airflow/dags/01_hello_dag.py
[2026-09-07T05:40:42.973+0000] {processor.py:925} INFO - DAG(s) 'hello_dag' retrieved from /opt/airflow/dags/01_hello_dag.py
[2026-09-07T05:40:43.005+0000] {logging_mixin.py:190} INFO - [2026-09-07T05:40:43.005+0000] {dag.py:3239} INFO - Sync 1 DAGs
[2026-09-07T05:40:43.024+0000] {logging_mixin.py:190} INFO - [2026-09-07T05:40:43.023+0000] {dag.py:4180} INFO - Setting next_dagrun for hello_dag to None, run_after=None
[2026-09-07T05:40:43.044+0000] {processor.py:208} INFO - Processing /opt/airflow/dags/01_hello_dag.py took 0.099 seconds
[2026-09-07T05:41:13.183+0000] {processor.py:186} INFO - Started process (PID=371) to work on /opt/airflow/dags/01_hello_dag.py
[2026-09-07T05:41:13.184+0000] {processor.py:914} INFO - Processing file /opt/airflow/dags/01_hello_dag.py for tasks to queue
[2026-09-07T05:41:13.186+0000] {logging_mixin.py:190} INFO - [2026-09-07T05:41:13.185+0000] {dagbag.py:588} INFO - Filling up the DagBag from /opt/airflow/dags/01_hello_dag.py
[2026-09-07T05:41:13.202+0000] {processor.py:925} INFO - DAG(s) 'hello_dag' retrieved from /opt/airflow/dags/01_hello_dag.py
[2026-09-07T05:41:13.227+0000] {logging_mixin.py:190} INFO - [2026-09-07T05:41:13.227+0000] {dag.py:3239} INFO - Sync 1 DAGs
[2026-09-07T05:41:13.240+0000] {logging_mixin.py:190} INFO - [2026-09-07T05:41:13.240+0000] {dag.py:4180} INFO - Setting next_dagrun for hello_dag to None, run_after=None
[2026-09-07T05:41:13.259+0000] {processor.py:208} INFO - Processing /opt/airflow/dags/01_hello_dag.py took 0.081 seconds
[2026-09-07T05:41:44.215+0000] {processor.py:186} INFO - Started process (PID=403) to work on /opt/airflow/dags/01_hello_dag.py
[2026-09-07T05:41:44.217+0000] {processor.py:914} INFO - Processing file /opt/airflow/dags/01_hello_dag.py for tasks to queue
[2026-09-07T05:41:44.219+0000] {logging_mixin.py:190} INFO - [2026-09-07T05:41:44.218+0000] {dagbag.py:588} INFO - Filling up the DagBag from /opt/airflow/dags/01_hello_dag.py
[2026-09-07T05:41:44.252+0000] {processor.py:925} INFO - DAG(s) 'hello_dag' retrieved from /opt/airflow/dags/01_hello_dag.py
[2026-09-07T05:41:44.297+0000] {logging_mixin.py:190} INFO - [2026-09-07T05:41:44.297+0000] {dag.py:3239} INFO - Sync 1 DAGs
[2026-09-07T05:41:44.317+0000] {logging_mixin.py:190} INFO - [2026-09-07T05:41:44.317+0000] {dag.py:4180} INFO - Setting next_dagrun for hello_dag to None, run_after=None
[2026-09-07T05:41:44.344+0000] {processor.py:208} INFO - Processing /opt/airflow/dags/01_hello_dag.py took 0.140 seconds
[2026-09-07T05:42:14.834+0000] {processor.py:186} INFO - Started process (PID=435) to work on /opt/airflow/dags/01_hello_dag.py
[2026-09-07T05:42:14.835+0000] {processor.py:914} INFO - Processing file /opt/airflow/dags/01_hello_dag.py for tasks to queue
[2026-09-07T05:42:14.837+0000] {logging_mixin.py:190} INFO - [2026-09-07T05:42:14.836+0000] {dagbag.py:588} INFO - Filling up the DagBag from /opt/airflow/dags/01_hello_dag.py
[2026-09-07T05:42:14.854+0000] {processor.py:925} INFO - DAG(s) 'hello_dag' retrieved from /opt/airflow/dags/01_hello_dag.py
[2026-09-07T05:42:14.882+0000] {logging_mixin.py:190} INFO - [2026-09-07T05:42:14.881+0000] {dag.py:3239} INFO - Sync 1 DAGs
[2026-09-07T05:42:14.901+0000] {logging_mixin.py:190} INFO - [2026-09-07T05:42:14.901+0000] {dag.py:4180} INFO - Setting next_dagrun for hello_dag to None, run_after=None
[2026-09-07T05:42:14.924+0000] {processor.py:208} INFO - Processing /opt/airflow/dags/01_hello_dag.py took 0.096 seconds
[2026-09-07T05:42:45.530+0000] {processor.py:186} INFO - Started process (PID=466) to work on /opt/airflow/dags/01_hello_dag.py
[2026-09-07T05:42:45.531+0000] {processor.py:914} INFO - Processing file /opt/airflow/dags/01_hello_dag.py for tasks to queue
[2026-09-07T05:42:45.533+0000] {logging_mixin.py:190} INFO - [2026-09-07T05:42:45.533+0000] {dagbag.py:588} INFO - Filling up the DagBag from /opt/airflow/dags/01_hello_dag.py
[2026-09-07T05:42:45.575+0000] {processor.py:925} INFO - DAG(s) 'hello_dag' retrieved from /opt/airflow/dags/01_hello_dag.py
[2026-09-07T05:42:45.620+0000] {logging_mixin.py:190} INFO - [2026-09-07T05:42:45.620+0000] {dag.py:3239} INFO - Sync 1 DAGs
[2026-09-07T05:42:45.638+0000] {logging_mixin.py:190} INFO - [2026-09-07T05:42:45.637+0000] {dag.py:4180} INFO - Setting next_dagrun for hello_dag to None, run_after=None
[2026-09-07T05:42:45.663+0000] {processor.py:208} INFO - Processing /opt/airflow/dags/01_hello_dag.py took 0.144 seconds
[2026-09-07T05:43:16.473+0000] {processor.py:186} INFO - Started process (PID=505) to work on /opt/airflow/dags/01_hello_dag.py
[2026-09-07T05:43:16.474+0000] {processor.py:914} INFO - Processing file /opt/airflow/dags/01_hello_dag.py for tasks to queue
[2026-09-07T05:43:16.476+0000] {logging_mixin.py:190} INFO - [2026-09-07T05:43:16.475+0000] {dagbag.py:588} INFO - Filling up the DagBag from /opt/airflow/dags/01_hello_dag.py
[2026-09-07T05:43:16.499+0000] {processor.py:925} INFO - DAG(s) 'hello_dag' retrieved from /opt/airflow/dags/01_hello_dag.py
[2026-09-07T05:43:16.537+0000] {logging_mixin.py:190} INFO - [2026-09-07T05:43:16.537+0000] {dag.py:3239} INFO - Sync 1 DAGs
[2026-09-07T05:43:16.554+0000] {logging_mixin.py:190} INFO - [2026-09-07T05:43:16.554+0000] {dag.py:4180} INFO - Setting next_dagrun for hello_dag to None, run_after=None
[2026-09-07T05:43:16.584+0000] {processor.py:208} INFO - Processing /opt/airflow/dags/01_hello_dag.py took 0.120 seconds
[2026-09-07T05:43:46.877+0000] {processor.py:186} INFO - Started process (PID=536) to work on /opt/airflow/dags/01_hello_dag.py
[2026-09-07T05:43:46.878+0000] {processor.py:914} INFO - Processing file /opt/airflow/dags/01_hello_dag.py for tasks to queue
[2026-09-07T05:43:46.879+0000] {logging_mixin.py:190} INFO - [2026-09-07T05:43:46.879+0000] {dagbag.py:588} INFO - Filling up the DagBag from /opt/airflow/dags/01_hello_dag.py
[2026-09-07T05:43:46.896+0000] {processor.py:925} INFO - DAG(s) 'hello_dag' retrieved from /opt/airflow/dags/01_hello_dag.py
[2026-09-07T05:43:46.923+0000] {logging_mixin.py:190} INFO - [2026-09-07T05:43:46.923+0000] {dag.py:3239} INFO - Sync 1 DAGs
[2026-09-07T05:43:46.937+0000] {logging_mixin.py:190} INFO - [2026-09-07T05:43:46.936+0000] {dag.py:4180} INFO - Setting next_dagrun for hello_dag to None, run_after=None
[2026-09-07T05:43:46.955+0000] {processor.py:208} INFO - Processing /opt/airflow/dags/01_hello_dag.py took 0.085 seconds
[2026-09-07T05:44:18.180+0000] {processor.py:186} INFO - Started process (PID=567) to work on /opt/airflow/dags/01_hello_dag.py
[2026-09-07T05:44:18.180+0000] {processor.py:914} INFO - Processing file /opt/airflow/dags/01_hello_dag.py for tasks to queue
[2026-09-07T05:44:18.182+0000] {logging_mixin.py:190} INFO - [2026-09-07T05:44:18.181+0000] {dagbag.py:588} INFO - Filling up the DagBag from /opt/airflow/dags/01_hello_dag.py
[2026-09-07T05:44:18.199+0000] {processor.py:925} INFO - DAG(s) 'hello_dag' retrieved from /opt/airflow/dags/01_hello_dag.py
[2026-09-07T05:44:18.225+0000] {logging_mixin.py:190} INFO - [2026-09-07T05:44:18.225+0000] {dag.py:3239} INFO - Sync 1 DAGs
[2026-09-07T05:44:18.240+0000] {logging_mixin.py:190} INFO - [2026-09-07T05:44:18.240+0000] {dag.py:4180} INFO - Setting next_dagrun for hello_dag to None, run_after=None
[2026-09-07T05:44:18.264+0000] {processor.py:208} INFO - Processing /opt/airflow/dags/01_hello_dag.py took 0.090 seconds
[2026-09-07T05:44:49.436+0000] {processor.py:186} INFO - Started process (PID=598) to work on /opt/airflow/dags/01_hello_dag.py
[2026-09-07T05:44:49.437+0000] {processor.py:914} INFO - Processing file /opt/airflow/dags/01_hello_dag.py for tasks to queue
[2026-09-07T05:44:49.439+0000] {logging_mixin.py:190} INFO - [2026-09-07T05:44:49.438+0000] {dagbag.py:588} INFO - Filling up the DagBag from /opt/airflow/dags/01_hello_dag.py
[2026-09-07T05:44:49.461+0000] {processor.py:925} INFO - DAG(s) 'hello_dag' retrieved from /opt/airflow/dags/01_hello_dag.py
[2026-09-07T05:44:49.494+0000] {logging_mixin.py:190} INFO - [2026-09-07T05:44:49.494+0000] {dag.py:3239} INFO - Sync 1 DAGs
[2026-09-07T05:44:49.510+0000] {logging_mixin.py:190} INFO - [2026-09-07T05:44:49.510+0000] {dag.py:4180} INFO - Setting next_dagrun for hello_dag to None, run_after=None
[2026-09-07T05:44:49.535+0000] {processor.py:208} INFO - Processing /opt/airflow/dags/01_hello_dag.py took 0.105 seconds
[2026-09-07T05:45:20.799+0000] {processor.py:186} INFO - Started process (PID=629) to work on /opt/airflow/dags/01_hello_dag.py
[2026-09-07T05:45:20.801+0000] {processor.py:914} INFO - Processing file /opt/airflow/dags/01_hello_dag.py for tasks to queue
[2026-09-07T05:45:20.803+0000] {logging_mixin.py:190} INFO - [2026-09-07T05:45:20.802+0000] {dagbag.py:588} INFO - Filling up the DagBag from /opt/airflow/dags/01_hello_dag.py
[2026-09-07T05:45:20.828+0000] {processor.py:925} INFO - DAG(s) 'hello_dag' retrieved from /opt/airflow/dags/01_hello_dag.py
[2026-09-07T05:45:20.858+0000] {logging_mixin.py:190} INFO - [2026-09-07T05:45:20.857+0000] {dag.py:3239} INFO - Sync 1 DAGs
[2026-09-07T05:45:20.872+0000] {logging_mixin.py:190} INFO - [2026-09-07T05:45:20.872+0000] {dag.py:4180} INFO - Setting next_dagrun for hello_dag to None, run_after=None
[2026-09-07T05:45:20.893+0000] {processor.py:208} INFO - Processing /opt/airflow/dags/01_hello_dag.py took 0.103 seconds
[2026-09-07T05:45:51.928+0000] {processor.py:186} INFO - Started process (PID=660) to work on /opt/airflow/dags/01_hello_dag.py
[2026-09-07T05:45:51.929+0000] {processor.py:914} INFO - Processing file /opt/airflow/dags/01_hello_dag.py for tasks to queue
[2026-09-07T05:45:51.931+0000] {logging_mixin.py:190} INFO - [2026-09-07T05:45:51.930+0000] {dagbag.py:588} INFO - Filling up the DagBag from /opt/airflow/dags/01_hello_dag.py
[2026-09-07T05:45:51.951+0000] {processor.py:925} INFO - DAG(s) 'hello_dag' retrieved from /opt/airflow/dags/01_hello_dag.py
[2026-09-07T05:45:51.984+0000] {logging_mixin.py:190} INFO - [2026-09-07T05:45:51.984+0000] {dag.py:3239} INFO - Sync 1 DAGs
[2026-09-07T05:45:52.000+0000] {logging_mixin.py:190} INFO - [2026-09-07T05:45:51.999+0000] {dag.py:4180} INFO - Setting next_dagrun for hello_dag to None, run_after=None
[2026-09-07T05:45:52.022+0000] {processor.py:208} INFO - Processing /opt/airflow/dags/01_hello_dag.py took 0.101 seconds
[2026-09-07T05:46:22.875+0000] {processor.py:186} INFO - Started process (PID=691) to work on /opt/airflow/dags/01_hello_dag.py
[2026-09-07T05:46:22.876+0000] {processor.py:914} INFO - Processing file /opt/airflow/dags/01_hello_dag.py for tasks to queue
[2026-09-07T05:46:22.878+0000] {logging_mixin.py:190} INFO - [2026-09-07T05:46:22.878+0000] {dagbag.py:588} INFO - Filling up the DagBag from /opt/airflow/dags/01_hello_dag.py
[2026-09-07T05:46:22.900+0000] {processor.py:925} INFO - DAG(s) 'hello_dag' retrieved from /opt/airflow/dags/01_hello_dag.py
[2026-09-07T05:46:22.935+0000] {logging_mixin.py:190} INFO - [2026-09-07T05:46:22.934+0000] {dag.py:3239} INFO - Sync 1 DAGs
[2026-09-07T05:46:22.953+0000] {logging_mixin.py:190} INFO - [2026-09-07T05:46:22.952+0000] {dag.py:4180} INFO - Setting next_dagrun for hello_dag to None, run_after=None
[2026-09-07T05:46:22.976+0000] {processor.py:208} INFO - Processing /opt/airflow/dags/01_hello_dag.py took 0.108 seconds
[2026-09-07T05:46:53.774+0000] {processor.py:186} INFO - Started process (PID=722) to work on /opt/airflow/dags/01_hello_dag.py
[2026-09-07T05:46:53.775+0000] {processor.py:914} INFO - Processing file /opt/airflow/dags/01_hello_dag.py for tasks to queue
[2026-09-07T05:46:53.776+0000] {logging_mixin.py:190} INFO - [2026-09-07T05:46:53.776+0000] {dagbag.py:588} INFO - Filling up the DagBag from /opt/airflow/dags/01_hello_dag.py
[2026-09-07T05:46:53.792+0000] {processor.py:925} INFO - DAG(s) 'hello_dag' retrieved from /opt/airflow/dags/01_hello_dag.py
[2026-09-07T05:46:53.818+0000] {logging_mixin.py:190} INFO - [2026-09-07T05:46:53.817+0000] {dag.py:3239} INFO - Sync 1 DAGs
[2026-09-07T05:46:53.832+0000] {logging_mixin.py:190} INFO - [2026-09-07T05:46:53.832+0000] {dag.py:4180} INFO - Setting next_dagrun for hello_dag to None, run_after=None
[2026-09-07T05:46:53.858+0000] {processor.py:208} INFO - Processing /opt/airflow/dags/01_hello_dag.py took 0.090 seconds
[2026-09-07T05:47:24.265+0000] {processor.py:186} INFO - Started process (PID=754) to work on /opt/airflow/dags/01_hello_dag.py
[2026-09-07T05:47:24.266+0000] {processor.py:914} INFO - Processing file /opt/airflow/dags/01_hello_dag.py for tasks to queue
[2026-09-07T05:47:24.267+0000] {logging_mixin.py:190} INFO - [2026-09-07T05:47:24.267+0000] {dagbag.py:588} INFO - Filling up the DagBag from /opt/airflow/dags/01_hello_dag.py
[2026-09-07T05:47:24.286+0000] {processor.py:925} INFO - DAG(s) 'hello_dag' retrieved from /opt/airflow/dags/01_hello_dag.py
[2026-09-07T05:47:24.318+0000] {logging_mixin.py:190} INFO - [2026-09-07T05:47:24.317+0000] {dag.py:3239} INFO - Sync 1 DAGs
[2026-09-07T05:47:24.333+0000] {logging_mixin.py:190} INFO - [2026-09-07T05:47:24.333+0000] {dag.py:4180} INFO - Setting next_dagrun for hello_dag to None, run_after=None
[2026-09-07T05:47:24.355+0000] {processor.py:208} INFO - Processing /opt/airflow/dags/01_hello_dag.py took 0.098 seconds
[2026-09-07T05:47:54.784+0000] {processor.py:186} INFO - Started process (PID=785) to work on /opt/airflow/dags/01_hello_dag.py
[2026-09-07T05:47:54.785+0000] {processor.py:914} INFO - Processing file /opt/airflow/dags/01_hello_dag.py for tasks to queue
[2026-09-07T05:47:54.786+0000] {logging_mixin.py:190} INFO - [2026-09-07T05:47:54.786+0000] {dagbag.py:588} INFO - Filling up the DagBag from /opt/airflow/dags/01_hello_dag.py
[2026-09-07T05:47:54.802+0000] {processor.py:925} INFO - DAG(s) 'hello_dag' retrieved from /opt/airflow/dags/01_hello_dag.py
[2026-09-07T05:47:54.827+0000] {logging_mixin.py:190} INFO - [2026-09-07T05:47:54.827+0000] {dag.py:3239} INFO - Sync 1 DAGs
[2026-09-07T05:47:54.841+0000] {logging_mixin.py:190} INFO - [2026-09-07T05:47:54.840+0000] {dag.py:4180} INFO - Setting next_dagrun for hello_dag to None, run_after=None
[2026-09-07T05:47:54.858+0000] {processor.py:208} INFO - Processing /opt/airflow/dags/01_hello_dag.py took 0.079 seconds
[2026-09-07T05:48:25.230+0000] {processor.py:186} INFO - Started process (PID=816) to work on /opt/airflow/dags/01_hello_dag.py
[2026-09-07T05:48:25.231+0000] {processor.py:914} INFO - Processing file /opt/airflow/dags/01_hello_dag.py for tasks to queue
[2026-09-07T05:48:25.233+0000] {logging_mixin.py:190} INFO - [2026-09-07T05:48:25.232+0000] {dagbag.py:588} INFO - Filling up the DagBag from /opt/airflow/dags/01_hello_dag.py
[2026-09-07T05:48:25.249+0000] {processor.py:925} INFO - DAG(s) 'hello_dag' retrieved from /opt/airflow/dags/01_hello_dag.py
[2026-09-07T05:48:25.276+0000] {logging_mixin.py:190} INFO - [2026-09-07T05:48:25.275+0000] {dag.py:3239} INFO - Sync 1 DAGs
[2026-09-07T05:48:25.289+0000] {logging_mixin.py:190} INFO - [2026-09-07T05:48:25.289+0000] {dag.py:4180} INFO - Setting next_dagrun for hello_dag to None, run_after=None
[2026-09-07T05:48:25.306+0000] {processor.py:208} INFO - Processing /opt/airflow/dags/01_hello_dag.py took 0.082 seconds
[2026-09-07T05:48:56.395+0000] {processor.py:186} INFO - Started process (PID=847) to work on /opt/airflow/dags/01_hello_dag.py
[2026-09-07T05:48:56.396+0000] {processor.py:914} INFO - Processing file /opt/airflow/dags/01_hello_dag.py for tasks to queue
[2026-09-07T05:48:56.400+0000] {logging_mixin.py:190} INFO - [2026-09-07T05:48:56.400+0000] {dagbag.py:588} INFO - Filling up the DagBag from /opt/airflow/dags/01_hello_dag.py
[2026-09-07T05:48:56.421+0000] {processor.py:925} INFO - DAG(s) 'hello_dag' retrieved from /opt/airflow/dags/01_hello_dag.py
[2026-09-07T05:48:56.450+0000] {logging_mixin.py:190} INFO - [2026-09-07T05:48:56.450+0000] {dag.py:3239} INFO - Sync 1 DAGs
[2026-09-07T05:48:56.467+0000] {logging_mixin.py:190} INFO - [2026-09-07T05:48:56.466+0000] {dag.py:4180} INFO - Setting next_dagrun for hello_dag to None, run_after=None
[2026-09-07T05:48:56.489+0000] {processor.py:208} INFO - Processing /opt/airflow/dags/01_hello_dag.py took 0.100 seconds
[2026-09-07T05:49:27.454+0000] {processor.py:186} INFO - Started process (PID=878) to work on /opt/airflow/dags/01_hello_dag.py
[2026-09-07T05:49:27.455+0000] {processor.py:914} INFO - Processing file /opt/airflow/dags/01_hello_dag.py for tasks to queue
[2026-09-07T05:49:27.456+0000] {logging_mixin.py:190} INFO - [2026-09-07T05:49:27.456+0000] {dagbag.py:588} INFO - Filling up the DagBag from /opt/airflow/dags/01_hello_dag.py
[2026-09-07T05:49:27.473+0000] {processor.py:925} INFO - DAG(s) 'hello_dag' retrieved from /opt/airflow/dags/01_hello_dag.py
[2026-09-07T05:49:27.501+0000] {logging_mixin.py:190} INFO - [2026-09-07T05:49:27.501+0000] {dag.py:3239} INFO - Sync 1 DAGs
[2026-09-07T05:49:27.515+0000] {logging_mixin.py:190} INFO - [2026-09-07T05:49:27.515+0000] {dag.py:4180} INFO - Setting next_dagrun for hello_dag to None, run_after=None
[2026-09-07T05:49:27.532+0000] {processor.py:208} INFO - Processing /opt/airflow/dags/01_hello_dag.py took 0.085 seconds
[2026-09-07T05:49:58.540+0000] {processor.py:186} INFO - Started process (PID=915) to work on /opt/airflow/dags/01_hello_dag.py
[2026-09-07T05:49:58.541+0000] {processor.py:914} INFO - Processing file /opt/airflow/dags/01_hello_dag.py for tasks to queue
[2026-09-07T05:49:58.542+0000] {logging_mixin.py:190} INFO - [2026-09-07T05:49:58.542+0000] {dagbag.py:588} INFO - Filling up the DagBag from /opt/airflow/dags/01_hello_dag.py
[2026-09-07T05:49:58.560+0000] {processor.py:925} INFO - DAG(s) 'hello_dag' retrieved from /opt/airflow/dags/01_hello_dag.py
[2026-09-07T05:49:58.586+0000] {logging_mixin.py:190} INFO - [2026-09-07T05:49:58.586+0000] {dag.py:3239} INFO - Sync 1 DAGs
[2026-09-07T05:49:58.600+0000] {logging_mixin.py:190} INFO - [2026-09-07T05:49:58.600+0000] {dag.py:4180} INFO - Setting next_dagrun for hello_dag to None, run_after=None
[2026-09-07T05:49:58.617+0000] {processor.py:208} INFO - Processing /opt/airflow/dags/01_hello_dag.py took 0.083 seconds
[2026-09-07T05:50:29.756+0000] {processor.py:186} INFO - Started process (PID=946) to work on /opt/airflow/dags/01_hello_dag.py
[2026-09-07T05:50:29.757+0000] {processor.py:914} INFO - Processing file /opt/airflow/dags/01_hello_dag.py for tasks to queue
[2026-09-07T05:50:29.758+0000] {logging_mixin.py:190} INFO - [2026-09-07T05:50:29.758+0000] {dagbag.py:588} INFO - Filling up the DagBag from /opt/airflow/dags/01_hello_dag.py
[2026-09-07T05:50:29.776+0000] {processor.py:925} INFO - DAG(s) 'hello_dag' retrieved from /opt/airflow/dags/01_hello_dag.py
[2026-09-07T05:50:29.809+0000] {logging_mixin.py:190} INFO - [2026-09-07T05:50:29.808+0000] {dag.py:3239} INFO - Sync 1 DAGs
[2026-09-07T05:50:29.829+0000] {logging_mixin.py:190} INFO - [2026-09-07T05:50:29.828+0000] {dag.py:4180} INFO - Setting next_dagrun for hello_dag to None, run_after=None
[2026-09-07T05:50:29.853+0000] {processor.py:208} INFO - Processing /opt/airflow/dags/01_hello_dag.py took 0.105 seconds
[2026-09-07T05:51:00.308+0000] {processor.py:186} INFO - Started process (PID=977) to work on /opt/airflow/dags/01_hello_dag.py
[2026-09-07T05:51:00.308+0000] {processor.py:914} INFO - Processing file /opt/airflow/dags/01_hello_dag.py for tasks to queue
[2026-09-07T05:51:00.310+0000] {logging_mixin.py:190} INFO - [2026-09-07T05:51:00.309+0000] {dagbag.py:588} INFO - Filling up the DagBag from /opt/airflow/dags/01_hello_dag.py
[2026-09-07T05:51:00.327+0000] {processor.py:925} INFO - DAG(s) 'hello_dag' retrieved from /opt/airflow/dags/01_hello_dag.py
[2026-09-07T05:51:00.354+0000] {logging_mixin.py:190} INFO - [2026-09-07T05:51:00.354+0000] {dag.py:3239} INFO - Sync 1 DAGs
[2026-09-07T05:51:00.369+0000] {logging_mixin.py:190} INFO - [2026-09-07T05:51:00.369+0000] {dag.py:4180} INFO - Setting next_dagrun for hello_dag to None, run_after=None
[2026-09-07T05:51:00.390+0000] {processor.py:208} INFO - Processing /opt/airflow/dags/01_hello_dag.py took 0.088 seconds
[2026-09-07T05:51:31.068+0000] {processor.py:186} INFO - Started process (PID=1008) to work on /opt/airflow/dags/01_hello_dag.py
[2026-09-07T05:51:31.068+0000] {processor.py:914} INFO - Processing file /opt/airflow/dags/01_hello_dag.py for tasks to queue
[2026-09-07T05:51:31.070+0000] {logging_mixin.py:190} INFO - [2026-09-07T05:51:31.070+0000] {dagbag.py:588} INFO - Filling up the DagBag from /opt/airflow/dags/01_hello_dag.py
[2026-09-07T05:51:31.089+0000] {processor.py:925} INFO - DAG(s) 'hello_dag' retrieved from /opt/airflow/dags/01_hello_dag.py
[2026-09-07T05:51:31.119+0000] {logging_mixin.py:190} INFO - [2026-09-07T05:51:31.118+0000] {dag.py:3239} INFO - Sync 1 DAGs
[2026-09-07T05:51:31.138+0000] {logging_mixin.py:190} INFO - [2026-09-07T05:51:31.138+0000] {dag.py:4180} INFO - Setting next_dagrun for hello_dag to None, run_after=None
[2026-09-07T05:51:31.160+0000] {processor.py:208} INFO - Processing /opt/airflow/dags/01_hello_dag.py took 0.102 seconds
[2026-09-07T05:52:02.657+0000] {processor.py:186} INFO - Started process (PID=1039) to work on /opt/airflow/dags/01_hello_dag.py
[2026-09-07T05:52:02.658+0000] {processor.py:914} INFO - Processing file /opt/airflow/dags/01_hello_dag.py for tasks to queue
[2026-09-07T05:52:02.660+0000] {logging_mixin.py:190} INFO - [2026-09-07T05:52:02.659+0000] {dagbag.py:588} INFO - Filling up the DagBag from /opt/airflow/dags/01_hello_dag.py
[2026-09-07T05:52:02.683+0000] {processor.py:925} INFO - DAG(s) 'hello_dag' retrieved from /opt/airflow/dags/01_hello_dag.py
[2026-09-07T05:52:02.712+0000] {logging_mixin.py:190} INFO - [2026-09-07T05:52:02.712+0000] {dag.py:3239} INFO - Sync 1 DAGs
[2026-09-07T05:52:02.730+0000] {logging_mixin.py:190} INFO - [2026-09-07T05:52:02.730+0000] {dag.py:4180} INFO - Setting next_dagrun for hello_dag to None, run_after=None
[2026-09-07T05:52:02.754+0000] {processor.py:208} INFO - Processing /opt/airflow/dags/01_hello_dag.py took 0.104 seconds
[2026-09-07T05:52:34.448+0000] {processor.py:186} INFO - Started process (PID=1070) to work on /opt/airflow/dags/01_hello_dag.py
[2026-09-07T05:52:34.449+0000] {processor.py:914} INFO - Processing file /opt/airflow/dags/01_hello_dag.py for tasks to queue
[2026-09-07T05:52:34.451+0000] {logging_mixin.py:190} INFO - [2026-09-07T05:52:34.450+0000] {dagbag.py:588} INFO - Filling up the DagBag from /opt/airflow/dags/01_hello_dag.py
[2026-09-07T05:52:34.472+0000] {processor.py:925} INFO - DAG(s) 'hello_dag' retrieved from /opt/airflow/dags/01_hello_dag.py
[2026-09-07T05:52:34.514+0000] {logging_mixin.py:190} INFO - [2026-09-07T05:52:34.514+0000] {dag.py:3239} INFO - Sync 1 DAGs
[2026-09-07T05:52:34.532+0000] {logging_mixin.py:190} INFO - [2026-09-07T05:52:34.531+0000] {dag.py:4180} INFO - Setting next_dagrun for hello_dag to None, run_after=None
[2026-09-07T05:52:34.557+0000] {processor.py:208} INFO - Processing /opt/airflow/dags/01_hello_dag.py took 0.118 seconds
[2026-09-07T05:53:04.824+0000] {processor.py:186} INFO - Started process (PID=1087) to work on /opt/airflow/dags/01_hello_dag.py
[2026-09-07T05:53:04.825+0000] {processor.py:914} INFO - Processing file /opt/airflow/dags/01_hello_dag.py for tasks to queue
[2026-09-07T05:53:04.827+0000] {logging_mixin.py:190} INFO - [2026-09-07T05:53:04.826+0000] {dagbag.py:588} INFO - Filling up the DagBag from /opt/airflow/dags/01_hello_dag.py
[2026-09-07T05:53:04.845+0000] {processor.py:925} INFO - DAG(s) 'hello_dag' retrieved from /opt/airflow/dags/01_hello_dag.py
[2026-09-07T05:53:04.874+0000] {logging_mixin.py:190} INFO - [2026-09-07T05:53:04.873+0000] {dag.py:3239} INFO - Sync 1 DAGs
[2026-09-07T05:53:04.889+0000] {logging_mixin.py:190} INFO - [2026-09-07T05:53:04.889+0000] {dag.py:4180} INFO - Setting next_dagrun for hello_dag to None, run_after=None
[2026-09-07T05:53:04.910+0000] {processor.py:208} INFO - Processing /opt/airflow/dags/01_hello_dag.py took 0.092 seconds
[2026-09-07T05:53:35.309+0000] {processor.py:186} INFO - Started process (PID=1118) to work on /opt/airflow/dags/01_hello_dag.py
[2026-09-07T05:53:35.310+0000] {processor.py:914} INFO - Processing file /opt/airflow/dags/01_hello_dag.py for tasks to queue
[2026-09-07T05:53:35.312+0000] {logging_mixin.py:190} INFO - [2026-09-07T05:53:35.311+0000] {dagbag.py:588} INFO - Filling up the DagBag from /opt/airflow/dags/01_hello_dag.py
[2026-09-07T05:53:35.329+0000] {processor.py:925} INFO - DAG(s) 'hello_dag' retrieved from /opt/airflow/dags/01_hello_dag.py
[2026-09-07T05:53:35.360+0000] {logging_mixin.py:190} INFO - [2026-09-07T05:53:35.359+0000] {dag.py:3239} INFO - Sync 1 DAGs
[2026-09-07T05:53:35.374+0000] {logging_mixin.py:190} INFO - [2026-09-07T05:53:35.373+0000] {dag.py:4180} INFO - Setting next_dagrun for hello_dag to None, run_after=None
[2026-09-07T05:53:35.395+0000] {processor.py:208} INFO - Processing /opt/airflow/dags/01_hello_dag.py took 0.093 seconds
[2026-09-07T05:54:05.717+0000] {processor.py:186} INFO - Started process (PID=1149) to work on /opt/airflow/dags/01_hello_dag.py
[2026-09-07T05:54:05.718+0000] {processor.py:914} INFO - Processing file /opt/airflow/dags/01_hello_dag.py for tasks to queue
[2026-09-07T05:54:05.719+0000] {logging_mixin.py:190} INFO - [2026-09-07T05:54:05.719+0000] {dagbag.py:588} INFO - Filling up the DagBag from /opt/airflow/dags/01_hello_dag.py
[2026-09-07T05:54:05.744+0000] {processor.py:925} INFO - DAG(s) 'hello_dag' retrieved from /opt/airflow/dags/01_hello_dag.py
[2026-09-07T05:54:05.771+0000] {logging_mixin.py:190} INFO - [2026-09-07T05:54:05.771+0000] {dag.py:3239} INFO - Sync 1 DAGs
[2026-09-07T05:54:05.785+0000] {logging_mixin.py:190} INFO - [2026-09-07T05:54:05.785+0000] {dag.py:4180} INFO - Setting next_dagrun for hello_dag to None, run_after=None
[2026-09-07T05:54:05.805+0000] {processor.py:208} INFO - Processing /opt/airflow/dags/01_hello_dag.py took 0.093 seconds
