[2026-09-07T05:34:57.125+0000] {processor.py:186} INFO - Started process (PID=132) to work on /opt/airflow/dags/02_xcom_dag.py
[2026-09-07T05:34:57.127+0000] {processor.py:914} INFO - Processing file /opt/airflow/dags/02_xcom_dag.py for tasks to queue
[2026-09-07T05:34:57.130+0000] {logging_mixin.py:190} INFO - [2026-09-07T05:34:57.129+0000] {dagbag.py:588} INFO - Filling up the DagBag from /opt/airflow/dags/02_xcom_dag.py
[2026-09-07T05:34:57.181+0000] {processor.py:925} INFO - DAG(s) 'xcom_dag' retrieved from /opt/airflow/dags/02_xcom_dag.py
[2026-09-07T05:34:57.262+0000] {logging_mixin.py:190} INFO - [2026-09-07T05:34:57.262+0000] {dag.py:3239} INFO - Sync 1 DAGs
[2026-09-07T05:34:57.297+0000] {logging_mixin.py:190} INFO - [2026-09-07T05:34:57.296+0000] {dag.py:4180} INFO - Setting next_dagrun for xcom_dag to None, run_after=None
[2026-09-07T05:34:57.354+0000] {processor.py:208} INFO - Processing /opt/airflow/dags/02_xcom_dag.py took 0.250 seconds
[2026-09-07T05:37:06.158+0000] {processor.py:186} INFO - Started process (PID=123) to work on /opt/airflow/dags/02_xcom_dag.py
[2026-09-07T05:37:06.160+0000] {processor.py:914} INFO - Processing file /opt/airflow/dags/02_xcom_dag.py for tasks to queue
[2026-09-07T05:37:06.161+0000] {logging_mixin.py:190} INFO - [2026-09-07T05:37:06.160+0000] {dagbag.py:588} INFO - Filling up the DagBag from /opt/airflow/dags/02_xcom_dag.py
[2026-09-07T05:37:06.184+0000] {processor.py:925} INFO - DAG(s) 'xcom_dag' retrieved from /opt/airflow/dags/02_xcom_dag.py
[2026-09-07T05:37:06.210+0000] {logging_mixin.py:190} INFO - [2026-09-07T05:37:06.209+0000] {dag.py:3239} INFO - Sync 1 DAGs
[2026-09-07T05:37:06.224+0000] {logging_mixin.py:190} INFO - [2026-09-07T05:37:06.224+0000] {dag.py:4180} INFO - Setting next_dagrun for xcom_dag to None, run_after=None
[2026-09-07T05:37:06.245+0000] {processor.py:208} INFO - Processing /opt/airflow/dags/02_xcom_dag.py took 0.092 seconds
[2026-09-07T05:37:37.016+0000] {processor.py:186} INFO - Started process (PID=142) to work on /opt/airflow/dags/02_xcom_dag.py
[2026-09-07T05:37:37.017+0000] {processor.py:914} INFO - Processing file /opt/airflow/dags/02_xcom_dag.py for tasks to queue
[2026-09-07T05:37:37.019+0000] {logging_mixin.py:190} INFO - [2026-09-07T05:37:37.018+0000] {dagbag.py:588} INFO - Filling up the DagBag from /opt/airflow/dags/02_xcom_dag.py
[2026-09-07T05:37:37.041+0000] {processor.py:925} INFO - DAG(s) 'xcom_dag' retrieved from /opt/airflow/dags/02_xcom_dag.py
[2026-09-07T05:37:37.072+0000] {logging_mixin.py:190} INFO - [2026-09-07T05:37:37.072+0000] {dag.py:3239} INFO - Sync 1 DAGs
[2026-09-07T05:37:37.099+0000] {logging_mixin.py:190} INFO - [2026-09-07T05:37:37.098+0000] {dag.py:4180} INFO - Setting next_dagrun for xcom_dag to None, run_after=None
[2026-09-07T05:37:37.130+0000] {processor.py:208} INFO - Processing /opt/airflow/dags/02_xcom_dag.py took 0.119 seconds
[2026-09-07T05:38:08.040+0000] {processor.py:186} INFO - Started process (PID=171) to work on /opt/airflow/dags/02_xcom_dag.py
[2026-09-07T05:38:08.041+0000] {processor.py:914} INFO - Processing file /opt/airflow/dags/02_xcom_dag.py for tasks to queue
[2026-09-07T05:38:08.043+0000] {logging_mixin.py:190} INFO - [2026-09-07T05:38:08.042+0000] {dagbag.py:588} INFO - Filling up the DagBag from /opt/airflow/dags/02_xcom_dag.py
[2026-09-07T05:38:08.063+0000] {processor.py:925} INFO - DAG(s) 'xcom_dag' retrieved from /opt/airflow/dags/02_xcom_dag.py
[2026-09-07T05:38:08.095+0000] {logging_mixin.py:190} INFO - [2026-09-07T05:38:08.094+0000] {dag.py:3239} INFO - Sync 1 DAGs
[2026-09-07T05:38:08.277+0000] {logging_mixin.py:190} INFO - [2026-09-07T05:38:08.277+0000] {dag.py:4180} INFO - Setting next_dagrun for xcom_dag to None, run_after=None
[2026-09-07T05:38:08.300+0000] {processor.py:208} INFO - Processing /opt/airflow/dags/02_xcom_dag.py took 0.268 seconds
[2026-09-07T05:38:39.129+0000] {processor.py:186} INFO - Started process (PID=202) to work on /opt/airflow/dags/02_xcom_dag.py
[2026-09-07T05:38:39.130+0000] {processor.py:914} INFO - Processing file /opt/airflow/dags/02_xcom_dag.py for tasks to queue
[2026-09-07T05:38:39.131+0000] {logging_mixin.py:190} INFO - [2026-09-07T05:38:39.131+0000] {dagbag.py:588} INFO - Filling up the DagBag from /opt/airflow/dags/02_xcom_dag.py
[2026-09-07T05:38:39.149+0000] {processor.py:925} INFO - DAG(s) 'xcom_dag' retrieved from /opt/airflow/dags/02_xcom_dag.py
[2026-09-07T05:38:39.183+0000] {logging_mixin.py:190} INFO - [2026-09-07T05:38:39.183+0000] {dag.py:3239} INFO - Sync 1 DAGs
[2026-09-07T05:38:39.198+0000] {logging_mixin.py:190} INFO - [2026-09-07T05:38:39.198+0000] {dag.py:4180} INFO - Setting next_dagrun for xcom_dag to None, run_after=None
[2026-09-07T05:38:39.218+0000] {processor.py:208} INFO - Processing /opt/airflow/dags/02_xcom_dag.py took 0.094 seconds
[2026-09-07T05:39:09.586+0000] {processor.py:186} INFO - Started process (PID=233) to work on /opt/airflow/dags/02_xcom_dag.py
[2026-09-07T05:39:09.586+0000] {processor.py:914} INFO - Processing file /opt/airflow/dags/02_xcom_dag.py for tasks to queue
[2026-09-07T05:39:09.587+0000] {logging_mixin.py:190} INFO - [2026-09-07T05:39:09.587+0000] {dagbag.py:588} INFO - Filling up the DagBag from /opt/airflow/dags/02_xcom_dag.py
[2026-09-07T05:39:09.603+0000] {processor.py:925} INFO - DAG(s) 'xcom_dag' retrieved from /opt/airflow/dags/02_xcom_dag.py
[2026-09-07T05:39:09.629+0000] {logging_mixin.py:190} INFO - [2026-09-07T05:39:09.629+0000] {dag.py:3239} INFO - Sync 1 DAGs
[2026-09-07T05:39:09.643+0000] {logging_mixin.py:190} INFO - [2026-09-07T05:39:09.643+0000] {dag.py:4180} INFO - Setting next_dagrun for xcom_dag to None, run_after=None
[2026-09-07T05:39:09.662+0000] {processor.py:208} INFO - Processing /opt/airflow/dags/02_xcom_dag.py took 0.082 seconds
[2026-09-07T05:39:41.315+0000] {processor.py:186} INFO - Started process (PID=264) to work on /opt/airflow/dags/02_xcom_dag.py
[2026-09-07T05:39:41.316+0000] {processor.py:914} INFO - Processing file /opt/airflow/dags/02_xcom_dag.py for tasks to queue
[2026-09-07T05:39:41.318+0000] {logging_mixin.py:190} INFO - [2026-09-07T05:39:41.317+0000] {dagbag.py:588} INFO - Filling up the DagBag from /opt/airflow/dags/02_xcom_dag.py
[2026-09-07T05:39:41.343+0000] {processor.py:925} INFO - DAG(s) 'xcom_dag' retrieved from /opt/airflow/dags/02_xcom_dag.py
[2026-09-07T05:39:41.382+0000] {logging_mixin.py:190} INFO - [2026-09-07T05:39:41.381+0000] {dag.py:3239} INFO - Sync 1 DAGs
[2026-09-07T05:39:41.404+0000] {logging_mixin.py:190} INFO - [2026-09-07T05:39:41.404+0000] {dag.py:4180} INFO - Setting next_dagrun for xcom_dag to None, run_after=None
[2026-09-07T05:39:41.442+0000] {processor.py:208} INFO - Processing /opt/airflow/dags/02_xcom_dag.py took 0.135 seconds
[2026-09-07T05:40:12.055+0000] {processor.py:186} INFO - Started process (PID=299) to work on /opt/airflow/dags/02_xcom_dag.py
[2026-09-07T05:40:12.055+0000] {processor.py:914} INFO - Processing file /opt/airflow/dags/02_xcom_dag.py for tasks to queue
[2026-09-07T05:40:12.057+0000] {logging_mixin.py:190} INFO - [2026-09-07T05:40:12.057+0000] {dagbag.py:588} INFO - Filling up the DagBag from /opt/airflow/dags/02_xcom_dag.py
[2026-09-07T05:40:12.086+0000] {processor.py:925} INFO - DAG(s) 'xcom_dag' retrieved from /opt/airflow/dags/02_xcom_dag.py
[2026-09-07T05:40:12.119+0000] {logging_mixin.py:190} INFO - [2026-09-07T05:40:12.118+0000] {dag.py:3239} INFO - Sync 1 DAGs
[2026-09-07T05:40:12.136+0000] {logging_mixin.py:190} INFO - [2026-09-07T05:40:12.135+0000] {dag.py:4180} INFO - Setting next_dagrun for xcom_dag to None, run_after=None
[2026-09-07T05:40:12.159+0000] {processor.py:208} INFO - Processing /opt/airflow/dags/02_xcom_dag.py took 0.112 seconds
[2026-09-07T05:40:42.792+0000] {processor.py:186} INFO - Started process (PID=339) to work on /opt/airflow/dags/02_xcom_dag.py
[2026-09-07T05:40:42.793+0000] {processor.py:914} INFO - Processing file /opt/airflow/dags/02_xcom_dag.py for tasks to queue
[2026-09-07T05:40:42.796+0000] {logging_mixin.py:190} INFO - [2026-09-07T05:40:42.795+0000] {dagbag.py:588} INFO - Filling up the DagBag from /opt/airflow/dags/02_xcom_dag.py
[2026-09-07T05:40:42.824+0000] {processor.py:925} INFO - DAG(s) 'xcom_dag' retrieved from /opt/airflow/dags/02_xcom_dag.py
[2026-09-07T05:40:42.869+0000] {logging_mixin.py:190} INFO - [2026-09-07T05:40:42.869+0000] {dag.py:3239} INFO - Sync 1 DAGs
[2026-09-07T05:40:42.888+0000] {logging_mixin.py:190} INFO - [2026-09-07T05:40:42.888+0000] {dag.py:4180} INFO - Setting next_dagrun for xcom_dag to None, run_after=None
[2026-09-07T05:40:42.911+0000] {processor.py:208} INFO - Processing /opt/airflow/dags/02_xcom_dag.py took 0.128 seconds
[2026-09-07T05:41:13.178+0000] {processor.py:186} INFO - Started process (PID=370) to work on /opt/airflow/dags/02_xcom_dag.py
[2026-09-07T05:41:13.179+0000] {processor.py:914} INFO - Processing file /opt/airflow/dags/02_xcom_dag.py for tasks to queue
[2026-09-07T05:41:13.180+0000] {logging_mixin.py:190} INFO - [2026-09-07T05:41:13.180+0000] {dagbag.py:588} INFO - Filling up the DagBag from /opt/airflow/dags/02_xcom_dag.py
[2026-09-07T05:41:13.196+0000] {processor.py:925} INFO - DAG(s) 'xcom_dag' retrieved from /opt/airflow/dags/02_xcom_dag.py
[2026-09-07T05:41:13.222+0000] {logging_mixin.py:190} INFO - [2026-09-07T05:41:13.222+0000] {dag.py:3239} INFO - Sync 1 DAGs
[2026-09-07T05:41:13.236+0000] {logging_mixin.py:190} INFO - [2026-09-07T05:41:13.236+0000] {dag.py:4180} INFO - Setting next_dagrun for xcom_dag to None, run_after=None
[2026-09-07T05:41:13.255+0000] {processor.py:208} INFO - Processing /opt/airflow/dags/02_xcom_dag.py took 0.083 seconds
[2026-09-07T05:41:44.112+0000] {processor.py:186} INFO - Started process (PID=402) to work on /opt/airflow/dags/02_xcom_dag.py
[2026-09-07T05:41:44.113+0000] {processor.py:914} INFO - Processing file /opt/airflow/dags/02_xcom_dag.py for tasks to queue
[2026-09-07T05:41:44.116+0000] {logging_mixin.py:190} INFO - [2026-09-07T05:41:44.115+0000] {dagbag.py:588} INFO - Filling up the DagBag from /opt/airflow/dags/02_xcom_dag.py
[2026-09-07T05:41:44.142+0000] {processor.py:925} INFO - DAG(s) 'xcom_dag' retrieved from /opt/airflow/dags/02_xcom_dag.py
[2026-09-07T05:41:44.190+0000] {logging_mixin.py:190} INFO - [2026-09-07T05:41:44.190+0000] {dag.py:3239} INFO - Sync 1 DAGs
[2026-09-07T05:41:44.218+0000] {logging_mixin.py:190} INFO - [2026-09-07T05:41:44.217+0000] {dag.py:4180} INFO - Setting next_dagrun for xcom_dag to None, run_after=None
[2026-09-07T05:41:44.259+0000] {processor.py:208} INFO - Processing /opt/airflow/dags/02_xcom_dag.py took 0.158 seconds
[2026-09-07T05:42:14.722+0000] {processor.py:186} INFO - Started process (PID=434) to work on /opt/airflow/dags/02_xcom_dag.py
[2026-09-07T05:42:14.723+0000] {processor.py:914} INFO - Processing file /opt/airflow/dags/02_xcom_dag.py for tasks to queue
[2026-09-07T05:42:14.724+0000] {logging_mixin.py:190} INFO - [2026-09-07T05:42:14.724+0000] {dagbag.py:588} INFO - Filling up the DagBag from /opt/airflow/dags/02_xcom_dag.py
[2026-09-07T05:42:14.741+0000] {processor.py:925} INFO - DAG(s) 'xcom_dag' retrieved from /opt/airflow/dags/02_xcom_dag.py
[2026-09-07T05:42:14.767+0000] {logging_mixin.py:190} INFO - [2026-09-07T05:42:14.767+0000] {dag.py:3239} INFO - Sync 1 DAGs
[2026-09-07T05:42:14.781+0000] {logging_mixin.py:190} INFO - [2026-09-07T05:42:14.780+0000] {dag.py:4180} INFO - Setting next_dagrun for xcom_dag to None, run_after=None
[2026-09-07T05:42:14.800+0000] {processor.py:208} INFO - Processing /opt/airflow/dags/02_xcom_dag.py took 0.085 seconds
[2026-09-07T05:42:45.405+0000] {processor.py:186} INFO - Started process (PID=465) to work on /opt/airflow/dags/02_xcom_dag.py
[2026-09-07T05:42:45.406+0000] {processor.py:914} INFO - Processing file /opt/airflow/dags/02_xcom_dag.py for tasks to queue
[2026-09-07T05:42:45.407+0000] {logging_mixin.py:190} INFO - [2026-09-07T05:42:45.407+0000] {dagbag.py:588} INFO - Filling up the DagBag from /opt/airflow/dags/02_xcom_dag.py
[2026-09-07T05:42:45.438+0000] {processor.py:925} INFO - DAG(s) 'xcom_dag' retrieved from /opt/airflow/dags/02_xcom_dag.py
[2026-09-07T05:42:45.472+0000] {logging_mixin.py:190} INFO - [2026-09-07T05:42:45.472+0000] {dag.py:3239} INFO - Sync 1 DAGs
[2026-09-07T05:42:45.496+0000] {logging_mixin.py:190} INFO - [2026-09-07T05:42:45.495+0000] {dag.py:4180} INFO - Setting next_dagrun for xcom_dag to None, run_after=None
[2026-09-07T05:42:45.531+0000] {processor.py:208} INFO - Processing /opt/airflow/dags/02_xcom_dag.py took 0.133 seconds
[2026-09-07T05:43:16.462+0000] {processor.py:186} INFO - Started process (PID=504) to work on /opt/airflow/dags/02_xcom_dag.py
[2026-09-07T05:43:16.463+0000] {processor.py:914} INFO - Processing file /opt/airflow/dags/02_xcom_dag.py for tasks to queue
[2026-09-07T05:43:16.464+0000] {logging_mixin.py:190} INFO - [2026-09-07T05:43:16.464+0000] {dagbag.py:588} INFO - Filling up the DagBag from /opt/airflow/dags/02_xcom_dag.py
[2026-09-07T05:43:16.487+0000] {processor.py:925} INFO - DAG(s) 'xcom_dag' retrieved from /opt/airflow/dags/02_xcom_dag.py
[2026-09-07T05:43:16.520+0000] {logging_mixin.py:190} INFO - [2026-09-07T05:43:16.519+0000] {dag.py:3239} INFO - Sync 1 DAGs
[2026-09-07T05:43:16.536+0000] {logging_mixin.py:190} INFO - [2026-09-07T05:43:16.536+0000] {dag.py:4180} INFO - Setting next_dagrun for xcom_dag to None, run_after=None
[2026-09-07T05:43:16.561+0000] {processor.py:208} INFO - Processing /opt/airflow/dags/02_xcom_dag.py took 0.106 seconds
[2026-09-07T05:43:46.870+0000] {processor.py:186} INFO - Started process (PID=535) to work on /opt/airflow/dags/02_xcom_dag.py
[2026-09-07T05:43:46.871+0000] {processor.py:914} INFO - Processing file /opt/airflow/dags/02_xcom_dag.py for tasks to queue
[2026-09-07T05:43:46.872+0000] {logging_mixin.py:190} INFO - [2026-09-07T05:43:46.872+0000] {dagbag.py:588} INFO - Filling up the DagBag from /opt/airflow/dags/02_xcom_dag.py
[2026-09-07T05:43:46.889+0000] {processor.py:925} INFO - DAG(s) 'xcom_dag' retrieved from /opt/airflow/dags/02_xcom_dag.py
[2026-09-07T05:43:46.916+0000] {logging_mixin.py:190} INFO - [2026-09-07T05:43:46.915+0000] {dag.py:3239} INFO - Sync 1 DAGs
[2026-09-07T05:43:46.930+0000] {logging_mixin.py:190} INFO - [2026-09-07T05:43:46.930+0000] {dag.py:4180} INFO - Setting next_dagrun for xcom_dag to None, run_after=None
[2026-09-07T05:43:46.949+0000] {processor.py:208} INFO - Processing /opt/airflow/dags/02_xcom_dag.py took 0.085 seconds
[2026-09-07T05:44:18.173+0000] {processor.py:186} INFO - Started process (PID=566) to work on /opt/airflow/dags/02_xcom_dag.py
[2026-09-07T05:44:18.173+0000] {processor.py:914} INFO - Processing file /opt/airflow/dags/02_xcom_dag.py for tasks to queue
[2026-09-07T05:44:18.175+0000] {logging_mixin.py:190} INFO - [2026-09-07T05:44:18.175+0000] {dagbag.py:588} INFO - Filling up the DagBag from /opt/airflow/dags/02_xcom_dag.py
[2026-09-07T05:44:18.192+0000] {processor.py:925} INFO - DAG(s) 'xcom_dag' retrieved from /opt/airflow/dags/02_xcom_dag.py
[2026-09-07T05:44:18.221+0000] {logging_mixin.py:190} INFO - [2026-09-07T05:44:18.221+0000] {dag.py:3239} INFO - Sync 1 DAGs
[2026-09-07T05:44:18.236+0000] {logging_mixin.py:190} INFO - [2026-09-07T05:44:18.236+0000] {dag.py:4180} INFO - Setting next_dagrun for xcom_dag to None, run_after=None
[2026-09-07T05:44:18.260+0000] {processor.py:208} INFO - Processing /opt/airflow/dags/02_xcom_dag.py took 0.095 seconds
[2026-09-07T05:44:49.401+0000] {processor.py:186} INFO - Started process (PID=597) to work on /opt/airflow/dags/02_xcom_dag.py
[2026-09-07T05:44:49.402+0000] {processor.py:914} INFO - Processing file /opt/airflow/dags/02_xcom_dag.py for tasks to queue
[2026-09-07T05:44:49.404+0000] {logging_mixin.py:190} INFO - [2026-09-07T05:44:49.403+0000] {dagbag.py:588} INFO - Filling up the DagBag from /opt/airflow/dags/02_xcom_dag.py
[2026-09-07T05:44:49.427+0000] {processor.py:925} INFO - DAG(s) 'xcom_dag' retrieved from /opt/airflow/dags/02_xcom_dag.py
[2026-09-07T05:44:49.456+0000] {logging_mixin.py:190} INFO - [2026-09-07T05:44:49.456+0000] {dag.py:3239} INFO - Sync 1 DAGs
[2026-09-07T05:44:49.470+0000] {logging_mixin.py:190} INFO - [2026-09-07T05:44:49.470+0000] {dag.py:4180} INFO - Setting next_dagrun for xcom_dag to None, run_after=None
[2026-09-07T05:44:49.496+0000] {processor.py:208} INFO - Processing /opt/airflow/dags/02_xcom_dag.py took 0.101 seconds
[2026-09-07T05:45:20.790+0000] {processor.py:186} INFO - Started process (PID=628) to work on /opt/airflow/dags/02_xcom_dag.py
[2026-09-07T05:45:20.790+0000] {processor.py:914} INFO - Processing file /opt/airflow/dags/02_xcom_dag.py for tasks to queue
[2026-09-07T05:45:20.792+0000] {logging_mixin.py:190} INFO - [2026-09-07T05:45:20.791+0000] {dagbag.py:588} INFO - Filling up the DagBag from /opt/airflow/dags/02_xcom_dag.py
[2026-09-07T05:45:20.822+0000] {processor.py:925} INFO - DAG(s) 'xcom_dag' retrieved from /opt/airflow/dags/02_xcom_dag.py
[2026-09-07T05:45:20.856+0000] {logging_mixin.py:190} INFO - [2026-09-07T05:45:20.856+0000] {dag.py:3239} INFO - Sync 1 DAGs
[2026-09-07T05:45:20.871+0000] {logging_mixin.py:190} INFO - [2026-09-07T05:45:20.871+0000] {dag.py:4180} INFO - Setting next_dagrun for xcom_dag to None, run_after=None
[2026-09-07T05:45:20.891+0000] {processor.py:208} INFO - Processing /opt/airflow/dags/02_xcom_dag.py took 0.108 seconds
[2026-09-07T05:45:51.900+0000] {processor.py:186} INFO - Started process (PID=659) to work on /opt/airflow/dags/02_xcom_dag.py
[2026-09-07T05:45:51.901+0000] {processor.py:914} INFO - Processing file /opt/airflow/dags/02_xcom_dag.py for tasks to queue
[2026-09-07T05:45:51.903+0000] {logging_mixin.py:190} INFO - [2026-09-07T05:45:51.903+0000] {dagbag.py:588} INFO - Filling up the DagBag from /opt/airflow/dags/02_xcom_dag.py
[2026-09-07T05:45:51.922+0000] {processor.py:925} INFO - DAG(s) 'xcom_dag' retrieved from /opt/airflow/dags/02_xcom_dag.py
[2026-09-07T05:45:51.953+0000] {logging_mixin.py:190} INFO - [2026-09-07T05:45:51.952+0000] {dag.py:3239} INFO - Sync 1 DAGs
[2026-09-07T05:45:51.968+0000] {logging_mixin.py:190} INFO - [2026-09-07T05:45:51.968+0000] {dag.py:4180} INFO - Setting next_dagrun for xcom_dag to None, run_after=None
[2026-09-07T05:45:51.990+0000] {processor.py:208} INFO - Processing /opt/airflow/dags/02_xcom_dag.py took 0.098 seconds
[2026-09-07T05:46:22.740+0000] {processor.py:186} INFO - Started process (PID=690) to work on /opt/airflow/dags/02_xcom_dag.py
[2026-09-07T05:46:22.741+0000] {processor.py:914} INFO - Processing file /opt/airflow/dags/02_xcom_dag.py for tasks to queue
[2026-09-07T05:46:22.742+0000] {logging_mixin.py:190} INFO - [2026-09-07T05:46:22.742+0000] {dagbag.py:588} INFO - Filling up the DagBag from /opt/airflow/dags/02_xcom_dag.py
[2026-09-07T05:46:22.760+0000] {processor.py:925} INFO - DAG(s) 'xcom_dag' retrieved from /opt/airflow/dags/02_xcom_dag.py
[2026-09-07T05:46:22.798+0000] {logging_mixin.py:190} INFO - [2026-09-07T05:46:22.797+0000] {dag.py:3239} INFO - Sync 1 DAGs
[2026-09-07T05:46:22.814+0000] {logging_mixin.py:190} INFO - [2026-09-07T05:46:22.813+0000] {dag.py:4180} INFO - Setting next_dagrun for xcom_dag to None, run_after=None
[2026-09-07T05:46:22.837+0000] {processor.py:208} INFO - Processing /opt/airflow/dags/02_xcom_dag.py took 0.103 seconds
[2026-09-07T05:46:53.663+0000] {processor.py:186} INFO - Started process (PID=721) to work on /opt/airflow/dags/02_xcom_dag.py
[2026-09-07T05:46:53.664+0000] {processor.py:914} INFO - Processing file /opt/airflow/dags/02_xcom_dag.py for tasks to queue
[2026-09-07T05:46:53.665+0000] {logging_mixin.py:190} INFO - [2026-09-07T05:46:53.665+0000] {dagbag.py:588} INFO - Filling up the DagBag from /opt/airflow/dags/02_xcom_dag.py
[2026-09-07T05:46:53.682+0000] {processor.py:925} INFO - DAG(s) 'xcom_dag' retrieved from /opt/airflow/dags/02_xcom_dag.py
[2026-09-07T05:46:53.708+0000] {logging_mixin.py:190} INFO - [2026-09-07T05:46:53.707+0000] {dag.py:3239} INFO - Sync 1 DAGs
[2026-09-07T05:46:53.722+0000] {logging_mixin.py:190} INFO - [2026-09-07T05:46:53.721+0000] {dag.py:4180} INFO - Setting next_dagrun for xcom_dag to None, run_after=None
[2026-09-07T05:46:53.741+0000] {processor.py:208} INFO - Processing /opt/airflow/dags/02_xcom_dag.py took 0.085 seconds
[2026-09-07T05:47:24.141+0000] {processor.py:186} INFO - Started process (PID=753) to work on /opt/airflow/dags/02_xcom_dag.py
[2026-09-07T05:47:24.142+0000] {processor.py:914} INFO - Processing file /opt/airflow/dags/02_xcom_dag.py for tasks to queue
[2026-09-07T05:47:24.143+0000] {logging_mixin.py:190} INFO - [2026-09-07T05:47:24.143+0000] {dagbag.py:588} INFO - Filling up the DagBag from /opt/airflow/dags/02_xcom_dag.py
[2026-09-07T05:47:24.163+0000] {processor.py:925} INFO - DAG(s) 'xcom_dag' retrieved from /opt/airflow/dags/02_xcom_dag.py
[2026-09-07T05:47:24.195+0000] {logging_mixin.py:190} INFO - [2026-09-07T05:47:24.194+0000] {dag.py:3239} INFO - Sync 1 DAGs
[2026-09-07T05:47:24.212+0000] {logging_mixin.py:190} INFO - [2026-09-07T05:47:24.212+0000] {dag.py:4180} INFO - Setting next_dagrun for xcom_dag to None, run_after=None
[2026-09-07T05:47:24.235+0000] {processor.py:208} INFO - Processing /opt/airflow/dags/02_xcom_dag.py took 0.101 seconds
[2026-09-07T05:47:54.777+0000] {processor.py:186} INFO - Started process (PID=784) to work on /opt/airflow/dags/02_xcom_dag.py
[2026-09-07T05:47:54.778+0000] {processor.py:914} INFO - Processing file /opt/airflow/dags/02_xcom_dag.py for tasks to queue
[2026-09-07T05:47:54.779+0000] {logging_mixin.py:190} INFO - [2026-09-07T05:47:54.779+0000] {dagbag.py:588} INFO - Filling up the DagBag from /opt/airflow/dags/02_xcom_dag.py
[2026-09-07T05:47:54.794+0000] {processor.py:925} INFO - DAG(s) 'xcom_dag' retrieved from /opt/airflow/dags/02_xcom_dag.py
[2026-09-07T05:47:54.822+0000] {logging_mixin.py:190} INFO - [2026-09-07T05:47:54.822+0000] {dag.py:3239} INFO - Sync 1 DAGs
[2026-09-07T05:47:54.837+0000] {logging_mixin.py:190} INFO - [2026-09-07T05:47:54.837+0000] {dag.py:4180} INFO - Setting next_dagrun for xcom_dag to None, run_after=None
[2026-09-07T05:47:54.856+0000] {processor.py:208} INFO - Processing /opt/airflow/dags/02_xcom_dag.py took 0.084 seconds
[2026-09-07T05:48:25.205+0000] {processor.py:186} INFO - Started process (PID=815) to work on /opt/airflow/dags/02_xcom_dag.py
[2026-09-07T05:48:25.206+0000] {processor.py:914} INFO - Processing file /opt/airflow/dags/02_xcom_dag.py for tasks to queue
[2026-09-07T05:48:25.208+0000] {logging_mixin.py:190} INFO - [2026-09-07T05:48:25.207+0000] {dagbag.py:588} INFO - Filling up the DagBag from /opt/airflow/dags/02_xcom_dag.py
[2026-09-07T05:48:25.225+0000] {processor.py:925} INFO - DAG(s) 'xcom_dag' retrieved from /opt/airflow/dags/02_xcom_dag.py
[2026-09-07T05:48:25.251+0000] {logging_mixin.py:190} INFO - [2026-09-07T05:48:25.250+0000] {dag.py:3239} INFO - Sync 1 DAGs
[2026-09-07T05:48:25.264+0000] {logging_mixin.py:190} INFO - [2026-09-07T05:48:25.263+0000] {dag.py:4180} INFO - Setting next_dagrun for xcom_dag to None, run_after=None
[2026-09-07T05:48:25.282+0000] {processor.py:208} INFO - Processing /opt/airflow/dags/02_xcom_dag.py took 0.084 seconds
[2026-09-07T05:48:56.356+0000] {processor.py:186} INFO - Started process (PID=846) to work on /opt/airflow/dags/02_xcom_dag.py
[2026-09-07T05:48:56.356+0000] {processor.py:914} INFO - Processing file /opt/airflow/dags/02_xcom_dag.py for tasks to queue
[2026-09-07T05:48:56.358+0000] {logging_mixin.py:190} INFO - [2026-09-07T05:48:56.357+0000] {dagbag.py:588} INFO - Filling up the DagBag from /opt/airflow/dags/02_xcom_dag.py
[2026-09-07T05:48:56.382+0000] {processor.py:925} INFO - DAG(s) 'xcom_dag' retrieved from /opt/airflow/dags/02_xcom_dag.py
[2026-09-07T05:48:56.415+0000] {logging_mixin.py:190} INFO - [2026-09-07T05:48:56.414+0000] {dag.py:3239} INFO - Sync 1 DAGs
[2026-09-07T05:48:56.434+0000] {logging_mixin.py:190} INFO - [2026-09-07T05:48:56.434+0000] {dag.py:4180} INFO - Setting next_dagrun for xcom_dag to None, run_after=None
[2026-09-07T05:48:56.456+0000] {processor.py:208} INFO - Processing /opt/airflow/dags/02_xcom_dag.py took 0.107 seconds
[2026-09-07T05:49:27.446+0000] {processor.py:186} INFO - Started process (PID=877) to work on /opt/airflow/dags/02_xcom_dag.py
[2026-09-07T05:49:27.447+0000] {processor.py:914} INFO - Processing file /opt/airflow/dags/02_xcom_dag.py for tasks to queue
[2026-09-07T05:49:27.448+0000] {logging_mixin.py:190} INFO - [2026-09-07T05:49:27.448+0000] {dagbag.py:588} INFO - Filling up the DagBag from /opt/airflow/dags/02_xcom_dag.py
[2026-09-07T05:49:27.466+0000] {processor.py:925} INFO - DAG(s) 'xcom_dag' retrieved from /opt/airflow/dags/02_xcom_dag.py
[2026-09-07T05:49:27.494+0000] {logging_mixin.py:190} INFO - [2026-09-07T05:49:27.494+0000] {dag.py:3239} INFO - Sync 1 DAGs
[2026-09-07T05:49:27.510+0000] {logging_mixin.py:190} INFO - [2026-09-07T05:49:27.510+0000] {dag.py:4180} INFO - Setting next_dagrun for xcom_dag to None, run_after=None
[2026-09-07T05:49:27.531+0000] {processor.py:208} INFO - Processing /opt/airflow/dags/02_xcom_dag.py took 0.091 seconds
[2026-09-07T05:49:58.519+0000] {processor.py:186} INFO - Started process (PID=914) to work on /opt/airflow/dags/02_xcom_dag.py
[2026-09-07T05:49:58.519+0000] {processor.py:914} INFO - Processing file /opt/airflow/dags/02_xcom_dag.py for tasks to queue
[2026-09-07T05:49:58.521+0000] {logging_mixin.py:190} INFO - [2026-09-07T05:49:58.520+0000] {dagbag.py:588} INFO - Filling up the DagBag from /opt/airflow/dags/02_xcom_dag.py
[2026-09-07T05:49:58.537+0000] {processor.py:925} INFO - DAG(s) 'xcom_dag' retrieved from /opt/airflow/dags/02_xcom_dag.py
[2026-09-07T05:49:58.562+0000] {logging_mixin.py:190} INFO - [2026-09-07T05:49:58.562+0000] {dag.py:3239} INFO - Sync 1 DAGs
[2026-09-07T05:49:58.575+0000] {logging_mixin.py:190} INFO - [2026-09-07T05:49:58.575+0000] {dag.py:4180} INFO - Setting next_dagrun for xcom_dag to None, run_after=None
[2026-09-07T05:49:58.593+0000] {processor.py:208} INFO - Processing /opt/airflow/dags/02_xcom_dag.py took 0.079 seconds
[2026-09-07T05:50:29.642+0000] {processor.py:186} INFO - Started process (PID=945) to work on /opt/airflow/dags/02_xcom_dag.py
[2026-09-07T05:50:29.643+0000] {processor.py:914} INFO - Processing file /opt/airflow/dags/02_xcom_dag.py for tasks to queue
[2026-09-07T05:50:29.644+0000] {logging_mixin.py:190} INFO - [2026-09-07T05:50:29.644+0000] {dagbag.py:588} INFO - Filling up the DagBag from /opt/airflow/dags/02_xcom_dag.py
[2026-09-07T05:50:29.661+0000] {processor.py:925} INFO - DAG(s) 'xcom_dag' retrieved from /opt/airflow/dags/02_xcom_dag.py
[2026-09-07T05:50:29.692+0000] {logging_mixin.py:190} INFO - [2026-09-07T05:50:29.692+0000] {dag.py:3239} INFO - Sync 1 DAGs
[2026-09-07T05:50:29.710+0000] {logging_mixin.py:190} INFO - [2026-09-07T05:50:29.710+0000] {dag.py:4180} INFO - Setting next_dagrun for xcom_dag to None, run_after=None
[2026-09-07T05:50:29.731+0000] {processor.py:208} INFO - Processing /opt/airflow/dags/02_xcom_dag.py took 0.099 seconds
[2026-09-07T05:51:00.177+0000] {processor.py:186} INFO - Started process (PID=976) to work on /opt/airflow/dags/02_xcom_dag.py
[2026-09-07T05:51:00.178+0000] {processor.py:914} INFO - Processing file /opt/airflow/dags/02_xcom_dag.py for tasks to queue
[2026-09-07T05:51:00.179+0000] {logging_mixin.py:190} INFO - [2026-09-07T05:51:00.179+0000] {dagbag.py:588} INFO - Filling up the DagBag from /opt/airflow/dags/02_xcom_dag.py
[2026-09-07T05:51:00.196+0000] {processor.py:925} INFO - DAG(s) 'xcom_dag' retrieved from /opt/airflow/dags/02_xcom_dag.py
[2026-09-07T05:51:00.236+0000] {logging_mixin.py:190} INFO - [2026-09-07T05:51:00.236+0000] {dag.py:3239} INFO - Sync 1 DAGs
[2026-09-07T05:51:00.256+0000] {logging_mixin.py:190} INFO - [2026-09-07T05:51:00.255+0000] {dag.py:4180} INFO - Setting next_dagrun for xcom_dag to None, run_after=None
[2026-09-07T05:51:00.278+0000] {processor.py:208} INFO - Processing /opt/airflow/dags/02_xcom_dag.py took 0.108 seconds
[2026-09-07T05:51:31.027+0000] {processor.py:186} INFO - Started process (PID=1007) to work on /opt/airflow/dags/02_xcom_dag.py
[2026-09-07T05:51:31.028+0000] {processor.py:914} INFO - Processing file /opt/airflow/dags/02_xcom_dag.py for tasks to queue
[2026-09-07T05:51:31.029+0000] {logging_mixin.py:190} INFO - [2026-09-07T05:51:31.029+0000] {dagbag.py:588} INFO - Filling up the DagBag from /opt/airflow/dags/02_xcom_dag.py
[2026-09-07T05:51:31.048+0000] {processor.py:925} INFO - DAG(s) 'xcom_dag' retrieved from /opt/airflow/dags/02_xcom_dag.py
[2026-09-07T05:51:31.078+0000] {logging_mixin.py:190} INFO - [2026-09-07T05:51:31.078+0000] {dag.py:3239} INFO - Sync 1 DAGs
[2026-09-07T05:51:31.098+0000] {logging_mixin.py:190} INFO - [2026-09-07T05:51:31.098+0000] {dag.py:4180} INFO - Setting next_dagrun for xcom_dag to None, run_after=None
[2026-09-07T05:51:31.119+0000] {processor.py:208} INFO - Processing /opt/airflow/dags/02_xcom_dag.py took 0.100 seconds
[2026-09-07T05:52:02.616+0000] {processor.py:186} INFO - Started process (PID=1038) to work on /opt/airflow/dags/02_xcom_dag.py
[2026-09-07T05:52:02.617+0000] {processor.py:914} INFO - Processing file /opt/airflow/dags/02_xcom_dag.py for tasks to queue
[2026-09-07T05:52:02.619+0000] {logging_mixin.py:190} INFO - [2026-09-07T05:52:02.619+0000] {dagbag.py:588} INFO - Filling up the DagBag from /opt/airflow/dags/02_xcom_dag.py
[2026-09-07T05:52:02.642+0000] {processor.py:925} INFO - DAG(s) 'xcom_dag' retrieved from /opt/airflow/dags/02_xcom_dag.py
[2026-09-07T05:52:02.681+0000] {logging_mixin.py:190} INFO - [2026-09-07T05:52:02.681+0000] {dag.py:3239} INFO - Sync 1 DAGs
[2026-09-07T05:52:02.697+0000] {logging_mixin.py:190} INFO - [2026-09-07T05:52:02.697+0000] {dag.py:4180} INFO - Setting next_dagrun for xcom_dag to None, run_after=None
[2026-09-07T05:52:02.718+0000] {processor.py:208} INFO - Processing /opt/airflow/dags/02_xcom_dag.py took 0.112 seconds
[2026-09-07T05:52:34.290+0000] {processor.py:186} INFO - Started process (PID=1069) to work on /opt/airflow/dags/02_xcom_dag.py
[2026-09-07T05:52:34.292+0000] {processor.py:914} INFO - Processing file /opt/airflow/dags/02_xcom_dag.py for tasks to queue
[2026-09-07T05:52:34.294+0000] {logging_mixin.py:190} INFO - [2026-09-07T05:52:34.293+0000] {dagbag.py:588} INFO - Filling up the DagBag from /opt/airflow/dags/02_xcom_dag.py
[2026-09-07T05:52:34.325+0000] {processor.py:925} INFO - DAG(s) 'xcom_dag' retrieved from /opt/airflow/dags/02_xcom_dag.py
[2026-09-07T05:52:34.359+0000] {logging_mixin.py:190} INFO - [2026-09-07T05:52:34.358+0000] {dag.py:3239} INFO - Sync 1 DAGs
[2026-09-07T05:52:34.377+0000] {logging_mixin.py:190} INFO - [2026-09-07T05:52:34.377+0000] {dag.py:4180} INFO - Setting next_dagrun for xcom_dag to None, run_after=None
[2026-09-07T05:52:34.403+0000] {processor.py:208} INFO - Processing /opt/airflow/dags/02_xcom_dag.py took 0.123 seconds
[2026-09-07T05:53:04.687+0000] {processor.py:186} INFO - Started process (PID=1086) to work on /opt/airflow/dags/02_xcom_dag.py
[2026-09-07T05:53:04.688+0000] {processor.py:914} INFO - Processing file /opt/airflow/dags/02_xcom_dag.py for tasks to queue
[2026-09-07T05:53:04.689+0000] {logging_mixin.py:190} INFO - [2026-09-07T05:53:04.689+0000] {dagbag.py:588} INFO - Filling up the DagBag from /opt/airflow/dags/02_xcom_dag.py
[2026-09-07T05:53:04.711+0000] {processor.py:925} INFO - DAG(s) 'xcom_dag' retrieved from /opt/airflow/dags/02_xcom_dag.py
[2026-09-07T05:53:04.741+0000] {logging_mixin.py:190} INFO - [2026-09-07T05:53:04.741+0000] {dag.py:3239} INFO - Sync 1 DAGs
[2026-09-07T05:53:04.757+0000] {logging_mixin.py:190} INFO - [2026-09-07T05:53:04.757+0000] {dag.py:4180} INFO - Setting next_dagrun for xcom_dag to None, run_after=None
[2026-09-07T05:53:04.778+0000] {processor.py:208} INFO - Processing /opt/airflow/dags/02_xcom_dag.py took 0.098 seconds
[2026-09-07T05:53:35.160+0000] {processor.py:186} INFO - Started process (PID=1117) to work on /opt/airflow/dags/02_xcom_dag.py
[2026-09-07T05:53:35.161+0000] {processor.py:914} INFO - Processing file /opt/airflow/dags/02_xcom_dag.py for tasks to queue
[2026-09-07T05:53:35.162+0000] {logging_mixin.py:190} INFO - [2026-09-07T05:53:35.162+0000] {dagbag.py:588} INFO - Filling up the DagBag from /opt/airflow/dags/02_xcom_dag.py
[2026-09-07T05:53:35.178+0000] {processor.py:925} INFO - DAG(s) 'xcom_dag' retrieved from /opt/airflow/dags/02_xcom_dag.py
[2026-09-07T05:53:35.208+0000] {logging_mixin.py:190} INFO - [2026-09-07T05:53:35.207+0000] {dag.py:3239} INFO - Sync 1 DAGs
[2026-09-07T05:53:35.228+0000] {logging_mixin.py:190} INFO - [2026-09-07T05:53:35.228+0000] {dag.py:4180} INFO - Setting next_dagrun for xcom_dag to None, run_after=None
[2026-09-07T05:53:35.259+0000] {processor.py:208} INFO - Processing /opt/airflow/dags/02_xcom_dag.py took 0.105 seconds
[2026-09-07T05:54:05.424+0000] {processor.py:186} INFO - Started process (PID=1146) to work on /opt/airflow/dags/02_xcom_dag.py
[2026-09-07T05:54:05.425+0000] {processor.py:914} INFO - Processing file /opt/airflow/dags/02_xcom_dag.py for tasks to queue
[2026-09-07T05:54:05.426+0000] {logging_mixin.py:190} INFO - [2026-09-07T05:54:05.425+0000] {dagbag.py:588} INFO - Filling up the DagBag from /opt/airflow/dags/02_xcom_dag.py
[2026-09-07T05:54:05.441+0000] {processor.py:925} INFO - DAG(s) 'xcom_dag' retrieved from /opt/airflow/dags/02_xcom_dag.py
[2026-09-07T05:54:05.469+0000] {logging_mixin.py:190} INFO - [2026-09-07T05:54:05.468+0000] {dag.py:3239} INFO - Sync 1 DAGs
[2026-09-07T05:54:05.486+0000] {logging_mixin.py:190} INFO - [2026-09-07T05:54:05.485+0000] {dag.py:4180} INFO - Setting next_dagrun for xcom_dag to None, run_after=None
[2026-09-07T05:54:05.505+0000] {processor.py:208} INFO - Processing /opt/airflow/dags/02_xcom_dag.py took 0.087 seconds
[2026-09-07T05:54:35.786+0000] {processor.py:186} INFO - Started process (PID=1175) to work on /opt/airflow/dags/02_xcom_dag.py
[2026-09-07T05:54:35.787+0000] {processor.py:914} INFO - Processing file /opt/airflow/dags/02_xcom_dag.py for tasks to queue
[2026-09-07T05:54:35.789+0000] {logging_mixin.py:190} INFO - [2026-09-07T05:54:35.788+0000] {dagbag.py:588} INFO - Filling up the DagBag from /opt/airflow/dags/02_xcom_dag.py
[2026-09-07T05:54:35.807+0000] {processor.py:925} INFO - DAG(s) 'xcom_dag' retrieved from /opt/airflow/dags/02_xcom_dag.py
[2026-09-07T05:54:35.842+0000] {logging_mixin.py:190} INFO - [2026-09-07T05:54:35.841+0000] {dag.py:3239} INFO - Sync 1 DAGs
[2026-09-07T05:54:35.864+0000] {logging_mixin.py:190} INFO - [2026-09-07T05:54:35.864+0000] {dag.py:4180} INFO - Setting next_dagrun for xcom_dag to None, run_after=None
[2026-09-07T05:54:35.889+0000] {processor.py:208} INFO - Processing /opt/airflow/dags/02_xcom_dag.py took 0.110 seconds
