[2026-09-07T05:34:56.908+0000] {processor.py:186} INFO - Started process (PID=131) to work on /opt/airflow/dags/03_branching_dag.py
[2026-09-07T05:34:56.911+0000] {processor.py:914} INFO - Processing file /opt/airflow/dags/03_branching_dag.py for tasks to queue
[2026-09-07T05:34:56.913+0000] {logging_mixin.py:190} INFO - [2026-09-07T05:34:56.913+0000] {dagbag.py:588} INFO - Filling up the DagBag from /opt/airflow/dags/03_branching_dag.py
[2026-09-07T05:34:56.953+0000] {processor.py:925} INFO - DAG(s) 'branching_dag' retrieved from /opt/airflow/dags/03_branching_dag.py
[2026-09-07T05:34:57.035+0000] {logging_mixin.py:190} INFO - [2026-09-07T05:34:57.035+0000] {dag.py:3239} INFO - Sync 1 DAGs
[2026-09-07T05:34:57.089+0000] {logging_mixin.py:190} INFO - [2026-09-07T05:34:57.089+0000] {dag.py:4180} INFO - Setting next_dagrun for branching_dag to None, run_after=None
[2026-09-07T05:34:57.167+0000] {processor.py:208} INFO - Processing /opt/airflow/dags/03_branching_dag.py took 0.281 seconds
[2026-09-07T05:37:06.050+0000] {processor.py:186} INFO - Started process (PID=122) to work on /opt/airflow/dags/03_branching_dag.py
[2026-09-07T05:37:06.051+0000] {processor.py:914} INFO - Processing file /opt/airflow/dags/03_branching_dag.py for tasks to queue
[2026-09-07T05:37:06.053+0000] {logging_mixin.py:190} INFO - [2026-09-07T05:37:06.052+0000] {dagbag.py:588} INFO - Filling up the DagBag from /opt/airflow/dags/03_branching_dag.py
[2026-09-07T05:37:06.068+0000] {processor.py:925} INFO - DAG(s) 'branching_dag' retrieved from /opt/airflow/dags/03_branching_dag.py
[2026-09-07T05:37:06.095+0000] {logging_mixin.py:190} INFO - [2026-09-07T05:37:06.095+0000] {dag.py:3239} INFO - Sync 1 DAGs
[2026-09-07T05:37:06.109+0000] {logging_mixin.py:190} INFO - [2026-09-07T05:37:06.109+0000] {dag.py:4180} INFO - Setting next_dagrun for branching_dag to None, run_after=None
[2026-09-07T05:37:06.128+0000] {processor.py:208} INFO - Processing /opt/airflow/dags/03_branching_dag.py took 0.084 seconds
[2026-09-07T05:37:36.874+0000] {processor.py:186} INFO - Started process (PID=141) to work on /opt/airflow/dags/03_branching_dag.py
[2026-09-07T05:37:36.875+0000] {processor.py:914} INFO - Processing file /opt/airflow/dags/03_branching_dag.py for tasks to queue
[2026-09-07T05:37:36.877+0000] {logging_mixin.py:190} INFO - [2026-09-07T05:37:36.876+0000] {dagbag.py:588} INFO - Filling up the DagBag from /opt/airflow/dags/03_branching_dag.py
[2026-09-07T05:37:36.897+0000] {processor.py:925} INFO - DAG(s) 'branching_dag' retrieved from /opt/airflow/dags/03_branching_dag.py
[2026-09-07T05:37:36.927+0000] {logging_mixin.py:190} INFO - [2026-09-07T05:37:36.926+0000] {dag.py:3239} INFO - Sync 1 DAGs
[2026-09-07T05:37:36.947+0000] {logging_mixin.py:190} INFO - [2026-09-07T05:37:36.947+0000] {dag.py:4180} INFO - Setting next_dagrun for branching_dag to None, run_after=None
[2026-09-07T05:37:36.977+0000] {processor.py:208} INFO - Processing /opt/airflow/dags/03_branching_dag.py took 0.111 seconds
[2026-09-07T05:38:08.026+0000] {processor.py:186} INFO - Started process (PID=170) to work on /opt/airflow/dags/03_branching_dag.py
[2026-09-07T05:38:08.027+0000] {processor.py:914} INFO - Processing file /opt/airflow/dags/03_branching_dag.py for tasks to queue
[2026-09-07T05:38:08.029+0000] {logging_mixin.py:190} INFO - [2026-09-07T05:38:08.028+0000] {dagbag.py:588} INFO - Filling up the DagBag from /opt/airflow/dags/03_branching_dag.py
[2026-09-07T05:38:08.052+0000] {processor.py:925} INFO - DAG(s) 'branching_dag' retrieved from /opt/airflow/dags/03_branching_dag.py
[2026-09-07T05:38:08.079+0000] {logging_mixin.py:190} INFO - [2026-09-07T05:38:08.079+0000] {dag.py:3239} INFO - Sync 1 DAGs
[2026-09-07T05:38:08.263+0000] {logging_mixin.py:190} INFO - [2026-09-07T05:38:08.263+0000] {dag.py:4180} INFO - Setting next_dagrun for branching_dag to None, run_after=None
[2026-09-07T05:38:08.286+0000] {processor.py:208} INFO - Processing /opt/airflow/dags/03_branching_dag.py took 0.265 seconds
[2026-09-07T05:38:39.018+0000] {processor.py:186} INFO - Started process (PID=201) to work on /opt/airflow/dags/03_branching_dag.py
[2026-09-07T05:38:39.019+0000] {processor.py:914} INFO - Processing file /opt/airflow/dags/03_branching_dag.py for tasks to queue
[2026-09-07T05:38:39.020+0000] {logging_mixin.py:190} INFO - [2026-09-07T05:38:39.020+0000] {dagbag.py:588} INFO - Filling up the DagBag from /opt/airflow/dags/03_branching_dag.py
[2026-09-07T05:38:39.036+0000] {processor.py:925} INFO - DAG(s) 'branching_dag' retrieved from /opt/airflow/dags/03_branching_dag.py
[2026-09-07T05:38:39.062+0000] {logging_mixin.py:190} INFO - [2026-09-07T05:38:39.062+0000] {dag.py:3239} INFO - Sync 1 DAGs
[2026-09-07T05:38:39.076+0000] {logging_mixin.py:190} INFO - [2026-09-07T05:38:39.075+0000] {dag.py:4180} INFO - Setting next_dagrun for branching_dag to None, run_after=None
[2026-09-07T05:38:39.096+0000] {processor.py:208} INFO - Processing /opt/airflow/dags/03_branching_dag.py took 0.084 seconds
[2026-09-07T05:39:09.471+0000] {processor.py:186} INFO - Started process (PID=232) to work on /opt/airflow/dags/03_branching_dag.py
[2026-09-07T05:39:09.472+0000] {processor.py:914} INFO - Processing file /opt/airflow/dags/03_branching_dag.py for tasks to queue
[2026-09-07T05:39:09.473+0000] {logging_mixin.py:190} INFO - [2026-09-07T05:39:09.473+0000] {dagbag.py:588} INFO - Filling up the DagBag from /opt/airflow/dags/03_branching_dag.py
[2026-09-07T05:39:09.489+0000] {processor.py:925} INFO - DAG(s) 'branching_dag' retrieved from /opt/airflow/dags/03_branching_dag.py
[2026-09-07T05:39:09.515+0000] {logging_mixin.py:190} INFO - [2026-09-07T05:39:09.514+0000] {dag.py:3239} INFO - Sync 1 DAGs
[2026-09-07T05:39:09.528+0000] {logging_mixin.py:190} INFO - [2026-09-07T05:39:09.527+0000] {dag.py:4180} INFO - Setting next_dagrun for branching_dag to None, run_after=None
[2026-09-07T05:39:09.548+0000] {processor.py:208} INFO - Processing /opt/airflow/dags/03_branching_dag.py took 0.083 seconds
[2026-09-07T05:39:41.138+0000] {processor.py:186} INFO - Started process (PID=263) to work on /opt/airflow/dags/03_branching_dag.py
[2026-09-07T05:39:41.140+0000] {processor.py:914} INFO - Processing file /opt/airflow/dags/03_branching_dag.py for tasks to queue
[2026-09-07T05:39:41.141+0000] {logging_mixin.py:190} INFO - [2026-09-07T05:39:41.141+0000] {dagbag.py:588} INFO - Filling up the DagBag from /opt/airflow/dags/03_branching_dag.py
[2026-09-07T05:39:41.168+0000] {processor.py:925} INFO - DAG(s) 'branching_dag' retrieved from /opt/airflow/dags/03_branching_dag.py
[2026-09-07T05:39:41.207+0000] {logging_mixin.py:190} INFO - [2026-09-07T05:39:41.207+0000] {dag.py:3239} INFO - Sync 1 DAGs
[2026-09-07T05:39:41.231+0000] {logging_mixin.py:190} INFO - [2026-09-07T05:39:41.230+0000] {dag.py:4180} INFO - Setting next_dagrun for branching_dag to None, run_after=None
[2026-09-07T05:39:41.266+0000] {processor.py:208} INFO - Processing /opt/airflow/dags/03_branching_dag.py took 0.138 seconds
[2026-09-07T05:40:11.920+0000] {processor.py:186} INFO - Started process (PID=298) to work on /opt/airflow/dags/03_branching_dag.py
[2026-09-07T05:40:11.921+0000] {processor.py:914} INFO - Processing file /opt/airflow/dags/03_branching_dag.py for tasks to queue
[2026-09-07T05:40:11.923+0000] {logging_mixin.py:190} INFO - [2026-09-07T05:40:11.922+0000] {dagbag.py:588} INFO - Filling up the DagBag from /opt/airflow/dags/03_branching_dag.py
[2026-09-07T05:40:11.948+0000] {processor.py:925} INFO - DAG(s) 'branching_dag' retrieved from /opt/airflow/dags/03_branching_dag.py
[2026-09-07T05:40:11.997+0000] {logging_mixin.py:190} INFO - [2026-09-07T05:40:11.997+0000] {dag.py:3239} INFO - Sync 1 DAGs
[2026-09-07T05:40:12.023+0000] {logging_mixin.py:190} INFO - [2026-09-07T05:40:12.022+0000] {dag.py:4180} INFO - Setting next_dagrun for branching_dag to None, run_after=None
[2026-09-07T05:40:12.047+0000] {processor.py:208} INFO - Processing /opt/airflow/dags/03_branching_dag.py took 0.136 seconds
[2026-09-07T05:40:42.656+0000] {processor.py:186} INFO - Started process (PID=338) to work on /opt/airflow/dags/03_branching_dag.py
[2026-09-07T05:40:42.657+0000] {processor.py:914} INFO - Processing file /opt/airflow/dags/03_branching_dag.py for tasks to queue
[2026-09-07T05:40:42.658+0000] {logging_mixin.py:190} INFO - [2026-09-07T05:40:42.658+0000] {dagbag.py:588} INFO - Filling up the DagBag from /opt/airflow/dags/03_branching_dag.py
[2026-09-07T05:40:42.676+0000] {processor.py:925} INFO - DAG(s) 'branching_dag' retrieved from /opt/airflow/dags/03_branching_dag.py
[2026-09-07T05:40:42.705+0000] {logging_mixin.py:190} INFO - [2026-09-07T05:40:42.705+0000] {dag.py:3239} INFO - Sync 1 DAGs
[2026-09-07T05:40:42.723+0000] {logging_mixin.py:190} INFO - [2026-09-07T05:40:42.723+0000] {dag.py:4180} INFO - Setting next_dagrun for branching_dag to None, run_after=None
[2026-09-07T05:40:42.750+0000] {processor.py:208} INFO - Processing /opt/airflow/dags/03_branching_dag.py took 0.100 seconds
[2026-09-07T05:41:13.067+0000] {processor.py:186} INFO - Started process (PID=369) to work on /opt/airflow/dags/03_branching_dag.py
[2026-09-07T05:41:13.068+0000] {processor.py:914} INFO - Processing file /opt/airflow/dags/03_branching_dag.py for tasks to queue
[2026-09-07T05:41:13.070+0000] {logging_mixin.py:190} INFO - [2026-09-07T05:41:13.069+0000] {dagbag.py:588} INFO - Filling up the DagBag from /opt/airflow/dags/03_branching_dag.py
[2026-09-07T05:41:13.086+0000] {processor.py:925} INFO - DAG(s) 'branching_dag' retrieved from /opt/airflow/dags/03_branching_dag.py
[2026-09-07T05:41:13.112+0000] {logging_mixin.py:190} INFO - [2026-09-07T05:41:13.111+0000] {dag.py:3239} INFO - Sync 1 DAGs
[2026-09-07T05:41:13.125+0000] {logging_mixin.py:190} INFO - [2026-09-07T05:41:13.124+0000] {dag.py:4180} INFO - Setting next_dagrun for branching_dag to None, run_after=None
[2026-09-07T05:41:13.140+0000] {processor.py:208} INFO - Processing /opt/airflow/dags/03_branching_dag.py took 0.079 seconds
[2026-09-07T05:41:44.026+0000] {processor.py:186} INFO - Started process (PID=401) to work on /opt/airflow/dags/03_branching_dag.py
[2026-09-07T05:41:44.028+0000] {processor.py:914} INFO - Processing file /opt/airflow/dags/03_branching_dag.py for tasks to queue
[2026-09-07T05:41:44.030+0000] {logging_mixin.py:190} INFO - [2026-09-07T05:41:44.029+0000] {dagbag.py:588} INFO - Filling up the DagBag from /opt/airflow/dags/03_branching_dag.py
[2026-09-07T05:41:44.054+0000] {processor.py:925} INFO - DAG(s) 'branching_dag' retrieved from /opt/airflow/dags/03_branching_dag.py
[2026-09-07T05:41:44.102+0000] {logging_mixin.py:190} INFO - [2026-09-07T05:41:44.102+0000] {dag.py:3239} INFO - Sync 1 DAGs
[2026-09-07T05:41:44.125+0000] {logging_mixin.py:190} INFO - [2026-09-07T05:41:44.125+0000] {dag.py:4180} INFO - Setting next_dagrun for branching_dag to None, run_after=None
[2026-09-07T05:41:44.162+0000] {processor.py:208} INFO - Processing /opt/airflow/dags/03_branching_dag.py took 0.142 seconds
[2026-09-07T05:42:14.598+0000] {processor.py:186} INFO - Started process (PID=433) to work on /opt/airflow/dags/03_branching_dag.py
[2026-09-07T05:42:14.599+0000] {processor.py:914} INFO - Processing file /opt/airflow/dags/03_branching_dag.py for tasks to queue
[2026-09-07T05:42:14.601+0000] {logging_mixin.py:190} INFO - [2026-09-07T05:42:14.601+0000] {dagbag.py:588} INFO - Filling up the DagBag from /opt/airflow/dags/03_branching_dag.py
[2026-09-07T05:42:14.622+0000] {processor.py:925} INFO - DAG(s) 'branching_dag' retrieved from /opt/airflow/dags/03_branching_dag.py
[2026-09-07T05:42:14.652+0000] {logging_mixin.py:190} INFO - [2026-09-07T05:42:14.651+0000] {dag.py:3239} INFO - Sync 1 DAGs
[2026-09-07T05:42:14.667+0000] {logging_mixin.py:190} INFO - [2026-09-07T05:42:14.667+0000] {dag.py:4180} INFO - Setting next_dagrun for branching_dag to None, run_after=None
[2026-09-07T05:42:14.687+0000] {processor.py:208} INFO - Processing /opt/airflow/dags/03_branching_dag.py took 0.095 seconds
[2026-09-07T05:42:45.351+0000] {processor.py:186} INFO - Started process (PID=464) to work on /opt/airflow/dags/03_branching_dag.py
[2026-09-07T05:42:45.351+0000] {processor.py:914} INFO - Processing file /opt/airflow/dags/03_branching_dag.py for tasks to queue
[2026-09-07T05:42:45.353+0000] {logging_mixin.py:190} INFO - [2026-09-07T05:42:45.353+0000] {dagbag.py:588} INFO - Filling up the DagBag from /opt/airflow/dags/03_branching_dag.py
[2026-09-07T05:42:45.383+0000] {processor.py:925} INFO - DAG(s) 'branching_dag' retrieved from /opt/airflow/dags/03_branching_dag.py
[2026-09-07T05:42:45.421+0000] {logging_mixin.py:190} INFO - [2026-09-07T05:42:45.421+0000] {dag.py:3239} INFO - Sync 1 DAGs
[2026-09-07T05:42:45.439+0000] {logging_mixin.py:190} INFO - [2026-09-07T05:42:45.439+0000] {dag.py:4180} INFO - Setting next_dagrun for branching_dag to None, run_after=None
[2026-09-07T05:42:45.463+0000] {processor.py:208} INFO - Processing /opt/airflow/dags/03_branching_dag.py took 0.119 seconds
[2026-09-07T05:43:16.320+0000] {processor.py:186} INFO - Started process (PID=503) to work on /opt/airflow/dags/03_branching_dag.py
[2026-09-07T05:43:16.321+0000] {processor.py:914} INFO - Processing file /opt/airflow/dags/03_branching_dag.py for tasks to queue
[2026-09-07T05:43:16.322+0000] {logging_mixin.py:190} INFO - [2026-09-07T05:43:16.322+0000] {dagbag.py:588} INFO - Filling up the DagBag from /opt/airflow/dags/03_branching_dag.py
[2026-09-07T05:43:16.342+0000] {processor.py:925} INFO - DAG(s) 'branching_dag' retrieved from /opt/airflow/dags/03_branching_dag.py
[2026-09-07T05:43:16.374+0000] {logging_mixin.py:190} INFO - [2026-09-07T05:43:16.374+0000] {dag.py:3239} INFO - Sync 1 DAGs
[2026-09-07T05:43:16.393+0000] {logging_mixin.py:190} INFO - [2026-09-07T05:43:16.393+0000] {dag.py:4180} INFO - Setting next_dagrun for branching_dag to None, run_after=None
[2026-09-07T05:43:16.419+0000] {processor.py:208} INFO - Processing /opt/airflow/dags/03_branching_dag.py took 0.108 seconds
[2026-09-07T05:43:46.752+0000] {processor.py:186} INFO - Started process (PID=534) to work on /opt/airflow/dags/03_branching_dag.py
[2026-09-07T05:43:46.753+0000] {processor.py:914} INFO - Processing file /opt/airflow/dags/03_branching_dag.py for tasks to queue
[2026-09-07T05:43:46.754+0000] {logging_mixin.py:190} INFO - [2026-09-07T05:43:46.754+0000] {dagbag.py:588} INFO - Filling up the DagBag from /opt/airflow/dags/03_branching_dag.py
[2026-09-07T05:43:46.771+0000] {processor.py:925} INFO - DAG(s) 'branching_dag' retrieved from /opt/airflow/dags/03_branching_dag.py
[2026-09-07T05:43:46.797+0000] {logging_mixin.py:190} INFO - [2026-09-07T05:43:46.796+0000] {dag.py:3239} INFO - Sync 1 DAGs
[2026-09-07T05:43:46.810+0000] {logging_mixin.py:190} INFO - [2026-09-07T05:43:46.810+0000] {dag.py:4180} INFO - Setting next_dagrun for branching_dag to None, run_after=None
[2026-09-07T05:43:46.830+0000] {processor.py:208} INFO - Processing /opt/airflow/dags/03_branching_dag.py took 0.084 seconds
[2026-09-07T05:44:18.045+0000] {processor.py:186} INFO - Started process (PID=565) to work on /opt/airflow/dags/03_branching_dag.py
[2026-09-07T05:44:18.046+0000] {processor.py:914} INFO - Processing file /opt/airflow/dags/03_branching_dag.py for tasks to queue
[2026-09-07T05:44:18.048+0000] {logging_mixin.py:190} INFO - [2026-09-07T05:44:18.047+0000] {dagbag.py:588} INFO - Filling up the DagBag from /opt/airflow/dags/03_branching_dag.py
[2026-09-07T05:44:18.064+0000] {processor.py:925} INFO - DAG(s) 'branching_dag' retrieved from /opt/airflow/dags/03_branching_dag.py
[2026-09-07T05:44:18.095+0000] {logging_mixin.py:190} INFO - [2026-09-07T05:44:18.095+0000] {dag.py:3239} INFO - Sync 1 DAGs
[2026-09-07T05:44:18.111+0000] {logging_mixin.py:190} INFO - [2026-09-07T05:44:18.110+0000] {dag.py:4180} INFO - Setting next_dagrun for branching_dag to None, run_after=None
[2026-09-07T05:44:18.134+0000] {processor.py:208} INFO - Processing /opt/airflow/dags/03_branching_dag.py took 0.095 seconds
[2026-09-07T05:44:49.297+0000] {processor.py:186} INFO - Started process (PID=596) to work on /opt/airflow/dags/03_branching_dag.py
[2026-09-07T05:44:49.298+0000] {processor.py:914} INFO - Processing file /opt/airflow/dags/03_branching_dag.py for tasks to queue
[2026-09-07T05:44:49.300+0000] {logging_mixin.py:190} INFO - [2026-09-07T05:44:49.299+0000] {dagbag.py:588} INFO - Filling up the DagBag from /opt/airflow/dags/03_branching_dag.py
[2026-09-07T05:44:49.321+0000] {processor.py:925} INFO - DAG(s) 'branching_dag' retrieved from /opt/airflow/dags/03_branching_dag.py
[2026-09-07T05:44:49.354+0000] {logging_mixin.py:190} INFO - [2026-09-07T05:44:49.354+0000] {dag.py:3239} INFO - Sync 1 DAGs
[2026-09-07T05:44:49.370+0000] {logging_mixin.py:190} INFO - [2026-09-07T05:44:49.370+0000] {dag.py:4180} INFO - Setting next_dagrun for branching_dag to None, run_after=None
[2026-09-07T05:44:49.396+0000] {processor.py:208} INFO - Processing /opt/airflow/dags/03_branching_dag.py took 0.106 seconds
[2026-09-07T05:45:20.669+0000] {processor.py:186} INFO - Started process (PID=627) to work on /opt/airflow/dags/03_branching_dag.py
[2026-09-07T05:45:20.670+0000] {processor.py:914} INFO - Processing file /opt/airflow/dags/03_branching_dag.py for tasks to queue
[2026-09-07T05:45:20.671+0000] {logging_mixin.py:190} INFO - [2026-09-07T05:45:20.671+0000] {dagbag.py:588} INFO - Filling up the DagBag from /opt/airflow/dags/03_branching_dag.py
[2026-09-07T05:45:20.688+0000] {processor.py:925} INFO - DAG(s) 'branching_dag' retrieved from /opt/airflow/dags/03_branching_dag.py
[2026-09-07T05:45:20.718+0000] {logging_mixin.py:190} INFO - [2026-09-07T05:45:20.718+0000] {dag.py:3239} INFO - Sync 1 DAGs
[2026-09-07T05:45:20.735+0000] {logging_mixin.py:190} INFO - [2026-09-07T05:45:20.734+0000] {dag.py:4180} INFO - Setting next_dagrun for branching_dag to None, run_after=None
[2026-09-07T05:45:20.755+0000] {processor.py:208} INFO - Processing /opt/airflow/dags/03_branching_dag.py took 0.092 seconds
[2026-09-07T05:45:51.790+0000] {processor.py:186} INFO - Started process (PID=658) to work on /opt/airflow/dags/03_branching_dag.py
[2026-09-07T05:45:51.791+0000] {processor.py:914} INFO - Processing file /opt/airflow/dags/03_branching_dag.py for tasks to queue
[2026-09-07T05:45:51.793+0000] {logging_mixin.py:190} INFO - [2026-09-07T05:45:51.792+0000] {dagbag.py:588} INFO - Filling up the DagBag from /opt/airflow/dags/03_branching_dag.py
[2026-09-07T05:45:51.812+0000] {processor.py:925} INFO - DAG(s) 'branching_dag' retrieved from /opt/airflow/dags/03_branching_dag.py
[2026-09-07T05:45:51.846+0000] {logging_mixin.py:190} INFO - [2026-09-07T05:45:51.845+0000] {dag.py:3239} INFO - Sync 1 DAGs
[2026-09-07T05:45:51.862+0000] {logging_mixin.py:190} INFO - [2026-09-07T05:45:51.862+0000] {dag.py:4180} INFO - Setting next_dagrun for branching_dag to None, run_after=None
[2026-09-07T05:45:51.886+0000] {processor.py:208} INFO - Processing /opt/airflow/dags/03_branching_dag.py took 0.103 seconds
[2026-09-07T05:46:22.609+0000] {processor.py:186} INFO - Started process (PID=689) to work on /opt/airflow/dags/03_branching_dag.py
[2026-09-07T05:46:22.610+0000] {processor.py:914} INFO - Processing file /opt/airflow/dags/03_branching_dag.py for tasks to queue
[2026-09-07T05:46:22.613+0000] {logging_mixin.py:190} INFO - [2026-09-07T05:46:22.613+0000] {dagbag.py:588} INFO - Filling up the DagBag from /opt/airflow/dags/03_branching_dag.py
[2026-09-07T05:46:22.640+0000] {processor.py:925} INFO - DAG(s) 'branching_dag' retrieved from /opt/airflow/dags/03_branching_dag.py
[2026-09-07T05:46:22.673+0000] {logging_mixin.py:190} INFO - [2026-09-07T05:46:22.673+0000] {dag.py:3239} INFO - Sync 1 DAGs
[2026-09-07T05:46:22.689+0000] {logging_mixin.py:190} INFO - [2026-09-07T05:46:22.689+0000] {dag.py:4180} INFO - Setting next_dagrun for branching_dag to None, run_after=None
[2026-09-07T05:46:22.710+0000] {processor.py:208} INFO - Processing /opt/airflow/dags/03_branching_dag.py took 0.109 seconds
[2026-09-07T05:46:53.539+0000] {processor.py:186} INFO - Started process (PID=720) to work on /opt/airflow/dags/03_branching_dag.py
[2026-09-07T05:46:53.540+0000] {processor.py:914} INFO - Processing file /opt/airflow/dags/03_branching_dag.py for tasks to queue
[2026-09-07T05:46:53.541+0000] {logging_mixin.py:190} INFO - [2026-09-07T05:46:53.541+0000] {dagbag.py:588} INFO - Filling up the DagBag from /opt/airflow/dags/03_branching_dag.py
[2026-09-07T05:46:53.558+0000] {processor.py:925} INFO - DAG(s) 'branching_dag' retrieved from /opt/airflow/dags/03_branching_dag.py
[2026-09-07T05:46:53.585+0000] {logging_mixin.py:190} INFO - [2026-09-07T05:46:53.585+0000] {dag.py:3239} INFO - Sync 1 DAGs
[2026-09-07T05:46:53.606+0000] {logging_mixin.py:190} INFO - [2026-09-07T05:46:53.606+0000] {dag.py:4180} INFO - Setting next_dagrun for branching_dag to None, run_after=None
[2026-09-07T05:46:53.629+0000] {processor.py:208} INFO - Processing /opt/airflow/dags/03_branching_dag.py took 0.098 seconds
[2026-09-07T05:47:24.134+0000] {processor.py:186} INFO - Started process (PID=752) to work on /opt/airflow/dags/03_branching_dag.py
[2026-09-07T05:47:24.135+0000] {processor.py:914} INFO - Processing file /opt/airflow/dags/03_branching_dag.py for tasks to queue
[2026-09-07T05:47:24.137+0000] {logging_mixin.py:190} INFO - [2026-09-07T05:47:24.136+0000] {dagbag.py:588} INFO - Filling up the DagBag from /opt/airflow/dags/03_branching_dag.py
[2026-09-07T05:47:24.156+0000] {processor.py:925} INFO - DAG(s) 'branching_dag' retrieved from /opt/airflow/dags/03_branching_dag.py
[2026-09-07T05:47:24.188+0000] {logging_mixin.py:190} INFO - [2026-09-07T05:47:24.187+0000] {dag.py:3239} INFO - Sync 1 DAGs
[2026-09-07T05:47:24.202+0000] {logging_mixin.py:190} INFO - [2026-09-07T05:47:24.202+0000] {dag.py:4180} INFO - Setting next_dagrun for branching_dag to None, run_after=None
[2026-09-07T05:47:24.223+0000] {processor.py:208} INFO - Processing /opt/airflow/dags/03_branching_dag.py took 0.098 seconds
[2026-09-07T05:47:54.667+0000] {processor.py:186} INFO - Started process (PID=783) to work on /opt/airflow/dags/03_branching_dag.py
[2026-09-07T05:47:54.668+0000] {processor.py:914} INFO - Processing file /opt/airflow/dags/03_branching_dag.py for tasks to queue
[2026-09-07T05:47:54.669+0000] {logging_mixin.py:190} INFO - [2026-09-07T05:47:54.668+0000] {dagbag.py:588} INFO - Filling up the DagBag from /opt/airflow/dags/03_branching_dag.py
[2026-09-07T05:47:54.684+0000] {processor.py:925} INFO - DAG(s) 'branching_dag' retrieved from /opt/airflow/dags/03_branching_dag.py
[2026-09-07T05:47:54.710+0000] {logging_mixin.py:190} INFO - [2026-09-07T05:47:54.709+0000] {dag.py:3239} INFO - Sync 1 DAGs
[2026-09-07T05:47:54.725+0000] {logging_mixin.py:190} INFO - [2026-09-07T05:47:54.725+0000] {dag.py:4180} INFO - Setting next_dagrun for branching_dag to None, run_after=None
[2026-09-07T05:47:54.745+0000] {processor.py:208} INFO - Processing /opt/airflow/dags/03_branching_dag.py took 0.084 seconds
[2026-09-07T05:48:25.116+0000] {processor.py:186} INFO - Started process (PID=814) to work on /opt/airflow/dags/03_branching_dag.py
[2026-09-07T05:48:25.117+0000] {processor.py:914} INFO - Processing file /opt/airflow/dags/03_branching_dag.py for tasks to queue
[2026-09-07T05:48:25.118+0000] {logging_mixin.py:190} INFO - [2026-09-07T05:48:25.118+0000] {dagbag.py:588} INFO - Filling up the DagBag from /opt/airflow/dags/03_branching_dag.py
[2026-09-07T05:48:25.133+0000] {processor.py:925} INFO - DAG(s) 'branching_dag' retrieved from /opt/airflow/dags/03_branching_dag.py
[2026-09-07T05:48:25.163+0000] {logging_mixin.py:190} INFO - [2026-09-07T05:48:25.163+0000] {dag.py:3239} INFO - Sync 1 DAGs
[2026-09-07T05:48:25.178+0000] {logging_mixin.py:190} INFO - [2026-09-07T05:48:25.177+0000] {dag.py:4180} INFO - Setting next_dagrun for branching_dag to None, run_after=None
[2026-09-07T05:48:25.197+0000] {processor.py:208} INFO - Processing /opt/airflow/dags/03_branching_dag.py took 0.087 seconds
[2026-09-07T05:48:56.258+0000] {processor.py:186} INFO - Started process (PID=845) to work on /opt/airflow/dags/03_branching_dag.py
[2026-09-07T05:48:56.259+0000] {processor.py:914} INFO - Processing file /opt/airflow/dags/03_branching_dag.py for tasks to queue
[2026-09-07T05:48:56.260+0000] {logging_mixin.py:190} INFO - [2026-09-07T05:48:56.260+0000] {dagbag.py:588} INFO - Filling up the DagBag from /opt/airflow/dags/03_branching_dag.py
[2026-09-07T05:48:56.279+0000] {processor.py:925} INFO - DAG(s) 'branching_dag' retrieved from /opt/airflow/dags/03_branching_dag.py
[2026-09-07T05:48:56.313+0000] {logging_mixin.py:190} INFO - [2026-09-07T05:48:56.312+0000] {dag.py:3239} INFO - Sync 1 DAGs
[2026-09-07T05:48:56.330+0000] {logging_mixin.py:190} INFO - [2026-09-07T05:48:56.329+0000] {dag.py:4180} INFO - Setting next_dagrun for branching_dag to None, run_after=None
[2026-09-07T05:48:56.353+0000] {processor.py:208} INFO - Processing /opt/airflow/dags/03_branching_dag.py took 0.102 seconds
[2026-09-07T05:49:27.334+0000] {processor.py:186} INFO - Started process (PID=876) to work on /opt/airflow/dags/03_branching_dag.py
[2026-09-07T05:49:27.335+0000] {processor.py:914} INFO - Processing file /opt/airflow/dags/03_branching_dag.py for tasks to queue
[2026-09-07T05:49:27.336+0000] {logging_mixin.py:190} INFO - [2026-09-07T05:49:27.336+0000] {dagbag.py:588} INFO - Filling up the DagBag from /opt/airflow/dags/03_branching_dag.py
[2026-09-07T05:49:27.353+0000] {processor.py:925} INFO - DAG(s) 'branching_dag' retrieved from /opt/airflow/dags/03_branching_dag.py
[2026-09-07T05:49:27.380+0000] {logging_mixin.py:190} INFO - [2026-09-07T05:49:27.379+0000] {dag.py:3239} INFO - Sync 1 DAGs
[2026-09-07T05:49:27.393+0000] {logging_mixin.py:190} INFO - [2026-09-07T05:49:27.393+0000] {dag.py:4180} INFO - Setting next_dagrun for branching_dag to None, run_after=None
[2026-09-07T05:49:27.412+0000] {processor.py:208} INFO - Processing /opt/airflow/dags/03_branching_dag.py took 0.084 seconds
[2026-09-07T05:49:58.435+0000] {processor.py:186} INFO - Started process (PID=913) to work on /opt/airflow/dags/03_branching_dag.py
[2026-09-07T05:49:58.435+0000] {processor.py:914} INFO - Processing file /opt/airflow/dags/03_branching_dag.py for tasks to queue
[2026-09-07T05:49:58.436+0000] {logging_mixin.py:190} INFO - [2026-09-07T05:49:58.436+0000] {dagbag.py:588} INFO - Filling up the DagBag from /opt/airflow/dags/03_branching_dag.py
[2026-09-07T05:49:58.452+0000] {processor.py:925} INFO - DAG(s) 'branching_dag' retrieved from /opt/airflow/dags/03_branching_dag.py
[2026-09-07T05:49:58.477+0000] {logging_mixin.py:190} INFO - [2026-09-07T05:49:58.477+0000] {dag.py:3239} INFO - Sync 1 DAGs
[2026-09-07T05:49:58.491+0000] {logging_mixin.py:190} INFO - [2026-09-07T05:49:58.490+0000] {dag.py:4180} INFO - Setting next_dagrun for branching_dag to None, run_after=None
[2026-09-07T05:49:58.509+0000] {processor.py:208} INFO - Processing /opt/airflow/dags/03_branching_dag.py took 0.080 seconds
[2026-09-07T05:50:29.622+0000] {processor.py:186} INFO - Started process (PID=944) to work on /opt/airflow/dags/03_branching_dag.py
[2026-09-07T05:50:29.623+0000] {processor.py:914} INFO - Processing file /opt/airflow/dags/03_branching_dag.py for tasks to queue
[2026-09-07T05:50:29.624+0000] {logging_mixin.py:190} INFO - [2026-09-07T05:50:29.624+0000] {dagbag.py:588} INFO - Filling up the DagBag from /opt/airflow/dags/03_branching_dag.py
[2026-09-07T05:50:29.645+0000] {processor.py:925} INFO - DAG(s) 'branching_dag' retrieved from /opt/airflow/dags/03_branching_dag.py
[2026-09-07T05:50:29.673+0000] {logging_mixin.py:190} INFO - [2026-09-07T05:50:29.673+0000] {dag.py:3239} INFO - Sync 1 DAGs
[2026-09-07T05:50:29.691+0000] {logging_mixin.py:190} INFO - [2026-09-07T05:50:29.690+0000] {dag.py:4180} INFO - Setting next_dagrun for branching_dag to None, run_after=None
[2026-09-07T05:50:29.715+0000] {processor.py:208} INFO - Processing /opt/airflow/dags/03_branching_dag.py took 0.100 seconds
[2026-09-07T05:51:00.169+0000] {processor.py:186} INFO - Started process (PID=975) to work on /opt/airflow/dags/03_branching_dag.py
[2026-09-07T05:51:00.170+0000] {processor.py:914} INFO - Processing file /opt/airflow/dags/03_branching_dag.py for tasks to queue
[2026-09-07T05:51:00.171+0000] {logging_mixin.py:190} INFO - [2026-09-07T05:51:00.171+0000] {dagbag.py:588} INFO - Filling up the DagBag from /opt/airflow/dags/03_branching_dag.py
[2026-09-07T05:51:00.189+0000] {processor.py:925} INFO - DAG(s) 'branching_dag' retrieved from /opt/airflow/dags/03_branching_dag.py
[2026-09-07T05:51:00.224+0000] {logging_mixin.py:190} INFO - [2026-09-07T05:51:00.224+0000] {dag.py:3239} INFO - Sync 1 DAGs
[2026-09-07T05:51:00.245+0000] {logging_mixin.py:190} INFO - [2026-09-07T05:51:00.245+0000] {dag.py:4180} INFO - Setting next_dagrun for branching_dag to None, run_after=None
[2026-09-07T05:51:00.273+0000] {processor.py:208} INFO - Processing /opt/airflow/dags/03_branching_dag.py took 0.110 seconds
[2026-09-07T05:51:30.924+0000] {processor.py:186} INFO - Started process (PID=1006) to work on /opt/airflow/dags/03_branching_dag.py
[2026-09-07T05:51:30.924+0000] {processor.py:914} INFO - Processing file /opt/airflow/dags/03_branching_dag.py for tasks to queue
[2026-09-07T05:51:30.926+0000] {logging_mixin.py:190} INFO - [2026-09-07T05:51:30.926+0000] {dagbag.py:588} INFO - Filling up the DagBag from /opt/airflow/dags/03_branching_dag.py
[2026-09-07T05:51:30.948+0000] {processor.py:925} INFO - DAG(s) 'branching_dag' retrieved from /opt/airflow/dags/03_branching_dag.py
[2026-09-07T05:51:30.980+0000] {logging_mixin.py:190} INFO - [2026-09-07T05:51:30.979+0000] {dag.py:3239} INFO - Sync 1 DAGs
[2026-09-07T05:51:30.997+0000] {logging_mixin.py:190} INFO - [2026-09-07T05:51:30.996+0000] {dag.py:4180} INFO - Setting next_dagrun for branching_dag to None, run_after=None
[2026-09-07T05:51:31.019+0000] {processor.py:208} INFO - Processing /opt/airflow/dags/03_branching_dag.py took 0.102 seconds
[2026-09-07T05:52:02.488+0000] {processor.py:186} INFO - Started process (PID=1037) to work on /opt/airflow/dags/03_branching_dag.py
[2026-09-07T05:52:02.489+0000] {processor.py:914} INFO - Processing file /opt/airflow/dags/03_branching_dag.py for tasks to queue
[2026-09-07T05:52:02.491+0000] {logging_mixin.py:190} INFO - [2026-09-07T05:52:02.491+0000] {dagbag.py:588} INFO - Filling up the DagBag from /opt/airflow/dags/03_branching_dag.py
[2026-09-07T05:52:02.515+0000] {processor.py:925} INFO - DAG(s) 'branching_dag' retrieved from /opt/airflow/dags/03_branching_dag.py
[2026-09-07T05:52:02.562+0000] {logging_mixin.py:190} INFO - [2026-09-07T05:52:02.561+0000] {dag.py:3239} INFO - Sync 1 DAGs
[2026-09-07T05:52:02.579+0000] {logging_mixin.py:190} INFO - [2026-09-07T05:52:02.579+0000] {dag.py:4180} INFO - Setting next_dagrun for branching_dag to None, run_after=None
[2026-09-07T05:52:02.607+0000] {processor.py:208} INFO - Processing /opt/airflow/dags/03_branching_dag.py took 0.126 seconds
[2026-09-07T05:52:34.141+0000] {processor.py:186} INFO - Started process (PID=1068) to work on /opt/airflow/dags/03_branching_dag.py
[2026-09-07T05:52:34.142+0000] {processor.py:914} INFO - Processing file /opt/airflow/dags/03_branching_dag.py for tasks to queue
[2026-09-07T05:52:34.144+0000] {logging_mixin.py:190} INFO - [2026-09-07T05:52:34.143+0000] {dagbag.py:588} INFO - Filling up the DagBag from /opt/airflow/dags/03_branching_dag.py
[2026-09-07T05:52:34.165+0000] {processor.py:925} INFO - DAG(s) 'branching_dag' retrieved from /opt/airflow/dags/03_branching_dag.py
[2026-09-07T05:52:34.202+0000] {logging_mixin.py:190} INFO - [2026-09-07T05:52:34.202+0000] {dag.py:3239} INFO - Sync 1 DAGs
[2026-09-07T05:52:34.217+0000] {logging_mixin.py:190} INFO - [2026-09-07T05:52:34.217+0000] {dag.py:4180} INFO - Setting next_dagrun for branching_dag to None, run_after=None
[2026-09-07T05:52:34.241+0000] {processor.py:208} INFO - Processing /opt/airflow/dags/03_branching_dag.py took 0.107 seconds
[2026-09-07T05:53:04.574+0000] {processor.py:186} INFO - Started process (PID=1085) to work on /opt/airflow/dags/03_branching_dag.py
[2026-09-07T05:53:04.574+0000] {processor.py:914} INFO - Processing file /opt/airflow/dags/03_branching_dag.py for tasks to queue
[2026-09-07T05:53:04.576+0000] {logging_mixin.py:190} INFO - [2026-09-07T05:53:04.575+0000] {dagbag.py:588} INFO - Filling up the DagBag from /opt/airflow/dags/03_branching_dag.py
[2026-09-07T05:53:04.592+0000] {processor.py:925} INFO - DAG(s) 'branching_dag' retrieved from /opt/airflow/dags/03_branching_dag.py
[2026-09-07T05:53:04.617+0000] {logging_mixin.py:190} INFO - [2026-09-07T05:53:04.617+0000] {dag.py:3239} INFO - Sync 1 DAGs
[2026-09-07T05:53:04.639+0000] {logging_mixin.py:190} INFO - [2026-09-07T05:53:04.639+0000] {dag.py:4180} INFO - Setting next_dagrun for branching_dag to None, run_after=None
[2026-09-07T05:53:04.659+0000] {processor.py:208} INFO - Processing /opt/airflow/dags/03_branching_dag.py took 0.092 seconds
[2026-09-07T05:53:35.047+0000] {processor.py:186} INFO - Started process (PID=1116) to work on /opt/airflow/dags/03_branching_dag.py
[2026-09-07T05:53:35.048+0000] {processor.py:914} INFO - Processing file /opt/airflow/dags/03_branching_dag.py for tasks to queue
[2026-09-07T05:53:35.049+0000] {logging_mixin.py:190} INFO - [2026-09-07T05:53:35.049+0000] {dagbag.py:588} INFO - Filling up the DagBag from /opt/airflow/dags/03_branching_dag.py
[2026-09-07T05:53:35.064+0000] {processor.py:925} INFO - DAG(s) 'branching_dag' retrieved from /opt/airflow/dags/03_branching_dag.py
[2026-09-07T05:53:35.093+0000] {logging_mixin.py:190} INFO - [2026-09-07T05:53:35.093+0000] {dag.py:3239} INFO - Sync 1 DAGs
[2026-09-07T05:53:35.106+0000] {logging_mixin.py:190} INFO - [2026-09-07T05:53:35.106+0000] {dag.py:4180} INFO - Setting next_dagrun for branching_dag to None, run_after=None
[2026-09-07T05:53:35.128+0000] {processor.py:208} INFO - Processing /opt/airflow/dags/03_branching_dag.py took 0.087 seconds
[2026-09-07T05:54:05.314+0000] {processor.py:186} INFO - Started process (PID=1145) to work on /opt/airflow/dags/03_branching_dag.py
[2026-09-07T05:54:05.315+0000] {processor.py:914} INFO - Processing file /opt/airflow/dags/03_branching_dag.py for tasks to queue
[2026-09-07T05:54:05.316+0000] {logging_mixin.py:190} INFO - [2026-09-07T05:54:05.316+0000] {dagbag.py:588} INFO - Filling up the DagBag from /opt/airflow/dags/03_branching_dag.py
[2026-09-07T05:54:05.332+0000] {processor.py:925} INFO - DAG(s) 'branching_dag' retrieved from /opt/airflow/dags/03_branching_dag.py
[2026-09-07T05:54:05.357+0000] {logging_mixin.py:190} INFO - [2026-09-07T05:54:05.357+0000] {dag.py:3239} INFO - Sync 1 DAGs
[2026-09-07T05:54:05.371+0000] {logging_mixin.py:190} INFO - [2026-09-07T05:54:05.371+0000] {dag.py:4180} INFO - Setting next_dagrun for branching_dag to None, run_after=None
[2026-09-07T05:54:05.390+0000] {processor.py:208} INFO - Processing /opt/airflow/dags/03_branching_dag.py took 0.081 seconds
