[2026-09-07T05:34:54.728+0000] {processor.py:186} INFO - Started process (PID=115) to work on /opt/airflow/dags/ml_02_weather_pipeline.py
[2026-09-07T05:34:54.729+0000] {processor.py:914} INFO - Processing file /opt/airflow/dags/ml_02_weather_pipeline.py for tasks to queue
[2026-09-07T05:34:54.731+0000] {logging_mixin.py:190} INFO - [2026-09-07T05:34:54.731+0000] {dagbag.py:588} INFO - Filling up the DagBag from /opt/airflow/dags/ml_02_weather_pipeline.py
[2026-09-07T05:34:55.601+0000] {processor.py:925} INFO - DAG(s) 'weather_pipeline_dag' retrieved from /opt/airflow/dags/ml_02_weather_pipeline.py
[2026-09-07T05:34:55.666+0000] {logging_mixin.py:190} INFO - [2026-09-07T05:34:55.665+0000] {dag.py:3239} INFO - Sync 1 DAGs
[2026-09-07T05:34:55.689+0000] {logging_mixin.py:190} INFO - [2026-09-07T05:34:55.689+0000] {dag.py:4180} INFO - Setting next_dagrun for weather_pipeline_dag to None, run_after=None
[2026-09-07T05:34:55.730+0000] {processor.py:208} INFO - Processing /opt/airflow/dags/ml_02_weather_pipeline.py took 1.007 seconds
[2026-09-07T05:37:04.971+0000] {processor.py:186} INFO - Started process (PID=106) to work on /opt/airflow/dags/ml_02_weather_pipeline.py
[2026-09-07T05:37:04.979+0000] {processor.py:914} INFO - Processing file /opt/airflow/dags/ml_02_weather_pipeline.py for tasks to queue
[2026-09-07T05:37:04.987+0000] {logging_mixin.py:190} INFO - [2026-09-07T05:37:04.986+0000] {dagbag.py:588} INFO - Filling up the DagBag from /opt/airflow/dags/ml_02_weather_pipeline.py
[2026-09-07T05:37:05.569+0000] {processor.py:925} INFO - DAG(s) 'weather_pipeline_dag' retrieved from /opt/airflow/dags/ml_02_weather_pipeline.py
[2026-09-07T05:37:05.595+0000] {logging_mixin.py:190} INFO - [2026-09-07T05:37:05.595+0000] {dag.py:3239} INFO - Sync 1 DAGs
[2026-09-07T05:37:05.605+0000] {logging_mixin.py:190} INFO - [2026-09-07T05:37:05.605+0000] {dag.py:4180} INFO - Setting next_dagrun for weather_pipeline_dag to None, run_after=None
[2026-09-07T05:37:05.625+0000] {processor.py:208} INFO - Processing /opt/airflow/dags/ml_02_weather_pipeline.py took 0.666 seconds
[2026-09-07T05:37:35.757+0000] {processor.py:186} INFO - Started process (PID=133) to work on /opt/airflow/dags/ml_02_weather_pipeline.py
[2026-09-07T05:37:35.758+0000] {processor.py:914} INFO - Processing file /opt/airflow/dags/ml_02_weather_pipeline.py for tasks to queue
[2026-09-07T05:37:35.760+0000] {logging_mixin.py:190} INFO - [2026-09-07T05:37:35.760+0000] {dagbag.py:588} INFO - Filling up the DagBag from /opt/airflow/dags/ml_02_weather_pipeline.py
[2026-09-07T05:37:36.293+0000] {processor.py:925} INFO - DAG(s) 'weather_pipeline_dag' retrieved from /opt/airflow/dags/ml_02_weather_pipeline.py
[2026-09-07T05:37:36.326+0000] {logging_mixin.py:190} INFO - [2026-09-07T05:37:36.326+0000] {dag.py:3239} INFO - Sync 1 DAGs
[2026-09-07T05:37:36.346+0000] {logging_mixin.py:190} INFO - [2026-09-07T05:37:36.346+0000] {dag.py:4180} INFO - Setting next_dagrun for weather_pipeline_dag to None, run_after=None
[2026-09-07T05:37:36.367+0000] {processor.py:208} INFO - Processing /opt/airflow/dags/ml_02_weather_pipeline.py took 0.616 seconds
[2026-09-07T05:38:06.610+0000] {processor.py:186} INFO - Started process (PID=164) to work on /opt/airflow/dags/ml_02_weather_pipeline.py
[2026-09-07T05:38:06.611+0000] {processor.py:914} INFO - Processing file /opt/airflow/dags/ml_02_weather_pipeline.py for tasks to queue
[2026-09-07T05:38:06.613+0000] {logging_mixin.py:190} INFO - [2026-09-07T05:38:06.612+0000] {dagbag.py:588} INFO - Filling up the DagBag from /opt/airflow/dags/ml_02_weather_pipeline.py
[2026-09-07T05:38:07.283+0000] {processor.py:925} INFO - DAG(s) 'weather_pipeline_dag' retrieved from /opt/airflow/dags/ml_02_weather_pipeline.py
[2026-09-07T05:38:07.310+0000] {logging_mixin.py:190} INFO - [2026-09-07T05:38:07.309+0000] {dag.py:3239} INFO - Sync 1 DAGs
[2026-09-07T05:38:07.328+0000] {logging_mixin.py:190} INFO - [2026-09-07T05:38:07.327+0000] {dag.py:4180} INFO - Setting next_dagrun for weather_pipeline_dag to None, run_after=None
[2026-09-07T05:38:07.344+0000] {processor.py:208} INFO - Processing /opt/airflow/dags/ml_02_weather_pipeline.py took 0.743 seconds
[2026-09-07T05:38:38.001+0000] {processor.py:186} INFO - Started process (PID=195) to work on /opt/airflow/dags/ml_02_weather_pipeline.py
[2026-09-07T05:38:38.002+0000] {processor.py:914} INFO - Processing file /opt/airflow/dags/ml_02_weather_pipeline.py for tasks to queue
[2026-09-07T05:38:38.003+0000] {logging_mixin.py:190} INFO - [2026-09-07T05:38:38.003+0000] {dagbag.py:588} INFO - Filling up the DagBag from /opt/airflow/dags/ml_02_weather_pipeline.py
[2026-09-07T05:38:38.554+0000] {processor.py:925} INFO - DAG(s) 'weather_pipeline_dag' retrieved from /opt/airflow/dags/ml_02_weather_pipeline.py
[2026-09-07T05:38:38.577+0000] {logging_mixin.py:190} INFO - [2026-09-07T05:38:38.576+0000] {dag.py:3239} INFO - Sync 1 DAGs
[2026-09-07T05:38:38.588+0000] {logging_mixin.py:190} INFO - [2026-09-07T05:38:38.588+0000] {dag.py:4180} INFO - Setting next_dagrun for weather_pipeline_dag to None, run_after=None
[2026-09-07T05:38:38.604+0000] {processor.py:208} INFO - Processing /opt/airflow/dags/ml_02_weather_pipeline.py took 0.609 seconds
[2026-09-07T05:39:08.802+0000] {processor.py:186} INFO - Started process (PID=226) to work on /opt/airflow/dags/ml_02_weather_pipeline.py
[2026-09-07T05:39:08.803+0000] {processor.py:914} INFO - Processing file /opt/airflow/dags/ml_02_weather_pipeline.py for tasks to queue
[2026-09-07T05:39:08.805+0000] {logging_mixin.py:190} INFO - [2026-09-07T05:39:08.804+0000] {dagbag.py:588} INFO - Filling up the DagBag from /opt/airflow/dags/ml_02_weather_pipeline.py
[2026-09-07T05:39:09.130+0000] {processor.py:925} INFO - DAG(s) 'weather_pipeline_dag' retrieved from /opt/airflow/dags/ml_02_weather_pipeline.py
[2026-09-07T05:39:09.161+0000] {logging_mixin.py:190} INFO - [2026-09-07T05:39:09.160+0000] {dag.py:3239} INFO - Sync 1 DAGs
[2026-09-07T05:39:09.175+0000] {logging_mixin.py:190} INFO - [2026-09-07T05:39:09.174+0000] {dag.py:4180} INFO - Setting next_dagrun for weather_pipeline_dag to None, run_after=None
[2026-09-07T05:39:09.197+0000] {processor.py:208} INFO - Processing /opt/airflow/dags/ml_02_weather_pipeline.py took 0.401 seconds
[2026-09-07T05:39:40.084+0000] {processor.py:186} INFO - Started process (PID=257) to work on /opt/airflow/dags/ml_02_weather_pipeline.py
[2026-09-07T05:39:40.085+0000] {processor.py:914} INFO - Processing file /opt/airflow/dags/ml_02_weather_pipeline.py for tasks to queue
[2026-09-07T05:39:40.087+0000] {logging_mixin.py:190} INFO - [2026-09-07T05:39:40.086+0000] {dagbag.py:588} INFO - Filling up the DagBag from /opt/airflow/dags/ml_02_weather_pipeline.py
[2026-09-07T05:39:40.616+0000] {processor.py:925} INFO - DAG(s) 'weather_pipeline_dag' retrieved from /opt/airflow/dags/ml_02_weather_pipeline.py
[2026-09-07T05:39:40.671+0000] {logging_mixin.py:190} INFO - [2026-09-07T05:39:40.670+0000] {dag.py:3239} INFO - Sync 1 DAGs
[2026-09-07T05:39:40.693+0000] {logging_mixin.py:190} INFO - [2026-09-07T05:39:40.692+0000] {dag.py:4180} INFO - Setting next_dagrun for weather_pipeline_dag to None, run_after=None
[2026-09-07T05:39:40.728+0000] {processor.py:208} INFO - Processing /opt/airflow/dags/ml_02_weather_pipeline.py took 0.649 seconds
[2026-09-07T05:40:10.855+0000] {processor.py:186} INFO - Started process (PID=292) to work on /opt/airflow/dags/ml_02_weather_pipeline.py
[2026-09-07T05:40:10.858+0000] {processor.py:914} INFO - Processing file /opt/airflow/dags/ml_02_weather_pipeline.py for tasks to queue
[2026-09-07T05:40:10.871+0000] {logging_mixin.py:190} INFO - [2026-09-07T05:40:10.869+0000] {dagbag.py:588} INFO - Filling up the DagBag from /opt/airflow/dags/ml_02_weather_pipeline.py
[2026-09-07T05:40:11.571+0000] {processor.py:925} INFO - DAG(s) 'weather_pipeline_dag' retrieved from /opt/airflow/dags/ml_02_weather_pipeline.py
[2026-09-07T05:40:11.624+0000] {logging_mixin.py:190} INFO - [2026-09-07T05:40:11.624+0000] {dag.py:3239} INFO - Sync 1 DAGs
[2026-09-07T05:40:11.652+0000] {logging_mixin.py:190} INFO - [2026-09-07T05:40:11.652+0000] {dag.py:4180} INFO - Setting next_dagrun for weather_pipeline_dag to None, run_after=None
[2026-09-07T05:40:11.679+0000] {processor.py:208} INFO - Processing /opt/airflow/dags/ml_02_weather_pipeline.py took 0.847 seconds
[2026-09-07T05:40:41.975+0000] {processor.py:186} INFO - Started process (PID=332) to work on /opt/airflow/dags/ml_02_weather_pipeline.py
[2026-09-07T05:40:41.976+0000] {processor.py:914} INFO - Processing file /opt/airflow/dags/ml_02_weather_pipeline.py for tasks to queue
[2026-09-07T05:40:41.978+0000] {logging_mixin.py:190} INFO - [2026-09-07T05:40:41.978+0000] {dagbag.py:588} INFO - Filling up the DagBag from /opt/airflow/dags/ml_02_weather_pipeline.py
[2026-09-07T05:40:42.284+0000] {processor.py:925} INFO - DAG(s) 'weather_pipeline_dag' retrieved from /opt/airflow/dags/ml_02_weather_pipeline.py
[2026-09-07T05:40:42.315+0000] {logging_mixin.py:190} INFO - [2026-09-07T05:40:42.315+0000] {dag.py:3239} INFO - Sync 1 DAGs
[2026-09-07T05:40:42.329+0000] {logging_mixin.py:190} INFO - [2026-09-07T05:40:42.329+0000] {dag.py:4180} INFO - Setting next_dagrun for weather_pipeline_dag to None, run_after=None
[2026-09-07T05:40:42.350+0000] {processor.py:208} INFO - Processing /opt/airflow/dags/ml_02_weather_pipeline.py took 0.381 seconds
[2026-09-07T05:41:12.450+0000] {processor.py:186} INFO - Started process (PID=363) to work on /opt/airflow/dags/ml_02_weather_pipeline.py
[2026-09-07T05:41:12.451+0000] {processor.py:914} INFO - Processing file /opt/airflow/dags/ml_02_weather_pipeline.py for tasks to queue
[2026-09-07T05:41:12.452+0000] {logging_mixin.py:190} INFO - [2026-09-07T05:41:12.452+0000] {dagbag.py:588} INFO - Filling up the DagBag from /opt/airflow/dags/ml_02_weather_pipeline.py
[2026-09-07T05:41:12.693+0000] {processor.py:925} INFO - DAG(s) 'weather_pipeline_dag' retrieved from /opt/airflow/dags/ml_02_weather_pipeline.py
[2026-09-07T05:41:12.718+0000] {logging_mixin.py:190} INFO - [2026-09-07T05:41:12.718+0000] {dag.py:3239} INFO - Sync 1 DAGs
[2026-09-07T05:41:12.729+0000] {logging_mixin.py:190} INFO - [2026-09-07T05:41:12.729+0000] {dag.py:4180} INFO - Setting next_dagrun for weather_pipeline_dag to None, run_after=None
[2026-09-07T05:41:12.747+0000] {processor.py:208} INFO - Processing /opt/airflow/dags/ml_02_weather_pipeline.py took 0.303 seconds
[2026-09-07T05:41:43.210+0000] {processor.py:186} INFO - Started process (PID=396) to work on /opt/airflow/dags/ml_02_weather_pipeline.py
[2026-09-07T05:41:43.212+0000] {processor.py:914} INFO - Processing file /opt/airflow/dags/ml_02_weather_pipeline.py for tasks to queue
[2026-09-07T05:41:43.214+0000] {logging_mixin.py:190} INFO - [2026-09-07T05:41:43.213+0000] {dagbag.py:588} INFO - Filling up the DagBag from /opt/airflow/dags/ml_02_weather_pipeline.py
[2026-09-07T05:41:43.743+0000] {processor.py:925} INFO - DAG(s) 'weather_pipeline_dag' retrieved from /opt/airflow/dags/ml_02_weather_pipeline.py
[2026-09-07T05:41:43.784+0000] {logging_mixin.py:190} INFO - [2026-09-07T05:41:43.784+0000] {dag.py:3239} INFO - Sync 1 DAGs
[2026-09-07T05:41:43.807+0000] {logging_mixin.py:190} INFO - [2026-09-07T05:41:43.807+0000] {dag.py:4180} INFO - Setting next_dagrun for weather_pipeline_dag to None, run_after=None
[2026-09-07T05:41:43.841+0000] {processor.py:208} INFO - Processing /opt/airflow/dags/ml_02_weather_pipeline.py took 0.643 seconds
[2026-09-07T05:42:13.980+0000] {processor.py:186} INFO - Started process (PID=428) to work on /opt/airflow/dags/ml_02_weather_pipeline.py
[2026-09-07T05:42:13.981+0000] {processor.py:914} INFO - Processing file /opt/airflow/dags/ml_02_weather_pipeline.py for tasks to queue
[2026-09-07T05:42:13.983+0000] {logging_mixin.py:190} INFO - [2026-09-07T05:42:13.982+0000] {dagbag.py:588} INFO - Filling up the DagBag from /opt/airflow/dags/ml_02_weather_pipeline.py
[2026-09-07T05:42:14.315+0000] {processor.py:925} INFO - DAG(s) 'weather_pipeline_dag' retrieved from /opt/airflow/dags/ml_02_weather_pipeline.py
[2026-09-07T05:42:14.349+0000] {logging_mixin.py:190} INFO - [2026-09-07T05:42:14.348+0000] {dag.py:3239} INFO - Sync 1 DAGs
[2026-09-07T05:42:14.364+0000] {logging_mixin.py:190} INFO - [2026-09-07T05:42:14.363+0000] {dag.py:4180} INFO - Setting next_dagrun for weather_pipeline_dag to None, run_after=None
[2026-09-07T05:42:14.388+0000] {processor.py:208} INFO - Processing /opt/airflow/dags/ml_02_weather_pipeline.py took 0.416 seconds
[2026-09-07T05:42:44.847+0000] {processor.py:186} INFO - Started process (PID=459) to work on /opt/airflow/dags/ml_02_weather_pipeline.py
[2026-09-07T05:42:44.848+0000] {processor.py:914} INFO - Processing file /opt/airflow/dags/ml_02_weather_pipeline.py for tasks to queue
[2026-09-07T05:42:44.850+0000] {logging_mixin.py:190} INFO - [2026-09-07T05:42:44.849+0000] {dagbag.py:588} INFO - Filling up the DagBag from /opt/airflow/dags/ml_02_weather_pipeline.py
[2026-09-07T05:42:45.222+0000] {processor.py:925} INFO - DAG(s) 'weather_pipeline_dag' retrieved from /opt/airflow/dags/ml_02_weather_pipeline.py
[2026-09-07T05:42:45.252+0000] {logging_mixin.py:190} INFO - [2026-09-07T05:42:45.252+0000] {dag.py:3239} INFO - Sync 1 DAGs
[2026-09-07T05:42:45.267+0000] {logging_mixin.py:190} INFO - [2026-09-07T05:42:45.267+0000] {dag.py:4180} INFO - Setting next_dagrun for weather_pipeline_dag to None, run_after=None
[2026-09-07T05:42:45.289+0000] {processor.py:208} INFO - Processing /opt/airflow/dags/ml_02_weather_pipeline.py took 0.448 seconds
[2026-09-07T05:43:15.494+0000] {processor.py:186} INFO - Started process (PID=497) to work on /opt/airflow/dags/ml_02_weather_pipeline.py
[2026-09-07T05:43:15.496+0000] {processor.py:914} INFO - Processing file /opt/airflow/dags/ml_02_weather_pipeline.py for tasks to queue
[2026-09-07T05:43:15.500+0000] {logging_mixin.py:190} INFO - [2026-09-07T05:43:15.500+0000] {dagbag.py:588} INFO - Filling up the DagBag from /opt/airflow/dags/ml_02_weather_pipeline.py
[2026-09-07T05:43:15.900+0000] {processor.py:925} INFO - DAG(s) 'weather_pipeline_dag' retrieved from /opt/airflow/dags/ml_02_weather_pipeline.py
[2026-09-07T05:43:15.931+0000] {logging_mixin.py:190} INFO - [2026-09-07T05:43:15.931+0000] {dag.py:3239} INFO - Sync 1 DAGs
[2026-09-07T05:43:15.950+0000] {logging_mixin.py:190} INFO - [2026-09-07T05:43:15.949+0000] {dag.py:4180} INFO - Setting next_dagrun for weather_pipeline_dag to None, run_after=None
[2026-09-07T05:43:15.976+0000] {processor.py:208} INFO - Processing /opt/airflow/dags/ml_02_weather_pipeline.py took 0.496 seconds
[2026-09-07T05:43:46.131+0000] {processor.py:186} INFO - Started process (PID=528) to work on /opt/airflow/dags/ml_02_weather_pipeline.py
[2026-09-07T05:43:46.131+0000] {processor.py:914} INFO - Processing file /opt/airflow/dags/ml_02_weather_pipeline.py for tasks to queue
[2026-09-07T05:43:46.133+0000] {logging_mixin.py:190} INFO - [2026-09-07T05:43:46.133+0000] {dagbag.py:588} INFO - Filling up the DagBag from /opt/airflow/dags/ml_02_weather_pipeline.py
[2026-09-07T05:43:46.417+0000] {processor.py:925} INFO - DAG(s) 'weather_pipeline_dag' retrieved from /opt/airflow/dags/ml_02_weather_pipeline.py
[2026-09-07T05:43:46.446+0000] {logging_mixin.py:190} INFO - [2026-09-07T05:43:46.446+0000] {dag.py:3239} INFO - Sync 1 DAGs
[2026-09-07T05:43:46.458+0000] {logging_mixin.py:190} INFO - [2026-09-07T05:43:46.458+0000] {dag.py:4180} INFO - Setting next_dagrun for weather_pipeline_dag to None, run_after=None
[2026-09-07T05:43:46.477+0000] {processor.py:208} INFO - Processing /opt/airflow/dags/ml_02_weather_pipeline.py took 0.352 seconds
[2026-09-07T05:44:17.352+0000] {processor.py:186} INFO - Started process (PID=559) to work on /opt/airflow/dags/ml_02_weather_pipeline.py
[2026-09-07T05:44:17.353+0000] {processor.py:914} INFO - Processing file /opt/airflow/dags/ml_02_weather_pipeline.py for tasks to queue
[2026-09-07T05:44:17.355+0000] {logging_mixin.py:190} INFO - [2026-09-07T05:44:17.354+0000] {dagbag.py:588} INFO - Filling up the DagBag from /opt/airflow/dags/ml_02_weather_pipeline.py
[2026-09-07T05:44:17.663+0000] {processor.py:925} INFO - DAG(s) 'weather_pipeline_dag' retrieved from /opt/airflow/dags/ml_02_weather_pipeline.py
[2026-09-07T05:44:17.691+0000] {logging_mixin.py:190} INFO - [2026-09-07T05:44:17.691+0000] {dag.py:3239} INFO - Sync 1 DAGs
[2026-09-07T05:44:17.705+0000] {logging_mixin.py:190} INFO - [2026-09-07T05:44:17.705+0000] {dag.py:4180} INFO - Setting next_dagrun for weather_pipeline_dag to None, run_after=None
[2026-09-07T05:44:17.760+0000] {processor.py:208} INFO - Processing /opt/airflow/dags/ml_02_weather_pipeline.py took 0.414 seconds
[2026-09-07T05:44:48.681+0000] {processor.py:186} INFO - Started process (PID=590) to work on /opt/airflow/dags/ml_02_weather_pipeline.py
[2026-09-07T05:44:48.682+0000] {processor.py:914} INFO - Processing file /opt/airflow/dags/ml_02_weather_pipeline.py for tasks to queue
[2026-09-07T05:44:48.683+0000] {logging_mixin.py:190} INFO - [2026-09-07T05:44:48.683+0000] {dagbag.py:588} INFO - Filling up the DagBag from /opt/airflow/dags/ml_02_weather_pipeline.py
[2026-09-07T05:44:49.026+0000] {processor.py:925} INFO - DAG(s) 'weather_pipeline_dag' retrieved from /opt/airflow/dags/ml_02_weather_pipeline.py
[2026-09-07T05:44:49.061+0000] {logging_mixin.py:190} INFO - [2026-09-07T05:44:49.061+0000] {dag.py:3239} INFO - Sync 1 DAGs
[2026-09-07T05:44:49.077+0000] {logging_mixin.py:190} INFO - [2026-09-07T05:44:49.077+0000] {dag.py:4180} INFO - Setting next_dagrun for weather_pipeline_dag to None, run_after=None
[2026-09-07T05:44:49.102+0000] {processor.py:208} INFO - Processing /opt/airflow/dags/ml_02_weather_pipeline.py took 0.427 seconds
[2026-09-07T05:45:19.999+0000] {processor.py:186} INFO - Started process (PID=621) to work on /opt/airflow/dags/ml_02_weather_pipeline.py
[2026-09-07T05:45:20.000+0000] {processor.py:914} INFO - Processing file /opt/airflow/dags/ml_02_weather_pipeline.py for tasks to queue
[2026-09-07T05:45:20.001+0000] {logging_mixin.py:190} INFO - [2026-09-07T05:45:20.001+0000] {dagbag.py:588} INFO - Filling up the DagBag from /opt/airflow/dags/ml_02_weather_pipeline.py
[2026-09-07T05:45:20.294+0000] {processor.py:925} INFO - DAG(s) 'weather_pipeline_dag' retrieved from /opt/airflow/dags/ml_02_weather_pipeline.py
[2026-09-07T05:45:20.323+0000] {logging_mixin.py:190} INFO - [2026-09-07T05:45:20.323+0000] {dag.py:3239} INFO - Sync 1 DAGs
[2026-09-07T05:45:20.338+0000] {logging_mixin.py:190} INFO - [2026-09-07T05:45:20.338+0000] {dag.py:4180} INFO - Setting next_dagrun for weather_pipeline_dag to None, run_after=None
[2026-09-07T05:45:20.359+0000] {processor.py:208} INFO - Processing /opt/airflow/dags/ml_02_weather_pipeline.py took 0.365 seconds
[2026-09-07T05:45:51.269+0000] {processor.py:186} INFO - Started process (PID=652) to work on /opt/airflow/dags/ml_02_weather_pipeline.py
[2026-09-07T05:45:51.270+0000] {processor.py:914} INFO - Processing file /opt/airflow/dags/ml_02_weather_pipeline.py for tasks to queue
[2026-09-07T05:45:51.271+0000] {logging_mixin.py:190} INFO - [2026-09-07T05:45:51.271+0000] {dagbag.py:588} INFO - Filling up the DagBag from /opt/airflow/dags/ml_02_weather_pipeline.py
[2026-09-07T05:45:51.557+0000] {processor.py:925} INFO - DAG(s) 'weather_pipeline_dag' retrieved from /opt/airflow/dags/ml_02_weather_pipeline.py
[2026-09-07T05:45:51.585+0000] {logging_mixin.py:190} INFO - [2026-09-07T05:45:51.585+0000] {dag.py:3239} INFO - Sync 1 DAGs
[2026-09-07T05:45:51.598+0000] {logging_mixin.py:190} INFO - [2026-09-07T05:45:51.598+0000] {dag.py:4180} INFO - Setting next_dagrun for weather_pipeline_dag to None, run_after=None
[2026-09-07T05:45:51.621+0000] {processor.py:208} INFO - Processing /opt/airflow/dags/ml_02_weather_pipeline.py took 0.358 seconds
[2026-09-07T05:46:21.872+0000] {processor.py:186} INFO - Started process (PID=683) to work on /opt/airflow/dags/ml_02_weather_pipeline.py
[2026-09-07T05:46:21.873+0000] {processor.py:914} INFO - Processing file /opt/airflow/dags/ml_02_weather_pipeline.py for tasks to queue
[2026-09-07T05:46:21.874+0000] {logging_mixin.py:190} INFO - [2026-09-07T05:46:21.874+0000] {dagbag.py:588} INFO - Filling up the DagBag from /opt/airflow/dags/ml_02_weather_pipeline.py
[2026-09-07T05:46:22.215+0000] {processor.py:925} INFO - DAG(s) 'weather_pipeline_dag' retrieved from /opt/airflow/dags/ml_02_weather_pipeline.py
[2026-09-07T05:46:22.251+0000] {logging_mixin.py:190} INFO - [2026-09-07T05:46:22.250+0000] {dag.py:3239} INFO - Sync 1 DAGs
[2026-09-07T05:46:22.265+0000] {logging_mixin.py:190} INFO - [2026-09-07T05:46:22.264+0000] {dag.py:4180} INFO - Setting next_dagrun for weather_pipeline_dag to None, run_after=None
[2026-09-07T05:46:22.286+0000] {processor.py:208} INFO - Processing /opt/airflow/dags/ml_02_weather_pipeline.py took 0.423 seconds
[2026-09-07T05:46:52.747+0000] {processor.py:186} INFO - Started process (PID=714) to work on /opt/airflow/dags/ml_02_weather_pipeline.py
[2026-09-07T05:46:52.748+0000] {processor.py:914} INFO - Processing file /opt/airflow/dags/ml_02_weather_pipeline.py for tasks to queue
[2026-09-07T05:46:52.749+0000] {logging_mixin.py:190} INFO - [2026-09-07T05:46:52.749+0000] {dagbag.py:588} INFO - Filling up the DagBag from /opt/airflow/dags/ml_02_weather_pipeline.py
[2026-09-07T05:46:53.062+0000] {processor.py:925} INFO - DAG(s) 'weather_pipeline_dag' retrieved from /opt/airflow/dags/ml_02_weather_pipeline.py
[2026-09-07T05:46:53.133+0000] {logging_mixin.py:190} INFO - [2026-09-07T05:46:53.132+0000] {dag.py:3239} INFO - Sync 1 DAGs
[2026-09-07T05:46:53.163+0000] {logging_mixin.py:190} INFO - [2026-09-07T05:46:53.162+0000] {dag.py:4180} INFO - Setting next_dagrun for weather_pipeline_dag to None, run_after=None
[2026-09-07T05:46:53.195+0000] {processor.py:208} INFO - Processing /opt/airflow/dags/ml_02_weather_pipeline.py took 0.453 seconds
[2026-09-07T05:47:23.421+0000] {processor.py:186} INFO - Started process (PID=746) to work on /opt/airflow/dags/ml_02_weather_pipeline.py
[2026-09-07T05:47:23.422+0000] {processor.py:914} INFO - Processing file /opt/airflow/dags/ml_02_weather_pipeline.py for tasks to queue
[2026-09-07T05:47:23.423+0000] {logging_mixin.py:190} INFO - [2026-09-07T05:47:23.423+0000] {dagbag.py:588} INFO - Filling up the DagBag from /opt/airflow/dags/ml_02_weather_pipeline.py
[2026-09-07T05:47:23.762+0000] {processor.py:925} INFO - DAG(s) 'weather_pipeline_dag' retrieved from /opt/airflow/dags/ml_02_weather_pipeline.py
[2026-09-07T05:47:23.795+0000] {logging_mixin.py:190} INFO - [2026-09-07T05:47:23.795+0000] {dag.py:3239} INFO - Sync 1 DAGs
[2026-09-07T05:47:23.812+0000] {logging_mixin.py:190} INFO - [2026-09-07T05:47:23.812+0000] {dag.py:4180} INFO - Setting next_dagrun for weather_pipeline_dag to None, run_after=None
[2026-09-07T05:47:23.832+0000] {processor.py:208} INFO - Processing /opt/airflow/dags/ml_02_weather_pipeline.py took 0.419 seconds
[2026-09-07T05:47:54.052+0000] {processor.py:186} INFO - Started process (PID=777) to work on /opt/airflow/dags/ml_02_weather_pipeline.py
[2026-09-07T05:47:54.053+0000] {processor.py:914} INFO - Processing file /opt/airflow/dags/ml_02_weather_pipeline.py for tasks to queue
[2026-09-07T05:47:54.055+0000] {logging_mixin.py:190} INFO - [2026-09-07T05:47:54.055+0000] {dagbag.py:588} INFO - Filling up the DagBag from /opt/airflow/dags/ml_02_weather_pipeline.py
[2026-09-07T05:47:54.343+0000] {processor.py:925} INFO - DAG(s) 'weather_pipeline_dag' retrieved from /opt/airflow/dags/ml_02_weather_pipeline.py
[2026-09-07T05:47:54.373+0000] {logging_mixin.py:190} INFO - [2026-09-07T05:47:54.373+0000] {dag.py:3239} INFO - Sync 1 DAGs
[2026-09-07T05:47:54.389+0000] {logging_mixin.py:190} INFO - [2026-09-07T05:47:54.389+0000] {dag.py:4180} INFO - Setting next_dagrun for weather_pipeline_dag to None, run_after=None
[2026-09-07T05:47:54.408+0000] {processor.py:208} INFO - Processing /opt/airflow/dags/ml_02_weather_pipeline.py took 0.362 seconds
[2026-09-07T05:48:24.594+0000] {processor.py:186} INFO - Started process (PID=808) to work on /opt/airflow/dags/ml_02_weather_pipeline.py
[2026-09-07T05:48:24.595+0000] {processor.py:914} INFO - Processing file /opt/airflow/dags/ml_02_weather_pipeline.py for tasks to queue
[2026-09-07T05:48:24.596+0000] {logging_mixin.py:190} INFO - [2026-09-07T05:48:24.596+0000] {dagbag.py:588} INFO - Filling up the DagBag from /opt/airflow/dags/ml_02_weather_pipeline.py
[2026-09-07T05:48:24.894+0000] {processor.py:925} INFO - DAG(s) 'weather_pipeline_dag' retrieved from /opt/airflow/dags/ml_02_weather_pipeline.py
[2026-09-07T05:48:24.926+0000] {logging_mixin.py:190} INFO - [2026-09-07T05:48:24.926+0000] {dag.py:3239} INFO - Sync 1 DAGs
[2026-09-07T05:48:24.940+0000] {logging_mixin.py:190} INFO - [2026-09-07T05:48:24.940+0000] {dag.py:4180} INFO - Setting next_dagrun for weather_pipeline_dag to None, run_after=None
[2026-09-07T05:48:24.958+0000] {processor.py:208} INFO - Processing /opt/airflow/dags/ml_02_weather_pipeline.py took 0.370 seconds
[2026-09-07T05:48:55.531+0000] {processor.py:186} INFO - Started process (PID=839) to work on /opt/airflow/dags/ml_02_weather_pipeline.py
[2026-09-07T05:48:55.532+0000] {processor.py:914} INFO - Processing file /opt/airflow/dags/ml_02_weather_pipeline.py for tasks to queue
[2026-09-07T05:48:55.534+0000] {logging_mixin.py:190} INFO - [2026-09-07T05:48:55.533+0000] {dagbag.py:588} INFO - Filling up the DagBag from /opt/airflow/dags/ml_02_weather_pipeline.py
[2026-09-07T05:48:55.993+0000] {processor.py:925} INFO - DAG(s) 'weather_pipeline_dag' retrieved from /opt/airflow/dags/ml_02_weather_pipeline.py
[2026-09-07T05:48:56.025+0000] {logging_mixin.py:190} INFO - [2026-09-07T05:48:56.024+0000] {dag.py:3239} INFO - Sync 1 DAGs
[2026-09-07T05:48:56.040+0000] {logging_mixin.py:190} INFO - [2026-09-07T05:48:56.040+0000] {dag.py:4180} INFO - Setting next_dagrun for weather_pipeline_dag to None, run_after=None
[2026-09-07T05:48:56.065+0000] {processor.py:208} INFO - Processing /opt/airflow/dags/ml_02_weather_pipeline.py took 0.541 seconds
[2026-09-07T05:49:26.729+0000] {processor.py:186} INFO - Started process (PID=870) to work on /opt/airflow/dags/ml_02_weather_pipeline.py
[2026-09-07T05:49:26.730+0000] {processor.py:914} INFO - Processing file /opt/airflow/dags/ml_02_weather_pipeline.py for tasks to queue
[2026-09-07T05:49:26.731+0000] {logging_mixin.py:190} INFO - [2026-09-07T05:49:26.731+0000] {dagbag.py:588} INFO - Filling up the DagBag from /opt/airflow/dags/ml_02_weather_pipeline.py
[2026-09-07T05:49:27.015+0000] {processor.py:925} INFO - DAG(s) 'weather_pipeline_dag' retrieved from /opt/airflow/dags/ml_02_weather_pipeline.py
[2026-09-07T05:49:27.047+0000] {logging_mixin.py:190} INFO - [2026-09-07T05:49:27.047+0000] {dag.py:3239} INFO - Sync 1 DAGs
[2026-09-07T05:49:27.060+0000] {logging_mixin.py:190} INFO - [2026-09-07T05:49:27.060+0000] {dag.py:4180} INFO - Setting next_dagrun for weather_pipeline_dag to None, run_after=None
[2026-09-07T05:49:27.079+0000] {processor.py:208} INFO - Processing /opt/airflow/dags/ml_02_weather_pipeline.py took 0.356 seconds
[2026-09-07T05:49:57.894+0000] {processor.py:186} INFO - Started process (PID=901) to work on /opt/airflow/dags/ml_02_weather_pipeline.py
[2026-09-07T05:49:57.895+0000] {processor.py:914} INFO - Processing file /opt/airflow/dags/ml_02_weather_pipeline.py for tasks to queue
[2026-09-07T05:49:57.896+0000] {logging_mixin.py:190} INFO - [2026-09-07T05:49:57.896+0000] {dagbag.py:588} INFO - Filling up the DagBag from /opt/airflow/dags/ml_02_weather_pipeline.py
[2026-09-07T05:49:58.206+0000] {processor.py:925} INFO - DAG(s) 'weather_pipeline_dag' retrieved from /opt/airflow/dags/ml_02_weather_pipeline.py
[2026-09-07T05:49:58.239+0000] {logging_mixin.py:190} INFO - [2026-09-07T05:49:58.239+0000] {dag.py:3239} INFO - Sync 1 DAGs
[2026-09-07T05:49:58.257+0000] {logging_mixin.py:190} INFO - [2026-09-07T05:49:58.257+0000] {dag.py:4180} INFO - Setting next_dagrun for weather_pipeline_dag to None, run_after=None
[2026-09-07T05:49:58.285+0000] {processor.py:208} INFO - Processing /opt/airflow/dags/ml_02_weather_pipeline.py took 0.396 seconds
[2026-09-07T05:50:28.767+0000] {processor.py:186} INFO - Started process (PID=938) to work on /opt/airflow/dags/ml_02_weather_pipeline.py
[2026-09-07T05:50:28.768+0000] {processor.py:914} INFO - Processing file /opt/airflow/dags/ml_02_weather_pipeline.py for tasks to queue
[2026-09-07T05:50:28.769+0000] {logging_mixin.py:190} INFO - [2026-09-07T05:50:28.768+0000] {dagbag.py:588} INFO - Filling up the DagBag from /opt/airflow/dags/ml_02_weather_pipeline.py
[2026-09-07T05:50:29.186+0000] {processor.py:925} INFO - DAG(s) 'weather_pipeline_dag' retrieved from /opt/airflow/dags/ml_02_weather_pipeline.py
[2026-09-07T05:50:29.218+0000] {logging_mixin.py:190} INFO - [2026-09-07T05:50:29.217+0000] {dag.py:3239} INFO - Sync 1 DAGs
[2026-09-07T05:50:29.240+0000] {logging_mixin.py:190} INFO - [2026-09-07T05:50:29.240+0000] {dag.py:4180} INFO - Setting next_dagrun for weather_pipeline_dag to None, run_after=None
[2026-09-07T05:50:29.450+0000] {processor.py:208} INFO - Processing /opt/airflow/dags/ml_02_weather_pipeline.py took 0.690 seconds
[2026-09-07T05:50:59.542+0000] {processor.py:186} INFO - Started process (PID=970) to work on /opt/airflow/dags/ml_02_weather_pipeline.py
[2026-09-07T05:50:59.543+0000] {processor.py:914} INFO - Processing file /opt/airflow/dags/ml_02_weather_pipeline.py for tasks to queue
[2026-09-07T05:50:59.544+0000] {logging_mixin.py:190} INFO - [2026-09-07T05:50:59.544+0000] {dagbag.py:588} INFO - Filling up the DagBag from /opt/airflow/dags/ml_02_weather_pipeline.py
[2026-09-07T05:50:59.824+0000] {processor.py:925} INFO - DAG(s) 'weather_pipeline_dag' retrieved from /opt/airflow/dags/ml_02_weather_pipeline.py
[2026-09-07T05:50:59.985+0000] {logging_mixin.py:190} INFO - [2026-09-07T05:50:59.985+0000] {dag.py:3239} INFO - Sync 1 DAGs
[2026-09-07T05:50:59.995+0000] {logging_mixin.py:190} INFO - [2026-09-07T05:50:59.995+0000] {dag.py:4180} INFO - Setting next_dagrun for weather_pipeline_dag to None, run_after=None
[2026-09-07T05:51:00.015+0000] {processor.py:208} INFO - Processing /opt/airflow/dags/ml_02_weather_pipeline.py took 0.479 seconds
[2026-09-07T05:51:30.384+0000] {processor.py:186} INFO - Started process (PID=1001) to work on /opt/airflow/dags/ml_02_weather_pipeline.py
[2026-09-07T05:51:30.385+0000] {processor.py:914} INFO - Processing file /opt/airflow/dags/ml_02_weather_pipeline.py for tasks to queue
[2026-09-07T05:51:30.386+0000] {logging_mixin.py:190} INFO - [2026-09-07T05:51:30.386+0000] {dagbag.py:588} INFO - Filling up the DagBag from /opt/airflow/dags/ml_02_weather_pipeline.py
[2026-09-07T05:51:30.710+0000] {processor.py:925} INFO - DAG(s) 'weather_pipeline_dag' retrieved from /opt/airflow/dags/ml_02_weather_pipeline.py
[2026-09-07T05:51:30.744+0000] {logging_mixin.py:190} INFO - [2026-09-07T05:51:30.743+0000] {dag.py:3239} INFO - Sync 1 DAGs
[2026-09-07T05:51:30.962+0000] {logging_mixin.py:190} INFO - [2026-09-07T05:51:30.962+0000] {dag.py:4180} INFO - Setting next_dagrun for weather_pipeline_dag to None, run_after=None
[2026-09-07T05:51:30.982+0000] {processor.py:208} INFO - Processing /opt/airflow/dags/ml_02_weather_pipeline.py took 0.605 seconds
[2026-09-07T05:52:01.760+0000] {processor.py:186} INFO - Started process (PID=1034) to work on /opt/airflow/dags/ml_02_weather_pipeline.py
[2026-09-07T05:52:01.763+0000] {processor.py:914} INFO - Processing file /opt/airflow/dags/ml_02_weather_pipeline.py for tasks to queue
[2026-09-07T05:52:01.766+0000] {logging_mixin.py:190} INFO - [2026-09-07T05:52:01.765+0000] {dagbag.py:588} INFO - Filling up the DagBag from /opt/airflow/dags/ml_02_weather_pipeline.py
[2026-09-07T05:52:02.366+0000] {processor.py:925} INFO - DAG(s) 'weather_pipeline_dag' retrieved from /opt/airflow/dags/ml_02_weather_pipeline.py
[2026-09-07T05:52:02.395+0000] {logging_mixin.py:190} INFO - [2026-09-07T05:52:02.395+0000] {dag.py:3239} INFO - Sync 1 DAGs
[2026-09-07T05:52:02.408+0000] {logging_mixin.py:190} INFO - [2026-09-07T05:52:02.408+0000] {dag.py:4180} INFO - Setting next_dagrun for weather_pipeline_dag to None, run_after=None
[2026-09-07T05:52:02.430+0000] {processor.py:208} INFO - Processing /opt/airflow/dags/ml_02_weather_pipeline.py took 0.678 seconds
[2026-09-07T05:52:33.102+0000] {processor.py:186} INFO - Started process (PID=1052) to work on /opt/airflow/dags/ml_02_weather_pipeline.py
[2026-09-07T05:52:33.103+0000] {processor.py:914} INFO - Processing file /opt/airflow/dags/ml_02_weather_pipeline.py for tasks to queue
[2026-09-07T05:52:33.105+0000] {logging_mixin.py:190} INFO - [2026-09-07T05:52:33.105+0000] {dagbag.py:588} INFO - Filling up the DagBag from /opt/airflow/dags/ml_02_weather_pipeline.py
[2026-09-07T05:52:33.792+0000] {processor.py:925} INFO - DAG(s) 'weather_pipeline_dag' retrieved from /opt/airflow/dags/ml_02_weather_pipeline.py
[2026-09-07T05:52:33.837+0000] {logging_mixin.py:190} INFO - [2026-09-07T05:52:33.837+0000] {dag.py:3239} INFO - Sync 1 DAGs
[2026-09-07T05:52:33.851+0000] {logging_mixin.py:190} INFO - [2026-09-07T05:52:33.851+0000] {dag.py:4180} INFO - Setting next_dagrun for weather_pipeline_dag to None, run_after=None
[2026-09-07T05:52:33.875+0000] {processor.py:208} INFO - Processing /opt/airflow/dags/ml_02_weather_pipeline.py took 0.782 seconds
[2026-09-07T05:53:04.053+0000] {processor.py:186} INFO - Started process (PID=1082) to work on /opt/airflow/dags/ml_02_weather_pipeline.py
[2026-09-07T05:53:04.054+0000] {processor.py:914} INFO - Processing file /opt/airflow/dags/ml_02_weather_pipeline.py for tasks to queue
[2026-09-07T05:53:04.055+0000] {logging_mixin.py:190} INFO - [2026-09-07T05:53:04.055+0000] {dagbag.py:588} INFO - Filling up the DagBag from /opt/airflow/dags/ml_02_weather_pipeline.py
[2026-09-07T05:53:04.468+0000] {processor.py:925} INFO - DAG(s) 'weather_pipeline_dag' retrieved from /opt/airflow/dags/ml_02_weather_pipeline.py
[2026-09-07T05:53:04.490+0000] {logging_mixin.py:190} INFO - [2026-09-07T05:53:04.490+0000] {dag.py:3239} INFO - Sync 1 DAGs
[2026-09-07T05:53:04.503+0000] {logging_mixin.py:190} INFO - [2026-09-07T05:53:04.503+0000] {dag.py:4180} INFO - Setting next_dagrun for weather_pipeline_dag to None, run_after=None
[2026-09-07T05:53:04.519+0000] {processor.py:208} INFO - Processing /opt/airflow/dags/ml_02_weather_pipeline.py took 0.472 seconds
[2026-09-07T05:53:34.921+0000] {processor.py:186} INFO - Started process (PID=1113) to work on /opt/airflow/dags/ml_02_weather_pipeline.py
[2026-09-07T05:53:34.921+0000] {processor.py:914} INFO - Processing file /opt/airflow/dags/ml_02_weather_pipeline.py for tasks to queue
[2026-09-07T05:53:34.923+0000] {logging_mixin.py:190} INFO - [2026-09-07T05:53:34.922+0000] {dagbag.py:588} INFO - Filling up the DagBag from /opt/airflow/dags/ml_02_weather_pipeline.py
[2026-09-07T05:53:35.391+0000] {processor.py:925} INFO - DAG(s) 'weather_pipeline_dag' retrieved from /opt/airflow/dags/ml_02_weather_pipeline.py
[2026-09-07T05:53:35.419+0000] {logging_mixin.py:190} INFO - [2026-09-07T05:53:35.418+0000] {dag.py:3239} INFO - Sync 1 DAGs
[2026-09-07T05:53:35.429+0000] {logging_mixin.py:190} INFO - [2026-09-07T05:53:35.429+0000] {dag.py:4180} INFO - Setting next_dagrun for weather_pipeline_dag to None, run_after=None
[2026-09-07T05:53:35.445+0000] {processor.py:208} INFO - Processing /opt/airflow/dags/ml_02_weather_pipeline.py took 0.530 seconds
[2026-09-07T05:54:05.545+0000] {processor.py:186} INFO - Started process (PID=1147) to work on /opt/airflow/dags/ml_02_weather_pipeline.py
[2026-09-07T05:54:05.546+0000] {processor.py:914} INFO - Processing file /opt/airflow/dags/ml_02_weather_pipeline.py for tasks to queue
[2026-09-07T05:54:05.548+0000] {logging_mixin.py:190} INFO - [2026-09-07T05:54:05.547+0000] {dagbag.py:588} INFO - Filling up the DagBag from /opt/airflow/dags/ml_02_weather_pipeline.py
[2026-09-07T05:54:05.991+0000] {processor.py:925} INFO - DAG(s) 'weather_pipeline_dag' retrieved from /opt/airflow/dags/ml_02_weather_pipeline.py
[2026-09-07T05:54:06.015+0000] {logging_mixin.py:190} INFO - [2026-09-07T05:54:06.014+0000] {dag.py:3239} INFO - Sync 1 DAGs
[2026-09-07T05:54:06.024+0000] {logging_mixin.py:190} INFO - [2026-09-07T05:54:06.024+0000] {dag.py:4180} INFO - Setting next_dagrun for weather_pipeline_dag to None, run_after=None
[2026-09-07T05:54:06.038+0000] {processor.py:208} INFO - Processing /opt/airflow/dags/ml_02_weather_pipeline.py took 0.499 seconds
[2026-09-07T05:54:36.164+0000] {processor.py:186} INFO - Started process (PID=1179) to work on /opt/airflow/dags/ml_02_weather_pipeline.py
[2026-09-07T05:54:36.166+0000] {processor.py:914} INFO - Processing file /opt/airflow/dags/ml_02_weather_pipeline.py for tasks to queue
[2026-09-07T05:54:36.168+0000] {logging_mixin.py:190} INFO - [2026-09-07T05:54:36.167+0000] {dagbag.py:588} INFO - Filling up the DagBag from /opt/airflow/dags/ml_02_weather_pipeline.py
[2026-09-07T05:54:36.778+0000] {processor.py:925} INFO - DAG(s) 'weather_pipeline_dag' retrieved from /opt/airflow/dags/ml_02_weather_pipeline.py
[2026-09-07T05:54:36.807+0000] {logging_mixin.py:190} INFO - [2026-09-07T05:54:36.806+0000] {dag.py:3239} INFO - Sync 1 DAGs
[2026-09-07T05:54:36.819+0000] {logging_mixin.py:190} INFO - [2026-09-07T05:54:36.819+0000] {dag.py:4180} INFO - Setting next_dagrun for weather_pipeline_dag to None, run_after=None
[2026-09-07T05:54:36.843+0000] {processor.py:208} INFO - Processing /opt/airflow/dags/ml_02_weather_pipeline.py took 0.687 seconds
