[2026-08-23T16:09:33.578+0000] {local_task_job_runner.py:123} INFO - ::group::Pre task execution logs
[2026-08-23T16:09:33.598+0000] {taskinstance.py:2613} INFO - Dependencies all met for dep_context=non-requeueable deps ti=<TaskInstance: etl_weather_postgres_dag.verify_load manual__2026-08-23T16:09:19.724658+00:00 [queued]>
[2026-08-23T16:09:33.604+0000] {taskinstance.py:2613} INFO - Dependencies all met for dep_context=requeueable deps ti=<TaskInstance: etl_weather_postgres_dag.verify_load manual__2026-08-23T16:09:19.724658+00:00 [queued]>
[2026-08-23T16:09:33.604+0000] {taskinstance.py:2866} INFO - Starting attempt 1 of 2
[2026-08-23T16:09:33.615+0000] {taskinstance.py:2889} INFO - Executing <Task(PythonOperator): verify_load> on 2026-08-23 16:09:19.724658+00:00
[2026-08-23T16:09:33.633+0000] {warnings.py:112} WARNING - /home/***/.local/lib/python3.12/site-packages/***/task/task_runner/standard_task_runner.py:70: DeprecationWarning: This process (pid=980) is multi-threaded, use of fork() may lead to deadlocks in the child.
  pid = os.fork()

[2026-08-23T16:09:33.636+0000] {standard_task_runner.py:72} INFO - Started process 981 to run task
[2026-08-23T16:09:33.636+0000] {standard_task_runner.py:104} INFO - Running: ['***', 'tasks', 'run', 'etl_weather_postgres_dag', 'verify_load', 'manual__2026-08-23T16:09:19.724658+00:00', '--job-id', '26', '--raw', '--subdir', 'DAGS_FOLDER/05_etl_weather_postgres.py', '--cfg-path', '/tmp/tmpg6aullzp']
[2026-08-23T16:09:33.639+0000] {standard_task_runner.py:105} INFO - Job 26: Subtask verify_load
[2026-08-23T16:09:33.714+0000] {task_command.py:467} INFO - Running <TaskInstance: etl_weather_postgres_dag.verify_load manual__2026-08-23T16:09:19.724658+00:00 [running]> on host 417225d49ca8
[2026-08-23T16:09:33.800+0000] {taskinstance.py:3132} INFO - Exporting env vars: AIRFLOW_CTX_DAG_OWNER='workshop' AIRFLOW_CTX_DAG_ID='etl_weather_postgres_dag' AIRFLOW_CTX_TASK_ID='verify_load' AIRFLOW_CTX_EXECUTION_DATE='2026-08-23T16:09:19.724658+00:00' AIRFLOW_CTX_TRY_NUMBER='1' AIRFLOW_CTX_DAG_RUN_ID='manual__2026-08-23T16:09:19.724658+00:00'
[2026-08-23T16:09:33.803+0000] {taskinstance.py:731} INFO - ::endgroup::
[2026-08-23T16:09:33.837+0000] {base.py:84} INFO - Retrieving connection 'postgres_target'
[2026-08-23T16:09:33.848+0000] {sql.py:553} INFO - Running statement: SELECT COUNT(*) FROM weather_records;, parameters: None
[2026-08-23T16:09:33.855+0000] {sql.py:562} INFO - Rows affected: 1
[2026-08-23T16:09:33.856+0000] {logging_mixin.py:190} INFO - จำนวนแถวทั้งหมดในตาราง weather_records: 4
[2026-08-23T16:09:33.867+0000] {sql.py:553} INFO - Running statement: 
        SELECT province, temperature, temperature_category, ingested_at
        FROM weather_records
        ORDER BY id DESC
        LIMIT 4;
        , parameters: None
[2026-08-23T16:09:33.871+0000] {sql.py:562} INFO - Rows affected: 4
[2026-08-23T16:09:33.871+0000] {logging_mixin.py:190} INFO - ===== แถวล่าสุดที่เพิ่ง insert =====
[2026-08-23T16:09:33.872+0000] {logging_mixin.py:190} INFO - ภูเก็ต: 28.6 °C (อากาศดี) - บันทึกเมื่อ 2026-08-23 16:09:32.499904
[2026-08-23T16:09:33.872+0000] {logging_mixin.py:190} INFO - ขอนแก่น: 27.1 °C (อากาศดี) - บันทึกเมื่อ 2026-08-23 16:09:32.499904
[2026-08-23T16:09:33.872+0000] {logging_mixin.py:190} INFO - เชียงใหม่: 25.4 °C (อากาศดี) - บันทึกเมื่อ 2026-08-23 16:09:32.499904
[2026-08-23T16:09:33.872+0000] {logging_mixin.py:190} INFO - กรุงเทพฯ: 26.1 °C (อากาศดี) - บันทึกเมื่อ 2026-08-23 16:09:32.499904
[2026-08-23T16:09:33.873+0000] {python.py:240} INFO - Done. Returned value was: None
[2026-08-23T16:09:33.885+0000] {taskinstance.py:340} INFO - ::group::Post task execution logs
[2026-08-23T16:09:33.886+0000] {taskinstance.py:352} INFO - Marking task as SUCCESS. dag_id=etl_weather_postgres_dag, task_id=verify_load, run_id=manual__2026-08-23T16:09:19.724658+00:00, execution_date=20260823T160919, start_date=20260823T160933, end_date=20260823T160933
[2026-08-23T16:09:33.949+0000] {local_task_job_runner.py:266} INFO - Task exited with return code 0
[2026-08-23T16:09:34.055+0000] {taskinstance.py:3895} INFO - 0 downstream tasks scheduled from follow-on schedule check
[2026-08-23T16:09:34.064+0000] {local_task_job_runner.py:245} INFO - ::endgroup::
