[2026-08-23T15:33:51.541+0000] {local_task_job_runner.py:123} INFO - ::group::Pre task execution logs
[2026-08-23T15:33:51.553+0000] {taskinstance.py:2613} INFO - Dependencies all met for dep_context=non-requeueable deps ti=<TaskInstance: branching_dag.join_task manual__2026-08-23T15:33:47.488067+00:00 [queued]>
[2026-08-23T15:33:51.557+0000] {taskinstance.py:2613} INFO - Dependencies all met for dep_context=requeueable deps ti=<TaskInstance: branching_dag.join_task manual__2026-08-23T15:33:47.488067+00:00 [queued]>
[2026-08-23T15:33:51.557+0000] {taskinstance.py:2866} INFO - Starting attempt 1 of 2
[2026-08-23T15:33:51.563+0000] {taskinstance.py:2889} INFO - Executing <Task(PythonOperator): join_task> on 2026-08-23 15:33:47.488067+00:00
[2026-08-23T15:33:51.567+0000] {warnings.py:112} WARNING - /home/***/.local/lib/python3.12/site-packages/***/task/task_runner/standard_task_runner.py:70: DeprecationWarning: This process (pid=478) is multi-threaded, use of fork() may lead to deadlocks in the child.
  pid = os.fork()

[2026-08-23T15:33:51.568+0000] {standard_task_runner.py:72} INFO - Started process 479 to run task
[2026-08-23T15:33:51.568+0000] {standard_task_runner.py:104} INFO - Running: ['***', 'tasks', 'run', 'branching_dag', 'join_task', 'manual__2026-08-23T15:33:47.488067+00:00', '--job-id', '13', '--raw', '--subdir', 'DAGS_FOLDER/03_branching_dag.py', '--cfg-path', '/tmp/tmpnb7q6yht']
[2026-08-23T15:33:51.569+0000] {standard_task_runner.py:105} INFO - Job 13: Subtask join_task
[2026-08-23T15:33:51.609+0000] {task_command.py:467} INFO - Running <TaskInstance: branching_dag.join_task manual__2026-08-23T15:33:47.488067+00:00 [running]> on host 417225d49ca8
[2026-08-23T15:33:51.665+0000] {taskinstance.py:3132} INFO - Exporting env vars: AIRFLOW_CTX_DAG_OWNER='workshop' AIRFLOW_CTX_DAG_ID='branching_dag' AIRFLOW_CTX_TASK_ID='join_task' AIRFLOW_CTX_EXECUTION_DATE='2026-08-23T15:33:47.488067+00:00' AIRFLOW_CTX_TRY_NUMBER='1' AIRFLOW_CTX_DAG_RUN_ID='manual__2026-08-23T15:33:47.488067+00:00'
[2026-08-23T15:33:51.665+0000] {taskinstance.py:731} INFO - ::endgroup::
[2026-08-23T15:33:51.694+0000] {logging_mixin.py:190} INFO - ===== สรุปผล (Join) =====
[2026-08-23T15:33:51.694+0000] {logging_mixin.py:190} INFO - ตัวเลขที่สุ่มได้ตอนแรก: 12
[2026-08-23T15:33:51.695+0000] {logging_mixin.py:190} INFO - ผลจาก high_branch_task: None
[2026-08-23T15:33:51.695+0000] {logging_mixin.py:190} INFO - ผลจาก low_branch_task: low
[2026-08-23T15:33:51.695+0000] {logging_mixin.py:190} INFO - สรุป: DAG run นี้เลือกเดินเส้นทาง -> low
[2026-08-23T15:33:51.695+0000] {python.py:240} INFO - Done. Returned value was: None
[2026-08-23T15:33:51.703+0000] {taskinstance.py:340} INFO - ::group::Post task execution logs
[2026-08-23T15:33:51.704+0000] {taskinstance.py:352} INFO - Marking task as SUCCESS. dag_id=branching_dag, task_id=join_task, run_id=manual__2026-08-23T15:33:47.488067+00:00, execution_date=20260823T153347, start_date=20260823T153351, end_date=20260823T153351
[2026-08-23T15:33:51.745+0000] {local_task_job_runner.py:266} INFO - Task exited with return code 0
[2026-08-23T15:33:51.758+0000] {taskinstance.py:3895} INFO - 0 downstream tasks scheduled from follow-on schedule check
[2026-08-23T15:33:51.758+0000] {local_task_job_runner.py:245} INFO - ::endgroup::
