[2026-08-30T14:42:28.039+0000] {local_task_job_runner.py:123} INFO - ::group::Pre task execution logs
[2026-08-30T14:42:28.052+0000] {taskinstance.py:2613} INFO - Dependencies all met for dep_context=non-requeueable deps ti=<TaskInstance: iris_pipeline_dag.log_result manual__2026-08-30T14:42:10.736373+00:00 [queued]>
[2026-08-30T14:42:28.056+0000] {taskinstance.py:2613} INFO - Dependencies all met for dep_context=requeueable deps ti=<TaskInstance: iris_pipeline_dag.log_result manual__2026-08-30T14:42:10.736373+00:00 [queued]>
[2026-08-30T14:42:28.056+0000] {taskinstance.py:2866} INFO - Starting attempt 1 of 2
[2026-08-30T14:42:28.063+0000] {taskinstance.py:2889} INFO - Executing <Task(PythonOperator): log_result> on 2026-08-30 14:42:10.736373+00:00
[2026-08-30T14:42:28.069+0000] {warnings.py:112} WARNING - /home/***/.local/lib/python3.12/site-packages/***/task/task_runner/standard_task_runner.py:70: DeprecationWarning: This process (pid=1349) is multi-threaded, use of fork() may lead to deadlocks in the child.
  pid = os.fork()

[2026-08-30T14:42:28.075+0000] {standard_task_runner.py:72} INFO - Started process 1350 to run task
[2026-08-30T14:42:28.074+0000] {standard_task_runner.py:104} INFO - Running: ['***', 'tasks', 'run', 'iris_pipeline_dag', 'log_result', 'manual__2026-08-30T14:42:10.736373+00:00', '--job-id', '70', '--raw', '--subdir', 'DAGS_FOLDER/ml_01_iris_pipeline-2.py', '--cfg-path', '/tmp/tmp54osxyog']
[2026-08-30T14:42:28.076+0000] {standard_task_runner.py:105} INFO - Job 70: Subtask log_result
[2026-08-30T14:42:28.145+0000] {task_command.py:467} INFO - Running <TaskInstance: iris_pipeline_dag.log_result manual__2026-08-30T14:42:10.736373+00:00 [running]> on host 1c59b6033015
[2026-08-30T14:42:28.215+0000] {taskinstance.py:3132} INFO - Exporting env vars: AIRFLOW_CTX_DAG_OWNER='workshop2' AIRFLOW_CTX_DAG_ID='iris_pipeline_dag' AIRFLOW_CTX_TASK_ID='log_result' AIRFLOW_CTX_EXECUTION_DATE='2026-08-30T14:42:10.736373+00:00' AIRFLOW_CTX_TRY_NUMBER='1' AIRFLOW_CTX_DAG_RUN_ID='manual__2026-08-30T14:42:10.736373+00:00'
[2026-08-30T14:42:28.216+0000] {taskinstance.py:731} INFO - ::endgroup::
[2026-08-30T14:42:28.240+0000] {logging_mixin.py:190} INFO - ===== สรุปผล Stage 1 (iris pipeline) =====
[2026-08-30T14:42:28.240+0000] {logging_mixin.py:190} INFO - Accuracy: 1.0000
[2026-08-30T14:42:28.240+0000] {logging_mixin.py:190} INFO - ผลลัพธ์: deployed + smoke tested
[2026-08-30T14:42:28.240+0000] {python.py:240} INFO - Done. Returned value was: None
[2026-08-30T14:42:28.247+0000] {taskinstance.py:340} INFO - ::group::Post task execution logs
[2026-08-30T14:42:28.248+0000] {taskinstance.py:352} INFO - Marking task as SUCCESS. dag_id=iris_pipeline_dag, task_id=log_result, run_id=manual__2026-08-30T14:42:10.736373+00:00, execution_date=20260830T144210, start_date=20260830T144228, end_date=20260830T144228
[2026-08-30T14:42:28.294+0000] {local_task_job_runner.py:266} INFO - Task exited with return code 0
[2026-08-30T14:42:28.306+0000] {taskinstance.py:3895} INFO - 0 downstream tasks scheduled from follow-on schedule check
[2026-08-30T14:42:28.308+0000] {local_task_job_runner.py:245} INFO - ::endgroup::
