[2026-09-04T17:11:29.262+0000] {local_task_job_runner.py:123} INFO - ::group::Pre task execution logs
[2026-09-04T17:11:29.281+0000] {taskinstance.py:2613} INFO - Dependencies all met for dep_context=non-requeueable deps ti=<TaskInstance: steam_discount_prediction_dag.train_discount_models manual__2026-09-04T17:11:16+00:00 [queued]>
[2026-09-04T17:11:29.290+0000] {taskinstance.py:2613} INFO - Dependencies all met for dep_context=requeueable deps ti=<TaskInstance: steam_discount_prediction_dag.train_discount_models manual__2026-09-04T17:11:16+00:00 [queued]>
[2026-09-04T17:11:29.291+0000] {taskinstance.py:2866} INFO - Starting attempt 1 of 2
[2026-09-04T17:11:29.303+0000] {taskinstance.py:2889} INFO - Executing <Task(PythonOperator): train_discount_models> on 2026-09-04 17:11:16+00:00
[2026-09-04T17:11:29.314+0000] {warnings.py:112} WARNING - /home/***/.local/lib/python3.12/site-packages/***/task/task_runner/standard_task_runner.py:70: DeprecationWarning: This process (pid=1279) is multi-threaded, use of fork() may lead to deadlocks in the child.
  pid = os.fork()

[2026-09-04T17:11:29.315+0000] {standard_task_runner.py:72} INFO - Started process 1306 to run task
[2026-09-04T17:11:29.315+0000] {standard_task_runner.py:104} INFO - Running: ['***', 'tasks', 'run', 'steam_discount_prediction_dag', 'train_discount_models', 'manual__2026-09-04T17:11:16+00:00', '--job-id', '64', '--raw', '--subdir', 'DAGS_FOLDER/ml_04_steam_discount_prediction.py', '--cfg-path', '/tmp/tmp1tp9fg45']
[2026-09-04T17:11:29.318+0000] {standard_task_runner.py:105} INFO - Job 64: Subtask train_discount_models
[2026-09-04T17:11:29.375+0000] {task_command.py:467} INFO - Running <TaskInstance: steam_discount_prediction_dag.train_discount_models manual__2026-09-04T17:11:16+00:00 [running]> on host f2a568a9a0b0
[2026-09-04T17:11:29.450+0000] {taskinstance.py:3132} INFO - Exporting env vars: AIRFLOW_CTX_DAG_OWNER='steam_project' AIRFLOW_CTX_DAG_ID='steam_discount_prediction_dag' AIRFLOW_CTX_TASK_ID='train_discount_models' AIRFLOW_CTX_EXECUTION_DATE='2026-09-04T17:11:16+00:00' AIRFLOW_CTX_TRY_NUMBER='1' AIRFLOW_CTX_DAG_RUN_ID='manual__2026-09-04T17:11:16+00:00'
[2026-09-04T17:11:29.452+0000] {taskinstance.py:731} INFO - ::endgroup::
[2026-09-04T17:11:30.050+0000] {logging_mixin.py:190} INFO - 🤖 เทรน Discount Classifier สำเร็จ (Validation Accuracy: 98.67%)
[2026-09-04T17:11:30.050+0000] {logging_mixin.py:190} INFO - 🤖 เทรน Discount Regressor สำเร็จ
[2026-09-04T17:11:30.051+0000] {logging_mixin.py:190} INFO - 💾 บันทึกไฟล์โมเดลไว้ที่ /opt/***/models/discount_models
[2026-09-04T17:11:30.065+0000] {python.py:240} INFO - Done. Returned value was: None
[2026-09-04T17:11:30.076+0000] {taskinstance.py:340} INFO - ::group::Post task execution logs
[2026-09-04T17:11:30.077+0000] {taskinstance.py:352} INFO - Marking task as SUCCESS. dag_id=steam_discount_prediction_dag, task_id=train_discount_models, run_id=manual__2026-09-04T17:11:16+00:00, execution_date=20260904T171116, start_date=20260904T171129, end_date=20260904T171130
[2026-09-04T17:11:30.132+0000] {local_task_job_runner.py:266} INFO - Task exited with return code 0
[2026-09-04T17:11:30.165+0000] {taskinstance.py:3895} INFO - 1 downstream tasks scheduled from follow-on schedule check
[2026-09-04T17:11:30.167+0000] {local_task_job_runner.py:245} INFO - ::endgroup::
