[2026-08-30T18:20:03.657+0000] {local_task_job_runner.py:123} INFO - ::group::Pre task execution logs
[2026-08-30T18:20:03.688+0000] {taskinstance.py:2613} INFO - Dependencies all met for dep_context=non-requeueable deps ti=<TaskInstance: weather_pipeline_dag.decide_deploy manual__2026-08-30T18:19:42.970537+00:00 [queued]>
[2026-08-30T18:20:03.703+0000] {taskinstance.py:2613} INFO - Dependencies all met for dep_context=requeueable deps ti=<TaskInstance: weather_pipeline_dag.decide_deploy manual__2026-08-30T18:19:42.970537+00:00 [queued]>
[2026-08-30T18:20:03.704+0000] {taskinstance.py:2866} INFO - Starting attempt 1 of 2
[2026-08-30T18:20:03.720+0000] {taskinstance.py:2889} INFO - Executing <Task(BranchPythonOperator): decide_deploy> on 2026-08-30 18:19:42.970537+00:00
[2026-08-30T18:20:03.729+0000] {warnings.py:112} WARNING - /home/***/.local/lib/python3.12/site-packages/***/task/task_runner/standard_task_runner.py:70: DeprecationWarning: This process (pid=275) is multi-threaded, use of fork() may lead to deadlocks in the child.
  pid = os.fork()

[2026-08-30T18:20:03.735+0000] {standard_task_runner.py:72} INFO - Started process 276 to run task
[2026-08-30T18:20:03.734+0000] {standard_task_runner.py:104} INFO - Running: ['***', 'tasks', 'run', 'weather_pipeline_dag', 'decide_deploy', 'manual__2026-08-30T18:19:42.970537+00:00', '--job-id', '115', '--raw', '--subdir', 'DAGS_FOLDER/ml_02_weather_pipeline.py', '--cfg-path', '/tmp/tmplimqbm9c']
[2026-08-30T18:20:03.744+0000] {standard_task_runner.py:105} INFO - Job 115: Subtask decide_deploy
[2026-08-30T18:20:03.850+0000] {task_command.py:467} INFO - Running <TaskInstance: weather_pipeline_dag.decide_deploy manual__2026-08-30T18:19:42.970537+00:00 [running]> on host 887fc27ebbad
[2026-08-30T18:20:04.433+0000] {taskinstance.py:3132} INFO - Exporting env vars: AIRFLOW_CTX_DAG_OWNER='workshop2' AIRFLOW_CTX_DAG_ID='weather_pipeline_dag' AIRFLOW_CTX_TASK_ID='decide_deploy' AIRFLOW_CTX_EXECUTION_DATE='2026-08-30T18:19:42.970537+00:00' AIRFLOW_CTX_TRY_NUMBER='1' AIRFLOW_CTX_DAG_RUN_ID='manual__2026-08-30T18:19:42.970537+00:00'
[2026-08-30T18:20:04.433+0000] {taskinstance.py:731} INFO - ::endgroup::
[2026-08-30T18:20:04.441+0000] {baseoperator.py:421} WARNING - BranchPythonOperator.execute cannot be called outside TaskInstance!
[2026-08-30T18:20:04.457+0000] {logging_mixin.py:190} INFO - RMSE ใหม่ 1.0734 ไม่ดีกว่า champion เดิม 0.4173 -> skip_deploy
[2026-08-30T18:20:04.458+0000] {python.py:240} INFO - Done. Returned value was: skip_deploy
[2026-08-30T18:20:04.459+0000] {branch.py:38} INFO - Branch into skip_deploy
[2026-08-30T18:20:04.462+0000] {skipmixin.py:230} INFO - Following branch ('skip_deploy',)
[2026-08-30T18:20:04.473+0000] {skipmixin.py:278} INFO - Skipping tasks [('deploy_model', -1)]
[2026-08-30T18:20:04.507+0000] {taskinstance.py:340} INFO - ::group::Post task execution logs
[2026-08-30T18:20:04.507+0000] {taskinstance.py:352} INFO - Marking task as SUCCESS. dag_id=weather_pipeline_dag, task_id=decide_deploy, run_id=manual__2026-08-30T18:19:42.970537+00:00, execution_date=20260830T181942, start_date=20260830T182003, end_date=20260830T182004
[2026-08-30T18:20:04.527+0000] {local_task_job_runner.py:266} INFO - Task exited with return code 0
[2026-08-30T18:20:04.740+0000] {taskinstance.py:3895} INFO - 1 downstream tasks scheduled from follow-on schedule check
[2026-08-30T18:20:04.743+0000] {local_task_job_runner.py:245} INFO - ::endgroup::
