[2026-08-30T14:42:20.146+0000] {local_task_job_runner.py:123} INFO - ::group::Pre task execution logs
[2026-08-30T14:42:20.157+0000] {taskinstance.py:2613} INFO - Dependencies all met for dep_context=non-requeueable deps ti=<TaskInstance: iris_pipeline_dag.evaluate_model manual__2026-08-30T14:42:10.736373+00:00 [queued]>
[2026-08-30T14:42:20.161+0000] {taskinstance.py:2613} INFO - Dependencies all met for dep_context=requeueable deps ti=<TaskInstance: iris_pipeline_dag.evaluate_model manual__2026-08-30T14:42:10.736373+00:00 [queued]>
[2026-08-30T14:42:20.162+0000] {taskinstance.py:2866} INFO - Starting attempt 1 of 2
[2026-08-30T14:42:20.170+0000] {taskinstance.py:2889} INFO - Executing <Task(PythonOperator): evaluate_model> on 2026-08-30 14:42:10.736373+00:00
[2026-08-30T14:42:20.178+0000] {warnings.py:112} WARNING - /home/***/.local/lib/python3.12/site-packages/***/task/task_runner/standard_task_runner.py:70: DeprecationWarning: This process (pid=1321) is multi-threaded, use of fork() may lead to deadlocks in the child.
  pid = os.fork()

[2026-08-30T14:42:20.179+0000] {standard_task_runner.py:72} INFO - Started process 1322 to run task
[2026-08-30T14:42:20.180+0000] {standard_task_runner.py:104} INFO - Running: ['***', 'tasks', 'run', 'iris_pipeline_dag', 'evaluate_model', 'manual__2026-08-30T14:42:10.736373+00:00', '--job-id', '66', '--raw', '--subdir', 'DAGS_FOLDER/ml_01_iris_pipeline-2.py', '--cfg-path', '/tmp/tmpp7kn4nnf']
[2026-08-30T14:42:20.182+0000] {standard_task_runner.py:105} INFO - Job 66: Subtask evaluate_model
[2026-08-30T14:42:20.224+0000] {task_command.py:467} INFO - Running <TaskInstance: iris_pipeline_dag.evaluate_model manual__2026-08-30T14:42:10.736373+00:00 [running]> on host 1c59b6033015
[2026-08-30T14:42:20.293+0000] {taskinstance.py:3132} INFO - Exporting env vars: AIRFLOW_CTX_DAG_OWNER='workshop2' AIRFLOW_CTX_DAG_ID='iris_pipeline_dag' AIRFLOW_CTX_TASK_ID='evaluate_model' AIRFLOW_CTX_EXECUTION_DATE='2026-08-30T14:42:10.736373+00:00' AIRFLOW_CTX_TRY_NUMBER='1' AIRFLOW_CTX_DAG_RUN_ID='manual__2026-08-30T14:42:10.736373+00:00'
[2026-08-30T14:42:20.293+0000] {taskinstance.py:731} INFO - ::endgroup::
[2026-08-30T14:42:21.571+0000] {logging_mixin.py:190} INFO - ประเมินผลโมเดล: accuracy = 1.0000 (เกณฑ์ deploy: > 0.9)
[2026-08-30T14:42:21.572+0000] {python.py:240} INFO - Done. Returned value was: None
[2026-08-30T14:42:21.584+0000] {taskinstance.py:340} INFO - ::group::Post task execution logs
[2026-08-30T14:42:21.584+0000] {taskinstance.py:352} INFO - Marking task as SUCCESS. dag_id=iris_pipeline_dag, task_id=evaluate_model, run_id=manual__2026-08-30T14:42:10.736373+00:00, execution_date=20260830T144210, start_date=20260830T144220, end_date=20260830T144221
[2026-08-30T14:42:21.643+0000] {local_task_job_runner.py:266} INFO - Task exited with return code 0
[2026-08-30T14:42:21.678+0000] {taskinstance.py:3895} INFO - 1 downstream tasks scheduled from follow-on schedule check
[2026-08-30T14:42:21.679+0000] {local_task_job_runner.py:245} INFO - ::endgroup::
