[2026-08-23T15:49:37.497+0000] {local_task_job_runner.py:123} INFO - ::group::Pre task execution logs
[2026-08-23T15:49:37.531+0000] {taskinstance.py:2613} INFO - Dependencies all met for dep_context=non-requeueable deps ti=<TaskInstance: parallel_weather_dag.fetch_phuket manual__2026-08-23T15:49:30.297277+00:00 [queued]>
[2026-08-23T15:49:37.542+0000] {taskinstance.py:2613} INFO - Dependencies all met for dep_context=requeueable deps ti=<TaskInstance: parallel_weather_dag.fetch_phuket manual__2026-08-23T15:49:30.297277+00:00 [queued]>
[2026-08-23T15:49:37.542+0000] {taskinstance.py:2866} INFO - Starting attempt 1 of 2
[2026-08-23T15:49:37.561+0000] {taskinstance.py:2889} INFO - Executing <Task(PythonOperator): fetch_phuket> on 2026-08-23 15:49:30.297277+00:00
[2026-08-23T15:49:37.572+0000] {warnings.py:112} WARNING - /home/***/.local/lib/python3.12/site-packages/***/task/task_runner/standard_task_runner.py:70: DeprecationWarning: This process (pid=692) is multi-threaded, use of fork() may lead to deadlocks in the child.
  pid = os.fork()

[2026-08-23T15:49:37.580+0000] {standard_task_runner.py:72} INFO - Started process 695 to run task
[2026-08-23T15:49:37.580+0000] {standard_task_runner.py:104} INFO - Running: ['***', 'tasks', 'run', 'parallel_weather_dag', 'fetch_phuket', 'manual__2026-08-23T15:49:30.297277+00:00', '--job-id', '17', '--raw', '--subdir', 'DAGS_FOLDER/04_parallel_weather.py', '--cfg-path', '/tmp/tmpjlhhha3m']
[2026-08-23T15:49:37.582+0000] {standard_task_runner.py:105} INFO - Job 17: Subtask fetch_phuket
[2026-08-23T15:49:37.699+0000] {task_command.py:467} INFO - Running <TaskInstance: parallel_weather_dag.fetch_phuket manual__2026-08-23T15:49:30.297277+00:00 [running]> on host 417225d49ca8
[2026-08-23T15:49:37.981+0000] {taskinstance.py:3132} INFO - Exporting env vars: AIRFLOW_CTX_DAG_OWNER='workshop' AIRFLOW_CTX_DAG_ID='parallel_weather_dag' AIRFLOW_CTX_TASK_ID='fetch_phuket' AIRFLOW_CTX_EXECUTION_DATE='2026-08-23T15:49:30.297277+00:00' AIRFLOW_CTX_TRY_NUMBER='1' AIRFLOW_CTX_DAG_RUN_ID='manual__2026-08-23T15:49:30.297277+00:00'
[2026-08-23T15:49:37.986+0000] {taskinstance.py:731} INFO - ::endgroup::
[2026-08-23T15:49:38.923+0000] {logging_mixin.py:190} INFO - ภูเก็ต: อุณหภูมิปัจจุบัน 28.6 °C
[2026-08-23T15:49:38.965+0000] {python.py:240} INFO - Done. Returned value was: None
[2026-08-23T15:49:38.984+0000] {taskinstance.py:340} INFO - ::group::Post task execution logs
[2026-08-23T15:49:38.984+0000] {taskinstance.py:352} INFO - Marking task as SUCCESS. dag_id=parallel_weather_dag, task_id=fetch_phuket, run_id=manual__2026-08-23T15:49:30.297277+00:00, execution_date=20260823T154930, start_date=20260823T154937, end_date=20260823T154938
[2026-08-23T15:49:39.020+0000] {local_task_job_runner.py:266} INFO - Task exited with return code 0
[2026-08-23T15:49:39.066+0000] {taskinstance.py:3895} INFO - 0 downstream tasks scheduled from follow-on schedule check
[2026-08-23T15:49:39.067+0000] {local_task_job_runner.py:245} INFO - ::endgroup::
