[2026-09-07T05:35:00.186+0000] {local_task_job_runner.py:123} INFO - ::group::Pre task execution logs
[2026-09-07T05:35:00.210+0000] {taskinstance.py:2613} INFO - Dependencies all met for dep_context=non-requeueable deps ti=<TaskInstance: steam_discount_prediction_dag.create_prediction_table scheduled__2026-09-04T00:00:00+00:00 [queued]>
[2026-09-07T05:35:00.223+0000] {taskinstance.py:2613} INFO - Dependencies all met for dep_context=requeueable deps ti=<TaskInstance: steam_discount_prediction_dag.create_prediction_table scheduled__2026-09-04T00:00:00+00:00 [queued]>
[2026-09-07T05:35:00.224+0000] {taskinstance.py:2866} INFO - Starting attempt 1 of 2
[2026-09-07T05:35:00.264+0000] {taskinstance.py:2889} INFO - Executing <Task(PostgresOperator): create_prediction_table> on 2026-09-04 00:00:00+00:00
[2026-09-07T05:35:00.278+0000] {warnings.py:112} WARNING - /home/***/.local/lib/python3.12/site-packages/***/task/task_runner/standard_task_runner.py:70: DeprecationWarning: This process (pid=107) is multi-threaded, use of fork() may lead to deadlocks in the child.
  pid = os.fork()

[2026-09-07T05:35:00.281+0000] {standard_task_runner.py:72} INFO - Started process 145 to run task
[2026-09-07T05:35:00.282+0000] {standard_task_runner.py:104} INFO - Running: ['***', 'tasks', 'run', 'steam_discount_prediction_dag', 'create_prediction_table', 'scheduled__2026-09-04T00:00:00+00:00', '--job-id', '99', '--raw', '--subdir', 'DAGS_FOLDER/ml_04_steam_discount_prediction.py', '--cfg-path', '/tmp/tmpnznap02c']
[2026-09-07T05:35:00.286+0000] {standard_task_runner.py:105} INFO - Job 99: Subtask create_prediction_table
[2026-09-07T05:35:00.367+0000] {task_command.py:467} INFO - Running <TaskInstance: steam_discount_prediction_dag.create_prediction_table scheduled__2026-09-04T00:00:00+00:00 [running]> on host b703ee70f2cc
[2026-09-07T05:35:00.495+0000] {taskinstance.py:3132} INFO - Exporting env vars: AIRFLOW_CTX_DAG_OWNER='steam_project' AIRFLOW_CTX_DAG_ID='steam_discount_prediction_dag' AIRFLOW_CTX_TASK_ID='create_prediction_table' AIRFLOW_CTX_EXECUTION_DATE='2026-09-04T00:00:00+00:00' AIRFLOW_CTX_TRY_NUMBER='1' AIRFLOW_CTX_DAG_RUN_ID='scheduled__2026-09-04T00:00:00+00:00'
[2026-09-07T05:35:00.496+0000] {taskinstance.py:731} INFO - ::endgroup::
[2026-09-07T05:35:00.508+0000] {sql.py:278} INFO - Executing: 
CREATE TABLE IF NOT EXISTS steam_discount_predictions (
    id                     SERIAL PRIMARY KEY,
    prediction_date        DATE NOT NULL,
    appid                  INT NOT NULL,
    game_name              VARCHAR(255) NOT NULL,
    current_price_thb      NUMERIC(10, 2),
    original_price         NUMERIC(10, 2),
    is_currently_on_sale   BOOLEAN DEFAULT FALSE,
    discount_probability   FLOAT NOT NULL,
    will_discount_7d       BOOLEAN NOT NULL,
    predicted_discount_pct INT DEFAULT 0,
    predicted_price_thb    NUMERIC(10, 2),
    recommendation         VARCHAR(50),
    confidence_level       VARCHAR(20),
    created_at             TIMESTAMP DEFAULT NOW(),
    UNIQUE (prediction_date, appid)
);
[2026-09-07T05:35:00.519+0000] {base.py:84} INFO - Retrieving connection 'postgres_target'
[2026-09-07T05:35:00.529+0000] {base.py:84} INFO - Retrieving connection 'postgres_target'
[2026-09-07T05:35:00.535+0000] {sql.py:553} INFO - Running statement: 
CREATE TABLE IF NOT EXISTS steam_discount_predictions (
    id                     SERIAL PRIMARY KEY,
    prediction_date        DATE NOT NULL,
    appid                  INT NOT NULL,
    game_name              VARCHAR(255) NOT NULL,
    current_price_thb      NUMERIC(10, 2),
    original_price         NUMERIC(10, 2),
    is_currently_on_sale   BOOLEAN DEFAULT FALSE,
    discount_probability   FLOAT NOT NULL,
    will_discount_7d       BOOLEAN NOT NULL,
    predicted_discount_pct INT DEFAULT 0,
    predicted_price_thb    NUMERIC(10, 2),
    recommendation         VARCHAR(50),
    confidence_level       VARCHAR(20),
    created_at             TIMESTAMP DEFAULT NOW(),
    UNIQUE (prediction_date, appid)
);, parameters: None
[2026-09-07T05:35:00.549+0000] {taskinstance.py:340} INFO - ::group::Post task execution logs
[2026-09-07T05:35:00.550+0000] {taskinstance.py:352} INFO - Marking task as SUCCESS. dag_id=steam_discount_prediction_dag, task_id=create_prediction_table, run_id=scheduled__2026-09-04T00:00:00+00:00, execution_date=20260904T000000, start_date=20260907T053500, end_date=20260907T053500
[2026-09-07T05:35:00.578+0000] {local_task_job_runner.py:266} INFO - Task exited with return code 0
[2026-09-07T05:35:00.603+0000] {taskinstance.py:3895} INFO - 1 downstream tasks scheduled from follow-on schedule check
[2026-09-07T05:35:00.605+0000] {local_task_job_runner.py:245} INFO - ::endgroup::
