[2026-09-04T17:46:30.818+0000] {local_task_job_runner.py:123} INFO - ::group::Pre task execution logs
[2026-09-04T17:46:30.846+0000] {taskinstance.py:2613} INFO - Dependencies all met for dep_context=non-requeueable deps ti=<TaskInstance: steam_etl_dag.extract_steam_data manual__2026-09-04T17:46:27.302626+00:00 [queued]>
[2026-09-04T17:46:30.858+0000] {taskinstance.py:2613} INFO - Dependencies all met for dep_context=requeueable deps ti=<TaskInstance: steam_etl_dag.extract_steam_data manual__2026-09-04T17:46:27.302626+00:00 [queued]>
[2026-09-04T17:46:30.859+0000] {taskinstance.py:2866} INFO - Starting attempt 1 of 3
[2026-09-04T17:46:30.887+0000] {taskinstance.py:2889} INFO - Executing <Task(PythonOperator): extract_steam_data> on 2026-09-04 17:46:27.302626+00:00
[2026-09-04T17:46:30.900+0000] {warnings.py:112} WARNING - /home/***/.local/lib/python3.12/site-packages/***/task/task_runner/standard_task_runner.py:70: DeprecationWarning: This process (pid=1861) is multi-threaded, use of fork() may lead to deadlocks in the child.
  pid = os.fork()

[2026-09-04T17:46:30.903+0000] {standard_task_runner.py:72} INFO - Started process 1865 to run task
[2026-09-04T17:46:30.903+0000] {standard_task_runner.py:104} INFO - Running: ['***', 'tasks', 'run', 'steam_etl_dag', 'extract_steam_data', 'manual__2026-09-04T17:46:27.302626+00:00', '--job-id', '79', '--raw', '--subdir', 'DAGS_FOLDER/07_etl_steam.py', '--cfg-path', '/tmp/tmp5760hora']
[2026-09-04T17:46:30.905+0000] {standard_task_runner.py:105} INFO - Job 79: Subtask extract_steam_data
[2026-09-04T17:46:30.988+0000] {task_command.py:467} INFO - Running <TaskInstance: steam_etl_dag.extract_steam_data manual__2026-09-04T17:46:27.302626+00:00 [running]> on host f2a568a9a0b0
[2026-09-04T17:46:31.121+0000] {taskinstance.py:3132} INFO - Exporting env vars: AIRFLOW_CTX_DAG_OWNER='steam_project' AIRFLOW_CTX_DAG_ID='steam_etl_dag' AIRFLOW_CTX_TASK_ID='extract_steam_data' AIRFLOW_CTX_EXECUTION_DATE='2026-09-04T17:46:27.302626+00:00' AIRFLOW_CTX_TRY_NUMBER='1' AIRFLOW_CTX_DAG_RUN_ID='manual__2026-09-04T17:46:27.302626+00:00'
[2026-09-04T17:46:31.123+0000] {taskinstance.py:731} INFO - ::endgroup::
[2026-09-04T17:46:31.154+0000] {logging_mixin.py:190} INFO - 📡 กำลังดึงข้อมูลจาก SteamSpy API...
[2026-09-04T17:46:31.529+0000] {logging_mixin.py:190} INFO - ✅ ดึง Top 100 จาก SteamSpy สำเร็จ: พบ 100 เกม
[2026-09-04T17:46:32.445+0000] {logging_mixin.py:190} INFO - 📦 รวมข้อมูลดึงเบื้องต้นได้ 25 เกม
[2026-09-04T17:46:32.468+0000] {python.py:240} INFO - Done. Returned value was: None
[2026-09-04T17:46:32.482+0000] {taskinstance.py:340} INFO - ::group::Post task execution logs
[2026-09-04T17:46:32.482+0000] {taskinstance.py:352} INFO - Marking task as SUCCESS. dag_id=steam_etl_dag, task_id=extract_steam_data, run_id=manual__2026-09-04T17:46:27.302626+00:00, execution_date=20260904T174627, start_date=20260904T174630, end_date=20260904T174632
[2026-09-04T17:46:32.528+0000] {local_task_job_runner.py:266} INFO - Task exited with return code 0
[2026-09-04T17:46:32.558+0000] {taskinstance.py:3895} INFO - 1 downstream tasks scheduled from follow-on schedule check
[2026-09-04T17:46:32.560+0000] {local_task_job_runner.py:245} INFO - ::endgroup::
