[2026-08-30T13:44:51.223+0000] {local_task_job_runner.py:123} INFO - ::group::Pre task execution logs
[2026-08-30T13:44:51.242+0000] {taskinstance.py:2613} INFO - Dependencies all met for dep_context=non-requeueable deps ti=<TaskInstance: iris_pipeline_dag.train_model manual__2026-08-30T13:44:42.851048+00:00 [queued]>
[2026-08-30T13:44:51.247+0000] {taskinstance.py:2613} INFO - Dependencies all met for dep_context=requeueable deps ti=<TaskInstance: iris_pipeline_dag.train_model manual__2026-08-30T13:44:42.851048+00:00 [queued]>
[2026-08-30T13:44:51.247+0000] {taskinstance.py:2866} INFO - Starting attempt 1 of 2
[2026-08-30T13:44:51.254+0000] {taskinstance.py:2889} INFO - Executing <Task(PythonOperator): train_model> on 2026-08-30 13:44:42.851048+00:00
[2026-08-30T13:44:51.260+0000] {warnings.py:112} WARNING - /home/***/.local/lib/python3.12/site-packages/***/task/task_runner/standard_task_runner.py:70: DeprecationWarning: This process (pid=500) is multi-threaded, use of fork() may lead to deadlocks in the child.
  pid = os.fork()

[2026-08-30T13:44:51.261+0000] {standard_task_runner.py:72} INFO - Started process 501 to run task
[2026-08-30T13:44:51.261+0000] {standard_task_runner.py:104} INFO - Running: ['***', 'tasks', 'run', 'iris_pipeline_dag', 'train_model', 'manual__2026-08-30T13:44:42.851048+00:00', '--job-id', '58', '--raw', '--subdir', 'DAGS_FOLDER/ml_01_iris_pipeline.py', '--cfg-path', '/tmp/tmprydg1nsy']
[2026-08-30T13:44:51.262+0000] {standard_task_runner.py:105} INFO - Job 58: Subtask train_model
[2026-08-30T13:44:51.310+0000] {task_command.py:467} INFO - Running <TaskInstance: iris_pipeline_dag.train_model manual__2026-08-30T13:44:42.851048+00:00 [running]> on host 1c59b6033015
[2026-08-30T13:44:51.366+0000] {taskinstance.py:3132} INFO - Exporting env vars: AIRFLOW_CTX_DAG_OWNER='workshop2' AIRFLOW_CTX_DAG_ID='iris_pipeline_dag' AIRFLOW_CTX_TASK_ID='train_model' AIRFLOW_CTX_EXECUTION_DATE='2026-08-30T13:44:42.851048+00:00' AIRFLOW_CTX_TRY_NUMBER='1' AIRFLOW_CTX_DAG_RUN_ID='manual__2026-08-30T13:44:42.851048+00:00'
[2026-08-30T13:44:51.366+0000] {taskinstance.py:731} INFO - ::endgroup::
[2026-08-30T13:44:53.064+0000] {logging_mixin.py:190} INFO - เทรนโมเดลเสร็จ บันทึกไว้ที่: /tmp/iris_models/candidate_manual__2026-08-30T13-44-42.851048-00-00.pkl
[2026-08-30T13:44:53.065+0000] {python.py:240} INFO - Done. Returned value was: None
[2026-08-30T13:44:53.073+0000] {taskinstance.py:340} INFO - ::group::Post task execution logs
[2026-08-30T13:44:53.073+0000] {taskinstance.py:352} INFO - Marking task as SUCCESS. dag_id=iris_pipeline_dag, task_id=train_model, run_id=manual__2026-08-30T13:44:42.851048+00:00, execution_date=20260830T134442, start_date=20260830T134451, end_date=20260830T134453
[2026-08-30T13:44:53.137+0000] {local_task_job_runner.py:266} INFO - Task exited with return code 0
[2026-08-30T13:44:53.175+0000] {taskinstance.py:3895} INFO - 0 downstream tasks scheduled from follow-on schedule check
[2026-08-30T13:44:53.178+0000] {local_task_job_runner.py:245} INFO - ::endgroup::
