[2026-09-07T05:40:39.457+0000] {local_task_job_runner.py:123} INFO - ::group::Pre task execution logs
[2026-09-07T05:40:39.475+0000] {taskinstance.py:2613} INFO - Dependencies all met for dep_context=non-requeueable deps ti=<TaskInstance: steam_etl_dag.detect_price_events manual__2026-09-07T05:40:03.003293+00:00 [queued]>
[2026-09-07T05:40:39.483+0000] {taskinstance.py:2613} INFO - Dependencies all met for dep_context=requeueable deps ti=<TaskInstance: steam_etl_dag.detect_price_events manual__2026-09-07T05:40:03.003293+00:00 [queued]>
[2026-09-07T05:40:39.484+0000] {taskinstance.py:2866} INFO - Starting attempt 1 of 3
[2026-09-07T05:40:39.496+0000] {taskinstance.py:2889} INFO - Executing <Task(PythonOperator): detect_price_events> on 2026-09-07 05:40:03.003293+00:00
[2026-09-07T05:40:39.503+0000] {warnings.py:112} WARNING - /home/***/.local/lib/python3.12/site-packages/***/task/task_runner/standard_task_runner.py:70: DeprecationWarning: This process (pid=309) is multi-threaded, use of fork() may lead to deadlocks in the child.
  pid = os.fork()

[2026-09-07T05:40:39.505+0000] {standard_task_runner.py:72} INFO - Started process 312 to run task
[2026-09-07T05:40:39.505+0000] {standard_task_runner.py:104} INFO - Running: ['***', 'tasks', 'run', 'steam_etl_dag', 'detect_price_events', 'manual__2026-09-07T05:40:03.003293+00:00', '--job-id', '129', '--raw', '--subdir', 'DAGS_FOLDER/07_etl_steam.py', '--cfg-path', '/tmp/tmpco2jmeh0']
[2026-09-07T05:40:39.506+0000] {standard_task_runner.py:105} INFO - Job 129: Subtask detect_price_events
[2026-09-07T05:40:39.561+0000] {task_command.py:467} INFO - Running <TaskInstance: steam_etl_dag.detect_price_events manual__2026-09-07T05:40:03.003293+00:00 [running]> on host 6f4d56443a1a
[2026-09-07T05:40:39.655+0000] {taskinstance.py:3132} INFO - Exporting env vars: AIRFLOW_CTX_DAG_OWNER='steam_project' AIRFLOW_CTX_DAG_ID='steam_etl_dag' AIRFLOW_CTX_TASK_ID='detect_price_events' AIRFLOW_CTX_EXECUTION_DATE='2026-09-07T05:40:03.003293+00:00' AIRFLOW_CTX_TRY_NUMBER='1' AIRFLOW_CTX_DAG_RUN_ID='manual__2026-09-07T05:40:03.003293+00:00'
[2026-09-07T05:40:39.656+0000] {taskinstance.py:731} INFO - ::endgroup::
[2026-09-07T05:40:39.683+0000] {base.py:84} INFO - Retrieving connection 'postgres_target'
[2026-09-07T05:40:39.690+0000] {sql.py:553} INFO - Running statement: 
    WITH current_day AS (
        SELECT appid, name, price_thb, discount_pct
        FROM steam_games
        WHERE snapshot_date = %s
    ),
    previous_day AS (
        SELECT DISTINCT ON (appid) appid, price_thb, discount_pct
        FROM steam_games
        WHERE snapshot_date < %s
        ORDER BY appid, snapshot_date DESC
    )
    SELECT
        c.appid,
        c.name,
        p.price_thb AS old_price,
        c.price_thb AS new_price,
        c.discount_pct
    FROM current_day c
    JOIN previous_day p ON c.appid = p.appid
    WHERE c.price_thb != p.price_thb OR c.discount_pct != p.discount_pct;
    , parameters: ('2026-09-07', '2026-09-07')
[2026-09-07T05:40:39.694+0000] {sql.py:562} INFO - Rows affected: 0
[2026-09-07T05:40:39.695+0000] {logging_mixin.py:190} INFO - ℹ️ ไม่พบการเปลี่ยนแปลงของราคาเมื่อเทียบกับวันก่อนหน้า
[2026-09-07T05:40:39.696+0000] {python.py:240} INFO - Done. Returned value was: None
[2026-09-07T05:40:39.710+0000] {taskinstance.py:340} INFO - ::group::Post task execution logs
[2026-09-07T05:40:39.710+0000] {taskinstance.py:352} INFO - Marking task as SUCCESS. dag_id=steam_etl_dag, task_id=detect_price_events, run_id=manual__2026-09-07T05:40:03.003293+00:00, execution_date=20260907T054003, start_date=20260907T054039, end_date=20260907T054039
[2026-09-07T05:40:39.760+0000] {local_task_job_runner.py:266} INFO - Task exited with return code 0
[2026-09-07T05:40:39.785+0000] {taskinstance.py:3895} INFO - 0 downstream tasks scheduled from follow-on schedule check
[2026-09-07T05:40:39.787+0000] {local_task_job_runner.py:245} INFO - ::endgroup::
