[2026-09-04T15:30:19.890+0000] {local_task_job_runner.py:123} INFO - ::group::Pre task execution logs
[2026-09-04T15:30:19.909+0000] {taskinstance.py:2613} INFO - Dependencies all met for dep_context=non-requeueable deps ti=<TaskInstance: steam_etl_dag.detect_price_events scheduled__2026-09-03T00:00:00+00:00 [queued]>
[2026-09-04T15:30:19.918+0000] {taskinstance.py:2613} INFO - Dependencies all met for dep_context=requeueable deps ti=<TaskInstance: steam_etl_dag.detect_price_events scheduled__2026-09-03T00:00:00+00:00 [queued]>
[2026-09-04T15:30:19.919+0000] {taskinstance.py:2866} INFO - Starting attempt 1 of 3
[2026-09-04T15:30:19.933+0000] {taskinstance.py:2889} INFO - Executing <Task(PythonOperator): detect_price_events> on 2026-09-03 00:00:00+00:00
[2026-09-04T15:30:19.939+0000] {warnings.py:112} WARNING - /home/***/.local/lib/python3.12/site-packages/***/task/task_runner/standard_task_runner.py:70: DeprecationWarning: This process (pid=161) is multi-threaded, use of fork() may lead to deadlocks in the child.
  pid = os.fork()

[2026-09-04T15:30:19.941+0000] {standard_task_runner.py:72} INFO - Started process 162 to run task
[2026-09-04T15:30:19.941+0000] {standard_task_runner.py:104} INFO - Running: ['***', 'tasks', 'run', 'steam_etl_dag', 'detect_price_events', 'scheduled__2026-09-03T00:00:00+00:00', '--job-id', '41', '--raw', '--subdir', 'DAGS_FOLDER/07_etl_steam.py', '--cfg-path', '/tmp/tmp2sbz0w_d']
[2026-09-04T15:30:19.942+0000] {standard_task_runner.py:105} INFO - Job 41: Subtask detect_price_events
[2026-09-04T15:30:20.005+0000] {task_command.py:467} INFO - Running <TaskInstance: steam_etl_dag.detect_price_events scheduled__2026-09-03T00:00:00+00:00 [running]> on host 73138d5a5d67
[2026-09-04T15:30:20.084+0000] {taskinstance.py:3132} INFO - Exporting env vars: AIRFLOW_CTX_DAG_OWNER='steam_project' AIRFLOW_CTX_DAG_ID='steam_etl_dag' AIRFLOW_CTX_TASK_ID='detect_price_events' AIRFLOW_CTX_EXECUTION_DATE='2026-09-03T00:00:00+00:00' AIRFLOW_CTX_TRY_NUMBER='1' AIRFLOW_CTX_DAG_RUN_ID='scheduled__2026-09-03T00:00:00+00:00'
[2026-09-04T15:30:20.085+0000] {taskinstance.py:731} INFO - ::endgroup::
[2026-09-04T15:30:20.108+0000] {base.py:84} INFO - Retrieving connection 'postgres_target'
[2026-09-04T15:30:20.116+0000] {sql.py:553} INFO - Running statement: 
    WITH current_day AS (
        SELECT appid, name, price_thb, discount_pct
        FROM steam_games
        WHERE snapshot_date = %s
    ),
    previous_day AS (
        SELECT DISTINCT ON (appid) appid, price_thb, discount_pct
        FROM steam_games
        WHERE snapshot_date < %s
        ORDER BY appid, snapshot_date DESC
    )
    SELECT
        c.appid,
        c.name,
        p.price_thb AS old_price,
        c.price_thb AS new_price,
        c.discount_pct
    FROM current_day c
    JOIN previous_day p ON c.appid = p.appid
    WHERE c.price_thb != p.price_thb OR c.discount_pct != p.discount_pct;
    , parameters: ('2026-09-04', '2026-09-04')
[2026-09-04T15:30:20.119+0000] {sql.py:562} INFO - Rows affected: 0
[2026-09-04T15:30:20.120+0000] {logging_mixin.py:190} INFO - ℹ️ ไม่พบการเปลี่ยนแปลงของราคาเมื่อเทียบกับวันก่อนหน้า
[2026-09-04T15:30:20.121+0000] {python.py:240} INFO - Done. Returned value was: None
[2026-09-04T15:30:20.134+0000] {taskinstance.py:340} INFO - ::group::Post task execution logs
[2026-09-04T15:30:20.136+0000] {taskinstance.py:352} INFO - Marking task as SUCCESS. dag_id=steam_etl_dag, task_id=detect_price_events, run_id=scheduled__2026-09-03T00:00:00+00:00, execution_date=20260903T000000, start_date=20260904T153019, end_date=20260904T153020
[2026-09-04T15:30:20.196+0000] {local_task_job_runner.py:266} INFO - Task exited with return code 0
[2026-09-04T15:30:20.218+0000] {taskinstance.py:3895} INFO - 1 downstream tasks scheduled from follow-on schedule check
[2026-09-04T15:30:20.221+0000] {local_task_job_runner.py:245} INFO - ::endgroup::
