[2026-08-23T16:38:25.634+0000] {local_task_job_runner.py:123} INFO - ::group::Pre task execution logs
[2026-08-23T16:38:25.670+0000] {taskinstance.py:2613} INFO - Dependencies all met for dep_context=non-requeueable deps ti=<TaskInstance: etl_weather_postgres_dag.extract_chiang_mai manual__2026-08-23T16:34:41.624228+00:00 [queued]>
[2026-08-23T16:38:25.688+0000] {taskinstance.py:2613} INFO - Dependencies all met for dep_context=requeueable deps ti=<TaskInstance: etl_weather_postgres_dag.extract_chiang_mai manual__2026-08-23T16:34:41.624228+00:00 [queued]>
[2026-08-23T16:38:25.690+0000] {taskinstance.py:2866} INFO - Starting attempt 2 of 2
[2026-08-23T16:38:25.710+0000] {taskinstance.py:2889} INFO - Executing <Task(PythonOperator): extract_chiang_mai> on 2026-08-23 16:34:41.624228+00:00
[2026-08-23T16:38:25.720+0000] {warnings.py:112} WARNING - /home/***/.local/lib/python3.12/site-packages/***/task/task_runner/standard_task_runner.py:70: DeprecationWarning: This process (pid=1390) is multi-threaded, use of fork() may lead to deadlocks in the child.
  pid = os.fork()

[2026-08-23T16:38:25.725+0000] {standard_task_runner.py:72} INFO - Started process 1393 to run task
[2026-08-23T16:38:25.725+0000] {standard_task_runner.py:104} INFO - Running: ['***', 'tasks', 'run', 'etl_weather_postgres_dag', 'extract_chiang_mai', 'manual__2026-08-23T16:34:41.624228+00:00', '--job-id', '44', '--raw', '--subdir', 'DAGS_FOLDER/05_etl_weather_postgres.py', '--cfg-path', '/tmp/tmpng_cxdet']
[2026-08-23T16:38:25.728+0000] {standard_task_runner.py:105} INFO - Job 44: Subtask extract_chiang_mai
[2026-08-23T16:38:25.804+0000] {task_command.py:467} INFO - Running <TaskInstance: etl_weather_postgres_dag.extract_chiang_mai manual__2026-08-23T16:34:41.624228+00:00 [running]> on host 417225d49ca8
[2026-08-23T16:38:25.890+0000] {taskinstance.py:3132} INFO - Exporting env vars: AIRFLOW_CTX_DAG_OWNER='workshop' AIRFLOW_CTX_DAG_ID='etl_weather_postgres_dag' AIRFLOW_CTX_TASK_ID='extract_chiang_mai' AIRFLOW_CTX_EXECUTION_DATE='2026-08-23T16:34:41.624228+00:00' AIRFLOW_CTX_TRY_NUMBER='2' AIRFLOW_CTX_DAG_RUN_ID='manual__2026-08-23T16:34:41.624228+00:00'
[2026-08-23T16:38:25.892+0000] {taskinstance.py:731} INFO - ::endgroup::
[2026-08-23T16:38:26.811+0000] {logging_mixin.py:190} INFO - ดึงข้อมูล เชียงใหม่ สำเร็จ: {'province': 'เชียงใหม่', 'temperature': 25.2, 'windspeed': 3.1, 'weathercode': 3, 'recorded_at': '2026-08-23T23:30'}
[2026-08-23T16:38:26.945+0000] {python.py:240} INFO - Done. Returned value was: None
[2026-08-23T16:38:27.074+0000] {taskinstance.py:340} INFO - ::group::Post task execution logs
[2026-08-23T16:38:27.075+0000] {taskinstance.py:352} INFO - Marking task as SUCCESS. dag_id=etl_weather_postgres_dag, task_id=extract_chiang_mai, run_id=manual__2026-08-23T16:34:41.624228+00:00, execution_date=20260823T163441, start_date=20260823T163825, end_date=20260823T163827
[2026-08-23T16:38:27.172+0000] {local_task_job_runner.py:266} INFO - Task exited with return code 0
[2026-08-23T16:38:27.250+0000] {taskinstance.py:3895} INFO - 0 downstream tasks scheduled from follow-on schedule check
[2026-08-23T16:38:27.251+0000] {local_task_job_runner.py:245} INFO - ::endgroup::
