[2026-08-30T14:42:22.389+0000] {local_task_job_runner.py:123} INFO - ::group::Pre task execution logs
[2026-08-30T14:42:22.400+0000] {taskinstance.py:2613} INFO - Dependencies all met for dep_context=non-requeueable deps ti=<TaskInstance: iris_pipeline_dag.decide_deploy manual__2026-08-30T14:42:10.736373+00:00 [queued]>
[2026-08-30T14:42:22.403+0000] {taskinstance.py:2613} INFO - Dependencies all met for dep_context=requeueable deps ti=<TaskInstance: iris_pipeline_dag.decide_deploy manual__2026-08-30T14:42:10.736373+00:00 [queued]>
[2026-08-30T14:42:22.404+0000] {taskinstance.py:2866} INFO - Starting attempt 1 of 2
[2026-08-30T14:42:22.409+0000] {taskinstance.py:2889} INFO - Executing <Task(BranchPythonOperator): decide_deploy> on 2026-08-30 14:42:10.736373+00:00
[2026-08-30T14:42:22.413+0000] {warnings.py:112} WARNING - /home/***/.local/lib/python3.12/site-packages/***/task/task_runner/standard_task_runner.py:70: DeprecationWarning: This process (pid=1332) is multi-threaded, use of fork() may lead to deadlocks in the child.
  pid = os.fork()

[2026-08-30T14:42:22.414+0000] {standard_task_runner.py:72} INFO - Started process 1333 to run task
[2026-08-30T14:42:22.414+0000] {standard_task_runner.py:104} INFO - Running: ['***', 'tasks', 'run', 'iris_pipeline_dag', 'decide_deploy', 'manual__2026-08-30T14:42:10.736373+00:00', '--job-id', '67', '--raw', '--subdir', 'DAGS_FOLDER/ml_01_iris_pipeline-2.py', '--cfg-path', '/tmp/tmp9ofrcrd7']
[2026-08-30T14:42:22.415+0000] {standard_task_runner.py:105} INFO - Job 67: Subtask decide_deploy
[2026-08-30T14:42:22.463+0000] {task_command.py:467} INFO - Running <TaskInstance: iris_pipeline_dag.decide_deploy manual__2026-08-30T14:42:10.736373+00:00 [running]> on host 1c59b6033015
[2026-08-30T14:42:22.524+0000] {taskinstance.py:3132} INFO - Exporting env vars: AIRFLOW_CTX_DAG_OWNER='workshop2' AIRFLOW_CTX_DAG_ID='iris_pipeline_dag' AIRFLOW_CTX_TASK_ID='decide_deploy' AIRFLOW_CTX_EXECUTION_DATE='2026-08-30T14:42:10.736373+00:00' AIRFLOW_CTX_TRY_NUMBER='1' AIRFLOW_CTX_DAG_RUN_ID='manual__2026-08-30T14:42:10.736373+00:00'
[2026-08-30T14:42:22.525+0000] {taskinstance.py:731} INFO - ::endgroup::
[2026-08-30T14:42:22.535+0000] {baseoperator.py:421} WARNING - BranchPythonOperator.execute cannot be called outside TaskInstance!
[2026-08-30T14:42:22.544+0000] {logging_mixin.py:190} INFO - accuracy 1.0000 > 0.9 -> เลือกเส้นทาง deploy_model
[2026-08-30T14:42:22.544+0000] {python.py:240} INFO - Done. Returned value was: deploy_model
[2026-08-30T14:42:22.544+0000] {branch.py:38} INFO - Branch into deploy_model
[2026-08-30T14:42:22.545+0000] {skipmixin.py:230} INFO - Following branch ('deploy_model',)
[2026-08-30T14:42:22.553+0000] {skipmixin.py:278} INFO - Skipping tasks [('skip_deploy', -1)]
[2026-08-30T14:42:22.571+0000] {taskinstance.py:340} INFO - ::group::Post task execution logs
[2026-08-30T14:42:22.571+0000] {taskinstance.py:352} INFO - Marking task as SUCCESS. dag_id=iris_pipeline_dag, task_id=decide_deploy, run_id=manual__2026-08-30T14:42:10.736373+00:00, execution_date=20260830T144210, start_date=20260830T144222, end_date=20260830T144222
[2026-08-30T14:42:22.593+0000] {local_task_job_runner.py:266} INFO - Task exited with return code 0
[2026-08-30T14:42:22.610+0000] {taskinstance.py:3895} INFO - 1 downstream tasks scheduled from follow-on schedule check
[2026-08-30T14:42:22.611+0000] {local_task_job_runner.py:245} INFO - ::endgroup::
