[2026-09-04T16:11:05.984+0000] {local_task_job_runner.py:123} INFO - ::group::Pre task execution logs
[2026-09-04T16:11:06.002+0000] {taskinstance.py:2613} INFO - Dependencies all met for dep_context=non-requeueable deps ti=<TaskInstance: steam_ccu_pipeline_dag.log_result manual__2026-09-04T16:10:35.867428+00:00 [queued]>
[2026-09-04T16:11:06.010+0000] {taskinstance.py:2613} INFO - Dependencies all met for dep_context=requeueable deps ti=<TaskInstance: steam_ccu_pipeline_dag.log_result manual__2026-09-04T16:10:35.867428+00:00 [queued]>
[2026-09-04T16:11:06.010+0000] {taskinstance.py:2866} INFO - Starting attempt 1 of 2
[2026-09-04T16:11:06.023+0000] {taskinstance.py:2889} INFO - Executing <Task(PythonOperator): log_result> on 2026-09-04 16:10:35.867428+00:00
[2026-09-04T16:11:06.029+0000] {warnings.py:112} WARNING - /home/***/.local/lib/python3.12/site-packages/***/task/task_runner/standard_task_runner.py:70: DeprecationWarning: This process (pid=413) is multi-threaded, use of fork() may lead to deadlocks in the child.
  pid = os.fork()

[2026-09-04T16:11:06.030+0000] {standard_task_runner.py:72} INFO - Started process 415 to run task
[2026-09-04T16:11:06.031+0000] {standard_task_runner.py:104} INFO - Running: ['***', 'tasks', 'run', 'steam_ccu_pipeline_dag', 'log_result', 'manual__2026-09-04T16:10:35.867428+00:00', '--job-id', '58', '--raw', '--subdir', 'DAGS_FOLDER/ml_03_steam_ccu.py', '--cfg-path', '/tmp/tmp465b7_xo']
[2026-09-04T16:11:06.033+0000] {standard_task_runner.py:105} INFO - Job 58: Subtask log_result
[2026-09-04T16:11:06.095+0000] {task_command.py:467} INFO - Running <TaskInstance: steam_ccu_pipeline_dag.log_result manual__2026-09-04T16:10:35.867428+00:00 [running]> on host f2a568a9a0b0
[2026-09-04T16:11:06.402+0000] {taskinstance.py:3132} INFO - Exporting env vars: AIRFLOW_CTX_DAG_OWNER='steam_project' AIRFLOW_CTX_DAG_ID='steam_ccu_pipeline_dag' AIRFLOW_CTX_TASK_ID='log_result' AIRFLOW_CTX_EXECUTION_DATE='2026-09-04T16:10:35.867428+00:00' AIRFLOW_CTX_TRY_NUMBER='1' AIRFLOW_CTX_DAG_RUN_ID='manual__2026-09-04T16:10:35.867428+00:00'
[2026-09-04T16:11:06.404+0000] {taskinstance.py:731} INFO - ::endgroup::
[2026-09-04T16:11:06.446+0000] {base.py:84} INFO - Retrieving connection 'postgres_target'
[2026-09-04T16:11:06.453+0000] {sql.py:553} INFO - Running statement: 
        INSERT INTO steam_model_metrics (model_name, target_game, rmse, deployed)
        VALUES (%s, %s, %s, %s);
        , parameters: ('steam_ccu_cs2', 'Counter-Strike 2', 53378.56730305338, True)
[2026-09-04T16:11:06.456+0000] {sql.py:562} INFO - Rows affected: 1
[2026-09-04T16:11:06.458+0000] {logging_mixin.py:190} INFO - 📝 บันทึกประวัติ Metric: RMSE=53,378.57, Deployed=ใช่
[2026-09-04T16:11:06.459+0000] {python.py:240} INFO - Done. Returned value was: None
[2026-09-04T16:11:06.470+0000] {taskinstance.py:340} INFO - ::group::Post task execution logs
[2026-09-04T16:11:06.470+0000] {taskinstance.py:352} INFO - Marking task as SUCCESS. dag_id=steam_ccu_pipeline_dag, task_id=log_result, run_id=manual__2026-09-04T16:10:35.867428+00:00, execution_date=20260904T161035, start_date=20260904T161106, end_date=20260904T161106
[2026-09-04T16:11:06.527+0000] {local_task_job_runner.py:266} INFO - Task exited with return code 0
[2026-09-04T16:11:06.547+0000] {taskinstance.py:3895} INFO - 0 downstream tasks scheduled from follow-on schedule check
[2026-09-04T16:11:06.549+0000] {local_task_job_runner.py:245} INFO - ::endgroup::
