[2026-09-04T17:58:25.741+0000] {local_task_job_runner.py:123} INFO - ::group::Pre task execution logs
[2026-09-04T17:58:25.774+0000] {taskinstance.py:2613} INFO - Dependencies all met for dep_context=non-requeueable deps ti=<TaskInstance: steam_etl_dag.extract_steam_data manual__2026-09-04T17:58:22.672998+00:00 [queued]>
[2026-09-04T17:58:25.791+0000] {taskinstance.py:2613} INFO - Dependencies all met for dep_context=requeueable deps ti=<TaskInstance: steam_etl_dag.extract_steam_data manual__2026-09-04T17:58:22.672998+00:00 [queued]>
[2026-09-04T17:58:25.792+0000] {taskinstance.py:2866} INFO - Starting attempt 1 of 3
[2026-09-04T17:58:25.816+0000] {taskinstance.py:2889} INFO - Executing <Task(PythonOperator): extract_steam_data> on 2026-09-04 17:58:22.672998+00:00
[2026-09-04T17:58:25.828+0000] {warnings.py:112} WARNING - /home/***/.local/lib/python3.12/site-packages/***/task/task_runner/standard_task_runner.py:70: DeprecationWarning: This process (pid=2030) is multi-threaded, use of fork() may lead to deadlocks in the child.
  pid = os.fork()

[2026-09-04T17:58:25.831+0000] {standard_task_runner.py:72} INFO - Started process 2031 to run task
[2026-09-04T17:58:25.832+0000] {standard_task_runner.py:104} INFO - Running: ['***', 'tasks', 'run', 'steam_etl_dag', 'extract_steam_data', 'manual__2026-09-04T17:58:22.672998+00:00', '--job-id', '86', '--raw', '--subdir', 'DAGS_FOLDER/07_etl_steam.py', '--cfg-path', '/tmp/tmpizlg2e5e']
[2026-09-04T17:58:25.833+0000] {standard_task_runner.py:105} INFO - Job 86: Subtask extract_steam_data
[2026-09-04T17:58:25.928+0000] {task_command.py:467} INFO - Running <TaskInstance: steam_etl_dag.extract_steam_data manual__2026-09-04T17:58:22.672998+00:00 [running]> on host f2a568a9a0b0
[2026-09-04T17:58:26.084+0000] {taskinstance.py:3132} INFO - Exporting env vars: AIRFLOW_CTX_DAG_OWNER='steam_project' AIRFLOW_CTX_DAG_ID='steam_etl_dag' AIRFLOW_CTX_TASK_ID='extract_steam_data' AIRFLOW_CTX_EXECUTION_DATE='2026-09-04T17:58:22.672998+00:00' AIRFLOW_CTX_TRY_NUMBER='1' AIRFLOW_CTX_DAG_RUN_ID='manual__2026-09-04T17:58:22.672998+00:00'
[2026-09-04T17:58:26.086+0000] {taskinstance.py:731} INFO - ::endgroup::
[2026-09-04T17:58:26.112+0000] {logging_mixin.py:190} INFO - 📡 กำลังดึงข้อมูลจาก SteamSpy API...
[2026-09-04T17:58:26.243+0000] {logging_mixin.py:190} INFO - ✅ ดึง Top 100 จาก SteamSpy สำเร็จ: พบ 100 เกม
[2026-09-04T17:58:26.791+0000] {logging_mixin.py:190} INFO - 📦 รวมข้อมูลดึงเบื้องต้นได้ 25 เกม
[2026-09-04T17:58:26.818+0000] {python.py:240} INFO - Done. Returned value was: None
[2026-09-04T17:58:26.835+0000] {taskinstance.py:340} INFO - ::group::Post task execution logs
[2026-09-04T17:58:26.836+0000] {taskinstance.py:352} INFO - Marking task as SUCCESS. dag_id=steam_etl_dag, task_id=extract_steam_data, run_id=manual__2026-09-04T17:58:22.672998+00:00, execution_date=20260904T175822, start_date=20260904T175825, end_date=20260904T175826
[2026-09-04T17:58:26.854+0000] {local_task_job_runner.py:266} INFO - Task exited with return code 0
[2026-09-04T17:58:26.867+0000] {local_task_job_runner.py:245} INFO - ::endgroup::
