[2026-08-23T14:19:09.554+0000] {local_task_job_runner.py:123} INFO - ::group::Pre task execution logs
[2026-08-23T14:19:09.587+0000] {taskinstance.py:2613} INFO - Dependencies all met for dep_context=non-requeueable deps ti=<TaskInstance: hello_dag.hello_task manual__2026-08-23T14:19:03.214116+00:00 [queued]>
[2026-08-23T14:19:09.594+0000] {taskinstance.py:2613} INFO - Dependencies all met for dep_context=requeueable deps ti=<TaskInstance: hello_dag.hello_task manual__2026-08-23T14:19:03.214116+00:00 [queued]>
[2026-08-23T14:19:09.594+0000] {taskinstance.py:2866} INFO - Starting attempt 1 of 2
[2026-08-23T14:19:09.611+0000] {taskinstance.py:2889} INFO - Executing <Task(PythonOperator): hello_task> on 2026-08-23 14:19:03.214116+00:00
[2026-08-23T14:19:09.625+0000] {warnings.py:112} WARNING - /home/***/.local/lib/python3.12/site-packages/***/task/task_runner/standard_task_runner.py:70: DeprecationWarning: This process (pid=766) is multi-threaded, use of fork() may lead to deadlocks in the child.
  pid = os.fork()

[2026-08-23T14:19:09.629+0000] {standard_task_runner.py:72} INFO - Started process 774 to run task
[2026-08-23T14:19:09.629+0000] {standard_task_runner.py:104} INFO - Running: ['***', 'tasks', 'run', 'hello_dag', 'hello_task', 'manual__2026-08-23T14:19:03.214116+00:00', '--job-id', '4', '--raw', '--subdir', 'DAGS_FOLDER/01_hello_dag.py', '--cfg-path', '/tmp/tmp3bmay0l1']
[2026-08-23T14:19:09.632+0000] {standard_task_runner.py:105} INFO - Job 4: Subtask hello_task
[2026-08-23T14:19:09.693+0000] {task_command.py:467} INFO - Running <TaskInstance: hello_dag.hello_task manual__2026-08-23T14:19:03.214116+00:00 [running]> on host 638756537bf9
[2026-08-23T14:19:09.760+0000] {taskinstance.py:3132} INFO - Exporting env vars: AIRFLOW_CTX_DAG_OWNER='workshop' AIRFLOW_CTX_DAG_ID='hello_dag' AIRFLOW_CTX_TASK_ID='hello_task' AIRFLOW_CTX_EXECUTION_DATE='2026-08-23T14:19:03.214116+00:00' AIRFLOW_CTX_TRY_NUMBER='1' AIRFLOW_CTX_DAG_RUN_ID='manual__2026-08-23T14:19:03.214116+00:00'
[2026-08-23T14:19:09.761+0000] {taskinstance.py:731} INFO - ::endgroup::
[2026-08-23T14:19:09.778+0000] {logging_mixin.py:190} INFO - สวัสดีจาก Airflow! วันที่รัน (execution date) คือ: 2026-08-23
[2026-08-23T14:19:09.778+0000] {logging_mixin.py:190} INFO - นี่คือ task ที่ 2 ซึ่งรันต่อจาก task แรก (print_date) สำเร็จแล้ว
[2026-08-23T14:19:09.778+0000] {python.py:240} INFO - Done. Returned value was: hello-done
[2026-08-23T14:19:09.801+0000] {taskinstance.py:340} INFO - ::group::Post task execution logs
[2026-08-23T14:19:09.801+0000] {taskinstance.py:352} INFO - Marking task as SUCCESS. dag_id=hello_dag, task_id=hello_task, run_id=manual__2026-08-23T14:19:03.214116+00:00, execution_date=20260823T141903, start_date=20260823T141909, end_date=20260823T141909
[2026-08-23T14:19:09.850+0000] {local_task_job_runner.py:266} INFO - Task exited with return code 0
[2026-08-23T14:19:09.876+0000] {taskinstance.py:3895} INFO - 0 downstream tasks scheduled from follow-on schedule check
[2026-08-23T14:19:09.877+0000] {local_task_job_runner.py:245} INFO - ::endgroup::
