[2026-08-30T15:18:19.882+0000] {local_task_job_runner.py:123} INFO - ::group::Pre task execution logs
[2026-08-30T15:18:19.893+0000] {taskinstance.py:2613} INFO - Dependencies all met for dep_context=non-requeueable deps ti=<TaskInstance: iris_pipeline_dag.prepare_data manual__2026-08-30T15:18:12.917018+00:00 [queued]>
[2026-08-30T15:18:19.897+0000] {taskinstance.py:2613} INFO - Dependencies all met for dep_context=requeueable deps ti=<TaskInstance: iris_pipeline_dag.prepare_data manual__2026-08-30T15:18:12.917018+00:00 [queued]>
[2026-08-30T15:18:19.897+0000] {taskinstance.py:2866} INFO - Starting attempt 1 of 2
[2026-08-30T15:18:19.902+0000] {taskinstance.py:2889} INFO - Executing <Task(PythonOperator): prepare_data> on 2026-08-30 15:18:12.917018+00:00
[2026-08-30T15:18:19.907+0000] {warnings.py:112} WARNING - /home/***/.local/lib/python3.12/site-packages/***/task/task_runner/standard_task_runner.py:70: DeprecationWarning: This process (pid=163) is multi-threaded, use of fork() may lead to deadlocks in the child.
  pid = os.fork()

[2026-08-30T15:18:19.909+0000] {standard_task_runner.py:72} INFO - Started process 164 to run task
[2026-08-30T15:18:19.908+0000] {standard_task_runner.py:104} INFO - Running: ['***', 'tasks', 'run', 'iris_pipeline_dag', 'prepare_data', 'manual__2026-08-30T15:18:12.917018+00:00', '--job-id', '76', '--raw', '--subdir', 'DAGS_FOLDER/ml_01_iris_pipeline-3.py', '--cfg-path', '/tmp/tmpnd6w77x8']
[2026-08-30T15:18:19.910+0000] {standard_task_runner.py:105} INFO - Job 76: Subtask prepare_data
[2026-08-30T15:18:19.944+0000] {task_command.py:467} INFO - Running <TaskInstance: iris_pipeline_dag.prepare_data manual__2026-08-30T15:18:12.917018+00:00 [running]> on host 191b4096755e
[2026-08-30T15:18:19.989+0000] {taskinstance.py:3132} INFO - Exporting env vars: AIRFLOW_CTX_DAG_OWNER='workshop2' AIRFLOW_CTX_DAG_ID='iris_pipeline_dag' AIRFLOW_CTX_TASK_ID='prepare_data' AIRFLOW_CTX_EXECUTION_DATE='2026-08-30T15:18:12.917018+00:00' AIRFLOW_CTX_TRY_NUMBER='1' AIRFLOW_CTX_DAG_RUN_ID='manual__2026-08-30T15:18:12.917018+00:00'
[2026-08-30T15:18:19.990+0000] {taskinstance.py:731} INFO - ::endgroup::
[2026-08-30T15:18:21.345+0000] {logging_mixin.py:190} INFO - แบ่งข้อมูลแล้ว: train 120 แถว, test 30 แถว
[2026-08-30T15:18:21.346+0000] {python.py:240} INFO - Done. Returned value was: None
[2026-08-30T15:18:21.354+0000] {taskinstance.py:340} INFO - ::group::Post task execution logs
[2026-08-30T15:18:21.354+0000] {taskinstance.py:352} INFO - Marking task as SUCCESS. dag_id=iris_pipeline_dag, task_id=prepare_data, run_id=manual__2026-08-30T15:18:12.917018+00:00, execution_date=20260830T151812, start_date=20260830T151819, end_date=20260830T151821
[2026-08-30T15:18:21.417+0000] {local_task_job_runner.py:266} INFO - Task exited with return code 0
[2026-08-30T15:18:21.469+0000] {taskinstance.py:3895} INFO - 1 downstream tasks scheduled from follow-on schedule check
[2026-08-30T15:18:21.471+0000] {local_task_job_runner.py:245} INFO - ::endgroup::
