[2026-08-30T15:18:27.747+0000] {local_task_job_runner.py:123} INFO - ::group::Pre task execution logs
[2026-08-30T15:18:27.761+0000] {taskinstance.py:2613} INFO - Dependencies all met for dep_context=non-requeueable deps ti=<TaskInstance: iris_pipeline_dag.decide_deploy manual__2026-08-30T15:18:12.917018+00:00 [queued]>
[2026-08-30T15:18:27.765+0000] {taskinstance.py:2613} INFO - Dependencies all met for dep_context=requeueable deps ti=<TaskInstance: iris_pipeline_dag.decide_deploy manual__2026-08-30T15:18:12.917018+00:00 [queued]>
[2026-08-30T15:18:27.765+0000] {taskinstance.py:2866} INFO - Starting attempt 1 of 2
[2026-08-30T15:18:27.772+0000] {taskinstance.py:2889} INFO - Executing <Task(BranchPythonOperator): decide_deploy> on 2026-08-30 15:18:12.917018+00:00
[2026-08-30T15:18:27.782+0000] {warnings.py:112} WARNING - /home/***/.local/lib/python3.12/site-packages/***/task/task_runner/standard_task_runner.py:70: DeprecationWarning: This process (pid=196) is multi-threaded, use of fork() may lead to deadlocks in the child.
  pid = os.fork()

[2026-08-30T15:18:27.783+0000] {standard_task_runner.py:104} INFO - Running: ['***', 'tasks', 'run', 'iris_pipeline_dag', 'decide_deploy', 'manual__2026-08-30T15:18:12.917018+00:00', '--job-id', '79', '--raw', '--subdir', 'DAGS_FOLDER/ml_01_iris_pipeline-3.py', '--cfg-path', '/tmp/tmprfnpz_dn']
[2026-08-30T15:18:27.785+0000] {standard_task_runner.py:72} INFO - Started process 197 to run task
[2026-08-30T15:18:27.785+0000] {standard_task_runner.py:105} INFO - Job 79: Subtask decide_deploy
[2026-08-30T15:18:27.836+0000] {task_command.py:467} INFO - Running <TaskInstance: iris_pipeline_dag.decide_deploy manual__2026-08-30T15:18:12.917018+00:00 [running]> on host 191b4096755e
[2026-08-30T15:18:27.895+0000] {taskinstance.py:3132} INFO - Exporting env vars: AIRFLOW_CTX_DAG_OWNER='workshop2' AIRFLOW_CTX_DAG_ID='iris_pipeline_dag' AIRFLOW_CTX_TASK_ID='decide_deploy' AIRFLOW_CTX_EXECUTION_DATE='2026-08-30T15:18:12.917018+00:00' AIRFLOW_CTX_TRY_NUMBER='1' AIRFLOW_CTX_DAG_RUN_ID='manual__2026-08-30T15:18:12.917018+00:00'
[2026-08-30T15:18:27.896+0000] {taskinstance.py:731} INFO - ::endgroup::
[2026-08-30T15:18:27.907+0000] {baseoperator.py:421} WARNING - BranchPythonOperator.execute cannot be called outside TaskInstance!
[2026-08-30T15:18:27.915+0000] {logging_mixin.py:190} INFO - accuracy 1.0000 > 0.9 -> เลือกเส้นทาง deploy_model
[2026-08-30T15:18:27.915+0000] {python.py:240} INFO - Done. Returned value was: deploy_model
[2026-08-30T15:18:27.915+0000] {branch.py:38} INFO - Branch into deploy_model
[2026-08-30T15:18:27.916+0000] {skipmixin.py:230} INFO - Following branch ('deploy_model',)
[2026-08-30T15:18:27.923+0000] {skipmixin.py:278} INFO - Skipping tasks [('skip_deploy', -1)]
[2026-08-30T15:18:27.942+0000] {taskinstance.py:340} INFO - ::group::Post task execution logs
[2026-08-30T15:18:27.942+0000] {taskinstance.py:352} INFO - Marking task as SUCCESS. dag_id=iris_pipeline_dag, task_id=decide_deploy, run_id=manual__2026-08-30T15:18:12.917018+00:00, execution_date=20260830T151812, start_date=20260830T151827, end_date=20260830T151827
[2026-08-30T15:18:27.962+0000] {local_task_job_runner.py:266} INFO - Task exited with return code 0
[2026-08-30T15:18:27.982+0000] {taskinstance.py:3895} INFO - 1 downstream tasks scheduled from follow-on schedule check
[2026-08-30T15:18:27.983+0000] {local_task_job_runner.py:245} INFO - ::endgroup::
