[2026-09-04T16:10:44.633+0000] {local_task_job_runner.py:123} INFO - ::group::Pre task execution logs
[2026-09-04T16:10:44.653+0000] {taskinstance.py:2613} INFO - Dependencies all met for dep_context=non-requeueable deps ti=<TaskInstance: steam_ccu_pipeline_dag.bootstrap_historical_ccu manual__2026-09-04T16:10:35.867428+00:00 [queued]>
[2026-09-04T16:10:44.662+0000] {taskinstance.py:2613} INFO - Dependencies all met for dep_context=requeueable deps ti=<TaskInstance: steam_ccu_pipeline_dag.bootstrap_historical_ccu manual__2026-09-04T16:10:35.867428+00:00 [queued]>
[2026-09-04T16:10:44.663+0000] {taskinstance.py:2866} INFO - Starting attempt 1 of 2
[2026-09-04T16:10:44.677+0000] {taskinstance.py:2889} INFO - Executing <Task(PythonOperator): bootstrap_historical_ccu> on 2026-09-04 16:10:35.867428+00:00
[2026-09-04T16:10:44.684+0000] {warnings.py:112} WARNING - /home/***/.local/lib/python3.12/site-packages/***/task/task_runner/standard_task_runner.py:70: DeprecationWarning: This process (pid=341) is multi-threaded, use of fork() may lead to deadlocks in the child.
  pid = os.fork()

[2026-09-04T16:10:44.687+0000] {standard_task_runner.py:72} INFO - Started process 343 to run task
[2026-09-04T16:10:44.687+0000] {standard_task_runner.py:104} INFO - Running: ['***', 'tasks', 'run', 'steam_ccu_pipeline_dag', 'bootstrap_historical_ccu', 'manual__2026-09-04T16:10:35.867428+00:00', '--job-id', '49', '--raw', '--subdir', 'DAGS_FOLDER/ml_03_steam_ccu.py', '--cfg-path', '/tmp/tmplmbuka4a']
[2026-09-04T16:10:44.691+0000] {standard_task_runner.py:105} INFO - Job 49: Subtask bootstrap_historical_ccu
[2026-09-04T16:10:44.776+0000] {task_command.py:467} INFO - Running <TaskInstance: steam_ccu_pipeline_dag.bootstrap_historical_ccu manual__2026-09-04T16:10:35.867428+00:00 [running]> on host f2a568a9a0b0
[2026-09-04T16:10:45.193+0000] {taskinstance.py:3132} INFO - Exporting env vars: AIRFLOW_CTX_DAG_OWNER='steam_project' AIRFLOW_CTX_DAG_ID='steam_ccu_pipeline_dag' AIRFLOW_CTX_TASK_ID='bootstrap_historical_ccu' AIRFLOW_CTX_EXECUTION_DATE='2026-09-04T16:10:35.867428+00:00' AIRFLOW_CTX_TRY_NUMBER='1' AIRFLOW_CTX_DAG_RUN_ID='manual__2026-09-04T16:10:35.867428+00:00'
[2026-09-04T16:10:45.194+0000] {taskinstance.py:731} INFO - ::endgroup::
[2026-09-04T16:10:45.221+0000] {base.py:84} INFO - Retrieving connection 'postgres_target'
[2026-09-04T16:10:45.230+0000] {sql.py:553} INFO - Running statement: SELECT COUNT(*) FROM steam_games WHERE appid = %s;, parameters: (730,)
[2026-09-04T16:10:45.233+0000] {sql.py:562} INFO - Rows affected: 1
[2026-09-04T16:10:45.235+0000] {logging_mixin.py:190} INFO - 📊 พบข้อมูลประวัติ Counter-Strike 2 ในระบบ: 1 วัน (ต้องการขั้นต่ำ 14 วัน)
[2026-09-04T16:10:45.244+0000] {sql.py:553} INFO - Running statement: 
            INSERT INTO steam_games (
                snapshot_date, appid, name, developer, publisher,
                price_thb, original_price, discount_pct, ccu,
                positive_reviews, negative_reviews, review_score,
                owners_estimate, genres, header_image, is_free
            ) VALUES (
                %s, %s, %s, 'Valve', 'Valve',
                0.0, 0.0, 0, %s,
                7600000, 1170000, 86.6,
                '100,000,000 .. 200,000,000', 'Action, Free to Play',
                'https://shared.akamai.steamstatic.com/store_item_assets/steam/apps/730/header.jpg', TRUE
            )
            ON CONFLICT (snapshot_date, appid) DO NOTHING;
            , parameters: (datetime.date(2026, 8, 14), 730, 'Counter-Strike 2', 1023810)
[2026-09-04T16:10:45.251+0000] {sql.py:562} INFO - Rows affected: 1
[2026-09-04T16:10:45.261+0000] {sql.py:553} INFO - Running statement: 
            INSERT INTO steam_games (
                snapshot_date, appid, name, developer, publisher,
                price_thb, original_price, discount_pct, ccu,
                positive_reviews, negative_reviews, review_score,
                owners_estimate, genres, header_image, is_free
            ) VALUES (
                %s, %s, %s, 'Valve', 'Valve',
                0.0, 0.0, 0, %s,
                7600000, 1170000, 86.6,
                '100,000,000 .. 200,000,000', 'Action, Free to Play',
                'https://shared.akamai.steamstatic.com/store_item_assets/steam/apps/730/header.jpg', TRUE
            )
            ON CONFLICT (snapshot_date, appid) DO NOTHING;
            , parameters: (datetime.date(2026, 8, 15), 730, 'Counter-Strike 2', 1077870)
[2026-09-04T16:10:45.264+0000] {sql.py:562} INFO - Rows affected: 1
[2026-09-04T16:10:45.274+0000] {sql.py:553} INFO - Running statement: 
            INSERT INTO steam_games (
                snapshot_date, appid, name, developer, publisher,
                price_thb, original_price, discount_pct, ccu,
                positive_reviews, negative_reviews, review_score,
                owners_estimate, genres, header_image, is_free
            ) VALUES (
                %s, %s, %s, 'Valve', 'Valve',
                0.0, 0.0, 0, %s,
                7600000, 1170000, 86.6,
                '100,000,000 .. 200,000,000', 'Action, Free to Play',
                'https://shared.akamai.steamstatic.com/store_item_assets/steam/apps/730/header.jpg', TRUE
            )
            ON CONFLICT (snapshot_date, appid) DO NOTHING;
            , parameters: (datetime.date(2026, 8, 16), 730, 'Counter-Strike 2', 1193244)
[2026-09-04T16:10:45.276+0000] {sql.py:562} INFO - Rows affected: 1
[2026-09-04T16:10:45.286+0000] {sql.py:553} INFO - Running statement: 
            INSERT INTO steam_games (
                snapshot_date, appid, name, developer, publisher,
                price_thb, original_price, discount_pct, ccu,
                positive_reviews, negative_reviews, review_score,
                owners_estimate, genres, header_image, is_free
            ) VALUES (
                %s, %s, %s, 'Valve', 'Valve',
                0.0, 0.0, 0, %s,
                7600000, 1170000, 86.6,
                '100,000,000 .. 200,000,000', 'Action, Free to Play',
                'https://shared.akamai.steamstatic.com/store_item_assets/steam/apps/730/header.jpg', TRUE
            )
            ON CONFLICT (snapshot_date, appid) DO NOTHING;
            , parameters: (datetime.date(2026, 8, 17), 730, 'Counter-Strike 2', 972098)
[2026-09-04T16:10:45.288+0000] {sql.py:562} INFO - Rows affected: 1
[2026-09-04T16:10:45.296+0000] {sql.py:553} INFO - Running statement: 
            INSERT INTO steam_games (
                snapshot_date, appid, name, developer, publisher,
                price_thb, original_price, discount_pct, ccu,
                positive_reviews, negative_reviews, review_score,
                owners_estimate, genres, header_image, is_free
            ) VALUES (
                %s, %s, %s, 'Valve', 'Valve',
                0.0, 0.0, 0, %s,
                7600000, 1170000, 86.6,
                '100,000,000 .. 200,000,000', 'Action, Free to Play',
                'https://shared.akamai.steamstatic.com/store_item_assets/steam/apps/730/header.jpg', TRUE
            )
            ON CONFLICT (snapshot_date, appid) DO NOTHING;
            , parameters: (datetime.date(2026, 8, 18), 730, 'Counter-Strike 2', 969256)
[2026-09-04T16:10:45.299+0000] {sql.py:562} INFO - Rows affected: 1
[2026-09-04T16:10:45.313+0000] {sql.py:553} INFO - Running statement: 
            INSERT INTO steam_games (
                snapshot_date, appid, name, developer, publisher,
                price_thb, original_price, discount_pct, ccu,
                positive_reviews, negative_reviews, review_score,
                owners_estimate, genres, header_image, is_free
            ) VALUES (
                %s, %s, %s, 'Valve', 'Valve',
                0.0, 0.0, 0, %s,
                7600000, 1170000, 86.6,
                '100,000,000 .. 200,000,000', 'Action, Free to Play',
                'https://shared.akamai.steamstatic.com/store_item_assets/steam/apps/730/header.jpg', TRUE
            )
            ON CONFLICT (snapshot_date, appid) DO NOTHING;
            , parameters: (datetime.date(2026, 8, 19), 730, 'Counter-Strike 2', 958289)
[2026-09-04T16:10:45.316+0000] {sql.py:562} INFO - Rows affected: 1
[2026-09-04T16:10:45.326+0000] {sql.py:553} INFO - Running statement: 
            INSERT INTO steam_games (
                snapshot_date, appid, name, developer, publisher,
                price_thb, original_price, discount_pct, ccu,
                positive_reviews, negative_reviews, review_score,
                owners_estimate, genres, header_image, is_free
            ) VALUES (
                %s, %s, %s, 'Valve', 'Valve',
                0.0, 0.0, 0, %s,
                7600000, 1170000, 86.6,
                '100,000,000 .. 200,000,000', 'Action, Free to Play',
                'https://shared.akamai.steamstatic.com/store_item_assets/steam/apps/730/header.jpg', TRUE
            )
            ON CONFLICT (snapshot_date, appid) DO NOTHING;
            , parameters: (datetime.date(2026, 8, 20), 730, 'Counter-Strike 2', 953434)
[2026-09-04T16:10:45.328+0000] {sql.py:562} INFO - Rows affected: 1
[2026-09-04T16:10:45.337+0000] {sql.py:553} INFO - Running statement: 
            INSERT INTO steam_games (
                snapshot_date, appid, name, developer, publisher,
                price_thb, original_price, discount_pct, ccu,
                positive_reviews, negative_reviews, review_score,
                owners_estimate, genres, header_image, is_free
            ) VALUES (
                %s, %s, %s, 'Valve', 'Valve',
                0.0, 0.0, 0, %s,
                7600000, 1170000, 86.6,
                '100,000,000 .. 200,000,000', 'Action, Free to Play',
                'https://shared.akamai.steamstatic.com/store_item_assets/steam/apps/730/header.jpg', TRUE
            )
            ON CONFLICT (snapshot_date, appid) DO NOTHING;
            , parameters: (datetime.date(2026, 8, 21), 730, 'Counter-Strike 2', 1028696)
[2026-09-04T16:10:45.340+0000] {sql.py:562} INFO - Rows affected: 1
[2026-09-04T16:10:45.349+0000] {sql.py:553} INFO - Running statement: 
            INSERT INTO steam_games (
                snapshot_date, appid, name, developer, publisher,
                price_thb, original_price, discount_pct, ccu,
                positive_reviews, negative_reviews, review_score,
                owners_estimate, genres, header_image, is_free
            ) VALUES (
                %s, %s, %s, 'Valve', 'Valve',
                0.0, 0.0, 0, %s,
                7600000, 1170000, 86.6,
                '100,000,000 .. 200,000,000', 'Action, Free to Play',
                'https://shared.akamai.steamstatic.com/store_item_assets/steam/apps/730/header.jpg', TRUE
            )
            ON CONFLICT (snapshot_date, appid) DO NOTHING;
            , parameters: (datetime.date(2026, 8, 22), 730, 'Counter-Strike 2', 1228562)
[2026-09-04T16:10:45.352+0000] {sql.py:562} INFO - Rows affected: 1
[2026-09-04T16:10:45.361+0000] {sql.py:553} INFO - Running statement: 
            INSERT INTO steam_games (
                snapshot_date, appid, name, developer, publisher,
                price_thb, original_price, discount_pct, ccu,
                positive_reviews, negative_reviews, review_score,
                owners_estimate, genres, header_image, is_free
            ) VALUES (
                %s, %s, %s, 'Valve', 'Valve',
                0.0, 0.0, 0, %s,
                7600000, 1170000, 86.6,
                '100,000,000 .. 200,000,000', 'Action, Free to Play',
                'https://shared.akamai.steamstatic.com/store_item_assets/steam/apps/730/header.jpg', TRUE
            )
            ON CONFLICT (snapshot_date, appid) DO NOTHING;
            , parameters: (datetime.date(2026, 8, 23), 730, 'Counter-Strike 2', 1148792)
[2026-09-04T16:10:45.365+0000] {sql.py:562} INFO - Rows affected: 1
[2026-09-04T16:10:45.374+0000] {sql.py:553} INFO - Running statement: 
            INSERT INTO steam_games (
                snapshot_date, appid, name, developer, publisher,
                price_thb, original_price, discount_pct, ccu,
                positive_reviews, negative_reviews, review_score,
                owners_estimate, genres, header_image, is_free
            ) VALUES (
                %s, %s, %s, 'Valve', 'Valve',
                0.0, 0.0, 0, %s,
                7600000, 1170000, 86.6,
                '100,000,000 .. 200,000,000', 'Action, Free to Play',
                'https://shared.akamai.steamstatic.com/store_item_assets/steam/apps/730/header.jpg', TRUE
            )
            ON CONFLICT (snapshot_date, appid) DO NOTHING;
            , parameters: (datetime.date(2026, 8, 24), 730, 'Counter-Strike 2', 995302)
[2026-09-04T16:10:45.376+0000] {sql.py:562} INFO - Rows affected: 1
[2026-09-04T16:10:45.384+0000] {sql.py:553} INFO - Running statement: 
            INSERT INTO steam_games (
                snapshot_date, appid, name, developer, publisher,
                price_thb, original_price, discount_pct, ccu,
                positive_reviews, negative_reviews, review_score,
                owners_estimate, genres, header_image, is_free
            ) VALUES (
                %s, %s, %s, 'Valve', 'Valve',
                0.0, 0.0, 0, %s,
                7600000, 1170000, 86.6,
                '100,000,000 .. 200,000,000', 'Action, Free to Play',
                'https://shared.akamai.steamstatic.com/store_item_assets/steam/apps/730/header.jpg', TRUE
            )
            ON CONFLICT (snapshot_date, appid) DO NOTHING;
            , parameters: (datetime.date(2026, 8, 25), 730, 'Counter-Strike 2', 944165)
[2026-09-04T16:10:45.386+0000] {sql.py:562} INFO - Rows affected: 1
[2026-09-04T16:10:45.393+0000] {sql.py:553} INFO - Running statement: 
            INSERT INTO steam_games (
                snapshot_date, appid, name, developer, publisher,
                price_thb, original_price, discount_pct, ccu,
                positive_reviews, negative_reviews, review_score,
                owners_estimate, genres, header_image, is_free
            ) VALUES (
                %s, %s, %s, 'Valve', 'Valve',
                0.0, 0.0, 0, %s,
                7600000, 1170000, 86.6,
                '100,000,000 .. 200,000,000', 'Action, Free to Play',
                'https://shared.akamai.steamstatic.com/store_item_assets/steam/apps/730/header.jpg', TRUE
            )
            ON CONFLICT (snapshot_date, appid) DO NOTHING;
            , parameters: (datetime.date(2026, 8, 26), 730, 'Counter-Strike 2', 943905)
[2026-09-04T16:10:45.396+0000] {sql.py:562} INFO - Rows affected: 1
[2026-09-04T16:10:45.403+0000] {sql.py:553} INFO - Running statement: 
            INSERT INTO steam_games (
                snapshot_date, appid, name, developer, publisher,
                price_thb, original_price, discount_pct, ccu,
                positive_reviews, negative_reviews, review_score,
                owners_estimate, genres, header_image, is_free
            ) VALUES (
                %s, %s, %s, 'Valve', 'Valve',
                0.0, 0.0, 0, %s,
                7600000, 1170000, 86.6,
                '100,000,000 .. 200,000,000', 'Action, Free to Play',
                'https://shared.akamai.steamstatic.com/store_item_assets/steam/apps/730/header.jpg', TRUE
            )
            ON CONFLICT (snapshot_date, appid) DO NOTHING;
            , parameters: (datetime.date(2026, 8, 27), 730, 'Counter-Strike 2', 952280)
[2026-09-04T16:10:45.405+0000] {sql.py:562} INFO - Rows affected: 1
[2026-09-04T16:10:45.415+0000] {sql.py:553} INFO - Running statement: 
            INSERT INTO steam_games (
                snapshot_date, appid, name, developer, publisher,
                price_thb, original_price, discount_pct, ccu,
                positive_reviews, negative_reviews, review_score,
                owners_estimate, genres, header_image, is_free
            ) VALUES (
                %s, %s, %s, 'Valve', 'Valve',
                0.0, 0.0, 0, %s,
                7600000, 1170000, 86.6,
                '100,000,000 .. 200,000,000', 'Action, Free to Play',
                'https://shared.akamai.steamstatic.com/store_item_assets/steam/apps/730/header.jpg', TRUE
            )
            ON CONFLICT (snapshot_date, appid) DO NOTHING;
            , parameters: (datetime.date(2026, 8, 28), 730, 'Counter-Strike 2', 968657)
[2026-09-04T16:10:45.417+0000] {sql.py:562} INFO - Rows affected: 1
[2026-09-04T16:10:45.427+0000] {sql.py:553} INFO - Running statement: 
            INSERT INTO steam_games (
                snapshot_date, appid, name, developer, publisher,
                price_thb, original_price, discount_pct, ccu,
                positive_reviews, negative_reviews, review_score,
                owners_estimate, genres, header_image, is_free
            ) VALUES (
                %s, %s, %s, 'Valve', 'Valve',
                0.0, 0.0, 0, %s,
                7600000, 1170000, 86.6,
                '100,000,000 .. 200,000,000', 'Action, Free to Play',
                'https://shared.akamai.steamstatic.com/store_item_assets/steam/apps/730/header.jpg', TRUE
            )
            ON CONFLICT (snapshot_date, appid) DO NOTHING;
            , parameters: (datetime.date(2026, 8, 29), 730, 'Counter-Strike 2', 1156732)
[2026-09-04T16:10:45.430+0000] {sql.py:562} INFO - Rows affected: 1
[2026-09-04T16:10:45.439+0000] {sql.py:553} INFO - Running statement: 
            INSERT INTO steam_games (
                snapshot_date, appid, name, developer, publisher,
                price_thb, original_price, discount_pct, ccu,
                positive_reviews, negative_reviews, review_score,
                owners_estimate, genres, header_image, is_free
            ) VALUES (
                %s, %s, %s, 'Valve', 'Valve',
                0.0, 0.0, 0, %s,
                7600000, 1170000, 86.6,
                '100,000,000 .. 200,000,000', 'Action, Free to Play',
                'https://shared.akamai.steamstatic.com/store_item_assets/steam/apps/730/header.jpg', TRUE
            )
            ON CONFLICT (snapshot_date, appid) DO NOTHING;
            , parameters: (datetime.date(2026, 8, 30), 730, 'Counter-Strike 2', 1142385)
[2026-09-04T16:10:45.441+0000] {sql.py:562} INFO - Rows affected: 1
[2026-09-04T16:10:45.450+0000] {sql.py:553} INFO - Running statement: 
            INSERT INTO steam_games (
                snapshot_date, appid, name, developer, publisher,
                price_thb, original_price, discount_pct, ccu,
                positive_reviews, negative_reviews, review_score,
                owners_estimate, genres, header_image, is_free
            ) VALUES (
                %s, %s, %s, 'Valve', 'Valve',
                0.0, 0.0, 0, %s,
                7600000, 1170000, 86.6,
                '100,000,000 .. 200,000,000', 'Action, Free to Play',
                'https://shared.akamai.steamstatic.com/store_item_assets/steam/apps/730/header.jpg', TRUE
            )
            ON CONFLICT (snapshot_date, appid) DO NOTHING;
            , parameters: (datetime.date(2026, 8, 31), 730, 'Counter-Strike 2', 1013563)
[2026-09-04T16:10:45.452+0000] {sql.py:562} INFO - Rows affected: 1
[2026-09-04T16:10:45.461+0000] {sql.py:553} INFO - Running statement: 
            INSERT INTO steam_games (
                snapshot_date, appid, name, developer, publisher,
                price_thb, original_price, discount_pct, ccu,
                positive_reviews, negative_reviews, review_score,
                owners_estimate, genres, header_image, is_free
            ) VALUES (
                %s, %s, %s, 'Valve', 'Valve',
                0.0, 0.0, 0, %s,
                7600000, 1170000, 86.6,
                '100,000,000 .. 200,000,000', 'Action, Free to Play',
                'https://shared.akamai.steamstatic.com/store_item_assets/steam/apps/730/header.jpg', TRUE
            )
            ON CONFLICT (snapshot_date, appid) DO NOTHING;
            , parameters: (datetime.date(2026, 9, 1), 730, 'Counter-Strike 2', 966062)
[2026-09-04T16:10:45.462+0000] {sql.py:562} INFO - Rows affected: 1
[2026-09-04T16:10:45.472+0000] {sql.py:553} INFO - Running statement: 
            INSERT INTO steam_games (
                snapshot_date, appid, name, developer, publisher,
                price_thb, original_price, discount_pct, ccu,
                positive_reviews, negative_reviews, review_score,
                owners_estimate, genres, header_image, is_free
            ) VALUES (
                %s, %s, %s, 'Valve', 'Valve',
                0.0, 0.0, 0, %s,
                7600000, 1170000, 86.6,
                '100,000,000 .. 200,000,000', 'Action, Free to Play',
                'https://shared.akamai.steamstatic.com/store_item_assets/steam/apps/730/header.jpg', TRUE
            )
            ON CONFLICT (snapshot_date, appid) DO NOTHING;
            , parameters: (datetime.date(2026, 9, 2), 730, 'Counter-Strike 2', 1025181)
[2026-09-04T16:10:45.474+0000] {sql.py:562} INFO - Rows affected: 1
[2026-09-04T16:10:45.489+0000] {sql.py:553} INFO - Running statement: 
            INSERT INTO steam_games (
                snapshot_date, appid, name, developer, publisher,
                price_thb, original_price, discount_pct, ccu,
                positive_reviews, negative_reviews, review_score,
                owners_estimate, genres, header_image, is_free
            ) VALUES (
                %s, %s, %s, 'Valve', 'Valve',
                0.0, 0.0, 0, %s,
                7600000, 1170000, 86.6,
                '100,000,000 .. 200,000,000', 'Action, Free to Play',
                'https://shared.akamai.steamstatic.com/store_item_assets/steam/apps/730/header.jpg', TRUE
            )
            ON CONFLICT (snapshot_date, appid) DO NOTHING;
            , parameters: (datetime.date(2026, 9, 3), 730, 'Counter-Strike 2', 1011426)
[2026-09-04T16:10:45.492+0000] {sql.py:562} INFO - Rows affected: 1
[2026-09-04T16:10:45.495+0000] {logging_mixin.py:190} INFO - 🚀 Bootstrap ข้อมูลย้อนหลังสำเร็จ 21 วัน สำหรับ Counter-Strike 2
[2026-09-04T16:10:45.497+0000] {python.py:240} INFO - Done. Returned value was: None
[2026-09-04T16:10:45.511+0000] {taskinstance.py:340} INFO - ::group::Post task execution logs
[2026-09-04T16:10:45.511+0000] {taskinstance.py:352} INFO - Marking task as SUCCESS. dag_id=steam_ccu_pipeline_dag, task_id=bootstrap_historical_ccu, run_id=manual__2026-09-04T16:10:35.867428+00:00, execution_date=20260904T161035, start_date=20260904T161044, end_date=20260904T161045
[2026-09-04T16:10:45.586+0000] {local_task_job_runner.py:266} INFO - Task exited with return code 0
[2026-09-04T16:10:45.827+0000] {taskinstance.py:3895} INFO - 1 downstream tasks scheduled from follow-on schedule check
[2026-09-04T16:10:45.830+0000] {local_task_job_runner.py:245} INFO - ::endgroup::
