[2026-09-07T06:48:32.787+0000] {local_task_job_runner.py:123} INFO - ::group::Pre task execution logs
[2026-09-07T06:48:32.816+0000] {taskinstance.py:2613} INFO - Dependencies all met for dep_context=non-requeueable deps ti=<TaskInstance: steam_ccu_pipeline_dag.bootstrap_historical_ccu manual__2026-09-07T06:48:27.440072+00:00 [queued]>
[2026-09-07T06:48:32.831+0000] {taskinstance.py:2613} INFO - Dependencies all met for dep_context=requeueable deps ti=<TaskInstance: steam_ccu_pipeline_dag.bootstrap_historical_ccu manual__2026-09-07T06:48:27.440072+00:00 [queued]>
[2026-09-07T06:48:32.832+0000] {taskinstance.py:2866} INFO - Starting attempt 1 of 2
[2026-09-07T06:48:32.854+0000] {taskinstance.py:2889} INFO - Executing <Task(PythonOperator): bootstrap_historical_ccu> on 2026-09-07 06:48:27.440072+00:00
[2026-09-07T06:48:32.871+0000] {warnings.py:112} WARNING - /home/***/.local/lib/python3.12/site-packages/***/task/task_runner/standard_task_runner.py:70: DeprecationWarning: This process (pid=1276) is multi-threaded, use of fork() may lead to deadlocks in the child.
  pid = os.fork()

[2026-09-07T06:48:32.874+0000] {standard_task_runner.py:72} INFO - Started process 1292 to run task
[2026-09-07T06:48:32.873+0000] {standard_task_runner.py:104} INFO - Running: ['***', 'tasks', 'run', 'steam_ccu_pipeline_dag', 'bootstrap_historical_ccu', 'manual__2026-09-07T06:48:27.440072+00:00', '--job-id', '154', '--raw', '--subdir', 'DAGS_FOLDER/ml_03_steam_ccu.py', '--cfg-path', '/tmp/tmpjm3cfmli']
[2026-09-07T06:48:32.877+0000] {standard_task_runner.py:105} INFO - Job 154: Subtask bootstrap_historical_ccu
[2026-09-07T06:48:32.969+0000] {task_command.py:467} INFO - Running <TaskInstance: steam_ccu_pipeline_dag.bootstrap_historical_ccu manual__2026-09-07T06:48:27.440072+00:00 [running]> on host 6f4d56443a1a
[2026-09-07T06:48:33.474+0000] {taskinstance.py:3132} INFO - Exporting env vars: AIRFLOW_CTX_DAG_OWNER='steam_project' AIRFLOW_CTX_DAG_ID='steam_ccu_pipeline_dag' AIRFLOW_CTX_TASK_ID='bootstrap_historical_ccu' AIRFLOW_CTX_EXECUTION_DATE='2026-09-07T06:48:27.440072+00:00' AIRFLOW_CTX_TRY_NUMBER='1' AIRFLOW_CTX_DAG_RUN_ID='manual__2026-09-07T06:48:27.440072+00:00'
[2026-09-07T06:48:33.476+0000] {taskinstance.py:731} INFO - ::endgroup::
[2026-09-07T06:48:33.590+0000] {base.py:84} INFO - Retrieving connection 'postgres_target'
[2026-09-07T06:48:33.667+0000] {sql.py:553} INFO - Running statement: SELECT COUNT(*) FROM steam_games WHERE appid = %s;, parameters: (730,)
[2026-09-07T06:48:33.690+0000] {sql.py:562} INFO - Rows affected: 1
[2026-09-07T06:48:33.693+0000] {logging_mixin.py:190} INFO - 📊 พบข้อมูลประวัติ Counter-Strike 2 ในระบบ: 23 วัน (ต้องการขั้นต่ำ 14 วัน)
[2026-09-07T06:48:33.694+0000] {logging_mixin.py:190} INFO - ✅ ข้อมูลประวัติเพียงพอแล้ว ข้ามขั้นตอน Bootstrap
[2026-09-07T06:48:33.695+0000] {python.py:240} INFO - Done. Returned value was: None
[2026-09-07T06:48:33.715+0000] {taskinstance.py:340} INFO - ::group::Post task execution logs
[2026-09-07T06:48:33.716+0000] {taskinstance.py:352} INFO - Marking task as SUCCESS. dag_id=steam_ccu_pipeline_dag, task_id=bootstrap_historical_ccu, run_id=manual__2026-09-07T06:48:27.440072+00:00, execution_date=20260907T064827, start_date=20260907T064832, end_date=20260907T064833
[2026-09-07T06:48:33.778+0000] {local_task_job_runner.py:266} INFO - Task exited with return code 0
[2026-09-07T06:48:34.070+0000] {taskinstance.py:3895} INFO - 1 downstream tasks scheduled from follow-on schedule check
[2026-09-07T06:48:34.072+0000] {local_task_job_runner.py:245} INFO - ::endgroup::
