[2026-08-23T16:37:53.586+0000] {local_task_job_runner.py:123} INFO - ::group::Pre task execution logs
[2026-08-23T16:37:53.601+0000] {taskinstance.py:2613} INFO - Dependencies all met for dep_context=non-requeueable deps ti=<TaskInstance: etl_weather_postgres_dag.extract_bangkok manual__2026-08-23T16:34:41.624228+00:00 [queued]>
[2026-08-23T16:37:53.606+0000] {taskinstance.py:2613} INFO - Dependencies all met for dep_context=requeueable deps ti=<TaskInstance: etl_weather_postgres_dag.extract_bangkok manual__2026-08-23T16:34:41.624228+00:00 [queued]>
[2026-08-23T16:37:53.606+0000] {taskinstance.py:2866} INFO - Starting attempt 2 of 2
[2026-08-23T16:37:53.615+0000] {taskinstance.py:2889} INFO - Executing <Task(PythonOperator): extract_bangkok> on 2026-08-23 16:34:41.624228+00:00
[2026-08-23T16:37:53.626+0000] {warnings.py:112} WARNING - /home/***/.local/lib/python3.12/site-packages/***/task/task_runner/standard_task_runner.py:70: DeprecationWarning: This process (pid=1379) is multi-threaded, use of fork() may lead to deadlocks in the child.
  pid = os.fork()

[2026-08-23T16:37:53.628+0000] {standard_task_runner.py:72} INFO - Started process 1380 to run task
[2026-08-23T16:37:53.628+0000] {standard_task_runner.py:104} INFO - Running: ['***', 'tasks', 'run', 'etl_weather_postgres_dag', 'extract_bangkok', 'manual__2026-08-23T16:34:41.624228+00:00', '--job-id', '42', '--raw', '--subdir', 'DAGS_FOLDER/05_etl_weather_postgres.py', '--cfg-path', '/tmp/tmp65l9w8oq']
[2026-08-23T16:37:53.632+0000] {standard_task_runner.py:105} INFO - Job 42: Subtask extract_bangkok
[2026-08-23T16:37:53.690+0000] {task_command.py:467} INFO - Running <TaskInstance: etl_weather_postgres_dag.extract_bangkok manual__2026-08-23T16:34:41.624228+00:00 [running]> on host 417225d49ca8
[2026-08-23T16:37:53.801+0000] {taskinstance.py:3132} INFO - Exporting env vars: AIRFLOW_CTX_DAG_OWNER='workshop' AIRFLOW_CTX_DAG_ID='etl_weather_postgres_dag' AIRFLOW_CTX_TASK_ID='extract_bangkok' AIRFLOW_CTX_EXECUTION_DATE='2026-08-23T16:34:41.624228+00:00' AIRFLOW_CTX_TRY_NUMBER='2' AIRFLOW_CTX_DAG_RUN_ID='manual__2026-08-23T16:34:41.624228+00:00'
[2026-08-23T16:37:53.802+0000] {taskinstance.py:731} INFO - ::endgroup::
[2026-08-23T16:37:54.674+0000] {logging_mixin.py:190} INFO - ดึงข้อมูล กรุงเทพฯ สำเร็จ: {'province': 'กรุงเทพฯ', 'temperature': 25.9, 'windspeed': 6.8, 'weathercode': 3, 'recorded_at': '2026-08-23T23:30'}
[2026-08-23T16:37:54.720+0000] {python.py:240} INFO - Done. Returned value was: None
[2026-08-23T16:37:54.733+0000] {taskinstance.py:340} INFO - ::group::Post task execution logs
[2026-08-23T16:37:54.734+0000] {taskinstance.py:352} INFO - Marking task as SUCCESS. dag_id=etl_weather_postgres_dag, task_id=extract_bangkok, run_id=manual__2026-08-23T16:34:41.624228+00:00, execution_date=20260823T163441, start_date=20260823T163753, end_date=20260823T163754
[2026-08-23T16:37:54.794+0000] {local_task_job_runner.py:266} INFO - Task exited with return code 0
[2026-08-23T16:37:54.842+0000] {taskinstance.py:3895} INFO - 0 downstream tasks scheduled from follow-on schedule check
[2026-08-23T16:37:54.843+0000] {local_task_job_runner.py:245} INFO - ::endgroup::
