[2026-08-23T15:33:48.913+0000] {local_task_job_runner.py:123} INFO - ::group::Pre task execution logs
[2026-08-23T15:33:48.936+0000] {taskinstance.py:2613} INFO - Dependencies all met for dep_context=non-requeueable deps ti=<TaskInstance: branching_dag.check_condition manual__2026-08-23T15:33:47.488067+00:00 [queued]>
[2026-08-23T15:33:48.941+0000] {taskinstance.py:2613} INFO - Dependencies all met for dep_context=requeueable deps ti=<TaskInstance: branching_dag.check_condition manual__2026-08-23T15:33:47.488067+00:00 [queued]>
[2026-08-23T15:33:48.942+0000] {taskinstance.py:2866} INFO - Starting attempt 1 of 2
[2026-08-23T15:33:48.954+0000] {taskinstance.py:2889} INFO - Executing <Task(BranchPythonOperator): check_condition> on 2026-08-23 15:33:47.488067+00:00
[2026-08-23T15:33:48.961+0000] {warnings.py:112} WARNING - /home/***/.local/lib/python3.12/site-packages/***/task/task_runner/standard_task_runner.py:70: DeprecationWarning: This process (pid=472) is multi-threaded, use of fork() may lead to deadlocks in the child.
  pid = os.fork()

[2026-08-23T15:33:48.962+0000] {standard_task_runner.py:104} INFO - Running: ['***', 'tasks', 'run', 'branching_dag', 'check_condition', 'manual__2026-08-23T15:33:47.488067+00:00', '--job-id', '11', '--raw', '--subdir', 'DAGS_FOLDER/03_branching_dag.py', '--cfg-path', '/tmp/tmpk3ap84of']
[2026-08-23T15:33:48.964+0000] {standard_task_runner.py:105} INFO - Job 11: Subtask check_condition
[2026-08-23T15:33:48.964+0000] {standard_task_runner.py:72} INFO - Started process 473 to run task
[2026-08-23T15:33:49.045+0000] {task_command.py:467} INFO - Running <TaskInstance: branching_dag.check_condition manual__2026-08-23T15:33:47.488067+00:00 [running]> on host 417225d49ca8
[2026-08-23T15:33:49.131+0000] {taskinstance.py:3132} INFO - Exporting env vars: AIRFLOW_CTX_DAG_OWNER='workshop' AIRFLOW_CTX_DAG_ID='branching_dag' AIRFLOW_CTX_TASK_ID='check_condition' AIRFLOW_CTX_EXECUTION_DATE='2026-08-23T15:33:47.488067+00:00' AIRFLOW_CTX_TRY_NUMBER='1' AIRFLOW_CTX_DAG_RUN_ID='manual__2026-08-23T15:33:47.488067+00:00'
[2026-08-23T15:33:49.132+0000] {taskinstance.py:731} INFO - ::endgroup::
[2026-08-23T15:33:49.151+0000] {baseoperator.py:421} WARNING - BranchPythonOperator.execute cannot be called outside TaskInstance!
[2026-08-23T15:33:49.151+0000] {logging_mixin.py:190} INFO - สุ่มตัวเลขได้: 12
[2026-08-23T15:33:49.166+0000] {logging_mixin.py:190} INFO - 12 < 50 -> เลือกเส้นทาง low_branch_task
[2026-08-23T15:33:49.166+0000] {python.py:240} INFO - Done. Returned value was: low_branch_task
[2026-08-23T15:33:49.166+0000] {branch.py:38} INFO - Branch into low_branch_task
[2026-08-23T15:33:49.167+0000] {skipmixin.py:230} INFO - Following branch ('low_branch_task',)
[2026-08-23T15:33:49.176+0000] {skipmixin.py:278} INFO - Skipping tasks [('high_branch_task', -1)]
[2026-08-23T15:33:49.211+0000] {taskinstance.py:340} INFO - ::group::Post task execution logs
[2026-08-23T15:33:49.211+0000] {taskinstance.py:352} INFO - Marking task as SUCCESS. dag_id=branching_dag, task_id=check_condition, run_id=manual__2026-08-23T15:33:47.488067+00:00, execution_date=20260823T153347, start_date=20260823T153348, end_date=20260823T153349
[2026-08-23T15:33:49.228+0000] {local_task_job_runner.py:266} INFO - Task exited with return code 0
[2026-08-23T15:33:49.262+0000] {taskinstance.py:3895} INFO - 1 downstream tasks scheduled from follow-on schedule check
[2026-08-23T15:33:49.264+0000] {local_task_job_runner.py:245} INFO - ::endgroup::
